 awt

 Timestamp is 4dff5f06 (Mon Jun 20 07:53:58 2011)

 Preferred load address is 10000000

 Start         Length     Name                   Class
 0001:00000000 000b0b0cH .text                   CODE
 0001:000b0b10 00003a51H .text$x                 CODE
 0001:000b4570 0000041cH .text$yc                CODE
 0001:000b4990 000001bcH .text$yd                CODE
 0002:00000000 00000320H .idata$5                DATA
 0002:00000320 00000004H .CRT$XCA                DATA
 0002:00000324 00000098H .CRT$XCU                DATA
 0002:000003bc 00000004H .CRT$XCZ                DATA
 0002:000003c0 00000004H .CRT$XIA                DATA
 0002:000003c4 00000004H .CRT$XIAA               DATA
 0002:000003c8 00000004H .CRT$XIC                DATA
 0002:000003cc 00000004H .CRT$XIZ                DATA
 0002:000003d0 0001e200H .rdata                  DATA
 0002:0001e5d0 00000064H .rdata$debug            DATA
 0002:0001e634 00001488H .rdata$r                DATA
 0002:0001fac0 000007a0H .rdata$sxdata           DATA
 0002:00020260 00000004H .rtc$IAA                DATA
 0002:00020264 00000004H .rtc$IZZ                DATA
 0002:00020268 00000004H .rtc$TAA                DATA
 0002:0002026c 00000004H .rtc$TZZ                DATA
 0002:00020270 0000c3e4H .xdata$x                DATA
 0002:0002c654 00000140H .didat$2                DATA
 0002:0002c794 00000020H .didat$3                DATA
 0002:0002c7b4 000005acH .didat$4                DATA
 0002:0002cd60 000017b0H .didat$6                DATA
 0002:0002e510 000005acH .didat$7                DATA
 0002:0002eabc 00000078H .idata$2                DATA
 0002:0002eb34 00000014H .idata$3                DATA
 0002:0002eb48 00000320H .idata$4                DATA
 0002:0002ee68 00000d12H .idata$6                DATA
 0002:0002fb80 0000b1efH .edata                  DATA
 0003:00000000 000076c0H .data                   DATA
 0003:000076c0 000005acH .didat$5                DATA
 0003:00007c80 00023430H .bss                    DATA
 0004:00000000 000006c8H .rsrc$01                DATA
 0004:000006d0 000134c8H .rsrc$02                DATA

  Address         Publics by Value              Rva+Base       Lib:Object

 0000:00000000       __except_list              00000000     <absolute>
 0000:000001e8       ___safe_se_handler_count   000001e8     <absolute>
 0000:00009876       __ldused                   00009876     <absolute>
 0000:00009876       __fltused                  00009876     <absolute>
 0000:00000000       ___ImageBase               10000000     <linker-defined>
 0001:00000000       _GrPrim_RefineBounds       10001000 f   GraphicsPrimitiveMgr.obj
 0001:000000f0       _Java_sun_java2d_loops_GraphicsPrimitiveMgr_registerNativeLoops@8 100010f0 f   GraphicsPrimitiveMgr.obj
 0001:000002f0       _RegisterPrimitives        100012f0 f   GraphicsPrimitiveMgr.obj
 0001:00000460       _GetNativePrim@8           10001460 f   GraphicsPrimitiveMgr.obj
 0001:000004a0       _GrPrim_Sg2dGetCompInfo@16 100014a0 f   GraphicsPrimitiveMgr.obj
 0001:000004e0       _GrPrim_CompGetXorColor@8  100014e0 f   GraphicsPrimitiveMgr.obj
 0001:00000530       _GrPrim_Sg2dGetClip@12     10001530 f   GraphicsPrimitiveMgr.obj
 0001:00000560       _GrPrim_Sg2dGetPixel@8     10001560 f   GraphicsPrimitiveMgr.obj
 0001:00000580       _GrPrim_Sg2dGetEaRGB@8     10001580 f   GraphicsPrimitiveMgr.obj
 0001:000005a0       _GrPrim_Sg2dGetLCDTextContrast@8 100015a0 f   GraphicsPrimitiveMgr.obj
 0001:000005c0       _GrPrim_CompGetXorInfo@12  100015c0 f   GraphicsPrimitiveMgr.obj
 0001:00000610       _GrPrim_CompGetAlphaInfo@12 10001610 f   GraphicsPrimitiveMgr.obj
 0001:00000650       _Transform_GetInfo@12      10001650 f   GraphicsPrimitiveMgr.obj
 0001:000006f0       _Transform_transform@12    100016f0 f   GraphicsPrimitiveMgr.obj
 0001:00000730       _Java_sun_java2d_loops_GraphicsPrimitiveMgr_initIDs@52 10001730 f   GraphicsPrimitiveMgr.obj
 0001:00000ac0       _Java_sun_java2d_loops_Blit_Blit@48 10001ac0 f   Blit.obj
 0001:00000e50       _Java_sun_java2d_loops_BlitBg_BlitBg@52 10001e50 f   BlitBg.obj
 0001:00001380       _Java_sun_java2d_loops_ScaledBlit_Scale@72 10002380 f   ScaledBlit.obj
 0001:00001dd0       _Java_sun_java2d_loops_FillRect_FillRect@32 10002dd0 f   FillRect.obj
 0001:00001f70       _Java_sun_java2d_loops_FillSpans_FillSpans@32 10002f70 f   FillSpans.obj
 0001:00002130       _Java_sun_java2d_loops_FillParallelogram_FillParallelogram@64 10003130 f   FillParallelogram.obj
 0001:00002840       _Java_sun_java2d_loops_DrawParallelogram_DrawParallelogram@80 10003840 f   DrawParallelogram.obj
 0001:00004290       _LineUtils_SetupBresenham  10005290 f   DrawLine.obj
 0001:00004720       _Java_sun_java2d_loops_DrawLine_DrawLine@32 10005720 f   DrawLine.obj
 0001:00004a50       _Java_sun_java2d_loops_DrawRect_DrawRect@32 10005a50 f   DrawRect.obj
 0001:00005300       _Java_sun_java2d_loops_DrawPolygons_DrawPolygons@44 10006300 f   DrawPolygons.obj
 0001:00005860       _Java_sun_java2d_loops_DrawPath_DrawPath@28 10006860 f   DrawPath.obj
 0001:00005bf0       _Java_sun_java2d_loops_FillPath_FillPath@28 10006bf0 f   FillPath.obj
 0001:00005f70       _ProcessFixedLine          10006f70 f   ProcessPath.obj
 0001:00008240       _ProcessPath               10009240 f   ProcessPath.obj
 0001:000089d0       _FillPolygon               100099d0 f   ProcessPath.obj
 0001:00008ef0       _StoreFixedLine            10009ef0 f   ProcessPath.obj
 0001:000093e0       _doFillPath                1000a3e0 f   ProcessPath.obj
 0001:00009510       _doDrawPath                1000a510 f   ProcessPath.obj
 0001:00009580       _Java_sun_java2d_loops_MaskBlit_MaskBlit@60 1000a580 f   MaskBlit.obj
 0001:00009980       _Java_sun_java2d_loops_MaskFill_MaskFill@48 1000a980 f   MaskFill.obj
 0001:0000b3b0       _Java_sun_java2d_loops_MaskFill_FillAAPgram@68 1000c3b0 f   MaskFill.obj
 0001:0000d560       _Java_sun_java2d_loops_MaskFill_DrawAAPgram@84 1000e560 f   MaskFill.obj
 0001:0000eb10       _Java_sun_java2d_loops_TransformHelper_Transform@80 1000fb10 f   TransformHelper.obj
 0001:0000f34e       _initAlphaTables           1001034e f   AlphaMath.obj
 0001:0000f400       _RegisterAnyByte           10010400 f   AnyByte.obj
 0001:0000f420       _AnyByteIsomorphicCopy     10010420 f   AnyByte.obj
 0001:0000f460       _AnyByteIsomorphicScaleCopy 10010460 f   AnyByte.obj
 0001:0000f4e0       _AnyByteIsomorphicXorCopy  100104e0 f   AnyByte.obj
 0001:0000f530       _AnyByteSetRect            10010530 f   AnyByte.obj
 0001:0000f580       _AnyByteSetSpans           10010580 f   AnyByte.obj
 0001:0000f630       _AnyByteSetParallelogram   10010630 f   AnyByte.obj
 0001:0000f6c0       _AnyByteSetLine            100106c0 f   AnyByte.obj
 0001:0000f780       _AnyByteXorRect            10010780 f   AnyByte.obj
 0001:0000f7e0       _AnyByteXorSpans           100107e0 f   AnyByte.obj
 0001:0000f8b0       _AnyByteXorLine            100108b0 f   AnyByte.obj
 0001:0000f980       _AnyByteDrawGlyphList      10010980 f   AnyByte.obj
 0001:0000fa80       _AnyByteDrawGlyphListXor   10010a80 f   AnyByte.obj
 0001:0000fba0       _RegisterByteBinary1Bit    10010ba0 f   ByteBinary1Bit.obj
 0001:0000fbc0       _PixelForByteIndexed       10010bc0 f   ByteIndexed.obj
 0001:0000fbc0       _PixelForByteBinary        10010bc0 f   ByteBinary1Bit.obj
 0001:0000fc00       _ByteBinary1BitSetRect     10010c00 f   ByteBinary1Bit.obj
 0001:0000fca0       _ByteBinary1BitSetSpans    10010ca0 f   ByteBinary1Bit.obj
 0001:0000fdb0       _ByteBinary1BitSetLine     10010db0 f   ByteBinary1Bit.obj
 0001:0000ff20       _ByteBinary1BitXorRect     10010f20 f   ByteBinary1Bit.obj
 0001:0000ffd0       _ByteBinary1BitXorSpans    10010fd0 f   ByteBinary1Bit.obj
 0001:000100f0       _ByteBinary1BitXorLine     100110f0 f   ByteBinary1Bit.obj
 0001:00010250       _ByteBinary1BitDrawGlyphList 10011250 f   ByteBinary1Bit.obj
 0001:000103c0       _ByteBinary1BitDrawGlyphListAA 100113c0 f   ByteBinary1Bit.obj
 0001:00010650       _ByteBinary1BitDrawGlyphListXor 10011650 f   ByteBinary1Bit.obj
 0001:000107c0       _ByteBinary1BitToByteBinary1BitConvert 100117c0 f   ByteBinary1Bit.obj
 0001:00010950       _ByteBinary1BitToIntArgbConvert 10011950 f   ByteBinary1Bit.obj
 0001:00010a10       _IntArgbToByteBinary1BitConvert 10011a10 f   ByteBinary1Bit.obj
 0001:00010b30       _IntArgbToByteBinary1BitXorBlit 10011b30 f   ByteBinary1Bit.obj
 0001:00010c50       _ByteBinary1BitToIntArgbAlphaMaskBlit 10011c50 f   ByteBinary1Bit.obj
 0001:00011060       _IntArgbToByteBinary1BitAlphaMaskBlit 10012060 f   ByteBinary1Bit.obj
 0001:00011480       _ByteBinary1BitAlphaMaskFill 10012480 f   ByteBinary1Bit.obj
 0001:00011880       _RegisterByteBinary2Bit    10012880 f   ByteBinary2Bit.obj
 0001:000118a0       _ByteBinary2BitSetRect     100128a0 f   ByteBinary2Bit.obj
 0001:00011960       _ByteBinary2BitSetSpans    10012960 f   ByteBinary2Bit.obj
 0001:00011a80       _ByteBinary2BitSetLine     10012a80 f   ByteBinary2Bit.obj
 0001:00011c00       _ByteBinary2BitXorRect     10012c00 f   ByteBinary2Bit.obj
 0001:00011cc0       _ByteBinary2BitXorSpans    10012cc0 f   ByteBinary2Bit.obj
 0001:00011df0       _ByteBinary2BitXorLine     10012df0 f   ByteBinary2Bit.obj
 0001:00011f60       _ByteBinary2BitDrawGlyphList 10012f60 f   ByteBinary2Bit.obj
 0001:000120d0       _ByteBinary2BitDrawGlyphListAA 100130d0 f   ByteBinary2Bit.obj
 0001:00012370       _ByteBinary2BitDrawGlyphListXor 10013370 f   ByteBinary2Bit.obj
 0001:000124f0       _ByteBinary2BitToByteBinary2BitConvert 100134f0 f   ByteBinary2Bit.obj
 0001:00012690       _ByteBinary2BitToIntArgbConvert 10013690 f   ByteBinary2Bit.obj
 0001:00012760       _IntArgbToByteBinary2BitConvert 10013760 f   ByteBinary2Bit.obj
 0001:00012880       _IntArgbToByteBinary2BitXorBlit 10013880 f   ByteBinary2Bit.obj
 0001:000129a0       _ByteBinary2BitToIntArgbAlphaMaskBlit 100139a0 f   ByteBinary2Bit.obj
 0001:00012db0       _IntArgbToByteBinary2BitAlphaMaskBlit 10013db0 f   ByteBinary2Bit.obj
 0001:000131d0       _ByteBinary2BitAlphaMaskFill 100141d0 f   ByteBinary2Bit.obj
 0001:000135d0       _RegisterByteBinary4Bit    100145d0 f   ByteBinary4Bit.obj
 0001:000135f0       _ByteBinary4BitSetRect     100145f0 f   ByteBinary4Bit.obj
 0001:000136a0       _ByteBinary4BitSetSpans    100146a0 f   ByteBinary4Bit.obj
 0001:000137c0       _ByteBinary4BitSetLine     100147c0 f   ByteBinary4Bit.obj
 0001:00013940       _ByteBinary4BitXorRect     10014940 f   ByteBinary4Bit.obj
 0001:00013a00       _ByteBinary4BitXorSpans    10014a00 f   ByteBinary4Bit.obj
 0001:00013b30       _ByteBinary4BitXorLine     10014b30 f   ByteBinary4Bit.obj
 0001:00013ca0       _ByteBinary4BitDrawGlyphList 10014ca0 f   ByteBinary4Bit.obj
 0001:00013e10       _ByteBinary4BitDrawGlyphListAA 10014e10 f   ByteBinary4Bit.obj
 0001:000140a0       _ByteBinary4BitDrawGlyphListXor 100150a0 f   ByteBinary4Bit.obj
 0001:00014220       _ByteBinary4BitToByteBinary4BitConvert 10015220 f   ByteBinary4Bit.obj
 0001:000143c0       _ByteBinary4BitToIntArgbConvert 100153c0 f   ByteBinary4Bit.obj
 0001:00014490       _IntArgbToByteBinary4BitConvert 10015490 f   ByteBinary4Bit.obj
 0001:000145c0       _IntArgbToByteBinary4BitXorBlit 100155c0 f   ByteBinary4Bit.obj
 0001:000146e0       _ByteBinary4BitToIntArgbAlphaMaskBlit 100156e0 f   ByteBinary4Bit.obj
 0001:00014af0       _IntArgbToByteBinary4BitAlphaMaskBlit 10015af0 f   ByteBinary4Bit.obj
 0001:00014f10       _ByteBinary4BitAlphaMaskFill 10015f10 f   ByteBinary4Bit.obj
 0001:00015310       _RegisterByteIndexed       10016310 f   ByteIndexed.obj
 0001:00015330       _checkSameLut              10016330 f   ByteIndexed.obj
 0001:00015380       _IntArgbToByteIndexedConvert 10016380 f   ByteIndexed.obj
 0001:000154f0       _ThreeByteBgrToByteIndexedConvert 100164f0 f   ByteIndexed.obj
 0001:00015650       _ByteGrayToByteIndexedConvert 10016650 f   ByteIndexed.obj
 0001:000157a0       _Index12GrayToByteIndexedConvert 100167a0 f   ByteIndexed.obj
 0001:00015900       _ByteIndexedToByteIndexedConvert 10016900 f   ByteIndexed.obj
 0001:00015af0       _IntArgbToByteIndexedScaleConvert 10016af0 f   ByteIndexed.obj
 0001:00015c80       _ThreeByteBgrToByteIndexedScaleConvert 10016c80 f   ByteIndexed.obj
 0001:00015e20       _ByteGrayToByteIndexedScaleConvert 10016e20 f   ByteIndexed.obj
 0001:00015fa0       _Index12GrayToByteIndexedScaleConvert 10016fa0 f   ByteIndexed.obj
 0001:00016140       _ByteIndexedToByteIndexedScaleConvert 10017140 f   ByteIndexed.obj
 0001:00016390       _ByteIndexedBmToByteIndexedXparOver 10017390 f   ByteIndexed.obj
 0001:00016500       _ByteIndexedBmToByteIndexedScaleXparOver 10017500 f   ByteIndexed.obj
 0001:000166a0       _IntArgbBmToByteIndexedScaleXparOver 100176a0 f   ByteIndexed.obj
 0001:00016840       _ByteIndexedBmToByteIndexedXparBgCopy 10017840 f   ByteIndexed.obj
 0001:000169c0       _IntArgbBmToByteIndexedXparOver 100179c0 f   ByteIndexed.obj
 0001:00016b40       _IntArgbBmToByteIndexedXparBgCopy 10017b40 f   ByteIndexed.obj
 0001:00016cc0       _IntArgbToByteIndexedXorBlit 10017cc0 f   ByteIndexed.obj
 0001:00016d80       _ByteIndexedAlphaMaskFill  10017d80 f   ByteIndexed.obj
 0001:000171c0       _IntArgbToByteIndexedAlphaMaskBlit 100181c0 f   ByteIndexed.obj
 0001:00017630       _IntArgbPreToByteIndexedAlphaMaskBlit 10018630 f   ByteIndexed.obj
 0001:00017ab0       _IntRgbToByteIndexedAlphaMaskBlit 10018ab0 f   ByteIndexed.obj
 0001:00017f00       _ByteIndexedDrawGlyphListAA 10018f00 f   ByteIndexed.obj
 0001:000181f0       _ByteIndexedNrstNbrTransformHelper 100191f0 f   ByteIndexed.obj
 0001:000182f0       _ByteIndexedBilinearTransformHelper 100192f0 f   ByteIndexed.obj
 0001:00018600       _ByteIndexedBicubicTransformHelper 10019600 f   ByteIndexed.obj
 0001:00018ee0       _ByteIndexedBmNrstNbrTransformHelper 10019ee0 f   ByteIndexed.obj
 0001:00018f80       _ByteIndexedBmBilinearTransformHelper 10019f80 f   ByteIndexed.obj
 0001:000190f0       _ByteIndexedBmBicubicTransformHelper 1001a0f0 f   ByteIndexed.obj
 0001:000193a0       _RegisterByteGray          1001a3a0 f   ByteGray.obj
 0001:000193c0       _PixelForByteGray          1001a3c0 f   ByteGray.obj
 0001:00019410       _ByteGrayToIntArgbConvert  1001a410 f   ByteGray.obj
 0001:00019480       _IntArgbToByteGrayConvert  1001a480 f   ByteGray.obj
 0001:00019510       _ThreeByteBgrToByteGrayConvert 1001a510 f   ByteGray.obj
 0001:000195a0       _UshortGrayToByteGrayConvert 1001a5a0 f   ByteGray.obj
 0001:000195f0       _ByteIndexedToByteGrayConvert 1001a5f0 f   ByteGray.obj
 0001:00019700       _Index8GrayToByteGrayConvert 1001a700 f   ByteGray.obj
 0001:00019750       _Index12GrayToByteGrayConvert 1001a750 f   ByteGray.obj
 0001:000197b0       _ByteGrayToIntArgbScaleConvert 1001a7b0 f   ByteGray.obj
 0001:00019840       _IntArgbToByteGrayScaleConvert 1001a840 f   ByteGray.obj
 0001:000198f0       _ThreeByteBgrToByteGrayScaleConvert 1001a8f0 f   ByteGray.obj
 0001:00019990       _UshortGrayToByteGrayScaleConvert 1001a990 f   ByteGray.obj
 0001:00019a10       _Index8GrayToByteGrayScaleConvert 1001aa10 f   ByteGray.obj
 0001:00019a90       _Index12GrayToByteGrayScaleConvert 1001aa90 f   ByteGray.obj
 0001:00019b20       _ByteIndexedToByteGrayScaleConvert 1001ab20 f   ByteGray.obj
 0001:00019c80       _ByteIndexedBmToByteGrayXparOver 1001ac80 f   ByteGray.obj
 0001:00019db0       _ByteIndexedBmToByteGrayScaleXparOver 1001adb0 f   ByteGray.obj
 0001:00019f30       _IntArgbBmToByteGrayScaleXparOver 1001af30 f   ByteGray.obj
 0001:00019ff0       _ByteIndexedBmToByteGrayXparBgCopy 1001aff0 f   ByteGray.obj
 0001:0001a130       _IntArgbBmToByteGrayXparOver 1001b130 f   ByteGray.obj
 0001:0001a1d0       _IntArgbBmToByteGrayXparBgCopy 1001b1d0 f   ByteGray.obj
 0001:0001a270       _IntArgbToByteGrayXorBlit  1001b270 f   ByteGray.obj
 0001:0001a320       _ByteGraySrcMaskFill       1001b320 f   ByteGray.obj
 0001:0001a490       _ByteGraySrcOverMaskFill   1001b490 f   ByteGray.obj
 0001:0001a600       _ByteGrayAlphaMaskFill     1001b600 f   ByteGray.obj
 0001:0001a850       _IntArgbToByteGraySrcOverMaskBlit 1001b850 f   ByteGray.obj
 0001:0001aa70       _IntArgbToByteGrayAlphaMaskBlit 1001ba70 f   ByteGray.obj
 0001:0001ad20       _IntArgbPreToByteGraySrcOverMaskBlit 1001bd20 f   ByteGray.obj
 0001:0001af80       _IntArgbPreToByteGrayAlphaMaskBlit 1001bf80 f   ByteGray.obj
 0001:0001b250       _IntRgbToByteGrayAlphaMaskBlit 1001c250 f   ByteGray.obj
 0001:0001b500       _ByteGrayDrawGlyphListAA   1001c500 f   ByteGray.obj
 0001:0001b680       _ByteGrayNrstNbrTransformHelper 1001c680 f   ByteGray.obj
 0001:0001b720       _ByteGrayBilinearTransformHelper 1001c720 f   ByteGray.obj
 0001:0001b890       _ByteGrayBicubicTransformHelper 1001c890 f   ByteGray.obj
 0001:0001bbb0       _RegisterIndex8Gray        1001cbb0 f   Index8Gray.obj
 0001:0001bbd0       _PixelForIndex12Gray       1001cbd0 f   Index12Gray.obj
 0001:0001bbd0       _PixelForIndex8Gray        1001cbd0 f   Index8Gray.obj
 0001:0001bc20       _IntArgbToIndex8GrayConvert 1001cc20 f   Index8Gray.obj
 0001:0001bcc0       _ThreeByteBgrToIndex8GrayConvert 1001ccc0 f   Index8Gray.obj
 0001:0001bd50       _ByteGrayToIndex8GrayConvert 1001cd50 f   Index8Gray.obj
 0001:0001bda0       _Index12GrayToIndex8GrayConvert 1001cda0 f   Index8Gray.obj
 0001:0001be20       _ByteIndexedToIndex8GrayConvert 1001ce20 f   Index8Gray.obj
 0001:0001bf30       _Index8GrayToIndex8GrayConvert 1001cf30 f   Index8Gray.obj
 0001:0001bfe0       _Index12GrayToIndex12GrayScaleConvert 1001cfe0 f   Index12Gray.obj
 0001:0001bfe0       _Index8GrayToIndex8GrayScaleConvert 1001cfe0 f   Index8Gray.obj
 0001:0001c100       _IntArgbToIndex8GrayScaleConvert 1001d100 f   Index8Gray.obj
 0001:0001c1d0       _ThreeByteBgrToIndex8GrayScaleConvert 1001d1d0 f   Index8Gray.obj
 0001:0001c290       _UshortGrayToIndex8GrayScaleConvert 1001d290 f   Index8Gray.obj
 0001:0001c310       _ByteIndexedToIndex8GrayScaleConvert 1001d310 f   Index8Gray.obj
 0001:0001c470       _ByteGrayToIndex8GrayScaleConvert 1001d470 f   Index8Gray.obj
 0001:0001c4f0       _Index12GrayToIndex8GrayScaleConvert 1001d4f0 f   Index8Gray.obj
 0001:0001c590       _ByteIndexedBmToIndex8GrayXparOver 1001d590 f   Index8Gray.obj
 0001:0001c6d0       _ByteIndexedBmToIndex8GrayXparBgCopy 1001d6d0 f   Index8Gray.obj
 0001:0001c820       _IntArgbToIndex8GrayXorBlit 1001d820 f   Index8Gray.obj
 0001:0001c900       _Index8GrayAlphaMaskFill   1001d900 f   Index8Gray.obj
 0001:0001cb70       _IntArgbToIndex8GrayAlphaMaskBlit 1001db70 f   Index8Gray.obj
 0001:0001ce50       _IntArgbPreToIndex8GrayAlphaMaskBlit 1001de50 f   Index8Gray.obj
 0001:0001d130       _IntRgbToIndex8GrayAlphaMaskBlit 1001e130 f   Index8Gray.obj
 0001:0001d400       _Index8GraySrcOverMaskFill 1001e400 f   Index8Gray.obj
 0001:0001d5b0       _IntArgbToIndex8GraySrcOverMaskBlit 1001e5b0 f   Index8Gray.obj
 0001:0001d800       _IntArgbPreToIndex8GraySrcOverMaskBlit 1001e800 f   Index8Gray.obj
 0001:0001da90       _Index8GrayDrawGlyphListAA 1001ea90 f   Index8Gray.obj
 0001:0001dc40       _Index8GrayNrstNbrTransformHelper 1001ec40 f   Index8Gray.obj
 0001:0001dce0       _Index8GrayBilinearTransformHelper 1001ece0 f   Index8Gray.obj
 0001:0001de20       _Index8GrayBicubicTransformHelper 1001ee20 f   Index8Gray.obj
 0001:0001e060       _RegisterIndex12Gray       1001f060 f   Index12Gray.obj
 0001:0001e080       _IntArgbToIndex12GrayConvert 1001f080 f   Index12Gray.obj
 0001:0001e130       _ThreeByteBgrToIndex12GrayConvert 1001f130 f   Index12Gray.obj
 0001:0001e1c0       _ByteGrayToIndex12GrayConvert 1001f1c0 f   Index12Gray.obj
 0001:0001e220       _Index8GrayToIndex12GrayConvert 1001f220 f   Index12Gray.obj
 0001:0001e290       _ByteIndexedToIndex12GrayConvert 1001f290 f   Index12Gray.obj
 0001:0001e340       _Index12GrayToIndex12GrayConvert 1001f340 f   Index12Gray.obj
 0001:0001e400       _Index12GrayToIntArgbScaleConvert 1001f400 f   Index12Gray.obj
 0001:0001e400       _UshortIndexedToIntArgbScaleConvert 1001f400 f   UshortIndexed.obj
 0001:0001e4a0       _IntArgbToIndex12GrayScaleConvert 1001f4a0 f   Index12Gray.obj
 0001:0001e570       _ThreeByteBgrToIndex12GrayScaleConvert 1001f570 f   Index12Gray.obj
 0001:0001e630       _UshortGrayToIndex12GrayScaleConvert 1001f630 f   Index12Gray.obj
 0001:0001e6c0       _ByteIndexedToIndex12GrayScaleConvert 1001f6c0 f   Index12Gray.obj
 0001:0001e6c0       _Index8GrayToIndex12GrayScaleConvert 1001f6c0 f   Index12Gray.obj
 0001:0001e830       _ByteGrayToIndex12GrayScaleConvert 1001f830 f   Index12Gray.obj
 0001:0001e8c0       _ByteIndexedBmToIndex12GrayXparOver 1001f8c0 f   Index12Gray.obj
 0001:0001ea10       _ByteIndexedBmToIndex12GrayXparBgCopy 1001fa10 f   Index12Gray.obj
 0001:0001eb60       _IntArgbToIndex12GrayXorBlit 1001fb60 f   Index12Gray.obj
 0001:0001ec30       _Index12GrayAlphaMaskFill  1001fc30 f   Index12Gray.obj
 0001:0001eec0       _IntArgbToIndex12GrayAlphaMaskBlit 1001fec0 f   Index12Gray.obj
 0001:0001f1b0       _IntArgbPreToIndex12GrayAlphaMaskBlit 100201b0 f   Index12Gray.obj
 0001:0001f4b0       _IntRgbToIndex12GrayAlphaMaskBlit 100204b0 f   Index12Gray.obj
 0001:0001f790       _Index12GraySrcOverMaskFill 10020790 f   Index12Gray.obj
 0001:0001f960       _IntArgbToIndex12GraySrcOverMaskBlit 10020960 f   Index12Gray.obj
 0001:0001fbc0       _IntArgbPreToIndex12GraySrcOverMaskBlit 10020bc0 f   Index12Gray.obj
 0001:0001fe70       _Index12GrayDrawGlyphListAA 10020e70 f   Index12Gray.obj
 0001:00020000       _Index12GrayNrstNbrTransformHelper 10021000 f   Index12Gray.obj
 0001:000200a0       _Index12GrayBilinearTransformHelper 100210a0 f   Index12Gray.obj
 0001:00020200       _Index12GrayBicubicTransformHelper 10021200 f   Index12Gray.obj
 0001:00020490       _RegisterAnyShort          10021490 f   AnyShort.obj
 0001:000204b0       _AnyShortIsomorphicCopy    100214b0 f   AnyShort.obj
 0001:00020500       _AnyShortIsomorphicScaleCopy 10021500 f   AnyShort.obj
 0001:00020580       _AnyShortIsomorphicXorCopy 10021580 f   AnyShort.obj
 0001:000205e0       _AnyShortSetRect           100215e0 f   AnyShort.obj
 0001:00020630       _AnyShortSetSpans          10021630 f   AnyShort.obj
 0001:00020700       _AnyShortSetParallelogram  10021700 f   AnyShort.obj
 0001:000207a0       _AnyShortSetLine           100217a0 f   AnyShort.obj
 0001:00020870       _AnyShortXorRect           10021870 f   AnyShort.obj
 0001:000208d0       _AnyShortXorSpans          100218d0 f   AnyShort.obj
 0001:000209a0       _AnyShortXorLine           100219a0 f   AnyShort.obj
 0001:00020a70       _AnyShortDrawGlyphList     10021a70 f   AnyShort.obj
 0001:00020b60       _AnyShortDrawGlyphListXor  10021b60 f   AnyShort.obj
 0001:00020c70       _RegisterUshort555Rgb      10021c70 f   Ushort555Rgb.obj
 0001:00020c90       _PixelForUshort555Rgb      10021c90 f   Ushort555Rgb.obj
 0001:00020cc0       _Ushort555RgbToIntArgbConvert 10021cc0 f   Ushort555Rgb.obj
 0001:00020d70       _IntArgbToUshort555RgbConvert 10021d70 f   Ushort555Rgb.obj
 0001:00020df0       _ThreeByteBgrToUshort555RgbConvert 10021df0 f   Ushort555Rgb.obj
 0001:00020e70       _ByteGrayToUshort555RgbConvert 10021e70 f   Ushort555Rgb.obj
 0001:00020ee0       _ByteIndexedToUshort555RgbConvert 10021ee0 f   Ushort555Rgb.obj
 0001:00020fe0       _Ushort555RgbToIntArgbScaleConvert 10021fe0 f   Ushort555Rgb.obj
 0001:000210b0       _IntArgbToUshort555RgbScaleConvert 100220b0 f   Ushort555Rgb.obj
 0001:00021160       _ThreeByteBgrToUshort555RgbScaleConvert 10022160 f   Ushort555Rgb.obj
 0001:00021210       _ByteGrayToUshort555RgbScaleConvert 10022210 f   Ushort555Rgb.obj
 0001:000212a0       _ByteIndexedToUshort555RgbScaleConvert 100222a0 f   Ushort555Rgb.obj
 0001:000213f0       _ByteIndexedBmToUshort555RgbXparOver 100223f0 f   Ushort555Rgb.obj
 0001:00021500       _ByteIndexedBmToUshort555RgbScaleXparOver 10022500 f   Ushort555Rgb.obj
 0001:00021660       _IntArgbBmToUshort555RgbScaleXparOver 10022660 f   Ushort555Rgb.obj
 0001:00021700       _ByteIndexedBmToUshort555RgbXparBgCopy 10022700 f   Ushort555Rgb.obj
 0001:00021830       _IntArgbBmToUshort555RgbXparOver 10022830 f   Ushort555Rgb.obj
 0001:000218b0       _IntArgbBmToUshort555RgbXparBgCopy 100228b0 f   Ushort555Rgb.obj
 0001:00021940       _IntArgbToUshort555RgbXorBlit 10022940 f   Ushort555Rgb.obj
 0001:000219e0       _Ushort555RgbSrcMaskFill   100229e0 f   Ushort555Rgb.obj
 0001:00021c40       _Ushort555RgbSrcOverMaskFill 10022c40 f   Ushort555Rgb.obj
 0001:00021f30       _Ushort555RgbAlphaMaskFill 10022f30 f   Ushort555Rgb.obj
 0001:00022290       _IntArgbToUshort555RgbSrcOverMaskBlit 10023290 f   Ushort555Rgb.obj
 0001:000225e0       _IntArgbToUshort555RgbAlphaMaskBlit 100235e0 f   Ushort555Rgb.obj
 0001:00022960       _IntArgbPreToUshort555RgbSrcOverMaskBlit 10023960 f   Ushort555Rgb.obj
 0001:00022d10       _IntArgbPreToUshort555RgbAlphaMaskBlit 10023d10 f   Ushort555Rgb.obj
 0001:00023080       _IntRgbToUshort555RgbAlphaMaskBlit 10024080 f   Ushort555Rgb.obj
 0001:000233f0       _Ushort555RgbDrawGlyphListAA 100243f0 f   Ushort555Rgb.obj
 0001:00023610       _Ushort555RgbDrawGlyphListLCD 10024610 f   Ushort555Rgb.obj
 0001:000238f0       _RegisterUshort565Rgb      100248f0 f   Ushort565Rgb.obj
 0001:00023910       _PixelForUshort565Rgb      10024910 f   Ushort565Rgb.obj
 0001:00023940       _Ushort565RgbToIntArgbConvert 10024940 f   Ushort565Rgb.obj
 0001:000239e0       _IntArgbToUshort565RgbConvert 100249e0 f   Ushort565Rgb.obj
 0001:00023a60       _ThreeByteBgrToUshort565RgbConvert 10024a60 f   Ushort565Rgb.obj
 0001:00023af0       _ByteGrayToUshort565RgbConvert 10024af0 f   Ushort565Rgb.obj
 0001:00023b60       _ByteIndexedToUshort565RgbConvert 10024b60 f   Ushort565Rgb.obj
 0001:00023c60       _Ushort565RgbToIntArgbScaleConvert 10024c60 f   Ushort565Rgb.obj
 0001:00023d20       _IntArgbToUshort565RgbScaleConvert 10024d20 f   Ushort565Rgb.obj
 0001:00023dd0       _ThreeByteBgrToUshort565RgbScaleConvert 10024dd0 f   Ushort565Rgb.obj
 0001:00023e80       _ByteGrayToUshort565RgbScaleConvert 10024e80 f   Ushort565Rgb.obj
 0001:00023f20       _ByteIndexedToUshort565RgbScaleConvert 10024f20 f   Ushort565Rgb.obj
 0001:00024070       _ByteIndexedBmToUshort565RgbXparOver 10025070 f   Ushort565Rgb.obj
 0001:00024180       _ByteIndexedBmToUshort565RgbScaleXparOver 10025180 f   Ushort565Rgb.obj
 0001:000242e0       _IntArgbBmToUshort565RgbScaleXparOver 100252e0 f   Ushort565Rgb.obj
 0001:00024380       _ByteIndexedBmToUshort565RgbXparBgCopy 10025380 f   Ushort565Rgb.obj
 0001:000244b0       _IntArgbBmToUshort565RgbXparOver 100254b0 f   Ushort565Rgb.obj
 0001:00024530       _IntArgbBmToUshort565RgbXparBgCopy 10025530 f   Ushort565Rgb.obj
 0001:000245c0       _IntArgbToUshort565RgbXorBlit 100255c0 f   Ushort565Rgb.obj
 0001:00024660       _Ushort565RgbSrcMaskFill   10025660 f   Ushort565Rgb.obj
 0001:000248c0       _Ushort565RgbSrcOverMaskFill 100258c0 f   Ushort565Rgb.obj
 0001:00024ba0       _Ushort565RgbAlphaMaskFill 10025ba0 f   Ushort565Rgb.obj
 0001:00024f00       _IntArgbToUshort565RgbSrcOverMaskBlit 10025f00 f   Ushort565Rgb.obj
 0001:00025250       _IntArgbPreToUshort565RgbSrcOverMaskBlit 10026250 f   Ushort565Rgb.obj
 0001:000255f0       _Ushort4444ArgbToUshort565RgbSrcOverMaskBlit 100265f0 f   Ushort565Rgb.obj
 0001:000259d0       _IntArgbToUshort565RgbAlphaMaskBlit 100269d0 f   Ushort565Rgb.obj
 0001:00025d40       _IntArgbPreToUshort565RgbAlphaMaskBlit 10026d40 f   Ushort565Rgb.obj
 0001:000260b0       _IntRgbToUshort565RgbAlphaMaskBlit 100270b0 f   Ushort565Rgb.obj
 0001:00026410       _Ushort565RgbDrawGlyphListAA 10027410 f   Ushort565Rgb.obj
 0001:00026630       _Ushort565RgbDrawGlyphListLCD 10027630 f   Ushort565Rgb.obj
 0001:00026910       _RegisterUshort4444Argb    10027910 f   Ushort4444Argb.obj
 0001:00026930       _PixelForUshort4444Argb    10027930 f   Ushort4444Argb.obj
 0001:00026970       _IntArgbToUshort4444ArgbSrcOverMaskBlit 10027970 f   Ushort4444Argb.obj
 0001:00026d60       _RegisterUshort555Rgbx     10027d60 f   Ushort555Rgbx.obj
 0001:00026d80       _PixelForUshort555Rgbx     10027d80 f   Ushort555Rgbx.obj
 0001:00026db0       _Ushort555RgbxToIntArgbConvert 10027db0 f   Ushort555Rgbx.obj
 0001:00026e60       _IntArgbToUshort555RgbxConvert 10027e60 f   Ushort555Rgbx.obj
 0001:00026ee0       _ThreeByteBgrToUshort555RgbxConvert 10027ee0 f   Ushort555Rgbx.obj
 0001:00026f70       _ByteGrayToUshort555RgbxConvert 10027f70 f   Ushort555Rgbx.obj
 0001:00026fe0       _ByteIndexedToUshort555RgbxConvert 10027fe0 f   Ushort555Rgbx.obj
 0001:000270e0       _Ushort555RgbxToIntArgbScaleConvert 100280e0 f   Ushort555Rgbx.obj
 0001:000271b0       _IntArgbToUshort555RgbxScaleConvert 100281b0 f   Ushort555Rgbx.obj
 0001:00027260       _ThreeByteBgrToUshort555RgbxScaleConvert 10028260 f   Ushort555Rgbx.obj
 0001:00027320       _ByteGrayToUshort555RgbxScaleConvert 10028320 f   Ushort555Rgbx.obj
 0001:000273c0       _ByteIndexedToUshort555RgbxScaleConvert 100283c0 f   Ushort555Rgbx.obj
 0001:00027510       _ByteIndexedBmToUshort555RgbxXparOver 10028510 f   Ushort555Rgbx.obj
 0001:00027620       _ByteIndexedBmToUshort555RgbxScaleXparOver 10028620 f   Ushort555Rgbx.obj
 0001:00027780       _IntArgbBmToUshort555RgbxScaleXparOver 10028780 f   Ushort555Rgbx.obj
 0001:00027820       _ByteIndexedBmToUshort555RgbxXparBgCopy 10028820 f   Ushort555Rgbx.obj
 0001:00027950       _IntArgbToUshort555RgbxXorBlit 10028950 f   Ushort555Rgbx.obj
 0001:000279f0       _Ushort555RgbxDrawGlyphListAA 100289f0 f   Ushort555Rgbx.obj
 0001:00027c20       _Ushort555RgbxDrawGlyphListLCD 10028c20 f   Ushort555Rgbx.obj
 0001:00027f10       _RegisterUshortGray        10028f10 f   UshortGray.obj
 0001:00027f30       _PixelForUshortGray        10028f30 f   UshortGray.obj
 0001:00027f80       _UshortGrayToIntArgbConvert 10028f80 f   UshortGray.obj
 0001:00027ff0       _IntArgbToUshortGrayConvert 10028ff0 f   UshortGray.obj
 0001:00028090       _ThreeByteBgrToUshortGrayConvert 10029090 f   UshortGray.obj
 0001:00028120       _ByteGrayToUshortGrayConvert 10029120 f   UshortGray.obj
 0001:00028180       _ByteIndexedToUshortGrayConvert 10029180 f   UshortGray.obj
 0001:00028290       _UshortGrayToIntArgbScaleConvert 10029290 f   UshortGray.obj
 0001:00028320       _IntArgbToUshortGrayScaleConvert 10029320 f   UshortGray.obj
 0001:000283f0       _ThreeByteBgrToUshortGrayScaleConvert 100293f0 f   UshortGray.obj
 0001:000284a0       _ByteGrayToUshortGrayScaleConvert 100294a0 f   UshortGray.obj
 0001:00028520       _ByteIndexedToUshortGrayScaleConvert 10029520 f   UshortGray.obj
 0001:00028680       _ByteIndexedBmToUshortGrayXparOver 10029680 f   UshortGray.obj
 0001:000287b0       _ByteIndexedBmToUshortGrayScaleXparOver 100297b0 f   UshortGray.obj
 0001:00028930       _IntArgbBmToUshortGrayScaleXparOver 10029930 f   UshortGray.obj
 0001:000289f0       _ByteIndexedBmToUshortGrayXparBgCopy 100299f0 f   UshortGray.obj
 0001:00028b30       _IntArgbToUshortGrayXorBlit 10029b30 f   UshortGray.obj
 0001:00028bf0       _UshortGraySrcMaskFill     10029bf0 f   UshortGray.obj
 0001:00028da0       _UshortGraySrcOverMaskFill 10029da0 f   UshortGray.obj
 0001:00028f70       _UshortGrayAlphaMaskFill   10029f70 f   UshortGray.obj
 0001:00029220       _IntArgbToUshortGraySrcOverMaskBlit 1002a220 f   UshortGray.obj
 0001:00029480       _IntArgbToUshortGrayAlphaMaskBlit 1002a480 f   UshortGray.obj
 0001:000297e0       _IntArgbPreToUshortGraySrcOverMaskBlit 1002a7e0 f   UshortGray.obj
 0001:00029a90       _IntArgbPreToUshortGrayAlphaMaskBlit 1002aa90 f   UshortGray.obj
 0001:00029e20       _IntRgbToUshortGrayAlphaMaskBlit 1002ae20 f   UshortGray.obj
 0001:0002a170       _UshortGrayDrawGlyphListAA 1002b170 f   UshortGray.obj
 0001:0002a2e0       _RegisterUshortIndexed     1002b2e0 f   UshortIndexed.obj
 0001:0002a300       _PixelForUshortIndexed     1002b300 f   UshortIndexed.obj
 0001:0002a310       _IntArgbToUshortIndexedConvert 1002b310 f   UshortIndexed.obj
 0001:0002a480       _ThreeByteBgrToUshortIndexedConvert 1002b480 f   UshortIndexed.obj
 0001:0002a5e0       _ByteGrayToUshortIndexedConvert 1002b5e0 f   UshortIndexed.obj
 0001:0002a730       _Index12GrayToUshortIndexedConvert 1002b730 f   UshortIndexed.obj
 0001:0002a890       _UshortIndexedToIntArgbConvert 1002b890 f   UshortIndexed.obj
 0001:0002a890       _Index12GrayToIntArgbConvert 1002b890 f   IntArgb.obj
 0001:0002a900       _UshortIndexedToUshortIndexedConvert 1002b900 f   UshortIndexed.obj
 0001:0002aad0       _IntArgbToUshortIndexedScaleConvert 1002bad0 f   UshortIndexed.obj
 0001:0002ac70       _ThreeByteBgrToUshortIndexedScaleConvert 1002bc70 f   UshortIndexed.obj
 0001:0002ae20       _ByteGrayToUshortIndexedScaleConvert 1002be20 f   UshortIndexed.obj
 0001:0002afb0       _Index12GrayToUshortIndexedScaleConvert 1002bfb0 f   UshortIndexed.obj
 0001:0002b150       _UshortIndexedToUshortIndexedScaleConvert 1002c150 f   UshortIndexed.obj
 0001:0002b380       _ByteIndexedBmToUshortIndexedXparOver 1002c380 f   UshortIndexed.obj
 0001:0002b500       _ByteIndexedBmToUshortIndexedScaleXparOver 1002c500 f   UshortIndexed.obj
 0001:0002b6b0       _IntArgbBmToUshortIndexedScaleXparOver 1002c6b0 f   UshortIndexed.obj
 0001:0002b860       _ByteIndexedBmToUshortIndexedXparBgCopy 1002c860 f   UshortIndexed.obj
 0001:0002b9f0       _IntArgbBmToUshortIndexedXparOver 1002c9f0 f   UshortIndexed.obj
 0001:0002bb80       _IntArgbBmToUshortIndexedXparBgCopy 1002cb80 f   UshortIndexed.obj
 0001:0002bd10       _IntArgbToUshortIndexedXorBlit 1002cd10 f   UshortIndexed.obj
 0001:0002bdc0       _UshortIndexedAlphaMaskFill 1002cdc0 f   UshortIndexed.obj
 0001:0002c210       _IntArgbToUshortIndexedAlphaMaskBlit 1002d210 f   UshortIndexed.obj
 0001:0002c690       _IntArgbPreToUshortIndexedAlphaMaskBlit 1002d690 f   UshortIndexed.obj
 0001:0002cb30       _IntRgbToUshortIndexedAlphaMaskBlit 1002db30 f   UshortIndexed.obj
 0001:0002cf90       _UshortIndexedDrawGlyphListAA 1002df90 f   UshortIndexed.obj
 0001:0002d260       _RegisterAny3Byte          1002e260 f   Any3Byte.obj
 0001:0002d280       _Any3ByteIsomorphicCopy    1002e280 f   Any3Byte.obj
 0001:0002d2d0       _Any3ByteIsomorphicScaleCopy 1002e2d0 f   Any3Byte.obj
 0001:0002d360       _Any3ByteIsomorphicXorCopy 1002e360 f   Any3Byte.obj
 0001:0002d3e0       _Any3ByteSetRect           1002e3e0 f   Any3Byte.obj
 0001:0002d470       _Any3ByteSetSpans          1002e470 f   Any3Byte.obj
 0001:0002d550       _Any3ByteSetParallelogram  1002e550 f   Any3Byte.obj
 0001:0002d610       _Any3ByteSetLine           1002e610 f   Any3Byte.obj
 0001:0002d700       _Any3ByteXorRect           1002e700 f   Any3Byte.obj
 0001:0002d7f0       _Any3ByteXorSpans          1002e7f0 f   Any3Byte.obj
 0001:0002d940       _Any3ByteXorLine           1002e940 f   Any3Byte.obj
 0001:0002dab0       _Any3ByteDrawGlyphList     1002eab0 f   Any3Byte.obj
 0001:0002dbd0       _Any3ByteDrawGlyphListXor  1002ebd0 f   Any3Byte.obj
 0001:0002dd60       _RegisterThreeByteBgr      1002ed60 f   ThreeByteBgr.obj
 0001:0002dd80       _ThreeByteBgrToIntArgbConvert 1002ed80 f   ThreeByteBgr.obj
 0001:0002de00       _IntArgbToThreeByteBgrConvert 1002ee00 f   ThreeByteBgr.obj
 0001:0002de60       _ByteGrayToThreeByteBgrConvert 1002ee60 f   ThreeByteBgr.obj
 0001:0002deb0       _ByteIndexedToThreeByteBgrConvert 1002eeb0 f   ThreeByteBgr.obj
 0001:0002df20       _ThreeByteBgrToIntArgbScaleConvert 1002ef20 f   ThreeByteBgr.obj
 0001:0002dfc0       _IntArgbToThreeByteBgrScaleConvert 1002efc0 f   ThreeByteBgr.obj
 0001:0002e050       _ByteGrayToThreeByteBgrScaleConvert 1002f050 f   ThreeByteBgr.obj
 0001:0002e0d0       _ByteIndexedToThreeByteBgrScaleConvert 1002f0d0 f   ThreeByteBgr.obj
 0001:0002e170       _ByteIndexedBmToThreeByteBgrXparOver 1002f170 f   ThreeByteBgr.obj
 0001:0002e1e0       _ByteIndexedBmToThreeByteBgrScaleXparOver 1002f1e0 f   ThreeByteBgr.obj
 0001:0002e280       _IntArgbBmToThreeByteBgrScaleXparOver 1002f280 f   ThreeByteBgr.obj
 0001:0002e310       _ByteIndexedBmToThreeByteBgrXparBgCopy 1002f310 f   ThreeByteBgr.obj
 0001:0002e3b0       _IntArgbBmToThreeByteBgrXparOver 1002f3b0 f   ThreeByteBgr.obj
 0001:0002e420       _IntArgbBmToThreeByteBgrXparBgCopy 1002f420 f   ThreeByteBgr.obj
 0001:0002e4c0       _IntArgbToThreeByteBgrXorBlit 1002f4c0 f   ThreeByteBgr.obj
 0001:0002e590       _ThreeByteBgrSrcMaskFill   1002f590 f   ThreeByteBgr.obj
 0001:0002e7f0       _ThreeByteBgrSrcOverMaskFill 1002f7f0 f   ThreeByteBgr.obj
 0001:0002ea30       _ThreeByteBgrAlphaMaskFill 1002fa30 f   ThreeByteBgr.obj
 0001:0002ed40       _IntArgbToThreeByteBgrSrcOverMaskBlit 1002fd40 f   ThreeByteBgr.obj
 0001:0002efd0       _IntArgbToThreeByteBgrAlphaMaskBlit 1002ffd0 f   ThreeByteBgr.obj
 0001:0002f310       _IntArgbPreToThreeByteBgrSrcOverMaskBlit 10030310 f   ThreeByteBgr.obj
 0001:0002f5f0       _IntArgbPreToThreeByteBgrAlphaMaskBlit 100305f0 f   ThreeByteBgr.obj
 0001:0002f940       _IntRgbToThreeByteBgrAlphaMaskBlit 10030940 f   ThreeByteBgr.obj
 0001:0002fc60       _ThreeByteBgrDrawGlyphListAA 10030c60 f   ThreeByteBgr.obj
 0001:0002fe60       _ThreeByteBgrDrawGlyphListLCD 10030e60 f   ThreeByteBgr.obj
 0001:00030140       _ThreeByteBgrNrstNbrTransformHelper 10031140 f   ThreeByteBgr.obj
 0001:000301f0       _ThreeByteBgrBilinearTransformHelper 100311f0 f   ThreeByteBgr.obj
 0001:00030390       _ThreeByteBgrBicubicTransformHelper 10031390 f   ThreeByteBgr.obj
 0001:00030740       _RegisterAnyInt            10031740 f   AnyInt.obj
 0001:00030760       _AnyIntIsomorphicCopy      10031760 f   AnyInt.obj
 0001:00030760       _Any4ByteIsomorphicCopy    10031760 f   Any4Byte.obj
 0001:000307b0       _AnyIntIsomorphicXorCopy   100317b0 f   AnyInt.obj
 0001:00030810       _AnyIntIsomorphicScaleCopy 10031810 f   AnyInt.obj
 0001:00030890       _AnyIntSetRect             10031890 f   AnyInt.obj
 0001:000308e0       _AnyIntSetSpans            100318e0 f   AnyInt.obj
 0001:00030980       _AnyIntSetParallelogram    10031980 f   AnyInt.obj
 0001:00030a10       _AnyIntSetLine             10031a10 f   AnyInt.obj
 0001:00030ad0       _AnyIntXorRect             10031ad0 f   AnyInt.obj
 0001:00030b30       _AnyIntXorSpans            10031b30 f   AnyInt.obj
 0001:00030c00       _AnyIntXorLine             10031c00 f   AnyInt.obj
 0001:00030cd0       _AnyIntDrawGlyphList       10031cd0 f   AnyInt.obj
 0001:00030dc0       _AnyIntDrawGlyphListXor    10031dc0 f   AnyInt.obj
 0001:00030ed0       _RegisterIntArgb           10031ed0 f   IntArgb.obj
 0001:00030ef0       _ByteIndexedToIntArgbConvert 10031ef0 f   IntArgb.obj
 0001:00030f50       _ByteIndexedToIntArgbScaleConvert 10031f50 f   IntArgb.obj
 0001:00030fe0       _ByteIndexedBmToIntArgbXparOver 10031fe0 f   IntArgb.obj
 0001:00031040       _ByteIndexedBmToIntArgbScaleXparOver 10032040 f   IntArgb.obj
 0001:000310d0       _IntArgbBmToIntArgbScaleXparOver 100320d0 f   IntArgb.obj
 0001:00031150       _ByteIndexedBmToIntArgbXparBgCopy 10032150 f   IntArgb.obj
 0001:000311b0       _IntArgbSrcMaskFill        100321b0 f   IntArgb.obj
 0001:000313f0       _IntArgbSrcOverMaskFill    100323f0 f   IntArgb.obj
 0001:000316f0       _IntArgbAlphaMaskFill      100326f0 f   IntArgb.obj
 0001:00031a30       _IntArgbToIntArgbSrcOverMaskBlit 10032a30 f   IntArgb.obj
 0001:00031d60       _IntArgbToIntArgbAlphaMaskBlit 10032d60 f   IntArgb.obj
 0001:000320e0       _IntArgbPreToIntArgbSrcOverMaskBlit 100330e0 f   IntArgb.obj
 0001:00032490       _IntArgbPreToIntArgbAlphaMaskBlit 10033490 f   IntArgb.obj
 0001:00032820       _IntRgbToIntArgbAlphaMaskBlit 10033820 f   IntArgb.obj
 0001:00032b80       _IntArgbDrawGlyphListAA    10033b80 f   IntArgb.obj
 0001:00032de0       _IntArgbDrawGlyphListLCD   10033de0 f   IntArgb.obj
 0001:00033100       _IntArgbNrstNbrTransformHelper 10034100 f   IntArgb.obj
 0001:00033200       _IntArgbBilinearTransformHelper 10034200 f   IntArgb.obj
 0001:000334e0       _IntArgbBicubicTransformHelper 100344e0 f   IntArgb.obj
 0001:00033d60       _RegisterIntArgbPre        10034d60 f   IntArgbPre.obj
 0001:00033d80       _PixelForIntArgbPre        10034d80 f   IntArgbPre.obj
 0001:00033de0       _IntArgbPreToIntArgbConvert 10034de0 f   IntArgbPre.obj
 0001:00033e90       _IntArgbToIntArgbPreConvert 10034e90 f   IntArgbPre.obj
 0001:00033f50       _IntRgbToIntArgbPreConvert 10034f50 f   IntArgbPre.obj
 0001:00034010       _ThreeByteBgrToIntArgbPreConvert 10035010 f   IntArgbPre.obj
 0001:00034100       _ByteGrayToIntArgbPreConvert 10035100 f   IntArgbPre.obj
 0001:000341e0       _ByteIndexedToIntArgbPreConvert 100351e0 f   IntArgbPre.obj
 0001:000342b0       _IntArgbPreToIntArgbScaleConvert 100352b0 f   IntArgbPre.obj
 0001:000343a0       _IntArgbToIntArgbPreScaleConvert 100353a0 f   IntArgbPre.obj
 0001:00034490       _IntRgbToIntArgbPreScaleConvert 10035490 f   IntArgbPre.obj
 0001:00034580       _ThreeByteBgrToIntArgbPreScaleConvert 10035580 f   IntArgbPre.obj
 0001:00034690       _ByteGrayToIntArgbPreScaleConvert 10035690 f   IntArgbPre.obj
 0001:00034790       _ByteIndexedToIntArgbPreScaleConvert 10035790 f   IntArgbPre.obj
 0001:000348a0       _ByteIndexedBmToIntArgbPreXparOver 100358a0 f   IntArgbPre.obj
 0001:00034970       _ByteIndexedBmToIntArgbPreScaleXparOver 10035970 f   IntArgbPre.obj
 0001:00034a80       _ByteIndexedBmToIntArgbPreXparBgCopy 10035a80 f   IntArgbPre.obj
 0001:00034b60       _IntArgbToIntArgbPreXorBlit 10035b60 f   IntArgbPre.obj
 0001:00034c50       _IntArgbPreSrcMaskFill     10035c50 f   IntArgbPre.obj
 0001:00034e50       _IntArgbPreSrcOverMaskFill 10035e50 f   IntArgbPre.obj
 0001:000350f0       _IntArgbPreAlphaMaskFill   100360f0 f   IntArgbPre.obj
 0001:000353f0       _IntArgbToIntArgbPreSrcOverMaskBlit 100363f0 f   IntArgbPre.obj
 0001:000356e0       _IntArgbToIntArgbPreAlphaMaskBlit 100366e0 f   IntArgbPre.obj
 0001:00035a30       _IntArgbPreToIntArgbPreSrcOverMaskBlit 10036a30 f   IntArgbPre.obj
 0001:00035d80       _IntArgbPreToIntArgbPreAlphaMaskBlit 10036d80 f   IntArgbPre.obj
 0001:000360f0       _IntRgbToIntArgbPreAlphaMaskBlit 100370f0 f   IntArgbPre.obj
 0001:00036420       _IntArgbPreDrawGlyphListAA 10037420 f   IntArgbPre.obj
 0001:00036690       _IntArgbPreDrawGlyphListLCD 10037690 f   IntArgbPre.obj
 0001:00036a40       _IntArgbPreNrstNbrTransformHelper 10037a40 f   IntArgbPre.obj
 0001:00036ac0       _IntArgbPreBilinearTransformHelper 10037ac0 f   IntArgbPre.obj
 0001:00036bf0       _IntArgbPreBicubicTransformHelper 10037bf0 f   IntArgbPre.obj
 0001:00036dd0       _RegisterIntArgbBm         10037dd0 f   IntArgbBm.obj
 0001:00036df0       _PixelForIntArgbBm         10037df0 f   IntArgbBm.obj
 0001:00036e10       _IntArgbBmToIntArgbConvert 10037e10 f   IntArgbBm.obj
 0001:00036e70       _IntArgbToIntArgbBmConvert 10037e70 f   IntArgbBm.obj
 0001:00036ed0       _ByteIndexedToIntArgbBmConvert 10037ed0 f   IntArgbBm.obj
 0001:00036f40       _IntArgbToIntArgbBmScaleConvert 10037f40 f   IntArgbBm.obj
 0001:00036fd0       _ByteIndexedToIntArgbBmScaleConvert 10037fd0 f   IntArgbBm.obj
 0001:00037070       _ByteIndexedBmToIntArgbBmXparOver 10038070 f   IntArgbBm.obj
 0001:00037170       _ByteIndexedBmToIntArgbBmScaleXparOver 10038170 f   IntArgbBm.obj
 0001:000372c0       _ByteIndexedBmToIntArgbBmXparBgCopy 100382c0 f   IntArgbBm.obj
 0001:000373c0       _IntArgbToIntArgbBmXorBlit 100383c0 f   IntArgbBm.obj
 0001:00037440       _IntArgbBmAlphaMaskFill    10038440 f   IntArgbBm.obj
 0001:00037790       _IntArgbToIntArgbBmAlphaMaskBlit 10038790 f   IntArgbBm.obj
 0001:00037b20       _IntArgbPreToIntArgbBmAlphaMaskBlit 10038b20 f   IntArgbBm.obj
 0001:00037eb0       _IntArgbBmDrawGlyphListAA  10038eb0 f   IntArgbBm.obj
 0001:00038110       _IntArgbBmDrawGlyphListLCD 10039110 f   IntArgbBm.obj
 0001:00038440       _IntArgbBmNrstNbrTransformHelper 10039440 f   IntArgbBm.obj
 0001:000384d0       _IntArgbBmBilinearTransformHelper 100394d0 f   IntArgbBm.obj
 0001:00038630       _IntArgbBmBicubicTransformHelper 10039630 f   IntArgbBm.obj
 0001:000388f0       _RegisterIntRgb            100398f0 f   IntRgb.obj
 0001:00038910       _IntRgbToIntArgbConvert    10039910 f   IntRgb.obj
 0001:00038970       _ThreeByteBgrToIntRgbConvert 10039970 f   IntRgb.obj
 0001:000389e0       _ByteGrayToIntRgbConvert   100399e0 f   IntRgb.obj
 0001:00038a40       _IntArgbBmToIntRgbXparOver 10039a40 f   IntRgb.obj
 0001:00038aa0       _IntArgbBmToIntRgbXparBgCopy 10039aa0 f   IntRgb.obj
 0001:00038b00       _IntRgbToIntArgbScaleConvert 10039b00 f   IntRgb.obj
 0001:00038b80       _ThreeByteBgrToIntRgbScaleConvert 10039b80 f   IntRgb.obj
 0001:00038c20       _ByteGrayToIntRgbScaleConvert 10039c20 f   IntRgb.obj
 0001:00038cb0       _IntArgbToIntArgbXorBlit   10039cb0 f   IntArgb.obj
 0001:00038cb0       _IntArgbToIntRgbXorBlit    10039cb0 f   IntRgb.obj
 0001:00038d30       _IntRgbSrcMaskFill         10039d30 f   IntRgb.obj
 0001:00038f40       _IntRgbSrcOverMaskFill     10039f40 f   IntRgb.obj
 0001:000391a0       _IntRgbAlphaMaskFill       1003a1a0 f   IntRgb.obj
 0001:000394d0       _IntArgbToIntRgbSrcOverMaskBlit 1003a4d0 f   IntRgb.obj
 0001:00039780       _IntArgbToIntRgbAlphaMaskBlit 1003a780 f   IntRgb.obj
 0001:00039ac0       _IntArgbPreToIntRgbSrcOverMaskBlit 1003aac0 f   IntRgb.obj
 0001:00039dc0       _IntArgbPreToIntRgbAlphaMaskBlit 1003adc0 f   IntRgb.obj
 0001:0003a120       _IntRgbToIntRgbAlphaMaskBlit 1003b120 f   IntRgb.obj
 0001:0003a450       _IntRgbDrawGlyphListAA     1003b450 f   IntRgb.obj
 0001:0003a640       _IntRgbDrawGlyphListLCD    1003b640 f   IntRgb.obj
 0001:0003a8d0       _IntRgbNrstNbrTransformHelper 1003b8d0 f   IntRgb.obj
 0001:0003a960       _IntRgbBilinearTransformHelper 1003b960 f   IntRgb.obj
 0001:0003aab0       _IntRgbBicubicTransformHelper 1003bab0 f   IntRgb.obj
 0001:0003acf0       _RegisterIntBgr            1003bcf0 f   IntBgr.obj
 0001:0003ad10       _PixelForIntBgr            1003bd10 f   IntBgr.obj
 0001:0003ad30       _IntBgrToIntArgbConvert    1003bd30 f   IntBgr.obj
 0001:0003adb0       _IntArgbToIntBgrConvert    1003bdb0 f   IntBgr.obj
 0001:0003ae20       _ThreeByteBgrToIntBgrConvert 1003be20 f   IntBgr.obj
 0001:0003ae90       _ByteIndexedToIntBgrConvert 1003be90 f   IntBgr.obj
 0001:0003af90       _IntBgrToIntArgbScaleConvert 1003bf90 f   IntBgr.obj
 0001:0003b040       _IntArgbToIntBgrScaleConvert 1003c040 f   IntBgr.obj
 0001:0003b0e0       _ThreeByteBgrToIntBgrScaleConvert 1003c0e0 f   IntBgr.obj
 0001:0003b180       _ByteIndexedToIntBgrScaleConvert 1003c180 f   IntBgr.obj
 0001:0003b2d0       _ByteIndexedBmToIntBgrXparOver 1003c2d0 f   IntBgr.obj
 0001:0003b3e0       _IntArgbBmToIntBgrXparOver 1003c3e0 f   IntBgr.obj
 0001:0003b460       _IntArgbBmToIntBgrScaleXparOver 1003c460 f   IntBgr.obj
 0001:0003b500       _ByteIndexedBmToIntBgrScaleXparOver 1003c500 f   IntBgr.obj
 0001:0003b670       _ByteIndexedBmToIntBgrXparBgCopy 1003c670 f   IntBgr.obj
 0001:0003b790       _IntArgbBmToIntBgrXparBgCopy 1003c790 f   IntBgr.obj
 0001:0003b810       _IntArgbToIntBgrXorBlit    1003c810 f   IntBgr.obj
 0001:0003b8a0       _IntBgrSrcMaskFill         1003c8a0 f   IntBgr.obj
 0001:0003bac0       _IntBgrSrcOverMaskFill     1003cac0 f   IntBgr.obj
 0001:0003bd30       _IntBgrAlphaMaskFill       1003cd30 f   IntBgr.obj
 0001:0003c060       _IntArgbToIntBgrSrcOverMaskBlit 1003d060 f   IntBgr.obj
 0001:0003c310       _IntArgbToIntBgrAlphaMaskBlit 1003d310 f   IntBgr.obj
 0001:0003c670       _IntArgbPreToIntBgrSrcOverMaskBlit 1003d670 f   IntBgr.obj
 0001:0003c960       _IntArgbPreToIntBgrAlphaMaskBlit 1003d960 f   IntBgr.obj
 0001:0003cc90       _IntRgbToIntBgrAlphaMaskBlit 1003dc90 f   IntBgr.obj
 0001:0003cfc0       _IntBgrToIntBgrAlphaMaskBlit 1003dfc0 f   IntBgr.obj
 0001:0003d2f0       _IntBgrDrawGlyphListAA     1003e2f0 f   IntBgr.obj
 0001:0003d4d0       _IntBgrDrawGlyphListLCD    1003e4d0 f   IntBgr.obj
 0001:0003d760       _IntBgrNrstNbrTransformHelper 1003e760 f   IntBgr.obj
 0001:0003d810       _IntBgrBilinearTransformHelper 1003e810 f   IntBgr.obj
 0001:0003d9d0       _IntBgrBicubicTransformHelper 1003e9d0 f   IntBgr.obj
 0001:0003dde0       _RegisterIntRgbx           1003ede0 f   IntRgbx.obj
 0001:0003de00       _PixelForIntRgbx           1003ee00 f   IntRgbx.obj
 0001:0003de10       _IntRgbxToIntArgbConvert   1003ee10 f   IntRgbx.obj
 0001:0003de70       _IntArgbToIntRgbxConvert   1003ee70 f   IntRgbx.obj
 0001:0003dec0       _ThreeByteBgrToIntRgbxConvert 1003eec0 f   IntRgbx.obj
 0001:0003df30       _ByteGrayToIntRgbxConvert  1003ef30 f   IntRgbx.obj
 0001:0003df90       _ByteIndexedToIntRgbxConvert 1003ef90 f   IntRgbx.obj
 0001:0003dff0       _IntRgbxToIntArgbScaleConvert 1003eff0 f   IntRgbx.obj
 0001:0003e070       _IntArgbToIntRgbxScaleConvert 1003f070 f   IntRgbx.obj
 0001:0003e0f0       _ThreeByteBgrToIntRgbxScaleConvert 1003f0f0 f   IntRgbx.obj
 0001:0003e190       _ByteGrayToIntRgbxScaleConvert 1003f190 f   IntRgbx.obj
 0001:0003e220       _ByteIndexedToIntRgbxScaleConvert 1003f220 f   IntRgbx.obj
 0001:0003e2b0       _ByteIndexedBmToIntRgbxXparOver 1003f2b0 f   IntRgbx.obj
 0001:0003e310       _ByteIndexedBmToIntRgbxScaleXparOver 1003f310 f   IntRgbx.obj
 0001:0003e3b0       _IntArgbBmToIntRgbxScaleXparOver 1003f3b0 f   IntRgbx.obj
 0001:0003e430       _ByteIndexedBmToIntRgbxXparBgCopy 1003f430 f   IntRgbx.obj
 0001:0003e490       _IntArgbToIntRgbxXorBlit   1003f490 f   IntRgbx.obj
 0001:0003e510       _IntRgbxSrcMaskFill        1003f510 f   IntRgbx.obj
 0001:0003e730       _IntRgbxSrcOverMaskFill    1003f730 f   IntRgbx.obj
 0001:0003e990       _IntRgbxAlphaMaskFill      1003f990 f   IntRgbx.obj
 0001:0003ecd0       _IntArgbToIntRgbxSrcOverMaskBlit 1003fcd0 f   IntRgbx.obj
 0001:0003ef80       _IntArgbToIntRgbxAlphaMaskBlit 1003ff80 f   IntRgbx.obj
 0001:0003f2c0       _IntArgbPreToIntRgbxSrcOverMaskBlit 100402c0 f   IntRgbx.obj
 0001:0003f5c0       _IntArgbPreToIntRgbxAlphaMaskBlit 100405c0 f   IntRgbx.obj
 0001:0003f930       _IntRgbToIntRgbxAlphaMaskBlit 10040930 f   IntRgbx.obj
 0001:0003fc70       _IntRgbxDrawGlyphListAA    10040c70 f   IntRgbx.obj
 0001:0003fe60       _IntRgbxDrawGlyphListLCD   10040e60 f   IntRgbx.obj
 0001:00040100       _IntRgbxNrstNbrTransformHelper 10041100 f   IntRgbx.obj
 0001:00040190       _IntRgbxBilinearTransformHelper 10041190 f   IntRgbx.obj
 0001:000402e0       _IntRgbxBicubicTransformHelper 100412e0 f   IntRgbx.obj
 0001:00040550       _RegisterAny4Byte          10041550 f   Any4Byte.obj
 0001:00040570       _Any4ByteIsomorphicScaleCopy 10041570 f   Any4Byte.obj
 0001:00040600       _Any4ByteSetRect           10041600 f   Any4Byte.obj
 0001:00040690       _Any4ByteSetSpans          10041690 f   Any4Byte.obj
 0001:00040790       _Any4ByteSetParallelogram  10041790 f   Any4Byte.obj
 0001:00040860       _Any4ByteSetLine           10041860 f   Any4Byte.obj
 0001:00040970       _Any4ByteXorRect           10041970 f   Any4Byte.obj
 0001:00040a90       _Any4ByteXorSpans          10041a90 f   Any4Byte.obj
 0001:00040c20       _Any4ByteXorLine           10041c20 f   Any4Byte.obj
 0001:00040de0       _Any4ByteDrawGlyphList     10041de0 f   Any4Byte.obj
 0001:00040f10       _Any4ByteDrawGlyphListXor  10041f10 f   Any4Byte.obj
 0001:000410d0       _RegisterFourByteAbgr      100420d0 f   FourByteAbgr.obj
 0001:000410f0       _PixelForFourByteAbgr      100420f0 f   FourByteAbgr.obj
 0001:00041100       _FourByteAbgrToIntArgbConvert 10042100 f   FourByteAbgr.obj
 0001:00041170       _IntArgbToFourByteAbgrConvert 10042170 f   FourByteAbgr.obj
 0001:000411e0       _ByteIndexedToFourByteAbgrConvert 100421e0 f   FourByteAbgr.obj
 0001:00041250       _FourByteAbgrToIntArgbScaleConvert 10042250 f   FourByteAbgr.obj
 0001:000412f0       _IntArgbToFourByteAbgrScaleConvert 100422f0 f   FourByteAbgr.obj
 0001:00041380       _ByteGrayToFourByteAbgrPreScaleConvert 10042380 f   FourByteAbgrPre.obj
 0001:00041380       _ByteGrayToFourByteAbgrScaleConvert 10042380 f   FourByteAbgr.obj
 0001:00041400       _ByteIndexedToFourByteAbgrScaleConvert 10042400 f   FourByteAbgr.obj
 0001:000414b0       _ByteIndexedBmToFourByteAbgrXparOver 100424b0 f   FourByteAbgr.obj
 0001:00041530       _ByteIndexedBmToFourByteAbgrScaleXparOver 10042530 f   FourByteAbgr.obj
 0001:000415e0       _ByteIndexedBmToFourByteAbgrXparBgCopy 100425e0 f   FourByteAbgr.obj
 0001:000416a0       _IntArgbToFourByteAbgrXorBlit 100426a0 f   FourByteAbgr.obj
 0001:000417a0       _FourByteAbgrSrcMaskFill   100427a0 f   FourByteAbgr.obj
 0001:00041a20       _FourByteAbgrSrcOverMaskFill 10042a20 f   FourByteAbgr.obj
 0001:00041d20       _FourByteAbgrAlphaMaskFill 10042d20 f   FourByteAbgr.obj
 0001:00042030       _IntArgbToFourByteAbgrSrcOverMaskBlit 10043030 f   FourByteAbgr.obj
 0001:00042380       _IntArgbToFourByteAbgrAlphaMaskBlit 10043380 f   FourByteAbgr.obj
 0001:000426d0       _IntArgbPreToFourByteAbgrSrcOverMaskBlit 100436d0 f   FourByteAbgr.obj
 0001:00042a80       _IntArgbPreToFourByteAbgrAlphaMaskBlit 10043a80 f   FourByteAbgr.obj
 0001:00042dd0       _IntRgbToFourByteAbgrAlphaMaskBlit 10043dd0 f   FourByteAbgr.obj
 0001:00043110       _FourByteAbgrDrawGlyphListAA 10044110 f   FourByteAbgr.obj
 0001:000433a0       _FourByteAbgrDrawGlyphListLCD 100443a0 f   FourByteAbgr.obj
 0001:00043710       _FourByteAbgrNrstNbrTransformHelper 10044710 f   FourByteAbgr.obj
 0001:00043800       _FourByteAbgrBilinearTransformHelper 10044800 f   FourByteAbgr.obj
 0001:00043ac0       _FourByteAbgrBicubicTransformHelper 10044ac0 f   FourByteAbgr.obj
 0001:00044370       _RegisterFourByteAbgrPre   10045370 f   FourByteAbgrPre.obj
 0001:00044390       _PixelForFourByteAbgrPre   10045390 f   FourByteAbgrPre.obj
 0001:00044400       _FourByteAbgrPreToIntArgbConvert 10045400 f   FourByteAbgrPre.obj
 0001:000444b0       _IntArgbToFourByteAbgrPreConvert 100454b0 f   FourByteAbgrPre.obj
 0001:00044580       _IntRgbToFourByteAbgrConvert 10045580 f   FourByteAbgr.obj
 0001:00044580       _IntRgbToFourByteAbgrPreConvert 10045580 f   FourByteAbgrPre.obj
 0001:000445e0       _ThreeByteBgrToFourByteAbgrPreConvert 100455e0 f   FourByteAbgrPre.obj
 0001:000445e0       _ThreeByteBgrToFourByteAbgrConvert 100455e0 f   FourByteAbgr.obj
 0001:00044650       _ByteGrayToFourByteAbgrPreConvert 10045650 f   FourByteAbgrPre.obj
 0001:00044650       _ByteGrayToFourByteAbgrConvert 10045650 f   FourByteAbgr.obj
 0001:000446b0       _ByteIndexedToFourByteAbgrPreConvert 100456b0 f   FourByteAbgrPre.obj
 0001:00044790       _FourByteAbgrPreToIntArgbScaleConvert 10045790 f   FourByteAbgrPre.obj
 0001:00044880       _IntArgbToFourByteAbgrPreScaleConvert 10045880 f   FourByteAbgrPre.obj
 0001:00044970       _IntRgbToFourByteAbgrScaleConvert 10045970 f   FourByteAbgr.obj
 0001:00044970       _IntRgbToFourByteAbgrPreScaleConvert 10045970 f   FourByteAbgrPre.obj
 0001:00044a00       _ThreeByteBgrToFourByteAbgrScaleConvert 10045a00 f   FourByteAbgr.obj
 0001:00044a00       _ThreeByteBgrToFourByteAbgrPreScaleConvert 10045a00 f   FourByteAbgrPre.obj
 0001:00044aa0       _ByteIndexedToFourByteAbgrPreScaleConvert 10045aa0 f   FourByteAbgrPre.obj
 0001:00044ba0       _ByteIndexedBmToFourByteAbgrPreXparOver 10045ba0 f   FourByteAbgrPre.obj
 0001:00044c80       _ByteIndexedBmToFourByteAbgrPreScaleXparOver 10045c80 f   FourByteAbgrPre.obj
 0001:00044d90       _IntArgbBmToFourByteAbgrScaleXparOver 10045d90 f   FourByteAbgr.obj
 0001:00044d90       _IntArgbBmToFourByteAbgrPreScaleXparOver 10045d90 f   FourByteAbgrPre.obj
 0001:00044e20       _ByteIndexedBmToFourByteAbgrPreXparBgCopy 10045e20 f   FourByteAbgrPre.obj
 0001:00044f50       _IntArgbToFourByteAbgrPreXorBlit 10045f50 f   FourByteAbgrPre.obj
 0001:000450e0       _FourByteAbgrPreSrcMaskFill 100460e0 f   FourByteAbgrPre.obj
 0001:000452e0       _FourByteAbgrPreSrcOverMaskFill 100462e0 f   FourByteAbgrPre.obj
 0001:00045570       _FourByteAbgrPreAlphaMaskFill 10046570 f   FourByteAbgrPre.obj
 0001:00045850       _IntArgbToFourByteAbgrPreSrcOverMaskBlit 10046850 f   FourByteAbgrPre.obj
 0001:00045b10       _IntArgbToFourByteAbgrPreAlphaMaskBlit 10046b10 f   FourByteAbgrPre.obj
 0001:00045e50       _IntArgbPreToFourByteAbgrPreSrcOverMaskBlit 10046e50 f   FourByteAbgrPre.obj
 0001:00046170       _IntArgbPreToFourByteAbgrPreAlphaMaskBlit 10047170 f   FourByteAbgrPre.obj
 0001:00046490       _IntRgbToFourByteAbgrPreAlphaMaskBlit 10047490 f   FourByteAbgrPre.obj
 0001:000467b0       _FourByteAbgrPreDrawGlyphListAA 100477b0 f   FourByteAbgrPre.obj
 0001:00046a60       _FourByteAbgrPreDrawGlyphListLCD 10047a60 f   FourByteAbgrPre.obj
 0001:00046e60       _FourByteAbgrPreNrstNbrTransformHelper 10047e60 f   FourByteAbgrPre.obj
 0001:00046f10       _FourByteAbgrPreBilinearTransformHelper 10047f10 f   FourByteAbgrPre.obj
 0001:000470b0       _FourByteAbgrPreBicubicTransformHelper 100480b0 f   FourByteAbgrPre.obj
 0001:000474a0       _Java_sun_java2d_pipe_BufferedMaskBlit_enqueueTile@76 100484a0 f   BufferedMaskBlit.obj
 0001:00047a8c       _Java_sun_java2d_pipe_BufferedRenderPipe_fillSpans@48 10048a8c f   BufferedRenderPipe.obj
 0001:00047c20       _Java_sun_java2d_pipe_ShapeSpanIterator_initIDs@8 10048c20 f   ShapeSpanIterator.obj
 0001:00047c50       _Java_sun_java2d_pipe_ShapeSpanIterator_setOutputAreaXYXY@24 10048c50 f   ShapeSpanIterator.obj
 0001:00047cc0       _Java_sun_java2d_pipe_ShapeSpanIterator_setRule@12 10048cc0 f   ShapeSpanIterator.obj
 0001:00047d20       _Java_sun_java2d_pipe_ShapeSpanIterator_getNativeIterator@8 10048d20 f   ShapeSpanIterator.obj
 0001:00047d30       _Java_sun_java2d_pipe_ShapeSpanIterator_dispose@8 10048d30 f   ShapeSpanIterator.obj
 0001:00047da0       _Java_sun_java2d_pipe_ShapeSpanIterator_getNativeConsumer@8 10048da0 f   ShapeSpanIterator.obj
 0001:00048c10       _Java_sun_java2d_pipe_ShapeSpanIterator_addSegment@16 10049c10 f   ShapeSpanIterator.obj
 0001:00049490       _Java_sun_java2d_pipe_ShapeSpanIterator_getPathBox@12 1004a490 f   ShapeSpanIterator.obj
 0001:00049540       _Java_sun_java2d_pipe_ShapeSpanIterator_intersectClipBox@24 1004a540 f   ShapeSpanIterator.obj
 0001:000495c0       _Java_sun_java2d_pipe_ShapeSpanIterator_appendPoly@28 1004a5c0 f   ShapeSpanIterator.obj
 0001:00049a50       _Java_sun_java2d_pipe_ShapeSpanIterator_moveTo@16 1004aa50 f   ShapeSpanIterator.obj
 0001:00049c20       _Java_sun_java2d_pipe_ShapeSpanIterator_lineTo@16 1004ac20 f   ShapeSpanIterator.obj
 0001:00049dc0       _Java_sun_java2d_pipe_ShapeSpanIterator_quadTo@24 1004adc0 f   ShapeSpanIterator.obj
 0001:0004a010       _Java_sun_java2d_pipe_ShapeSpanIterator_curveTo@32 1004b010 f   ShapeSpanIterator.obj
 0001:0004a2e0       _Java_sun_java2d_pipe_ShapeSpanIterator_closePath@8 1004b2e0 f   ShapeSpanIterator.obj
 0001:0004a3a0       _Java_sun_java2d_pipe_ShapeSpanIterator_pathDone@8 1004b3a0 f   ShapeSpanIterator.obj
 0001:0004b190       _Java_sun_java2d_pipe_ShapeSpanIterator_setNormalize@12 1004c190 f   ShapeSpanIterator.obj
 0001:0004b1b0       _Java_sun_java2d_pipe_ShapeSpanIterator_nextSpan@12 1004c1b0 f   ShapeSpanIterator.obj
 0001:0004b270       _Java_sun_java2d_pipe_ShapeSpanIterator_skipDownTo@12 1004c270 f   ShapeSpanIterator.obj
 0001:0004b2f0       _Java_sun_java2d_pipe_SpanClipRenderer_initIDs@16 1004c2f0 f   SpanClipRenderer.obj
 0001:0004b3e7       _Java_sun_java2d_pipe_SpanClipRenderer_eraseTile@28 1004c3e7 f   SpanClipRenderer.obj
 0001:0004b76d       _Java_sun_java2d_pipe_SpanClipRenderer_fillTile@28 1004c76d f   SpanClipRenderer.obj
 0001:0004b855       _Java_sun_java2d_SurfaceData_initIDs@8 1004c855 f   SurfaceData.obj
 0001:0004b90b       _Java_sun_java2d_SurfaceData_isOpaqueGray@12 1004c90b f   SurfaceData.obj
 0001:0004b930       _SurfaceData_ThrowInvalidPipeException@8 1004c930 f   SurfaceData.obj
 0001:0004b947       _SurfaceData_IntersectBounds@8 1004c947 f   SurfaceData.obj
 0001:0004b97b       _SurfaceData_IntersectBoundsXYXY@20 1004c97b f   SurfaceData.obj
 0001:0004b9af       _SurfaceData_IntersectBoundsXYWH@20 1004c9af f   SurfaceData.obj
 0001:0004ba09       _SurfaceData_IntersectBlitBounds@16 1004ca09 f   SurfaceData.obj
 0001:0004ba82       _SurfaceData_DisposeOps    1004ca82 f   SurfaceData.obj
 0001:0004bb45       _SurfaceData_GetOps@8      1004cb45 f   SurfaceData.obj
 0001:0004bb5c       _SurfaceData_GetOpsNoSetup@8 1004cb5c f   SurfaceData.obj
 0001:0004bb73       _SurfaceData_SetOps@12     1004cb73 f   SurfaceData.obj
 0001:0004bbd2       _SurfaceData_InitOps       1004cbd2 f   SurfaceData.obj
 0001:0004bc17       _Java_sun_java2d_pipe_Region_initIDs@8 1004cc17 f   Region.obj
 0001:0004bcc3       _Region_GetInfo@12         1004ccc3 f   Region.obj
 0001:0004bd71       _Region_GetBounds@12       1004cd71 f   Region.obj
 0001:0004bdec       _Region_StartIteration@8   1004cdec f   Region.obj
 0001:0004be1c       _Region_CountIterationRects@4 1004ce1c f   Region.obj
 0001:0004beb2       _Region_NextIteration@8    1004ceb2 f   Region.obj
 0001:0004bfa2       _Region_EndIteration@8     1004cfa2 f   Region.obj
 0001:0004bfc4       _RegionToYXBandedRectangles@32 1004cfc4 f   Region.obj
 0001:0004c0c4       _DBN_GetPixelPointer       1004d0c4 f   DataBufferNative.obj
 0001:0004c14c       _Java_sun_awt_image_DataBufferNative_getElem@20 1004d14c f   DataBufferNative.obj
 0001:0004c1fd       _Java_sun_awt_image_DataBufferNative_setElem@24 1004d1fd f   DataBufferNative.obj
 0001:0004c2a0       _Java_sun_awt_image_BufImgSurfaceData_initIDs@16 1004d2a0 f   BufImgSurfaceData.obj
 0001:0004c395       _Java_sun_awt_image_BufImgSurfaceData_freeNativeICMData@16 1004d395 f   BufImgSurfaceData.obj
 0001:0004c65f       _Java_sun_awt_image_BufImgSurfaceData_initRaster@40 1004d65f f   BufImgSurfaceData.obj
 0001:0004c73e       _Java_sun_java2d_Disposer_initIDs@8 1004d73e f   Disposer.obj
 0001:0004c781       _Disposer_AddRecord@20     1004d781 f   Disposer.obj
 0001:0004c7c8       _Java_sun_java2d_DefaultDisposerRecord_invokeNativeDispose@24 1004d7c8 f   Disposer.obj
 0001:0004c7ee       _J2dTraceInit@0            1004d7ee f   Trace.obj
 0001:0004c881       _J2dTraceImpl              1004d881 f   Trace.obj
 0001:0004c923       _make_uns_ordered_dither_array 1004d923 f   img_globals.obj
 0001:0004c9aa       _make_sgn_ordered_dither_array 1004d9aa f   img_globals.obj
 0001:0004ca3b       _Java_sun_awt_image_GifImageDecoder_initIDs@8 1004da3b f   gifdecoder.obj
 0001:0004cac6       _Java_sun_awt_image_GifImageDecoder_parseImage@44 1004dac6 f   gifdecoder.obj
 0001:0004d460       _awt_parseRaster           1004e460 f   awt_parseImage.obj
 0001:0004daf0       _awt_parseColorModel       1004eaf0 f   awt_parseImage.obj
 0001:0004def0       _awt_freeParsedRaster      1004eef0 f   awt_parseImage.obj
 0001:0004df20       _awt_freeParsedImage       1004ef20 f   awt_parseImage.obj
 0001:0004e4b0       _awt_getPixelByte          1004f4b0 f   awt_parseImage.obj
 0001:0004e760       _awt_setPixelByte          1004f760 f   awt_parseImage.obj
 0001:0004ea00       _awt_getPixelShort         1004fa00 f   awt_parseImage.obj
 0001:0004ecd0       _awt_setPixelShort         1004fcd0 f   awt_parseImage.obj
 0001:0004ef70       _awt_parseImage            1004ff70 f   awt_parseImage.obj
 0001:0004f0b1       _Java_sun_awt_image_ImageRepresentation_initIDs@8 100500b1 f   awt_ImageRep.obj
 0001:0004f0f1       _Java_sun_awt_image_ImageRepresentation_setICMpixels@44 100500f1 f   awt_ImageRep.obj
 0001:0004f3e8       _Java_sun_awt_image_ImageRepresentation_setDiffICM@60 100503e8 f   awt_ImageRep.obj
 0001:0004f6c0       _Java_sun_awt_image_ImagingLib_init@8 100506c0 f   awt_ImagingLib.obj
 0001:00052c40       _Java_sun_awt_image_ImagingLib_convolveRaster@24 10053c40 f   awt_ImagingLib.obj
 0001:00053510       _Java_sun_awt_image_ImagingLib_transformRaster@24 10054510 f   awt_ImagingLib.obj
 0001:000539d0       _Java_sun_awt_image_ImagingLib_lookupByteRaster@20 100549d0 f   awt_ImagingLib.obj
 0001:00054240       _Java_sun_awt_image_ImagingLib_convolveBI@24 10055240 f   awt_ImagingLib.obj
 0001:00054a40       _Java_sun_awt_image_ImagingLib_transformBI@24 10055a40 f   awt_ImagingLib.obj
 0001:00054f30       _Java_sun_awt_image_ImagingLib_lookupByteBI@20 10055f30 f   awt_ImagingLib.obj
 0001:000555de       _initInverseGrayLut        100565de f   dither.obj
 0001:000556a0       _freeICMColorData          100566a0 f   dither.obj
 0001:00055925       _initCubemap               10056925 f   dither.obj
 0001:00055adb       _make_dither_arrays        10056adb f   dither.obj
 0001:00055b9c       _initDitherTables          10056b9c f   dither.obj
 0001:00055bd5       _Java_java_awt_image_BufferedImage_initIDs@8 10056bd5 f   imageInitIDs.obj
 0001:00055c8e       _Java_java_awt_image_Raster_initIDs@8 10056c8e f   imageInitIDs.obj
 0001:00055e0d       _Java_sun_awt_image_ByteComponentRaster_initIDs@8 10056e0d f   imageInitIDs.obj
 0001:00055eda       _Java_sun_awt_image_BytePackedRaster_initIDs@8 10056eda f   imageInitIDs.obj
 0001:00055f8a       _Java_sun_awt_image_ShortComponentRaster_initIDs@8 10056f8a f   imageInitIDs.obj
 0001:0005605f       _Java_sun_awt_image_IntegerComponentRaster_initIDs@8 1005705f f   imageInitIDs.obj
 0001:0005615a       _Java_java_awt_image_SinglePixelPackedSampleModel_initIDs@8 1005715a f   imageInitIDs.obj
 0001:000561f1       _Java_java_awt_image_ColorModel_initIDs@8 100571f1 f   imageInitIDs.obj
 0001:00056370       _Java_java_awt_image_IndexColorModel_initIDs@8 10057370 f   imageInitIDs.obj
 0001:000563ed       _Java_java_awt_image_SampleModel_initIDs@8 100573ed f   imageInitIDs.obj
 0001:00056488       _Java_java_awt_image_ComponentSampleModel_initIDs@8 10057488 f   imageInitIDs.obj
 0001:00056505       _Java_java_awt_image_Kernel_initIDs@8 10057505 f   imageInitIDs.obj
 0001:00056582       _Java_java_awt_image_DataBufferInt_initIDs@8 10057582 f   imageInitIDs.obj
 0001:000565b6       _Java_sun_awt_DebugSettings_setCTracingOn__Z@12 100575b6 f   debug_trace.obj
 0001:000565b6       ?GetData@CSegTable@@MAEXKPAXK@Z 100575b6 f   awt_Font.obj
 0001:000565b9       _Java_sun_awt_DebugSettings_setCTracingOn__ZLjava_lang_String_2@16 100575b9 f   debug_trace.obj
 0001:000565bc       _Java_sun_awt_DebugSettings_setCTracingOn__ZLjava_lang_String_2I@20 100575bc f   debug_trace.obj
 0001:00057050       _OGLBlitLoops_IsoBlit      10058050 f   OGLBlitLoops.obj
 0001:00057390       _OGLBlitLoops_Blit         10058390 f   OGLBlitLoops.obj
 0001:000577e0       _OGLBlitLoops_SurfaceToSwBlit 100587e0 f   OGLBlitLoops.obj
 0001:00057ae0       _OGLBlitLoops_CopyArea     10058ae0 f   OGLBlitLoops.obj
 0001:00057d10       _OGLBufImgOps_EnableConvolveOp 10058d10 f   OGLBufImgOps.obj
 0001:000580e0       _OGLBufImgOps_EnableRescaleOp 100590e0 f   OGLBufImgOps.obj
 0001:000581e0       _OGLBufImgOps_DisableRescaleOp 100591e0 f   OGLBufImgOps.obj
 0001:000581e0       _OGLBufImgOps_DisableConvolveOp 100591e0 f   OGLBufImgOps.obj
 0001:000582f0       _OGLBufImgOps_EnableLookupOp 100592f0 f   OGLBufImgOps.obj
 0001:000584d0       _OGLBufImgOps_DisableLookupOp 100594d0 f   OGLBufImgOps.obj
 0001:00058630       _OGLContext_SetSurfaces    10059630 f   OGLContext.obj
 0001:00058700       _OGLContext_ResetClip      10059700 f   OGLContext.obj
 0001:00058730       _OGLContext_SetRectClip    10059730 f   OGLContext.obj
 0001:000587b0       _OGLContext_BeginShapeClip 100597b0 f   OGLContext.obj
 0001:00058840       _OGLContext_EndShapeClip   10059840 f   OGLContext.obj
 0001:00058890       _OGLContext_SetExtraAlpha  10059890 f   OGLContext.obj
 0001:000588e0       _OGLContext_ResetComposite 100598e0 f   OGLContext.obj
 0001:00058940       _OGLContext_SetAlphaComposite 10059940 f   OGLContext.obj
 0001:000589f0       _OGLContext_SetXorComposite 100599f0 f   OGLContext.obj
 0001:00058a60       _OGLContext_ResetTransform 10059a60 f   OGLContext.obj
 0001:00058a90       _OGLContext_SetTransform   10059a90 f   OGLContext.obj
 0001:00058b30       _OGLContext_CreateBlitTexture 10059b30 f   OGLContext.obj
 0001:00058ca0       _OGLContext_InitBlitTileTexture 10059ca0 f   OGLContext.obj
 0001:00058cd0       _OGLContext_DestroyContextResources 10059cd0 f   OGLContext.obj
 0001:00058d00       _OGLContext_IsExtensionAvailable 10059d00 f   OGLContext.obj
 0001:00058f70       _OGLContext_GetExtensionInfo 10059f70 f   OGLContext.obj
 0001:000591c0       _OGLContext_IsVersionSupported 1005a1c0 f   OGLContext.obj
 0001:00059200       _OGLContext_CreateFragmentProgram 1005a200 f   OGLContext.obj
 0001:000593b0       _Java_sun_java2d_opengl_OGLContext_getOGLIdString@8 1005a3b0 f   OGLContext.obj
 0001:0005946e       _OGLFuncs_OpenLibrary      1005a46e f   OGLFuncs.obj
 0001:000594a9       _OGLFuncs_CloseLibrary     1005a4a9 f   OGLFuncs.obj
 0001:000594e7       _OGLFuncs_InitPlatformFuncs 1005a4e7 f   OGLFuncs.obj
 0001:000595d4       _OGLFuncs_InitBaseFuncs    1005a5d4 f   OGLFuncs.obj
 0001:00059e59       _OGLFuncs_InitExtFuncs     1005ae59 f   OGLFuncs.obj
 0001:0005a180       _OGLMaskBlit_MaskBlit      1005b180 f   OGLMaskBlit.obj
 0001:0005a310       _OGLMaskFill_MaskFill      1005b310 f   OGLMaskFill.obj
 0001:0005a410       _Java_sun_java2d_opengl_OGLMaskFill_maskFill@40 1005b410 f   OGLMaskFill.obj
 0001:0005a4a0       _OGLPaints_ResetPaint      1005b4a0 f   OGLPaints.obj
 0001:0005a5e0       _OGLPaints_SetColor        1005b5e0 f   OGLPaints.obj
 0001:0005a710       _OGLPaints_SetGradientPaint 1005b710 f   OGLPaints.obj
 0001:0005a880       _OGLPaints_SetTexturePaint 1005b880 f   OGLPaints.obj
 0001:0005ae70       _OGLPaints_SetLinearGradientPaint 1005be70 f   OGLPaints.obj
 0001:0005afa0       _OGLPaints_SetRadialGradientPaint 1005bfa0 f   OGLPaints.obj
 0001:0005b130       _OGLRenderQueue_GetCurrentContext 1005c130 f   OGLRenderQueue.obj
 0001:0005b140       _OGLRenderQueue_GetCurrentDestination 1005c140 f   OGLRenderQueue.obj
 0001:0005b150       _OGLRenderQueue_CheckPreviousOp 1005c150 f   OGLRenderQueue.obj
 0001:0005b280       _Java_sun_java2d_opengl_OGLRenderQueue_flushBuffer@20 1005c280 f   OGLRenderQueue.obj
 0001:0005c040       _OGLRenderer_DrawLine      1005d040 f   OGLRenderer.obj
 0001:0005c250       _OGLRenderer_DrawRect      1005d250 f   OGLRenderer.obj
 0001:0005c3f0       _OGLRenderer_DrawPoly      1005d3f0 f   OGLRenderer.obj
 0001:0005c590       _Java_sun_java2d_opengl_OGLRenderer_drawPoly@32 1005d590 f   OGLRenderer.obj
 0001:0005c630       _OGLRenderer_DrawScanlines 1005d630 f   OGLRenderer.obj
 0001:0005c6c0       _OGLRenderer_FillRect      1005d6c0 f   OGLRenderer.obj
 0001:0005c720       _OGLRenderer_FillSpans     1005d720 f   OGLRenderer.obj
 0001:0005c790       _OGLRenderer_FillParallelogram 1005d790 f   OGLRenderer.obj
 0001:0005c860       _OGLRenderer_DrawParallelogram 1005d860 f   OGLRenderer.obj
 0001:0005ccf0       _OGLRenderer_FillAAParallelogram 1005dcf0 f   OGLRenderer.obj
 0001:0005d0c0       _OGLRenderer_FillAAParallelogramInnerOuter 1005e0c0 f   OGLRenderer.obj
 0001:0005d670       _OGLRenderer_DrawAAParallelogram 1005e670 f   OGLRenderer.obj
 0001:0005d850       _OGLRenderer_EnableAAParallelogramProgram 1005e850 f   OGLRenderer.obj
 0001:0005d890       _OGLRenderer_DisableAAParallelogramProgram 1005e890 f   OGLRenderer.obj
 0001:0005d899       _OGLSD_NextPowerOfTwo      1005e899 f   OGLSurfaceData.obj
 0001:0005dad0       _OGLSD_InitFBObject        1005ead0 f   OGLSurfaceData.obj
 0001:0005dc06       _Java_sun_java2d_opengl_OGLSurfaceData_getTextureTarget@16 1005ec06 f   OGLSurfaceData.obj
 0001:0005dc29       _Java_sun_java2d_opengl_OGLSurfaceData_getTextureID@16 1005ec29 f   OGLSurfaceData.obj
 0001:0005dc4c       _OGLSD_SetNativeDimensions 1005ec4c f   OGLSurfaceData.obj
 0001:0005dc9f       _OGLSD_Flush               1005ec9f f   OGLSurfaceData.obj
 0001:0005dd11       _OGLSD_Dispose             1005ed11 f   OGLSurfaceData.obj
 0001:0005dd41       _OGLSD_Lock                1005ed41 f   OGLSurfaceData.obj
 0001:0005dd53       _OGLSD_GetRasInfo          1005ed53 f   OGLSurfaceData.obj
 0001:0005dd62       _OGLSD_Unlock              1005ed62 f   OGLSurfaceData.obj
 0001:0005dd71       _Java_sun_java2d_opengl_OGLSurfaceData_initTexture@36 1005ed71 f   OGLSurfaceData.obj
 0001:0005ddf5       _Java_sun_java2d_opengl_OGLSurfaceData_initFBObject@36 1005edf5 f   OGLSurfaceData.obj
 0001:0005deb1       _Java_sun_java2d_opengl_OGLSurfaceData_initFlipBackbuffer@16 1005eeb1 f   OGLSurfaceData.obj
 0001:0005e5e0       _OGLTR_EnableGlyphVertexCache 1005f5e0 f   OGLTextRenderer.obj
 0001:0005e650       _OGLTR_DisableGlyphVertexCache 1005f650 f   OGLTextRenderer.obj
 0001:0005f140       _OGLTR_DrawGlyphList       10060140 f   OGLTextRenderer.obj
 0001:0005f430       _Java_sun_java2d_opengl_OGLTextRenderer_drawGlyphList@44 10060430 f   OGLTextRenderer.obj
 0001:0005f730       _OGLVertexCache_InitVertexCache 10060730 f   OGLVertexCache.obj
 0001:0005f7c0       _OGLVertexCache_FlushVertexCache 100607c0 f   OGLVertexCache.obj
 0001:0005f7e0       _OGLVertexCache_RestoreColorState 100607e0 f   OGLVertexCache.obj
 0001:0005f8b0       _OGLVertexCache_EnableMaskCache 100608b0 f   OGLVertexCache.obj
 0001:0005f920       _OGLVertexCache_DisableMaskCache 10060920 f   OGLVertexCache.obj
 0001:0005f9a0       _OGLVertexCache_AddMaskQuad 100609a0 f   OGLVertexCache.obj
 0001:0005fc00       _OGLVertexCache_AddGlyphQuad 10060c00 f   OGLVertexCache.obj
 0001:0005fd20       _Java_sun_java2d_opengl_WGLGraphicsConfig_initWGL@8 10060d20 f   WGLGraphicsConfig.obj
 0001:0005fde0       _OGLGC_DestroyOGLGraphicsConfig 10060de0 f   WGLGraphicsConfig.obj
 0001:0005fe20       _WGLGC_CreateScratchWindow 10060e20 f   WGLGraphicsConfig.obj
 0001:000603e0       _Java_sun_java2d_opengl_WGLGraphicsConfig_getWGLConfigInfo@16 100613e0 f   WGLGraphicsConfig.obj
 0001:000607d0       _Java_sun_java2d_opengl_WGLGraphicsConfig_getDefaultPixFmt@12 100617d0 f   WGLGraphicsConfig.obj
 0001:000607e0       _Java_sun_java2d_opengl_WGLGraphicsConfig_getOGLCapabilities@16 100617e0 f   WGLGraphicsConfig.obj
 0001:00060800       _Java_sun_java2d_opengl_WGLSurfaceData_initOps@28 10061800 f   WGLSurfaceData.obj
 0001:00060920       _OGLSD_DestroyOGLSurface   10061920 f   WGLSurfaceData.obj
 0001:000609b0       _OGLSD_GetNativeConfigInfo 100619b0 f   WGLSurfaceData.obj
 0001:000609f0       _OGLSD_SetScratchSurface   100619f0 f   WGLSurfaceData.obj
 0001:00060a70       _OGLSD_MakeOGLContextCurrent 10061a70 f   WGLSurfaceData.obj
 0001:00060b90       _OGLSD_InitOGLWindow       10061b90 f   WGLSurfaceData.obj
 0001:00060d30       _Java_sun_java2d_opengl_WGLSurfaceData_initPbuffer@36 10061d30 f   WGLSurfaceData.obj
 0001:00060fb0       _OGLSD_SwapBuffers         10061fb0 f   WGLSurfaceData.obj
 0001:00061050       _Java_sun_java2d_opengl_WGLSurfaceData_updateWindowAccelImpl@28 10062050 f   WGLSurfaceData.obj
 0001:000611f5       _AccelGlyphCache_Init      100621f5 f   AccelGlyphCache.obj
 0001:00061244       _AccelGlyphCache_AddCellInfo 10062244 f   AccelGlyphCache.obj
 0001:0006125d       _AccelGlyphCache_RemoveCellInfo 1006225d f   AccelGlyphCache.obj
 0001:00061291       _AccelGlyphCache_RemoveAllCellInfos 10062291 f   AccelGlyphCache.obj
 0001:000612b4       _AccelGlyphCache_GetCellInfoForCache 100622b4 f   AccelGlyphCache.obj
 0001:000612cd       _AccelGlyphCache_AddGlyph  100622cd f   AccelGlyphCache.obj
 0001:00061437       _AccelGlyphCache_Invalidate 10062437 f   AccelGlyphCache.obj
 0001:00061466       _AccelGlyphCache_Free      10062466 f   AccelGlyphCache.obj
 0001:000614ad       _BitmapToYXBandedRectangles 100624ad f   rect.obj
 0001:000615d0       _MapAccelFunction          100625d0 f   MapAccelFunc.obj
 0001:000615d5       ??0CriticalSection@@QAE@XZ 100625d5 f i CmdIDList.obj
 0001:000615ec       ??1CriticalSection@@QAE@XZ 100625ec f i CmdIDList.obj
 0001:000615fd       ??1Lock@CriticalSection@@QAE@XZ 100625fd f i CmdIDList.obj
 0001:00061604       ?Enter@CriticalSection@@UAEXXZ 10062604 f i CmdIDList.obj
 0001:0006160f       ?TryEnter@CriticalSection@@UAEHXZ 1006260f f i CmdIDList.obj
 0001:0006161a       ?Leave@CriticalSection@@UAEXXZ 1006261a f i CmdIDList.obj
 0001:00061625       ??1AwtCmdIDList@@QAE@XZ    10062625 f   CmdIDList.obj
 0001:00061644       ?BuildFreeList@AwtCmdIDList@@AAEXI@Z 10062644 f i CmdIDList.obj
 0001:0006167a       ?Add@AwtCmdIDList@@QAEIPAVAwtObject@@@Z 1006267a f   CmdIDList.obj
 0001:000616ff       ?Lookup@AwtCmdIDList@@QAEPAVAwtObject@@I@Z 100626ff f   CmdIDList.obj
 0001:0006173c       ?Remove@AwtCmdIDList@@QAEXI@Z 1006273c f   CmdIDList.obj
 0001:0006175e       ??0AwtCmdIDList@@QAE@XZ    1006275e f   CmdIDList.obj
 0001:000617a2       ??0Hashtable@@QAE@PBDP6AXPAX@ZHM@Z 100627a2 f   Hashtable.obj
 0001:00061800       ?get@Hashtable@@QAEPAXPAX@Z 10062800 f   Hashtable.obj
 0001:00061857       ?rehash@Hashtable@@IAEXXZ  10062857 f   Hashtable.obj
 0001:000618e0       ?put@Hashtable@@UAEPAXPAX0@Z 100628e0 f   Hashtable.obj
 0001:00061988       ?remove@Hashtable@@QAEPAXPAX@Z 10062988 f   Hashtable.obj
 0001:00061a09       ?clear@Hashtable@@QAEXXZ   10062a09 f   Hashtable.obj
 0001:00061a77       ??1Hashtable@@UAE@XZ       10062a77 f   Hashtable.obj
 0001:00061ab8       ??_GHashtable@@UAEPAXI@Z   10062ab8 f i Hashtable.obj
 0001:00061ab8       ??_EHashtable@@UAEPAXI@Z   10062ab8 f i Hashtable.obj
 0001:00061ad4       ?put@GDIHashtable@@UAEPAXPAX0@Z 10062ad4 f   GDIHashtable.obj
 0001:00061adf       ?release@GDIHashtable@@QAEXPAX@Z 10062adf f   GDIHashtable.obj
 0001:00061afd       ?flush@GDIHashtable@@QAEXXZ 10062afd f   GDIHashtable.obj
 0001:00061b91       ?flushAll@List@GDIHashtable@@QAEXXZ 10062b91 f   GDIHashtable.obj
 0001:00061bd2       ?add@List@GDIHashtable@@QAEXPAV2@@Z 10062bd2 f   GDIHashtable.obj
 0001:00061c17       ?remove@List@GDIHashtable@@QAEXPAV2@@Z 10062c17 f   GDIHashtable.obj
 0001:00061c78       ?clear@List@GDIHashtable@@AAEXXZ 10062c78 f   GDIHashtable.obj
 0001:00061cc0       ??1List@GDIHashtable@@QAE@XZ 10062cc0 f i GDIHashtable.obj
 0001:00061cf1       ??1BatchDestructionManager@GDIHashtable@@QAE@XZ 10062cf1 f i GDIHashtable.obj
 0001:00061d0e       ??0BatchDestructionManager@GDIHashtable@@QAE@III@Z 10062d0e f   GDIHashtable.obj
 0001:00061d4a       ??1D3DVertexCacher@@QAE@XZ 10062d4a f i Devices.obj
 0001:00061d4f       ?GetColor@D3DVertexCacher@@QAEJXZ 10062d4f f i Devices.obj
 0001:00061d56       ?SetColor@D3DVertexCacher@@QAEXJ@Z 10062d56 f i Devices.obj
 0001:00061d63       ?GetFreeVertices@D3DVertexCacher@@QAEIXZ 10062d63 f i Devices.obj
 0001:00061d6c       ??4D3DVertexCacher@@QAEAAV0@ABV0@@Z 10062d6c f i Devices.obj
 0001:00061d90       ?GetGrayscaleGlyphCache@D3DContext@@QAEPAVD3DGlyphCache@@XZ 10062d90 f i Devices.obj
 0001:00061da0       ?GetLCDGlyphCache@D3DContext@@QAEPAVD3DGlyphCache@@XZ 10062da0 f i Devices.obj
 0001:00061db0       ?GetResourceManager@D3DContext@@QAEPAVD3DResourceManager@@XZ 10062db0 f i Devices.obj
 0001:00061dc0       ?GetMaskCache@D3DContext@@QAEPAVD3DMaskCache@@XZ 10062dc0 f i Devices.obj
 0001:00061dd0       ?GetDeviceCaps@D3DContext@@QAEPAU_D3DCAPS9@@XZ 10062dd0 f i Devices.obj
[...]
 0001:000b3c1e       __ehhandler$_Java_sun_awt_Win32GraphicsDevice_enterFullScreenExclusive@16 100b4c1e f   awt_Win32GraphicsDevice.obj
 0001:000b3c39       __ehhandler$_Java_sun_awt_Win32GraphicsDevice_exitFullScreenExclusive@16 100b4c39 f   awt_Win32GraphicsDevice.obj
 0001:000b3c54       __ehhandler$?CreateDisplayMode@@YAPAV_jobject@@PAUJNIEnv_@@JJJJ@Z 100b4c54 f   awt_Win32GraphicsDevice.obj
 0001:000b3c6f       __ehhandler$_Java_sun_awt_Win32GraphicsDevice_getCurrentDisplayMode@12 100b4c6f f   awt_Win32GraphicsDevice.obj
 0001:000b3c97       __ehhandler$_Java_sun_awt_Win32GraphicsDevice_configDisplayMode@32 100b4c97 f   awt_Win32GraphicsDevice.obj
 0001:000b3cbf       __ehhandler$?addDisplayMode@@YAXPAUJNIEnv_@@PAV_jobject@@JJJJ@Z 100b4cbf f   awt_Win32GraphicsDevice.obj
 0001:000b3cda       __ehhandler$_Java_sun_awt_Win32GraphicsDevice_enumDisplayModes@16 100b4cda f   awt_Win32GraphicsDevice.obj
 0001:000b3d02       __ehhandler$_Java_sun_awt_Win32GraphicsConfig_initIDs@8 100b4d02 f   awt_Win32GraphicsConfig.obj
 0001:000b3d1d       __ehhandler$_Java_sun_awt_windows_WDropTargetContextPeer_getData@24 100b4d1d f   awt_DnDDT.obj
 0001:000b3d38       __ehhandler$_Java_sun_awt_windows_WDropTargetContextPeer_dropDone@24 100b4d38 f   awt_DnDDT.obj
 0001:000b3d53       __ehhandler$_Java_sun_awt_windows_WDropTargetContextPeerFileStream_freeStgMedium@16 100b4d53 f   awt_DnDDT.obj
 0001:000b3d6e       __unwindfunclet$?DragEnter@AwtDropTarget@@UAGJPAUIDataObject@@KU_POINTL@@PAK@Z$5 100b4d6e f   awt_DnDDT.obj
 0001:000b3d76       __ehhandler$?DragEnter@AwtDropTarget@@UAGJPAUIDataObject@@KU_POINTL@@PAK@Z 100b4d76 f   awt_DnDDT.obj
 0001:000b3d9b       __unwindfunclet$?DragOver@AwtDropTarget@@UAGJKU_POINTL@@PAK@Z$5 100b4d9b f   awt_DnDDT.obj
 0001:000b3da3       __ehhandler$?DragOver@AwtDropTarget@@UAGJKU_POINTL@@PAK@Z 100b4da3 f   awt_DnDDT.obj
 0001:000b3dc8       __unwindfunclet$?DragLeave@AwtDropTarget@@UAGJXZ$5 100b4dc8 f   awt_DnDDT.obj
 0001:000b3dd0       __ehhandler$?DragLeave@AwtDropTarget@@UAGJXZ 100b4dd0 f   awt_DnDDT.obj
 0001:000b3deb       __unwindfunclet$?Drop@AwtDropTarget@@UAGJPAUIDataObject@@KU_POINTL@@PAK@Z$5 100b4deb f   awt_DnDDT.obj
 0001:000b3df3       __ehhandler$?Drop@AwtDropTarget@@UAGJPAUIDataObject@@KU_POINTL@@PAK@Z 100b4df3 f   awt_DnDDT.obj
 0001:000b3e18       __ehhandler$?RegisterTarget@AwtDropTarget@@UAEXG@Z 100b4e18 f   awt_DnDDT.obj
 0001:000b3e33       __unwindfunclet$?ConvertNativeData@AwtDropTarget@@MAEPAV_jobject@@PAUJNIEnv_@@_JPAUtagSTGMEDIUM@@@Z$10 100b4e33 f   awt_DnDDT.obj
 0001:000b3e3d       __ehhandler$?ConvertNativeData@AwtDropTarget@@MAEPAV_jobject@@PAUJNIEnv_@@_JPAUtagSTGMEDIUM@@@Z 100b4e3d f   awt_DnDDT.obj
 0001:000b3e58       __ehhandler$?GetData@AwtDropTarget@@MAEPAV_jobject@@_J@Z 100b4e58 f   awt_DnDDT.obj
 0001:000b3e73       __ehhandler$_Java_sun_awt_windows_WDropTargetContextPeerIStream_Available@16 100b4e73 f   awt_DnDDT.obj
 0001:000b3e8e       __ehhandler$_Java_sun_awt_windows_WDropTargetContextPeerIStream_Read@16 100b4e8e f   awt_DnDDT.obj
 0001:000b3ea9       __ehhandler$_Java_sun_awt_windows_WDropTargetContextPeerIStream_ReadBytes@28 100b4ea9 f   awt_DnDDT.obj
 0001:000b3ec4       __ehhandler$_Java_sun_awt_windows_WDropTargetContextPeerIStream_Close@16 100b4ec4 f   awt_DnDDT.obj
 0001:000b3edf       __unwindfunclet$?SaveIndexToFile@AwtDropTarget@@MAEJPBGI@Z$4 100b4edf f   awt_DnDDT.obj
 0001:000b3ee7       __unwindfunclet$?SaveIndexToFile@AwtDropTarget@@MAEJPBGI@Z$5 100b4ee7 f   awt_DnDDT.obj
 0001:000b3eef       __ehhandler$?SaveIndexToFile@AwtDropTarget@@MAEJPBGI@Z 100b4eef f   awt_DnDDT.obj
 0001:000b3f14       __unwindfunclet$??Y_bstr_t@@QAEAAV0@ABV0@@Z$0 100b4f14 f   awt_DnDDT.obj
 0001:000b3f14       __unwindfunclet$??0_bstr_t@@QAE@PBD@Z$0 100b4f14 f   awt_DnDDT.obj
 0001:000b3f14       __unwindfunclet$??0_bstr_t@@QAE@PBG@Z$0 100b4f14 f   awt_DnDDT.obj
 0001:000b3f14       __unwindfunclet$??4_bstr_t@@QAEAAV0@PBG@Z$0 100b4f14 f   awt_DnDDT.obj
 0001:000b3f14       __unwindfunclet$?CreateDropTarget@AwtComponent@@UAEPAVAwtDropTarget@@PAUJNIEnv_@@@Z$0 100b4f14 f   awt_DnDDT.obj
 0001:000b3f14       __unwindfunclet$?Create@AwtTrayIcon@@SAPAV1@PAV_jobject@@0@Z$0 100b4f14 f   awt_DnDDT.obj
 0001:000b3f1e       __ehhandler$??0_bstr_t@@QAE@PBD@Z 100b4f1e f   awt_DnDDT.obj
 0001:000b3f1e       __ehhandler$??4_bstr_t@@QAEAAV0@PBG@Z 100b4f1e f   awt_DnDDT.obj
 0001:000b3f1e       __ehhandler$??0_bstr_t@@QAE@PBG@Z 100b4f1e f   awt_DnDDT.obj
 0001:000b3f1e       __ehhandler$??Y_bstr_t@@QAEAAV0@ABV0@@Z 100b4f1e f   awt_DnDDT.obj
 0001:000b3f1e       __ehhandler$?CreateDropTarget@AwtComponent@@UAEPAVAwtDropTarget@@PAUJNIEnv_@@@Z 100b4f1e f   awt_DnDDT.obj
 0001:000b3f1e       __ehhandler$?Create@AwtTrayIcon@@SAPAV1@PAV_jobject@@0@Z 100b4f1e f   awt_DnDDT.obj
 0001:000b3f39       __unwindfunclet$?GetTempPathWithSlash@@YAJPAUJNIEnv_@@AAV_bstr_t@@@Z$3 100b4f39 f   awt_DnDDT.obj
 0001:000b3f41       __unwindfunclet$?GetTempPathWithSlash@@YAJPAUJNIEnv_@@AAV_bstr_t@@@Z$4 100b4f41 f   awt_DnDDT.obj
 0001:000b3f49       __unwindfunclet$?GetTempPathWithSlash@@YAJPAUJNIEnv_@@AAV_bstr_t@@@Z$5 100b4f49 f   awt_DnDDT.obj
 0001:000b3f51       __unwindfunclet$?GetTempPathWithSlash@@YAJPAUJNIEnv_@@AAV_bstr_t@@@Z$6 100b4f51 f   awt_DnDDT.obj
 0001:000b3f59       __ehhandler$?GetTempPathWithSlash@@YAJPAUJNIEnv_@@AAV_bstr_t@@@Z 100b4f59 f   awt_DnDDT.obj
 0001:000b3f81       __unwindfunclet$?ConvertMemoryMappedData@AwtDropTarget@@MAEPAV_jobject@@PAUJNIEnv_@@_JPAUtagSTGMEDIUM@@@Z$5 100b4f81 f   awt_DnDDT.obj
 0001:000b3f89       __unwindfunclet$?ConvertMemoryMappedData@AwtDropTarget@@MAEPAV_jobject@@PAUJNIEnv_@@_JPAUtagSTGMEDIUM@@@Z$6 100b4f89 f   awt_DnDDT.obj
 0001:000b3f91       __unwindfunclet$?ConvertMemoryMappedData@AwtDropTarget@@MAEPAV_jobject@@PAUJNIEnv_@@_JPAUtagSTGMEDIUM@@@Z$7 100b4f91 f   awt_DnDDT.obj
 0001:000b3f99       __unwindfunclet$?ConvertMemoryMappedData@AwtDropTarget@@MAEPAV_jobject@@PAUJNIEnv_@@_JPAUtagSTGMEDIUM@@@Z$8 100b4f99 f   awt_DnDDT.obj
 0001:000b3fa1       __unwindfunclet$?ConvertMemoryMappedData@AwtDropTarget@@MAEPAV_jobject@@PAUJNIEnv_@@_JPAUtagSTGMEDIUM@@@Z$9 100b4fa1 f   awt_DnDDT.obj
 0001:000b3fa9       __ehhandler$?ConvertMemoryMappedData@AwtDropTarget@@MAEPAV_jobject@@PAUJNIEnv_@@_JPAUtagSTGMEDIUM@@@Z 100b4fa9 f   awt_DnDDT.obj
 0001:000b3fce       __ehhandler$?QueryInterface@AwtDragSource@@UAGJABU_GUID@@PAPAX@Z 100b4fce f   awt_DnDDS.obj
 0001:000b3fe9       __ehhandler$?QueryInterface@ADSIEnumFormatEtc@AwtDragSource@@UAGJABU_GUID@@PAPAX@Z 100b4fe9 f   awt_DnDDS.obj
 0001:000b4004       __ehhandler$?Next@ADSIEnumFormatEtc@AwtDragSource@@UAGJKPAUtagFORMATETC@@PAK@Z 100b5004 f   awt_DnDDS.obj
 0001:000b401f       __ehhandler$?Skip@ADSIEnumFormatEtc@AwtDragSource@@UAGJK@Z 100b501f f   awt_DnDDS.obj
 0001:000b403a       __ehhandler$?QueryInterface@ADSIStreamProxy@AwtDragSource@@UAGJABU_GUID@@PAPAX@Z 100b503a f   awt_DnDDS.obj
 0001:000b4055       __ehhandler$?Read@ADSIStreamProxy@AwtDragSource@@UAGJPAXKPAK@Z 100b5055 f   awt_DnDDS.obj
 0001:000b4070       __ehhandler$?Write@ADSIStreamProxy@AwtDragSource@@UAGJPBXKPAK@Z 100b5070 f   awt_DnDDS.obj
 0001:000b408b       __ehhandler$?Seek@ADSIStreamProxy@AwtDragSource@@UAGJT_LARGE_INTEGER@@KPAT_ULARGE_INTEGER@@@Z 100b508b f   awt_DnDDS.obj
 0001:000b40a6       __ehhandler$?CopyTo@ADSIStreamProxy@AwtDragSource@@UAGJPAUIStream@@T_ULARGE_INTEGER@@PAT4@2@Z 100b50a6 f   awt_DnDDS.obj
 0001:000b40c1       __ehhandler$?Stat@ADSIStreamProxy@AwtDragSource@@UAGJPAUtagSTATSTG@@K@Z 100b50c1 f   awt_DnDDS.obj
 0001:000b40dc       __ehhandler$_Java_sun_awt_windows_WDragSourceContextPeer_setNativeCursor@24 100b50dc f   awt_DnDDS.obj
 0001:000b40f7       __unwindfunclet$?Create@PictureDragHelper@@SAJPAUJNIEnv_@@PAV_jintArray@@HHHHPAUIDataObject@@@Z$2 100b50f7 f   awt_DnDDS.obj
 0001:000b40ff       __ehhandler$?Create@PictureDragHelper@@SAJPAUJNIEnv_@@PAV_jintArray@@HHHHPAUIDataObject@@@Z 100b50ff f   awt_DnDDS.obj
 0001:000b411a       __ehhandler$?LoadCache@AwtDragSource@@AAEXPAV_jlongArray@@@Z 100b511a f   awt_DnDDS.obj
 0001:000b4135       __ehhandler$?QueryContinueDrag@AwtDragSource@@UAGJHK@Z 100b5135 f   awt_DnDDS.obj
 0001:000b4150       __ehhandler$?GiveFeedback@AwtDragSource@@UAGJK@Z 100b5150 f   awt_DnDDS.obj
 0001:000b4175       __unwindfunclet$?Clone@ADSIEnumFormatEtc@AwtDragSource@@UAGJPAPAUIEnumFORMATETC@@@Z$3 100b5175 f   awt_DnDDS.obj
 0001:000b417f       __ehhandler$?Clone@ADSIEnumFormatEtc@AwtDragSource@@UAGJPAPAUIEnumFORMATETC@@@Z 100b517f f   awt_DnDDS.obj
 0001:000b419a       __unwindfunclet$?Clone@ADSIStreamProxy@AwtDragSource@@UAGJPAPAUIStream@@@Z$3 100b519a f   awt_DnDDS.obj
 0001:000b41a4       __ehhandler$?Clone@ADSIStreamProxy@AwtDragSource@@UAGJPAPAUIStream@@@Z 100b51a4 f   awt_DnDDS.obj
 0001:000b41bf       __unwindfunclet$?EnumFormatEtc@AwtDragSource@@UAGJKPAPAUIEnumFORMATETC@@@Z$3 100b51bf f   awt_DnDDS.obj
 0001:000b41c9       __ehhandler$?EnumFormatEtc@AwtDragSource@@UAGJKPAPAUIEnumFORMATETC@@@Z 100b51c9 f   awt_DnDDS.obj
 0001:000b41e4       __unwindfunclet$_Java_sun_awt_windows_WDragSourceContextPeer_createDragSource@32$3 100b51e4 f   awt_DnDDS.obj
 0001:000b41ee       __ehhandler$_Java_sun_awt_windows_WDragSourceContextPeer_createDragSource@32 100b51ee f   awt_DnDDS.obj
 0001:000b4209       __ehhandler$?MatchFormatEtc@AwtDragSource@@IAGJPAUtagFORMATETC@@0@Z 100b5209 f   awt_DnDDS.obj
 0001:000b4224       __unwindfunclet$?GetData@AwtDragSource@@UAGJPAUtagFORMATETC@@PAUtagSTGMEDIUM@@@Z$3 100b5224 f   awt_DnDDS.obj
 0001:000b422e       __ehhandler$?GetData@AwtDragSource@@UAGJPAUtagFORMATETC@@PAUtagSTGMEDIUM@@@Z 100b522e f   awt_DnDDS.obj
 0001:000b4249       __ehhandler$?GetDataHere@AwtDragSource@@UAGJPAUtagFORMATETC@@PAUtagSTGMEDIUM@@@Z 100b5249 f   awt_DnDDS.obj
 0001:000b4264       __ehhandler$?QueryGetData@AwtDragSource@@UAGJPAUtagFORMATETC@@@Z 100b5264 f   awt_DnDDS.obj
 0001:000b427f       __ehhandler$?GetCanonicalFormatEtc@AwtDragSource@@UAGJPAUtagFORMATETC@@0@Z 100b527f f   awt_DnDDS.obj
 0001:000b429a       __ehhandler$_Java_sun_awt_windows_WDragSourceContextPeer_doDragDrop@40 100b529a f   awt_DnDDS.obj
 0001:000b42b5       __unwindfunclet$??1?$_Tree@V?$_Tmap_traits@UtagFORMATETC@@UtagSTGMEDIUM@@U?$less@UtagFORMATETC@@@std@@V?$allocator@U?$pair@$$CBUtagFORMATETC@@UtagSTGMEDIUM@@@std@@@4@$0A@@std@@@std@@QAE@XZ$0 100b52b5 f   awt_DnDDS.obj
 0001:000b42bd       __ehhandler$??1?$_Tree@V?$_Tmap_traits@UtagFORMATETC@@UtagSTGMEDIUM@@U?$less@UtagFORMATETC@@@std@@V?$allocator@U?$pair@$$CBUtagFORMATETC@@UtagSTGMEDIUM@@@std@@@4@$0A@@std@@@std@@QAE@XZ 100b52bd f   awt_DnDDS.obj
 0001:000b42d8       __ehhandler$_Java_java_awt_TrayIcon_initIDs@8 100b52d8 f   awt_TrayIcon.obj
 0001:000b42f3       __ehhandler$_Java_sun_awt_windows_WTrayIconPeer__1dispose@8 100b52f3 f   awt_TrayIcon.obj
 0001:000b430e       __ehhandler$_Java_sun_awt_windows_WTrayIconPeer_setToolTip@12 100b530e f   awt_TrayIcon.obj
 0001:000b4329       __ehhandler$_Java_sun_awt_windows_WTrayIconPeer_setNativeIcon@28 100b5329 f   awt_TrayIcon.obj
 0001:000b4344       __ehhandler$_Java_sun_awt_windows_WTrayIconPeer_updateNativeIcon@12 100b5344 f   awt_TrayIcon.obj
 0001:000b435f       __ehhandler$_Java_sun_awt_windows_WTrayIconPeer__1displayMessage@20 100b535f f   awt_TrayIcon.obj
 0001:000b437a       __ehhandler$_Java_sun_awt_windows_WTrayIconPeer_create@8 100b537a f   awt_TrayIcon.obj
 0001:000b43a0       __unwindfunclet$??_GD3DInitializer@@EAEPAXI@Z$0 100b53a0 f   D3DPipelineManager.obj
 0001:000b43a8       __ehhandler$??_GD3DInitializer@@EAEPAXI@Z 100b53a8 f   D3DPipelineManager.obj
 0001:000b43d0       __unwindfunclet$?InitImpl@D3DInitializer@@MAEXXZ$0 100b53d0 f   D3DPipelineManager.obj
 0001:000b43db       __ehhandler$?InitImpl@D3DInitializer@@MAEXXZ 100b53db f   D3DPipelineManager.obj
 0001:000b4400       __unwindfunclet$??__F?theInstance@D3DInitializer@@0V1@A@@YAXXZ$0 100b5400 f   D3DPipelineManager.obj
 0001:000b440a       __ehhandler$??__F?theInstance@D3DInitializer@@0V1@A@@YAXXZ 100b540a f   D3DPipelineManager.obj
 0001:000b4430       __unwindfunclet$??0D3DResource@@QAE@PAUIDirect3DResource9@@@Z$0 100b5430 f   D3DResourceManager.obj
 0001:000b4430       __unwindfunclet$??_GD3DResource@@MAEPAXI@Z$0 100b5430 f   D3DResourceManager.obj
 0001:000b4438       __ehhandler$??0D3DResource@@QAE@PAUIDirect3DResource9@@@Z 100b5438 f   D3DResourceManager.obj
 0001:000b4438       __ehhandler$??_GD3DResource@@MAEPAXI@Z 100b5438 f   D3DResourceManager.obj
 0001:000b4460       __unwindfunclet$??0D3DResource@@QAE@PAUIDirect3DSwapChain9@@@Z$0 100b5460 f   D3DResourceManager.obj
 0001:000b4468       __ehhandler$??0D3DResource@@QAE@PAUIDirect3DSwapChain9@@@Z 100b5468 f   D3DResourceManager.obj
 0001:000b4490       __unwindfunclet$?CreateTexture@D3DResourceManager@@QAEJIIHHPAW4_D3DFORMAT@@KPAPAVD3DResource@@@Z$0 100b5490 f   D3DResourceManager.obj
 0001:000b449b       __unwindfunclet$?CreateTexture@D3DResourceManager@@QAEJIIHHPAW4_D3DFORMAT@@KPAPAVD3DResource@@@Z$1 100b549b f   D3DResourceManager.obj
 0001:000b44a3       __ehhandler$?CreateTexture@D3DResourceManager@@QAEJIIHHPAW4_D3DFORMAT@@KPAPAVD3DResource@@@Z 100b54a3 f   D3DResourceManager.obj
 0001:000b44c0       __unwindfunclet$?CreateRTSurface@D3DResourceManager@@QAEJIIHHPAW4_D3DFORMAT@@PAPAVD3DResource@@@Z$0 100b54c0 f   D3DResourceManager.obj
 0001:000b44cb       __ehhandler$?CreateRTSurface@D3DResourceManager@@QAEJIIHHPAW4_D3DFORMAT@@PAPAVD3DResource@@@Z 100b54cb f   D3DResourceManager.obj
 0001:000b44f0       __unwindfunclet$?CreateOSPSurface@D3DResourceManager@@AAEJIIW4_D3DFORMAT@@PAPAVD3DResource@@@Z$0 100b54f0 f   D3DResourceManager.obj
 0001:000b44fb       __ehhandler$?CreateOSPSurface@D3DResourceManager@@AAEJIIW4_D3DFORMAT@@PAPAVD3DResource@@@Z 100b54fb f   D3DResourceManager.obj
 0001:000b4520       __unwindfunclet$?CreateSwapChain@D3DResourceManager@@QAEJPAUHWND__@@IIIW4_D3DSWAPEFFECT@@IPAPAVD3DResource@@@Z$0 100b5520 f   D3DResourceManager.obj
 0001:000b452b       __ehhandler$?CreateSwapChain@D3DResourceManager@@QAEJPAUHWND__@@IIIW4_D3DSWAPEFFECT@@IPAPAVD3DResource@@@Z 100b552b f   D3DResourceManager.obj
 0001:000b4546       __ehhandler$?SharedWindowProc@ComCtl32Util@@CGJPAUHWND__@@IIJIK@Z 100b5546 f   ComCtl32Util.obj
 0001:000b4570       ??__E?manager@GDIHashtable@@0VBatchDestructionManager@1@A@@YAXXZ 100b5570 f   GDIHashtable.obj
 0001:000b4590       ??__E?arrayLock@Devices@@0VCriticalSection@@A@@YAXXZ 100b5590 f   Devices.obj
 0001:000b45a7       ??__EtheAwtObjectList@@YAXXZ 100b55a7 f   ObjectList.obj
 0001:000b45c5       ??__E?cache@AwtBrush@@0VGDIHashtable@@A@@YAXXZ 100b55c5 f   awt_Brush.obj
 0001:000b461e       ??__E?WmAwtIsComponent@AwtComponent@@2IB@@YAXXZ 100b561e f   awt_Component.obj
 0001:000b4630       ??__EactiveDCList@@YAXXZ   100b5630 f   awt_Component.obj
 0001:000b464e       ??__EpassiveDCList@@YAXXZ  100b564e f   awt_Component.obj
 0001:000b466c       ??__E?m_hkl@AwtComponent@@0PAUHKL__@@A@@YAXXZ 100b566c f   awt_Component.obj
 0001:000b467a       ??__E?m_idLang@AwtComponent@@0GA@@YAXXZ 100b567a f   awt_Component.obj
 0001:000b4689       ??__E?m_CodePage@AwtComponent@@0IA@@YAXXZ 100b5689 f   awt_Component.obj
 0001:000b469d       ??__E?sm_rtl@AwtComponent@@0HA@@YAXXZ 100b569d f   awt_Component.obj
 0001:000b46c4       ??__E?sm_rtlReadingOrder@AwtComponent@@0HA@@YAXXZ 100b56c4 f   awt_Component.obj
 0001:000b46de       ??__EwindowMoveLock@@YAXXZ 100b56de f   awt_Component.obj
 0001:000b46f5       ??__EmultiClickTime@@YAXXZ 100b56f5 f   awt_Component.obj
 0001:000b4708       ??__EmultiClickMaxX@@YAXXZ 100b5708 f   awt_Component.obj
 0001:000b4716       ??__EmultiClickMaxY@@YAXXZ 100b5716 f   awt_Component.obj
 0001:000b4724       ??__E?customCursors@AwtCursor@@0VAwtObjectList@@A@@YAXXZ 100b5724 f   awt_Cursor.obj
 0001:000b473a       ??__Eg_segTableManager@@YAXXZ 100b573a f   awt_Font.obj
 0001:000b4750       ??__E?sm_BlockedThreads@AwtFrame@@0VHashtable@@A@@YAXXZ 100b5750 f   awt_Frame.obj
 0001:000b4779       ??__E?maxGDIObjects@AwtGDIObject@@0HA@@YAXXZ 100b5779 f   awt_GDIObject.obj
 0001:000b4784       ??__E?m_idLang@AwtMenuItem@@0GA@@YAXXZ 100b5784 f   awt_MenuItem.obj
 0001:000b4793       ??__E?m_CodePage@AwtMenuItem@@0IA@@YAXXZ 100b5793 f   awt_MenuItem.obj
 0001:000b47a7       ??__E?sm_rtl@AwtMenuItem@@0HA@@YAXXZ 100b57a7 f   awt_MenuItem.obj
 0001:000b47ce       ??__E?sm_rtlReadingOrder@AwtMenuItem@@0HA@@YAXXZ 100b57ce f   awt_MenuItem.obj
 0001:000b47e8       ??__E?cache@AwtPen@@0VGDIHashtable@@A@@YAXXZ 100b57e8 f   awt_Pen.obj
 0001:000b4850       ??__E?theInstance@AwtToolkit@@0V1@A@@YAXXZ 100b5850 f   awt_Toolkit.obj
 0001:000b4866       ??__E?st@PictureDragHelper@@0V?$map@UtagFORMATETC@@UtagSTGMEDIUM@@U?$less@UtagFORMATETC@@@std@@V?$allocator@U?$pair@$$CBUtagFORMATETC@@UtagSTGMEDIUM@@@std@@@4@@std@@A@@YAXXZ 100b5866 f   awt_DnDDS.obj
 0001:000b488d       ??__ECF_PERFORMEDDROPEFFECT@@YAXXZ 100b588d f   awt_DnDDS.obj
 0001:000b489f       ??__ECF_FILEGROUPDESCRIPTORW@@YAXXZ 100b589f f   awt_DnDDS.obj
 0001:000b48b1       ??__ECF_FILEGROUPDESCRIPTORA@@YAXXZ 100b58b1 f   awt_DnDDS.obj
 0001:000b48c3       ??__ECF_FILECONTENTS@@YAXXZ 100b58c3 f   awt_DnDDS.obj
 0001:000b48d5       ??__E?PROCESS_ID_FORMAT@AwtDragSource@@2IB@@YAXXZ 100b58d5 f   awt_DnDDS.obj
 0001:000b48e6       ??__EmultiClickTime@@YAXXZ 100b58e6 f   awt_TrayIcon.obj
 0001:000b48f9       ??__EmultiClickMaxX@@YAXXZ 100b58f9 f   awt_TrayIcon.obj
 0001:000b4907       ??__EmultiClickMaxY@@YAXXZ 100b5907 f   awt_TrayIcon.obj
 0001:000b4920       ??__EbNoHwCheck@@YAXXZ     100b5920 f   D3DPipelineManager.obj
 0001:000b4940       ??__E?theInstance@D3DInitializer@@0V1@A@@YAXXZ 100b5940 f   D3DPipelineManager.obj
 0001:000b4980       ??__EvtMissing@@YAXXZ      100b5980 f   comsupp:comutil.obj
 0001:000b4990       ??__F?manager@GDIHashtable@@0VBatchDestructionManager@1@A@@YAXXZ 100b5990 f   GDIHashtable.obj
 0001:000b49a0       ??__F?arrayLock@Devices@@0VCriticalSection@@A@@YAXXZ 100b59a0 f   Devices.obj
 0001:000b49b6       ??__FtheAwtObjectList@@YAXXZ 100b59b6 f   ObjectList.obj
 0001:000b49cc       ??__F?cache@AwtBrush@@0VGDIHashtable@@A@@YAXXZ 100b59cc f   awt_Brush.obj
 0001:000b49e0       ??__FpassiveDCList@@YAXXZ  100b59e0 f   awt_Component.obj
 0001:000b49f6       ??__FwindowMoveLock@@YAXXZ 100b59f6 f   awt_Component.obj
 0001:000b4a0c       ??__FtransTable@?1??WindowsKeyToJavaChar@AwtComponent@@QAEIIIW4TransOps@1@@Z@YAXXZ 100b5a0c f   awt_Component.obj
 0001:000b4a16       ??__FactiveDCList@@YAXXZ   100b5a16 f   awt_Component.obj
 0001:000b4a2c       ??__F?customCursors@AwtCursor@@0VAwtObjectList@@A@@YAXXZ 100b5a2c f   awt_Cursor.obj
 0001:000b4a42       ??__Fg_segTableManager@@YAXXZ 100b5a42 f   awt_Font.obj
 0001:000b4a4c       ??__FtableManager@?2??Java_sun_awt_windows_WDefaultFontCharset_canConvert@@9@12@YAXXZ 100b5a4c f   awt_Font.obj
 0001:000b4a56       ??__F?sm_BlockedThreads@AwtFrame@@0VHashtable@@A@@YAXXZ 100b5a56 f   awt_Frame.obj
 0001:000b4a60       ??__F?cache@AwtPen@@0VGDIHashtable@@A@@YAXXZ 100b5a60 f   awt_Pen.obj
 0001:000b4a70       ??__F?theInstance@AwtToolkit@@0V1@A@@YAXXZ 100b5a70 f   awt_Toolkit.obj
 0001:000b4a7a       ??__F_bsPath@?1??GetTempPathWithSlash@@YAJPAUJNIEnv_@@AAV_bstr_t@@@Z@YAXXZ 100b5a7a f   awt_DnDDT.obj
 0001:000b4a91       ??__F?st@PictureDragHelper@@0V?$map@UtagFORMATETC@@UtagSTGMEDIUM@@U?$less@UtagFORMATETC@@@std@@V?$allocator@U?$pair@$$CBUtagFORMATETC@@UtagSTGMEDIUM@@@std@@@4@@std@@A@@YAXXZ 100b5a91 f   awt_DnDDS.obj
 0001:000b4aa0       ??__F?theInstance@D3DInitializer@@0V1@A@@YAXXZ 100b5aa0 f   D3DPipelineManager.obj
 0001:000b4b27       ??__Fdll@?1??GetInstance@DwmAPI@@CAAAV1@XZ@YAXXZ 100b5b27 f   DllUtil.obj
 0001:000b4b40       ??__FvtMissing@@YAXXZ      100b5b40 f   comsupp:comutil.obj
