 fontmanager

 Timestamp is 4dff5f25 (Mon Jun 20 07:54:29 2011)

 Preferred load address is 10000000

 Start         Length     Name                   Class
 0001:00000000 0001130aH .text                   CODE
 0002:00000000 00000204H .idata$5                DATA
 0002:00000204 00000004H .CRT$XCA                DATA
 0002:00000208 00000004H .CRT$XCZ                DATA
 0002:0000020c 00000004H .CRT$XIA                DATA
 0002:00000210 00000004H .CRT$XIAA               DATA
 0002:00000214 00000004H .CRT$XIC                DATA
 0002:00000218 00000004H .CRT$XIZ                DATA
 0002:00000220 00012bf8H .rdata                  DATA
 0002:00012e18 00000075H .rdata$debug            DATA
 0002:00012e90 00000ca4H .rdata$r                DATA
 0002:00013b40 00000004H .rdata$sxdata           DATA
 0002:00013b44 00000004H .rtc$IAA                DATA
 0002:00013b48 00000004H .rtc$IZZ                DATA
 0002:00013b4c 00000004H .rtc$TAA                DATA
 0002:00013b50 00000004H .rtc$TZZ                DATA
 0002:00013b58 000000a4H .xdata$x                DATA
 0002:00013bfc 000000a0H .idata$2                DATA
 0002:00013c9c 00000014H .idata$3                DATA
 0002:00013cb0 00000204H .idata$4                DATA
 0002:00013eb4 0000095eH .idata$6                DATA
 0002:00014820 0000092dH .edata                  DATA
 0003:00000000 000007f0H .data                   DATA
 0003:00000800 00000ad4H .bss                    DATA
 0004:00000000 00000058H .rsrc$01                DATA
 0004:00000060 00000310H .rsrc$02                DATA

  Address         Publics by Value              Rva+Base       Lib:Object

 0000:00000000       __except_list              00000000     <absolute>
 0000:00000001       ___safe_se_handler_count   00000001     <absolute>
 0000:00009876       __ldused                   00009876     <absolute>
 0000:00009876       __fltused                  00009876     <absolute>
 0000:00000000       ___ImageBase               10000000     <linker-defined>
 0001:00000000       _setupBlitVector           10001000 f   DrawGlyphList.obj
 0001:00000380       _RefineBounds              10001380 f   DrawGlyphList.obj
 0001:000005e0       _Java_sun_java2d_loops_DrawGlyphList_DrawGlyphList@20 100015e0 f   DrawGlyphList.obj
 0001:000005e0       _Java_sun_java2d_loops_DrawGlyphListAA_DrawGlyphListAA@20 100015e0 f   DrawGlyphList.obj
 0001:00000650       _setupLCDBlitVector        10001650 f   DrawGlyphList.obj
 0001:00000b50       _initLUT                   10001b50 f   DrawGlyphList.obj
 0001:00000d20       _initLCDGammaTables        10001d20 f   DrawGlyphList.obj
 0001:00000f20       _Java_sun_java2d_loops_DrawGlyphListLCD_DrawGlyphListLCD@20 10001f20 f   DrawGlyphList.obj
 0001:00000fc3       _Java_sun_font_NullFontScaler_getNullScalerContext@8 10001fc3 f   sunFont.obj
 0001:00000fde       _isNullScalerContext       10001fde f   sunFont.obj
 0001:00000fee       _Java_sun_font_NullFontScaler_getGlyphImage@20 10001fee f   sunFont.obj
 0001:00000ffe       _Java_sun_font_SunFontManager_initIDs@8 10001ffe f   sunFont.obj
 0001:000013c4       _getSunFontIDs             100023c4 f   sunFont.obj
 0001:000013d9       _Java_sun_font_StrikeCache_freeIntPointer@12 100023d9 f   sunFont.obj
 0001:000013ee       _Java_sun_font_StrikeCache_freeLongPointer@16 100023ee f   sunFont.obj
 0001:00001406       _Java_sun_font_StrikeCache_freeIntMemory@20 10002406 f   sunFont.obj
 0001:00001494       _Java_sun_font_StrikeCache_freeLongMemory@20 10002494 f   sunFont.obj
 0001:00001527       _Java_sun_font_StrikeCache_getGlyphCacheDescription@12 10002527 f   sunFont.obj
 0001:000015f7       _newLayoutTableCache       100025f7 f   sunFont.obj
 0001:0000161a       _freeLayoutTableCache      1000261a f   sunFont.obj
 0001:00001672       _Java_sun_font_FreetypeFontScaler_initIDs@12 10002672 f   freetypeScaler.obj
 0001:00001858       _Java_sun_font_FreetypeFontScaler_initNativeScaler@28 10002858 f   freetypeScaler.obj
 0001:00001a69       _Java_sun_font_FreetypeFontScaler_createScalerContextNative@36 10002a69 f   freetypeScaler.obj
 0001:00001be8       _Java_sun_font_FreetypeFontScaler_getFontMetricsNative@28 10002be8 f   freetypeScaler.obj
 0001:00001f2f       _Java_sun_font_FreetypeFontScaler_getGlyphImageNative@32 10002f2f f   freetypeScaler.obj
 0001:0000222e       _Java_sun_font_FreetypeFontScaler_getLayoutTableCacheNative@16 1000322e f   freetypeScaler.obj
 0001:00002263       _Java_sun_font_FreetypeFontScaler_disposeNativeScaler@16 10003263 f   freetypeScaler.obj
 0001:0000227e       _Java_sun_font_FreetypeFontScaler_getNumGlyphsNative@16 1000327e f   freetypeScaler.obj
 0001:000022aa       _Java_sun_font_FreetypeFontScaler_getMissingGlyphCodeNative@16 100032aa f   freetypeScaler.obj
 0001:000022af       _Java_sun_font_FreetypeFontScaler_getGlyphCodeNative@20 100032af f   freetypeScaler.obj
 0001:00002745       _Java_sun_font_FreetypeFontScaler_getGlyphOutlineNative@40 10003745 f   freetypeScaler.obj
 0001:0000278d       _Java_sun_font_FreetypeFontScaler_getGlyphOutlineBoundsNative@32 1000378d f   freetypeScaler.obj
 0001:00002876       _Java_sun_font_FreetypeFontScaler_getGlyphVectorOutlineNative@44 10003876 f   freetypeScaler.obj
 0001:000029ef       _Java_sun_font_FreetypeFontScaler_getUnitsPerEMNative@16 100039ef f   freetypeScaler.obj
 0001:00002a0b       _Java_sun_font_FreetypeFontScaler_getGlyphPointNative@36 10003a0b f   freetypeScaler.obj
 0001:00002a90       _Java_sun_font_FreetypeFontScaler_getGlyphAdvanceNative@32 10003a90 f   freetypeScaler.obj
 0001:00002ac4       _Java_sun_font_FreetypeFontScaler_getGlyphMetricsNative@36 10003ac4 f   freetypeScaler.obj
 0001:00002b28       _Java_sun_awt_Win32FontManager_getFontPath@12 10003b28 f   fontpath.obj
 0001:000032c5       _Java_sun_awt_Win32FontManager_populateFontFileNameMap0@24 100042c5 f   fontpath.obj
 0001:00003764       _Java_sun_font_FileFontStrike_initNative@8 10004764 f   lcdglyph.obj
 0001:00003795       _Java_sun_font_FileFontStrike__1getGlyphImageFromWindows@28 10004795 f   lcdglyph.obj
 0001:00003fc9       ?process@CursiveAttachmentSubtable@@QBEKPAVGlyphIterator@@PBVLEFontInstance@@@Z 10004fc9 f   CursiveAttachmentSubtables.obj
 0001:0000408f       ?process@ExtensionSubtable@@QBEKPBVLookupProcessor@@GPAVGlyphIterator@@PBVLEFontInstance@@AAW4LEErrorCode@@@Z 1000508f f   ExtensionSubtables.obj
 0001:00004108       ??0MPreFixups@@QAE@J@Z     10005108 f   MPreFixups.obj
 0001:00004126       ??1MPreFixups@@QAE@XZ      10005126 f   MPreFixups.obj
 0001:00004137       ?add@MPreFixups@@QAEXJJ@Z  10005137 f   MPreFixups.obj
 0001:00004163       ?apply@MPreFixups@@QAEXAAVLEGlyphStorage@@AAW4LEErrorCode@@@Z 10005163 f   MPreFixups.obj
 0001:00004360       ?getDynamicClassID@HanOpenTypeLayoutEngine@@UBEPBDXZ 10005360 f   HanLayoutEngine.obj
 0001:00004366       ??0HanOpenTypeLayoutEngine@@QAE@PBVLEFontInstance@@JJJPBUGlyphSubstitutionTableHeader@@AAW4LEErrorCode@@@Z 10005366 f   HanLayoutEngine.obj
 0001:0000439e       ?characterProcessing@HanOpenTypeLayoutEngine@@MAEJQBGJJJDAAPAGAAVLEGlyphStorage@@AAW4LEErrorCode@@@Z 1000539e f   HanLayoutEngine.obj
 0001:00004418       ??_EHanOpenTypeLayoutEngine@@UAEPAXI@Z 10005418 f i HanLayoutEngine.obj
 0001:00004418       ??_GHanOpenTypeLayoutEngine@@UAEPAXI@Z 10005418 f i HanLayoutEngine.obj
 0001:0000443a       ?getDynamicClassID@LEFontInstance@@UBEPBDXZ 1000543a f   LEFontInstance.obj
 0001:00004440       ??1LECharMapper@@UAE@XZ    10005440 f   LEFontInstance.obj
 0001:00004447       ??_GLECharMapper@@UAEPAXI@Z 10005447 f i LEFontInstance.obj
 0001:00004447       ??_ELECharMapper@@UAEPAXI@Z 10005447 f i LEFontInstance.obj
 0001:00004464       ??1LEFontInstance@@UAE@XZ  10005464 f   LEFontInstance.obj
 0001:0000446b       ??_ELEFontInstance@@UAEPAXI@Z 1000546b f i LEFontInstance.obj
 0001:0000446b       ??_GLEFontInstance@@UAEPAXI@Z 1000546b f i LEFontInstance.obj
 0001:00004488       ?getSubFont@LEFontInstance@@UBEPBV1@QBGPAJJJAAW4LEErrorCode@@@Z 10005488 f   LEFontInstance.obj
 0001:000044d2       ?mapCharsToGlyphs@LEFontInstance@@UBEXQBGJJDPBVLECharMapper@@DAAVLEGlyphStorage@@@Z 100054d2 f   LEFontInstance.obj
 0001:000045a6       ?mapCharToGlyph@LEFontInstance@@UBEKKPBVLECharMapper@@@Z 100055a6 f   LEFontInstance.obj
 0001:000045b8       ?mapCharToGlyph@LEFontInstance@@UBEKKPBVLECharMapper@@D@Z 100055b8 f   LEFontInstance.obj
 0001:00004617       ?canDisplay@LEFontInstance@@UBEDK@Z 10005617 f   LEFontInstance.obj
 0001:0000462b       ?xUnitsToPoints@LEFontInstance@@UBEMM@Z 1000562b f   LEFontInstance.obj
 0001:00004659       ?yUnitsToPoints@LEFontInstance@@UBEMM@Z 10005659 f   LEFontInstance.obj
 0001:00004687       ?xPixelsToUnits@LEFontInstance@@UBEMM@Z 10005687 f   LEFontInstance.obj
 0001:000046b5       ?yPixelsToUnits@LEFontInstance@@UBEMM@Z 100056b5 f   LEFontInstance.obj
 0001:000046e3       ?transformFunits@LEFontInstance@@UBEXMMAAULEPoint@@@Z 100056e3 f   LEFontInstance.obj
 0001:0000472e       ?getLineHeight@LEFontInstance@@UBEJXZ 1000572e f   LEFontInstance.obj
 0001:0000474e       ?getDynamicClassID@ContextualGlyphSubstitutionProcessor@@UBEPBDXZ 1000574e f   ContextualGlyphSubstProc.obj
 0001:00004754       ??0ContextualGlyphSubstitutionProcessor@@QAE@PBUMorphSubtableHeader@@@Z 10005754 f   ContextualGlyphSubstProc.obj
 0001:00004796       ?beginStateTable@ContextualGlyphSubstitutionProcessor@@UAEXXZ 10005796 f   ContextualGlyphSubstProc.obj
 0001:0000479b       ?processStateEntry@ContextualGlyphSubstitutionProcessor@@UAEFAAVLEGlyphStorage@@AAJE@Z 1000579b f   ContextualGlyphSubstProc.obj
 0001:000048b5       ??_GContextualGlyphSubstitutionProcessor@@UAEPAXI@Z 100058b5 f i ContextualGlyphSubstProc.obj
 0001:000048b5       ??_EContextualGlyphSubstitutionProcessor@@UAEPAXI@Z 100058b5 f i ContextualGlyphSubstProc.obj
 0001:000048d7       ?getDynamicClassID@IndicRearrangementProcessor@@UBEPBDXZ 100058d7 f   IndicRearrangementProcessor.obj
 0001:000048dd       ??0IndicRearrangementProcessor@@QAE@PBUMorphSubtableHeader@@@Z 100058dd f   IndicRearrangementProcessor.obj
 0001:00004909       ?beginStateTable@IndicRearrangementProcessor@@UAEXXZ 10005909 f   IndicRearrangementProcessor.obj
 0001:00004912       ?endStateTable@ContextualGlyphSubstitutionProcessor@@UAEXXZ 10005912 f   ContextualGlyphSubstProc.obj
 0001:00004912       ?endStateTable@LigatureSubstitutionProcessor@@UAEXXZ 10005912 f   LigatureSubstProc.obj
 0001:00004912       ?endStateTable@IndicRearrangementProcessor@@UAEXXZ 10005912 f   IndicRearrangementProcessor.obj
 0001:00004913       ?doRearrangementAction@IndicRearrangementProcessor@@QBEXAAVLEGlyphStorage@@W4IndicRearrangementVerb@@@Z 10005913 f   IndicRearrangementProcessor.obj
 0001:00005337       ??_EIndicRearrangementProcessor@@UAEPAXI@Z 10006337 f i IndicRearrangementProcessor.obj
 0001:00005337       ??_GIndicRearrangementProcessor@@UAEPAXI@Z 10006337 f i IndicRearrangementProcessor.obj
 0001:00005359       ?processStateEntry@IndicRearrangementProcessor@@UAEFAAVLEGlyphStorage@@AAJE@Z 10006359 f   IndicRearrangementProcessor.obj
 0001:000053d8       ?swapLong@LESwaps@@SAKK@Z  100063d8 f i LigatureSubstProc.obj
 0001:00005407       ?getDynamicClassID@LigatureSubstitutionProcessor@@UBEPBDXZ 10006407 f   LigatureSubstProc.obj
 0001:0000540d       ??0LigatureSubstitutionProcessor@@QAE@PBUMorphSubtableHeader@@@Z 1000640d f   LigatureSubstProc.obj
 0001:0000547b       ?beginStateTable@LigatureSubstitutionProcessor@@UAEXXZ 1000647b f   LigatureSubstProc.obj
 0001:00005483       ?processStateEntry@LigatureSubstitutionProcessor@@UAEFAAVLEGlyphStorage@@AAJE@Z 10006483 f   LigatureSubstProc.obj
 0001:00005654       ??_ELigatureSubstitutionProcessor@@UAEPAXI@Z 10006654 f i LigatureSubstProc.obj
 0001:00005654       ??_GLigatureSubstitutionProcessor@@UAEPAXI@Z 10006654 f i LigatureSubstProc.obj
 0001:00005676       ?lookupSegment@BinarySearchLookupTable@@QBEPBULookupSegment@@PBU2@K@Z 10006676 f   LookupTables.obj
 0001:0000572f       ?lookupSingle@BinarySearchLookupTable@@QBEPBULookupSingle@@PBU2@K@Z 1000672f f   LookupTables.obj
 0001:000057ec       ?process@MorphSubtableHeader@@QBEXAAVLEGlyphStorage@@@Z 100067ec f   MorphTables.obj
 0001:0000586f       ?process@MorphTableHeader@@QBEXAAVLEGlyphStorage@@@Z 1000686f f   MorphTables.obj
 0001:00005942       ??0NonContextualGlyphSubstitutionProcessor@@IAE@PBUMorphSubtableHeader@@@Z 10006942 f   NonContextualGlyphSubstProc.obj
 0001:0000595a       ??1NonContextualGlyphSubstitutionProcessor@@MAE@XZ 1000695a f   NonContextualGlyphSubstProc.obj
 0001:00005965       ?createInstance@NonContextualGlyphSubstitutionProcessor@@SAPAVSubtableProcessor@@PBUMorphSubtableHeader@@@Z 10006965 f   NonContextualGlyphSubstProc.obj
 0001:00005a08       ??_ENonContextualGlyphSubstitutionProcessor@@MAEPAXI@Z 10006a08 f i NonContextualGlyphSubstProc.obj
 0001:00005a08       ??_GNonContextualGlyphSubstitutionProcessor@@MAEPAXI@Z 10006a08 f i NonContextualGlyphSubstProc.obj
 0001:00005a2a       ?getDynamicClassID@SegmentArrayProcessor@@UBEPBDXZ 10006a2a f   SegmentArrayProcessor.obj
 0001:00005a30       ??0SegmentArrayProcessor@@QAE@PBUMorphSubtableHeader@@@Z 10006a30 f   SegmentArrayProcessor.obj
 0001:00005a51       ?process@SegmentArrayProcessor@@UAEXAAVLEGlyphStorage@@@Z 10006a51 f   SegmentArrayProcessor.obj
 0001:00005b0f       ??_GSegmentArrayProcessor@@UAEPAXI@Z 10006b0f f i SegmentArrayProcessor.obj
 0001:00005b0f       ??_ESegmentArrayProcessor@@UAEPAXI@Z 10006b0f f i SegmentArrayProcessor.obj
 0001:00005b31       ?getDynamicClassID@SegmentSingleProcessor@@UBEPBDXZ 10006b31 f   SegmentSingleProcessor.obj
 0001:00005b37       ??0SegmentSingleProcessor@@QAE@PBUMorphSubtableHeader@@@Z 10006b37 f   SegmentSingleProcessor.obj
 0001:00005b58       ?process@SegmentSingleProcessor@@UAEXAAVLEGlyphStorage@@@Z 10006b58 f   SegmentSingleProcessor.obj
 0001:00005bd1       ??_ESegmentSingleProcessor@@UAEPAXI@Z 10006bd1 f i SegmentSingleProcessor.obj
 0001:00005bd1       ??_GSegmentSingleProcessor@@UAEPAXI@Z 10006bd1 f i SegmentSingleProcessor.obj
 0001:00005bf3       ?getDynamicClassID@SimpleArrayProcessor@@UBEPBDXZ 10006bf3 f   SimpleArrayProcessor.obj
 0001:00005bf9       ??0SimpleArrayProcessor@@QAE@PBUMorphSubtableHeader@@@Z 10006bf9 f   SimpleArrayProcessor.obj
 0001:00005c1a       ?process@SimpleArrayProcessor@@UAEXAAVLEGlyphStorage@@@Z 10006c1a f   SimpleArrayProcessor.obj
 0001:00005c83       ??_ESimpleArrayProcessor@@UAEPAXI@Z 10006c83 f i SimpleArrayProcessor.obj
 0001:00005c83       ??_GSimpleArrayProcessor@@UAEPAXI@Z 10006c83 f i SimpleArrayProcessor.obj
 0001:00005ca5       ?getDynamicClassID@SingleTableProcessor@@UBEPBDXZ 10006ca5 f   SingleTableProcessor.obj
 0001:00005cab       ??0SingleTableProcessor@@QAE@PBUMorphSubtableHeader@@@Z 10006cab f   SingleTableProcessor.obj
 0001:00005ccc       ?process@SingleTableProcessor@@UAEXAAVLEGlyphStorage@@@Z 10006ccc f   SingleTableProcessor.obj
 0001:00005d35       ??_GSingleTableProcessor@@UAEPAXI@Z 10006d35 f i SingleTableProcessor.obj
 0001:00005d35       ??_ESingleTableProcessor@@UAEPAXI@Z 10006d35 f i SingleTableProcessor.obj
 0001:00005d57       ??0StateTableProcessor@@IAE@PBUMorphSubtableHeader@@@Z 10006d57 f   StateTableProcessor.obj
 0001:00005e05       ??1StateTableProcessor@@MAE@XZ 10006e05 f   StateTableProcessor.obj
 0001:00005e10       ?process@StateTableProcessor@@UAEXAAVLEGlyphStorage@@@Z 10006e10 f   StateTableProcessor.obj
 0001:00005ea6       ??_GStateTableProcessor@@MAEPAXI@Z 10006ea6 f i StateTableProcessor.obj
 0001:00005ea6       ??_EStateTableProcessor@@MAEPAXI@Z 10006ea6 f i StateTableProcessor.obj
 0001:00005ec8       ??0SubtableProcessor@@IAE@PBUMorphSubtableHeader@@@Z 10006ec8 f   SubtableProcessor.obj
 0001:00005f15       ??1SubtableProcessor@@UAE@XZ 10006f15 f   SubtableProcessor.obj
 0001:00005f1c       ??_GSubtableProcessor@@UAEPAXI@Z 10006f1c f i SubtableProcessor.obj
 0001:00005f1c       ??_ESubtableProcessor@@UAEPAXI@Z 10006f1c f i SubtableProcessor.obj
 0001:00005f39       ?getDynamicClassID@TrimmedArrayProcessor@@UBEPBDXZ 10006f39 f   TrimmedArrayProcessor.obj
 0001:00005f3f       ??0TrimmedArrayProcessor@@QAE@PBUMorphSubtableHeader@@@Z 10006f3f f   TrimmedArrayProcessor.obj
 0001:00005f8f       ?process@TrimmedArrayProcessor@@UAEXAAVLEGlyphStorage@@@Z 10006f8f f   TrimmedArrayProcessor.obj
 0001:00005ffb       ??_GTrimmedArrayProcessor@@UAEPAXI@Z 10006ffb f i TrimmedArrayProcessor.obj
 0001:00005ffb       ??_ETrimmedArrayProcessor@@UAEPAXI@Z 10006ffb f i TrimmedArrayProcessor.obj
 0001:0000601d       ?process@AlternateSubstitutionSubtable@@QBEKPAVGlyphIterator@@PBVLEGlyphFilter@@@Z 1000701d f   AlternateSubstSubtables.obj
 0001:000060cd       ?getAnchor@Format1AnchorTable@@QBEXPBVLEFontInstance@@AAULEPoint@@@Z 100070cd f   AnchorTables.obj
 0001:00006137       ?getAnchor@Format2AnchorTable@@QBEXKPBVLEFontInstance@@AAULEPoint@@@Z 10007137 f   AnchorTables.obj
 0001:000061ca       ?getAnchor@Format3AnchorTable@@QBEXPBVLEFontInstance@@AAULEPoint@@@Z 100071ca f   AnchorTables.obj
 0001:000062cf       ?getAnchor@AnchorTable@@QBEXKPBVLEFontInstance@@AAULEPoint@@@Z 100072cf f   AnchorTables.obj
 0001:00006310       ?sortMarks@CanonShaping@@CAXPAJPBJJJ@Z 10007310 f   CanonShaping.obj
 0001:00006358       ?reorderMarks@CanonShaping@@SAXPBGJDPAGAAVLEGlyphStorage@@@Z 10007358 f   CanonShaping.obj
 0001:0000644c       ?getGlyphClass@ClassDefFormat1Table@@QBEJK@Z 1000744c f   ClassDefinitionTables.obj
 0001:000064a9       ?hasGlyphClass@ClassDefFormat1Table@@QBEDJ@Z 100074a9 f   ClassDefinitionTables.obj
 0001:000064f7       ?getGlyphClass@ClassDefFormat2Table@@QBEJK@Z 100074f7 f   ClassDefinitionTables.obj
 0001:00006543       ?hasGlyphClass@ClassDefFormat2Table@@QBEDJ@Z 10007543 f   ClassDefinitionTables.obj
 0001:00006591       ?getGlyphClass@ClassDefinitionTable@@QBEJK@Z 10007591 f   ClassDefinitionTables.obj
 0001:000065be       ?hasGlyphClass@ClassDefinitionTable@@QBEDJ@Z 100075be f   ClassDefinitionTables.obj
 0001:000065eb       ?applySubstitutionLookups@ContextualSubstitutionBase@@SAXPBVLookupProcessor@@PBUSubstitutionLookupRecord@@GPAVGlyphIterator@@PBVLEFontInstance@@JAAW4LEErrorCode@@@Z 100075eb f   ContextualSubstSubtables.obj
 0001:0000668d       ?matchGlyphIDs@ContextualSubstitutionBase@@SADPBGGPAVGlyphIterator@@D@Z 1000768d f   ContextualSubstSubtables.obj
 0001:000066fc       ?matchGlyphClasses@ContextualSubstitutionBase@@SADPBGGPAVGlyphIterator@@PBUClassDefinitionTable@@D@Z 100076fc f   ContextualSubstSubtables.obj
 0001:0000677f       ?matchGlyphCoverages@ContextualSubstitutionBase@@SADPBGGPAVGlyphIterator@@PBDD@Z 1000777f f   ContextualSubstSubtables.obj
 0001:000067f8       ?process@ContextualSubstitutionFormat1Subtable@@QBEKPBVLookupProcessor@@PAVGlyphIterator@@PBVLEFontInstance@@AAW4LEErrorCode@@@Z 100077f8 f   ContextualSubstSubtables.obj
 0001:00006935       ?process@ContextualSubstitutionFormat2Subtable@@QBEKPBVLookupProcessor@@PAVGlyphIterator@@PBVLEFontInstance@@AAW4LEErrorCode@@@Z 10007935 f   ContextualSubstSubtables.obj
 0001:00006aa7       ?process@ContextualSubstitutionFormat3Subtable@@QBEKPBVLookupProcessor@@PAVGlyphIterator@@PBVLEFontInstance@@AAW4LEErrorCode@@@Z 10007aa7 f   ContextualSubstSubtables.obj
 0001:00006b4b       ?process@ChainingContextualSubstitutionFormat1Subtable@@QBEKPBVLookupProcessor@@PAVGlyphIterator@@PBVLEFontInstance@@AAW4LEErrorCode@@@Z 10007b4b f   ContextualSubstSubtables.obj
 0001:00006d69       ?process@ChainingContextualSubstitutionFormat2Subtable@@QBEKPBVLookupProcessor@@PAVGlyphIterator@@PBVLEFontInstance@@AAW4LEErrorCode@@@Z 10007d69 f   ContextualSubstSubtables.obj
 0001:00006ff5       ?process@ChainingContextualSubstitutionFormat3Subtable@@QBEKPBVLookupProcessor@@PAVGlyphIterator@@PBVLEFontInstance@@AAW4LEErrorCode@@@Z 10007ff5 f   ContextualSubstSubtables.obj
 0001:00007172       ?process@ContextualSubstitutionSubtable@@QBEKPBVLookupProcessor@@PAVGlyphIterator@@PBVLEFontInstance@@AAW4LEErrorCode@@@Z 10008172 f   ContextualSubstSubtables.obj
 0001:000071d9       ?process@ChainingContextualSubstitutionSubtable@@QBEKPBVLookupProcessor@@PAVGlyphIterator@@PBVLEFontInstance@@AAW4LEErrorCode@@@Z 100081d9 f   ContextualSubstSubtables.obj
 0001:00007240       ?getGlyphCoverage@CoverageFormat1Table@@QBEJK@Z 10008240 f   CoverageTables.obj
 0001:000072ff       ?getGlyphCoverage@CoverageFormat2Table@@QBEJK@Z 100082ff f   CoverageTables.obj
 0001:0000736a       ?getGlyphCoverage@CoverageTable@@QBEJK@Z 1000836a f   CoverageTables.obj
 0001:00007398       ?getAdjustment@DeviceTable@@QBEFG@Z 10008398 f   DeviceTables.obj
 0001:0000746d       ?getFeatureTable@FeatureListTable@@QBEPBUFeatureTable@@GPAK@Z 1000846d f   Features.obj
 0001:000074d5       ??_ELEGlyphFilter@@UAEPAXI@Z 100084d5 f i GDEFMarkFilter.obj
 0001:000074d5       ??_GLEGlyphFilter@@UAEPAXI@Z 100084d5 f i GDEFMarkFilter.obj
 0001:000074f1       ??1GDEFMarkFilter@@UAE@XZ  100084f1 f   GDEFMarkFilter.obj
 0001:000074fc       ?accept@GDEFMarkFilter@@UBEDK@Z 100084fc f   GDEFMarkFilter.obj
 0001:00007511       ??0GDEFMarkFilter@@QAE@PBUGlyphDefinitionTableHeader@@@Z 10008511 f   GDEFMarkFilter.obj
 0001:0000752c       ??_GGDEFMarkFilter@@UAEPAXI@Z 1000852c f i GDEFMarkFilter.obj
 0001:0000752c       ??_EGDEFMarkFilter@@UAEPAXI@Z 1000852c f i GDEFMarkFilter.obj
 0001:0000754e       ?getGlyphClassDefinitionTable@GlyphDefinitionTableHeader@@QBEPBUClassDefinitionTable@@XZ 1000854e f   GlyphDefinitionTables.obj
 0001:00007565       ?getMarkAttachClassDefinitionTable@GlyphDefinitionTableHeader@@QBEPBUClassDefinitionTable@@XZ 10008565 f   GlyphDefinitionTables.obj
 0001:0000757c       ??0GlyphIterator@@QAE@AAVLEGlyphStorage@@PAVGlyphPositionAdjustments@@DGKPBUGlyphDefinitionTableHeader@@@Z 1000857c f   GlyphIterator.obj
 0001:00007604       ??0GlyphIterator@@QAE@AAV0@@Z 10008604 f   GlyphIterator.obj
 0001:00007663       ??0GlyphIterator@@QAE@AAV0@K@Z 10008663 f   GlyphIterator.obj
 0001:000076c1       ??0GlyphIterator@@QAE@AAV0@G@Z 100086c1 f   GlyphIterator.obj
 0001:00007721       ??1GlyphIterator@@UAE@XZ   10008721 f   GlyphIterator.obj
 0001:00007728       ?reset@GlyphIterator@@QAEXGK@Z 10008728 f   GlyphIterator.obj
 0001:00007745       ?insertGlyphs@GlyphIterator@@QAEPAKJAAW4LEErrorCode@@@Z 10008745 f   GlyphIterator.obj
 0001:0000775b       ?applyInsertions@GlyphIterator@@QAEJXZ 1000875b f   GlyphIterator.obj
 0001:00007776       ?getCurrStreamPosition@GlyphIterator@@QBEJXZ 10008776 f   GlyphIterator.obj
 0001:0000777a       ?isRightToLeft@GlyphIterator@@QBEDXZ 1000877a f   GlyphIterator.obj
 0001:00007782       ?ignoresMarks@GlyphIterator@@QBEDXZ 10008782 f   GlyphIterator.obj
 0001:0000778b       ?getCurrGlyphID@GlyphIterator@@QBEKXZ 1000878b f   GlyphIterator.obj
 0001:000077b8       ?setCurrGlyphID@GlyphIterator@@QAEXG@Z 100087b8 f   GlyphIterator.obj
 0001:000077d8       ?setCurrGlyphBaseOffset@GlyphIterator@@QAEXJ@Z 100087d8 f   GlyphIterator.obj
 0001:0000780b       ?adjustCurrGlyphPositionAdjustment@GlyphIterator@@QAEXMMMM@Z 1000880b f   GlyphIterator.obj
 0001:00007883       ?setCurrGlyphPositionAdjustment@GlyphIterator@@QAEXMMMM@Z 10008883 f   GlyphIterator.obj
 0001:000078f4       ?setCursiveEntryPoint@GlyphIterator@@QAEXAAULEPoint@@@Z 100088f4 f   GlyphIterator.obj
 0001:0000792d       ?setCursiveExitPoint@GlyphIterator@@QAEXAAULEPoint@@@Z 1000892d f   GlyphIterator.obj
 0001:00007966       ?setCursiveGlyph@GlyphIterator@@QAEXXZ 10008966 f   GlyphIterator.obj
 0001:00007998       ?filterGlyph@GlyphIterator@@ABEDK@Z 10008998 f   GlyphIterator.obj
 0001:00007a13       ?hasFeatureTag@GlyphIterator@@ABEDD@Z 10008a13 f   GlyphIterator.obj
 0001:00007a57       ?nextInternal@GlyphIterator@@AAEDK@Z 10008a57 f   GlyphIterator.obj
 0001:00007a92       ?next@GlyphIterator@@QAEDK@Z 10008a92 f   GlyphIterator.obj
 0001:00007ab9       ?prevInternal@GlyphIterator@@AAEDK@Z 10008ab9 f   GlyphIterator.obj
 0001:00007af4       ?prev@GlyphIterator@@QAEDK@Z 10008af4 f   GlyphIterator.obj
 0001:00007b1b       ?getMarkComponent@GlyphIterator@@QBEJJ@Z 10008b1b f   GlyphIterator.obj
 0001:00007b51       ?findMark2Glyph@GlyphIterator@@QAEDXZ 10008b51 f   GlyphIterator.obj
 0001:00007b87       ??_GGlyphIterator@@UAEPAXI@Z 10008b87 f i GlyphIterator.obj
 0001:00007b87       ??_EGlyphIterator@@UAEPAXI@Z 10008b87 f i GlyphIterator.obj
 0001:00007ba4       ?setCurrStreamPosition@GlyphIterator@@QAEXJ@Z 10008ba4 f   GlyphIterator.obj
 0001:00007be0       ?findFeatureTag@GlyphIterator@@QAEDXZ 10008be0 f   GlyphIterator.obj
 0001:00007c23       ?coversScript@GlyphLookupTableHeader@@QBEDK@Z 10008c23 f   GlyphLookupTables.obj
 0001:00007c56       ?coversScriptAndLanguage@GlyphLookupTableHeader@@QBEDKKD@Z 10008c56 f   GlyphLookupTables.obj
 0001:00007c93       ?setEntryPoint@EntryExitPoint@GlyphPositionAdjustments@@QAEXAAULEPoint@@D@Z 10008c93 f i GlyphPositionAdjustments.obj
 0001:00007cba       ?setExitPoint@EntryExitPoint@GlyphPositionAdjustments@@QAEXAAULEPoint@@D@Z 10008cba f i GlyphPositionAdjustments.obj
 0001:00007ce1       ?setCursiveGlyph@EntryExitPoint@GlyphPositionAdjustments@@QAEXD@Z 10008ce1 f i GlyphPositionAdjustments.obj
 0001:00007cf9       ?isCursiveGlyph@GlyphPositionAdjustments@@QBEDJ@Z 10008cf9 f i GlyphPositionAdjustments.obj
 0001:00007d18       ?baselineIsLogicalEnd@GlyphPositionAdjustments@@QBEDJ@Z 10008d18 f i GlyphPositionAdjustments.obj
 0001:00007d37       ?setEntryPoint@GlyphPositionAdjustments@@QAEXJAAULEPoint@@D@Z 10008d37 f   GlyphPositionAdjustments.obj
 0001:00007db5       ?setExitPoint@GlyphPositionAdjustments@@QAEXJAAULEPoint@@D@Z 10008db5 f   GlyphPositionAdjustments.obj
 0001:00007e33       ?setCursiveGlyph@GlyphPositionAdjustments@@QAEXJD@Z 10008e33 f   GlyphPositionAdjustments.obj
 0001:00007ead       ?getEntryPoint@EntryExitPoint@GlyphPositionAdjustments@@QBEPAULEPoint@@AAU3@@Z 10008ead f   GlyphPositionAdjustments.obj
 0001:00007ecb       ?getExitPoint@EntryExitPoint@GlyphPositionAdjustments@@QBEPAULEPoint@@AAU3@@Z 10008ecb f   GlyphPositionAdjustments.obj
 0001:00007ee9       ??0GlyphPositionAdjustments@@QAE@J@Z 10008ee9 f   GlyphPositionAdjustments.obj
 0001:00007f58       ??1GlyphPositionAdjustments@@QAE@XZ 10008f58 f   GlyphPositionAdjustments.obj
 0001:00007f7f       ?getEntryPoint@GlyphPositionAdjustments@@QBEPBULEPoint@@JAAU2@@Z 10008f7f f   GlyphPositionAdjustments.obj
 0001:00007f9b       ?getExitPoint@GlyphPositionAdjustments@@QBEPBULEPoint@@JAAU2@@Z 10008f9b f   GlyphPositionAdjustments.obj
 0001:00007fb7       ?applyCursiveAdjustments@GlyphPositionAdjustments@@QAEXAAVLEGlyphStorage@@DPBVLEFontInstance@@@Z 10008fb7 f   GlyphPositionAdjustments.obj
 0001:000081a8       ??0GlyphPositioningLookupProcessor@@QAE@PBUGlyphPositioningTableHeader@@KKPBUFeatureMap@@JDAAW4LEErrorCode@@@Z 100091a8 f   GlyphPosnLookupProc.obj
 0001:0000821e       ?applySubtable@GlyphPositioningLookupProcessor@@UBEKPBULookupSubtable@@GPAVGlyphIterator@@PBVLEFontInstance@@AAW4LEErrorCode@@@Z 1000921e f   GlyphPosnLookupProc.obj
 0001:0000830a       ??1GlyphPositioningLookupProcessor@@UAE@XZ 1000930a f   GlyphPosnLookupProc.obj
 0001:00008315       ??_GGlyphPositioningLookupProcessor@@UAEPAXI@Z 10009315 f i GlyphPosnLookupProc.obj
 0001:00008315       ??_EGlyphPositioningLookupProcessor@@UAEPAXI@Z 10009315 f i GlyphPosnLookupProc.obj
 0001:00008337       ?process@GlyphPositioningTableHeader@@QBEXAAVLEGlyphStorage@@PAVGlyphPositionAdjustments@@DKKPBUGlyphDefinitionTableHeader@@AAW4LEErrorCode@@PBVLEFontInstance@@PBUFeatureMap@@JD@Z 10009337 f   GlyphPositioningTables.obj
 0001:0000839a       ??0GlyphSubstitutionLookupProcessor@@QAE@PBUGlyphSubstitutionTableHeader@@KKPBVLEGlyphFilter@@PBUFeatureMap@@JDAAW4LEErrorCode@@@Z 1000939a f   GlyphSubstLookupProc.obj
 0001:00008416       ?applySubtable@GlyphSubstitutionLookupProcessor@@UBEKPBULookupSubtable@@GPAVGlyphIterator@@PBVLEFontInstance@@AAW4LEErrorCode@@@Z 10009416 f   GlyphSubstLookupProc.obj
 0001:000084bd       ??1GlyphSubstitutionLookupProcessor@@UAE@XZ 100094bd f   GlyphSubstLookupProc.obj
 0001:000084c8       ??_GGlyphSubstitutionLookupProcessor@@UAEPAXI@Z 100094c8 f i GlyphSubstLookupProc.obj
 0001:000084c8       ??_EGlyphSubstitutionLookupProcessor@@UAEPAXI@Z 100094c8 f i GlyphSubstLookupProc.obj
 0001:000084ea       ?process@GlyphSubstitutionTableHeader@@QBEJAAVLEGlyphStorage@@DKKPBUGlyphDefinitionTableHeader@@PBVLEGlyphFilter@@PBUFeatureMap@@JDAAW4LEErrorCode@@@Z 100094ea f   GlyphSubstitutionTables.obj
 0001:00008540       ?getDynamicClassID@HangulOpenTypeLayoutEngine@@UBEPBDXZ 10009540 f   HangulLayoutEngine.obj
 0001:0000866d       ??0HangulOpenTypeLayoutEngine@@QAE@PBVLEFontInstance@@JJJPBUGlyphSubstitutionTableHeader@@AAW4LEErrorCode@@@Z 1000966d f   HangulLayoutEngine.obj
 0001:000086a8       ??0HangulOpenTypeLayoutEngine@@QAE@PBVLEFontInstance@@JJJAAW4LEErrorCode@@@Z 100096a8 f   HangulLayoutEngine.obj
 0001:000086e0       ?characterProcessing@HangulOpenTypeLayoutEngine@@MAEJQBGJJJDAAPAGAAVLEGlyphStorage@@AAW4LEErrorCode@@@Z 100096e0 f   HangulLayoutEngine.obj
 0001:000089c5       ??_GHangulOpenTypeLayoutEngine@@UAEPAXI@Z 100099c5 f i HangulLayoutEngine.obj
 0001:000089c5       ??_EHangulOpenTypeLayoutEngine@@UAEPAXI@Z 100099c5 f i HangulLayoutEngine.obj
 0001:000089e7       ?getCharClass@IndicClassTable@@QBEKG@Z 100099e7 f   IndicClassTables.obj
 0001:00008a2c       ?getScriptClassTable@IndicClassTable@@SAPBU1@J@Z 10009a2c f   IndicClassTables.obj
 0001:00008a42       ?getWorstCaseExpansion@IndicReordering@@SAJJ@Z 10009a42 f   IndicClassTables.obj
 0001:00008a58       ?getFilterZeroWidth@IndicReordering@@SADJ@Z 10009a58 f   IndicClassTables.obj
 0001:00008a74       ?isVowelModifier@IndicClassTable@@QBEDG@Z 10009a74 f i IndicReordering.obj
 0001:00008a8c       ?isMatra@IndicClassTable@@QBEDG@Z 10009a8c f i IndicReordering.obj
 0001:00008aa9       ?hasAboveBaseForm@IndicClassTable@@QBEDG@Z 10009aa9 f i IndicReordering.obj
 0001:00008ac2       ?saveMatra@IndicReorderingOutput@@AAEXGJK@Z 10009ac2 f i IndicReordering.obj
 0001:00008b55       ??0IndicReorderingOutput@@QAE@PAGAAVLEGlyphStorage@@PAVMPreFixups@@@Z 10009b55 f i IndicReordering.obj
 0001:00008bd5       ?reset@IndicReorderingOutput@@QAEXXZ 10009bd5 f i IndicReordering.obj
 0001:00008c0e       ?moveCharacter@IndicReorderingOutput@@QAEXJJ@Z 10009c0e f i IndicReordering.obj
 0001:00008d2f       ?insertCharacter@IndicReorderingOutput@@QAEXGJJK@Z 10009d2f f i IndicReordering.obj
 0001:00008dc5       ?noteMatra@IndicReorderingOutput@@QAEDPBUIndicClassTable@@GKKD@Z 10009dc5 f i IndicReordering.obj
 0001:00008e5c       ?noteVowelModifier@IndicReorderingOutput@@QAEXPBUIndicClassTable@@GKK@Z 10009e5c f i IndicReordering.obj
 0001:00008e9f       ?noteStressMark@IndicReorderingOutput@@QAEXPBUIndicClassTable@@GKK@Z 10009e9f f i IndicReordering.obj
 0001:00008ee7       ?noteBaseConsonant@IndicReorderingOutput@@QAEXXZ 10009ee7 f i IndicReordering.obj
 0001:00008f01       ?writeMpre@IndicReorderingOutput@@QAEXXZ 10009f01 f i IndicReordering.obj
 0001:00008f1d       ?writePreBaseConsonant@IndicReorderingOutput@@QAEXXZ 10009f1d f i IndicReordering.obj
 0001:00008f5b       ?getFeatureMap@IndicReordering@@SAPBUFeatureMap@@AAJ@Z 10009f5b f   IndicReordering.obj
 0001:00008f6b       ?getv2FeatureMap@IndicReordering@@SAPBUFeatureMap@@AAJ@Z 10009f6b f   IndicReordering.obj
 0001:00008f7b       ?findSyllable@IndicReordering@@CAJPBUIndicClassTable@@PBGJJ@Z 10009f7b f   IndicReordering.obj
 0001:00008fce       ?reorder@IndicReordering@@SAJPBGJJPAGAAVLEGlyphStorage@@PAPAVMPreFixups@@AAW4LEErrorCode@@@Z 10009fce f   IndicReordering.obj
 0001:00009a0e       ?applyPresentationForms@IndicReordering@@SAXAAVLEGlyphStorage@@J@Z 1000aa0e f   IndicReordering.obj
 0001:00009a38       ?finalReordering@IndicReordering@@SAXAAVLEGlyphStorage@@J@Z 1000aa38 f   IndicReordering.obj
 0001:00009b24       ?getDynamicProperties@IndicReordering@@SAXPAKPBUIndicClassTable@@@Z 1000ab24 f   IndicReordering.obj
 0001:00009b9f       ?decomposeReorderMatras@IndicReorderingOutput@@QAEXPBUIndicClassTable@@JJJ@Z 1000ab9f f i IndicReordering.obj
 0001:00009cbe       ?adjustMPres@IndicReordering@@SAXPAVMPreFixups@@AAVLEGlyphStorage@@AAW4LEErrorCode@@@Z 1000acbe f   IndicReordering.obj
 0001:00009ce6       ?v2process@IndicReordering@@SAJPBGJJPAGAAVLEGlyphStorage@@@Z 1000ace6 f   IndicReordering.obj
 0001:0000a062       ??0KernTable@@QAE@PBVLEFontInstance@@PBX@Z 1000b062 f   KernTable.obj
 0001:0000a17f       ?process@KernTable@@QAEXAAVLEGlyphStorage@@@Z 1000b17f f   KernTable.obj
 0001:0000a29c       ?getDynamicClassID@KhmerOpenTypeLayoutEngine@@UBEPBDXZ 1000b29c f   KhmerLayoutEngine.obj
 0001:0000a2a2       ??0KhmerOpenTypeLayoutEngine@@QAE@PBVLEFontInstance@@JJJPBUGlyphSubstitutionTableHeader@@AAW4LEErrorCode@@@Z 1000b2a2 f   KhmerLayoutEngine.obj
 0001:0000a2dd       ?characterProcessing@KhmerOpenTypeLayoutEngine@@MAEJQBGJJJDAAPAGAAVLEGlyphStorage@@AAW4LEErrorCode@@@Z 1000b2dd f   KhmerLayoutEngine.obj
 0001:0000a3b8       ??_GKhmerOpenTypeLayoutEngine@@UAEPAXI@Z 1000b3b8 f i KhmerLayoutEngine.obj
 0001:0000a3b8       ??_EKhmerOpenTypeLayoutEngine@@UAEPAXI@Z 1000b3b8 f i KhmerLayoutEngine.obj
 0001:0000a3da       ?getCharClass@KhmerClassTable@@QBEKG@Z 1000b3da f   KhmerReordering.obj
 0001:0000a41c       ?writeChar@IndicReorderingOutput@@QAEXGKK@Z 1000b41c f i IndicReordering.obj
 0001:0000a41c       ?writeChar@KhmerReorderingOutput@@QAEXGKK@Z 1000b41c f i KhmerReordering.obj
 0001:0000a467       ?getFeatureMap@KhmerReordering@@SAPBUFeatureMap@@AAJ@Z 1000b467 f   KhmerReordering.obj
 0001:0000a477       ?findSyllable@KhmerReordering@@CAJPBUKhmerClassTable@@PBGJJ@Z 1000b477 f   KhmerReordering.obj
 0001:0000a4b5       ?reorder@KhmerReordering@@SAJPBGJJPAGAAVLEGlyphStorage@@@Z 1000b4b5 f   KhmerReordering.obj
 0001:0000a822       ?getDynamicClassID@LEGlyphStorage@@UBEPBDXZ 1000b822 f   LEGlyphStorage.obj
 0001:0000a828       ??_GLEInsertionCallback@@UAEPAXI@Z 1000b828 f i LEGlyphStorage.obj
 0001:0000a828       ??_ELEInsertionCallback@@UAEPAXI@Z 1000b828 f i LEGlyphStorage.obj
 0001:0000a845       ?allocateGlyphArray@LEGlyphStorage@@QAEXJDAAW4LEErrorCode@@@Z 1000b845 f   LEGlyphStorage.obj
 0001:0000a938       ?allocatePositions@LEGlyphStorage@@QAEJAAW4LEErrorCode@@@Z 1000b938 f   LEGlyphStorage.obj
 0001:0000a985       ?allocateAuxData@LEGlyphStorage@@QAEJAAW4LEErrorCode@@@Z 1000b985 f   LEGlyphStorage.obj
 0001:0000a9d0       ?getCharIndices@LEGlyphStorage@@QBEXQAJJAAW4LEErrorCode@@@Z 1000b9d0 f   LEGlyphStorage.obj
 0001:0000aa14       ?getGlyphs@LEGlyphStorage@@QBEXQAKKAAW4LEErrorCode@@@Z 1000ba14 f   LEGlyphStorage.obj
 0001:0000aa58       ?getGlyphID@LEGlyphStorage@@QBEKJAAW4LEErrorCode@@@Z 1000ba58 f   LEGlyphStorage.obj
 0001:0000aa92       ?setGlyphID@LEGlyphStorage@@QAEXJKAAW4LEErrorCode@@@Z 1000ba92 f   LEGlyphStorage.obj
 0001:0000aacb       ?getCharIndex@LEGlyphStorage@@QBEJJAAW4LEErrorCode@@@Z 1000bacb f   LEGlyphStorage.obj
 0001:0000ab03       ?setCharIndex@LEGlyphStorage@@QAEXJJAAW4LEErrorCode@@@Z 1000bb03 f   LEGlyphStorage.obj
 0001:0000ab3c       ?getAuxData@LEGlyphStorage@@QBEKJAAW4LEErrorCode@@@Z 1000bb3c f   LEGlyphStorage.obj
 0001:0000ab73       ?setAuxData@LEGlyphStorage@@QAEXJKAAW4LEErrorCode@@@Z 1000bb73 f   LEGlyphStorage.obj
 0001:0000abac       ?getGlyphPositions@LEGlyphStorage@@QBEXQAMAAW4LEErrorCode@@@Z 1000bbac f   LEGlyphStorage.obj
 0001:0000abee       ?getGlyphPosition@LEGlyphStorage@@QBEXJAAM0AAW4LEErrorCode@@@Z 1000bbee f   LEGlyphStorage.obj
 0001:0000ac36       ?setPosition@LEGlyphStorage@@QAEXJMMAAW4LEErrorCode@@@Z 1000bc36 f   LEGlyphStorage.obj
 0001:0000ac6c       ?adjustPosition@LEGlyphStorage@@QAEXJMMAAW4LEErrorCode@@@Z 1000bc6c f   LEGlyphStorage.obj
 0001:0000aca9       ?adoptGlyphArray@LEGlyphStorage@@QAEXAAV1@@Z 1000bca9 f   LEGlyphStorage.obj
 0001:0000acf0       ?adoptCharIndicesArray@LEGlyphStorage@@QAEXAAV1@@Z 1000bcf0 f   LEGlyphStorage.obj
 0001:0000ad14       ?adoptAuxDataArray@LEGlyphStorage@@QAEXAAV1@@Z 1000bd14 f   LEGlyphStorage.obj
 0001:0000ad38       ?adoptGlyphCount@LEGlyphStorage@@QAEXAAV1@@Z 1000bd38 f   LEGlyphStorage.obj
 0001:0000ad45       ?adoptGlyphCount@LEGlyphStorage@@QAEXJ@Z 1000bd45 f   LEGlyphStorage.obj
 0001:0000ad4f       ?moveGlyph@LEGlyphStorage@@QAEXJJK@Z 1000bd4f f   LEGlyphStorage.obj
 0001:0000ae68       ?insertGlyphs@LEGlyphStorage@@QAEPAKJJAAW4LEErrorCode@@@Z 1000be68 f   LEGlyphStorage.obj
 0001:0000ae70       ?applyInsertions@LEGlyphStorage@@QAEJXZ 1000be70 f   LEGlyphStorage.obj
 0001:0000aef6       ?applyInsertion@LEGlyphStorage@@MAEDJJQAK@Z 1000bef6 f   LEGlyphStorage.obj
 0001:0000af98       ??0LEGlyphStorage@@QAE@XZ  1000bf98 f   LEGlyphStorage.obj
 0001:0000afbb       ?reset@LEGlyphStorage@@QAEXXZ 1000bfbb f   LEGlyphStorage.obj
 0001:0000b021       ??1LEGlyphStorage@@UAE@XZ  1000c021 f   LEGlyphStorage.obj
 0001:0000b037       ??_GLEGlyphStorage@@UAEPAXI@Z 1000c037 f i LEGlyphStorage.obj
 0001:0000b037       ??_ELEGlyphStorage@@UAEPAXI@Z 1000c037 f i LEGlyphStorage.obj
 0001:0000b053       ?getDynamicClassID@LEInsertionList@@UBEPBDXZ 1000c053 f   LEInsertionList.obj
 0001:0000b059       ??0LEInsertionList@@QAE@D@Z 1000c059 f   LEInsertionList.obj
 0001:0000b078       ?reset@LEInsertionList@@QAEXXZ 1000c078 f   LEInsertionList.obj
 0001:0000b09e       ?getGrowAmount@LEInsertionList@@QAEJXZ 1000c09e f   LEInsertionList.obj
 0001:0000b0a2       ?insert@LEInsertionList@@QAEPAKJJAAW4LEErrorCode@@@Z 1000c0a2 f   LEInsertionList.obj
 0001:0000b109       ?applyInsertions@LEInsertionList@@QAEDPAVLEInsertionCallback@@@Z 1000c109 f   LEInsertionList.obj
 0001:0000b13b       ??1LEInsertionList@@QAE@XZ 1000c13b f   LEInsertionList.obj
 0001:0000b146       ?process@LigatureSubstitutionSubtable@@QBEKPAVGlyphIterator@@PBVLEGlyphFilter@@@Z 1000c146 f   LigatureSubstSubtables.obj
 0001:0000b2fa       ?applyLookupTable@LookupProcessor@@QBEKPBULookupTable@@PAVGlyphIterator@@PBVLEFontInstance@@AAW4LEErrorCode@@@Z 1000c2fa f   LookupProcessor.obj
 0001:0000b39c       ?process@LookupProcessor@@QBEJAAVLEGlyphStorage@@PAVGlyphPositionAdjustments@@DPBUGlyphDefinitionTableHeader@@PBVLEFontInstance@@AAW4LEErrorCode@@@Z 1000c39c f   LookupProcessor.obj
 0001:0000b476       ?applySingleLookup@LookupProcessor@@QBEKGPAVGlyphIterator@@PBVLEFontInstance@@AAW4LEErrorCode@@@Z 1000c476 f   LookupProcessor.obj
 0001:0000b4de       ?selectLookups@LookupProcessor@@IAEJPBUFeatureTable@@KJ@Z 1000c4de f   LookupProcessor.obj
 0001:0000b552       ??0LookupProcessor@@IAE@PBDGGGKKPBUFeatureMap@@JDAAW4LEErrorCode@@@Z 1000c552 f   LookupProcessor.obj
 0001:0000b8a9       ??1LookupProcessor@@UAE@XZ 1000c8a9 f   LookupProcessor.obj
 0001:0000b8c8       ??_ELookupProcessor@@UAEPAXI@Z 1000c8c8 f i LookupProcessor.obj
 0001:0000b8c8       ??_GLookupProcessor@@UAEPAXI@Z 1000c8c8 f i LookupProcessor.obj
 0001:0000b8e4       ?getLookupTable@LookupListTable@@QBEPBULookupTable@@G@Z 1000c8e4 f   Lookups.obj
 0001:0000b91f       ?getLookupSubtable@LookupTable@@QBEPBULookupSubtable@@G@Z 1000c91f f   Lookups.obj
 0001:0000b95b       ?getGlyphCoverage@LookupSubtable@@QBEJGK@Z 1000c95b f   Lookups.obj
 0001:0000b97f       ?getMarkClass@MarkArray@@QBEJKJPBVLEFontInstance@@AAULEPoint@@@Z 1000c97f f   MarkArrays.obj
 0001:0000b9e8       ?process@MarkToBasePositioningSubtable@@QBEJPAVGlyphIterator@@PBVLEFontInstance@@@Z 1000c9e8 f   MarkToBasePosnSubtables.obj
 0001:0000bc5e       ?findLigatureGlyph@MarkToLigaturePositioningSubtable@@QBEKPAVGlyphIterator@@@Z 1000cc5e f   MarkToLigaturePosnSubtables.obj
 0001:0000bc5e       ?findBaseGlyph@MarkToBasePositioningSubtable@@QBEKPAVGlyphIterator@@@Z 1000cc5e f   MarkToBasePosnSubtables.obj
 0001:0000bc80       ?process@MarkToLigaturePositioningSubtable@@QBEJPAVGlyphIterator@@PBVLEFontInstance@@@Z 1000cc80 f   MarkToLigaturePosnSubtables.obj
 0001:0000bec0       ?findMark2Glyph@MarkToMarkPositioningSubtable@@QBEKPAVGlyphIterator@@@Z 1000cec0 f   MarkToMarkPosnSubtables.obj
 0001:0000bee0       ?process@MarkToMarkPositioningSubtable@@QBEJPAVGlyphIterator@@PBVLEFontInstance@@@Z 1000cee0 f   MarkToMarkPosnSubtables.obj
 0001:0000c0da       ?process@MultipleSubstitutionSubtable@@QBEKPAVGlyphIterator@@AAW4LEErrorCode@@PBVLEGlyphFilter@@@Z 1000d0da f   MultipleSubstSubtables.obj
 0001:0000c28b       ?highBit@OpenTypeUtilities@@SACJ@Z 1000d28b f   OpenTypeUtilities.obj
 0001:0000c2ce       ?getTagOffset@OpenTypeUtilities@@SAGKPBUTagAndOffsetRecord@@J@Z 1000d2ce f   OpenTypeUtilities.obj
 0001:0000c3a2       ?getGlyphRangeIndex@OpenTypeUtilities@@SAJGPBUGlyphRangeRecord@@J@Z 1000d3a2 f   OpenTypeUtilities.obj
 0001:0000c460       ?search@OpenTypeUtilities@@SAJKQBKJ@Z 1000d460 f   OpenTypeUtilities.obj
 0001:0000c49f       ?sort@OpenTypeUtilities@@SAXPAGJ@Z 1000d49f f   OpenTypeUtilities.obj
 0001:0000c4ec       ?process@PairPositioningFormat2Subtable@@QBEKPAVGlyphIterator@@PBVLEFontInstance@@@Z 1000d4ec f   PairPositioningSubtables.obj
 0001:0000c65e       ?findPairValueRecord@PairPositioningFormat1Subtable@@ABEPBUPairValueRecord@@GPBU2@GG@Z 1000d65e f   PairPositioningSubtables.obj
 0001:0000c69a       ?process@PairPositioningFormat1Subtable@@QBEKPAVGlyphIterator@@PBVLEFontInstance@@@Z 1000d69a f   PairPositioningSubtables.obj
 0001:0000c7fa       ?process@PairPositioningSubtable@@QBEKPAVGlyphIterator@@PBVLEFontInstance@@@Z 1000d7fa f   PairPositioningSubtables.obj
 0001:0000c827       ?findLanguage@ScriptTable@@QBEPBULangSysTable@@KD@Z 1000d827 f   ScriptAndLanguage.obj
 0001:0000c892       ?findScript@ScriptListTable@@QBEPBUScriptTable@@K@Z 1000d892 f   ScriptAndLanguage.obj
 0001:0000c94b       ?findLanguage@ScriptListTable@@QBEPBULangSysTable@@KKD@Z 1000d94b f   ScriptAndLanguage.obj
 0001:0000c96a       ?process@SinglePositioningFormat1Subtable@@QBEKPAVGlyphIterator@@PBVLEFontInstance@@@Z 1000d96a f   SinglePositioningSubtables.obj
 0001:0000c9b9       ?process@SinglePositioningFormat2Subtable@@QBEKPAVGlyphIterator@@PBVLEFontInstance@@@Z 1000d9b9 f   SinglePositioningSubtables.obj
 0001:0000ca0d       ?process@SinglePositioningSubtable@@QBEKPAVGlyphIterator@@PBVLEFontInstance@@@Z 1000da0d f   SinglePositioningSubtables.obj
 0001:0000ca3a       ?process@SingleSubstitutionFormat1Subtable@@QBEKPAVGlyphIterator@@PBVLEGlyphFilter@@@Z 1000da3a f   SingleSubstitutionSubtables.obj
 0001:0000caa2       ?process@SingleSubstitutionFormat2Subtable@@QBEKPAVGlyphIterator@@PBVLEGlyphFilter@@@Z 1000daa2 f   SingleSubstitutionSubtables.obj
 0001:0000cb08       ?process@SingleSubstitutionSubtable@@QBEKPAVGlyphIterator@@PBVLEGlyphFilter@@@Z 1000db08 f   SingleSubstitutionSubtables.obj
 0001:0000cb35       ?getCharClass@ThaiShaping@@CAEG@Z 1000db35 f   ThaiShaping.obj
 0001:0000cb51       ?leftAboveVowel@ThaiShaping@@CAGGE@Z 1000db51 f   ThaiShaping.obj
 0001:0000cb92       ?lowerRightTone@ThaiShaping@@CAGGE@Z 1000db92 f   ThaiShaping.obj
 0001:0000cbb8       ?lowerLeftTone@ThaiShaping@@CAGGE@Z 1000dbb8 f   ThaiShaping.obj
 0001:0000cbde       ?upperLeftTone@ThaiShaping@@CAGGE@Z 1000dbde f   ThaiShaping.obj
 0001:0000cc04       ?lowerBelowVowel@ThaiShaping@@CAGGE@Z 1000dc04 f   ThaiShaping.obj
 0001:0000cc2a       ?noDescenderCOD@ThaiShaping@@CAGGE@Z 1000dc2a f   ThaiShaping.obj
 0001:0000cc4e       ?doTransition@ThaiShaping@@CAEUStateTransition@1@GJEGPAGAAVLEGlyphStorage@@AAJ@Z 1000dc4e f   ThaiShaping.obj
 0001:0000ce4a       ?getNextState@ThaiShaping@@CAEGEJEGAAEPAGAAVLEGlyphStorage@@AAJ@Z 1000de4a f   ThaiShaping.obj
 0001:0000ce8e       ?isLegalHere@ThaiShaping@@CADGE@Z 1000de8e f   ThaiShaping.obj
 0001:0000cec4       ?compose@ThaiShaping@@SAJPBGJJEGPAGAAVLEGlyphStorage@@@Z 1000dec4 f   ThaiShaping.obj
 0001:0000cfde       ?getDynamicClassID@TibetanOpenTypeLayoutEngine@@UBEPBDXZ 1000dfde f   TibetanLayoutEngine.obj
 0001:0000cfe4       ??0TibetanOpenTypeLayoutEngine@@QAE@PBVLEFontInstance@@JJJPBUGlyphSubstitutionTableHeader@@AAW4LEErrorCode@@@Z 1000dfe4 f   TibetanLayoutEngine.obj
 0001:0000d01f       ?characterProcessing@TibetanOpenTypeLayoutEngine@@MAEJQBGJJJDAAPAGAAVLEGlyphStorage@@AAW4LEErrorCode@@@Z 1000e01f f   TibetanLayoutEngine.obj
 0001:0000d0fa       ??_GTibetanOpenTypeLayoutEngine@@UAEPAXI@Z 1000e0fa f i TibetanLayoutEngine.obj
 0001:0000d0fa       ??_ETibetanOpenTypeLayoutEngine@@UAEPAXI@Z 1000e0fa f i TibetanLayoutEngine.obj
 0001:0000d11c       ?getCharClass@TibetanClassTable@@QBEKG@Z 1000e11c f   TibetanReordering.obj
 0001:0000d141       ?writeChar@TibetanReorderingOutput@@QAEXGKK@Z 1000e141 f i TibetanReordering.obj
 0001:0000d186       ?getFeatureMap@TibetanReordering@@SAPBUFeatureMap@@AAJ@Z 1000e186 f   TibetanReordering.obj
 0001:0000d196       ?findSyllable@TibetanReordering@@CAJPBUTibetanClassTable@@PBGJJ@Z 1000e196 f   TibetanReordering.obj
 0001:0000d1d4       ?reorder@TibetanReordering@@SAJPBGJJPAGAAVLEGlyphStorage@@@Z 1000e1d4 f   TibetanReordering.obj
 0001:0000d306       ?getFieldCount@ValueRecord@@CAFG@Z 1000e306 f   ValueRecords.obj
 0001:0000d352       ?getFieldIndex@ValueRecord@@CAFGF@Z 1000e352 f   ValueRecords.obj
 0001:0000d36f       ?getFieldValue@ValueRecord@@QBEFGF@Z 1000e36f f   ValueRecords.obj
 0001:0000d397       ?getFieldValue@ValueRecord@@QBEFFGF@Z 1000e397 f   ValueRecords.obj
 0001:0000d3d6       ?adjustPosition@ValueRecord@@QBEXGPBDAAVGlyphIterator@@PBVLEFontInstance@@@Z 1000e3d6 f   ValueRecords.obj
 0001:0000d6a5       ?adjustPosition@ValueRecord@@QBEXFGPBDAAVGlyphIterator@@PBVLEFontInstance@@@Z 1000e6a5 f   ValueRecords.obj
 0001:0000d98c       ?getSize@ValueRecord@@SAFG@Z 1000e98c f   ValueRecords.obj
 0001:0000d999       ?accept@CharSubstitutionFilter@@UBEDK@Z 1000e999 f   ArabicLayoutEngine.obj
 0001:0000d9aa       ?getDynamicClassID@ArabicOpenTypeLayoutEngine@@UBEPBDXZ 1000e9aa f   ArabicLayoutEngine.obj
 0001:0000d9b0       ??0ArabicOpenTypeLayoutEngine@@QAE@PBVLEFontInstance@@JJJPBUGlyphSubstitutionTableHeader@@AAW4LEErrorCode@@@Z 1000e9b0 f   ArabicLayoutEngine.obj
 0001:0000d9eb       ??0ArabicOpenTypeLayoutEngine@@QAE@PBVLEFontInstance@@JJJAAW4LEErrorCode@@@Z 1000e9eb f   ArabicLayoutEngine.obj
 0001:0000da1f       ?characterProcessing@ArabicOpenTypeLayoutEngine@@MAEJQBGJJJDAAPAGAAVLEGlyphStorage@@AAW4LEErrorCode@@@Z 1000ea1f f   ArabicLayoutEngine.obj
 0001:0000daf6       ?adjustGlyphPositions@ArabicOpenTypeLayoutEngine@@MAEXQBGJJDAAVLEGlyphStorage@@AAW4LEErrorCode@@@Z 1000eaf6 f   ArabicLayoutEngine.obj
 0001:0000db96       ??0UnicodeArabicOpenTypeLayoutEngine@@QAE@PBVLEFontInstance@@JJJAAW4LEErrorCode@@@Z 1000eb96 f   ArabicLayoutEngine.obj
 0001:0000dbe8       ??1UnicodeArabicOpenTypeLayoutEngine@@UAE@XZ 1000ebe8 f   ArabicLayoutEngine.obj
 0001:0000dc0c       ?glyphPostProcessing@UnicodeArabicOpenTypeLayoutEngine@@MAEJAAVLEGlyphStorage@@0AAW4LEErrorCode@@@Z 1000ec0c f   ArabicLayoutEngine.obj
 0001:0000dc8c       ?mapCharsToGlyphs@UnicodeArabicOpenTypeLayoutEngine@@MAEXQBGJJDDAAVLEGlyphStorage@@AAW4LEErrorCode@@@Z 1000ec8c f   ArabicLayoutEngine.obj
 0001:0000dd02       ?adjustGlyphPositions@UnicodeArabicOpenTypeLayoutEngine@@MAEXQBGJJDAAVLEGlyphStorage@@AAW4LEErrorCode@@@Z 1000ed02 f   ArabicLayoutEngine.obj
 0001:0000dd62       ??_EArabicOpenTypeLayoutEngine@@UAEPAXI@Z 1000ed62 f i ArabicLayoutEngine.obj
 0001:0000dd62       ??_GArabicOpenTypeLayoutEngine@@UAEPAXI@Z 1000ed62 f i ArabicLayoutEngine.obj
 0001:0000dd84       ??_EUnicodeArabicOpenTypeLayoutEngine@@UAEPAXI@Z 1000ed84 f i ArabicLayoutEngine.obj
 0001:0000dd84       ??_GUnicodeArabicOpenTypeLayoutEngine@@UAEPAXI@Z 1000ed84 f i ArabicLayoutEngine.obj
 0001:0000dda0       ?getShapeType@ArabicShaping@@CAJG@Z 1000eda0 f   ArabicShaping.obj
 0001:0000ddc1       ?getFeatureMap@ArabicShaping@@SAPBUFeatureMap@@AAJ@Z 1000edc1 f   ArabicShaping.obj
 0001:0000ddd1       ?adjustTags@ArabicShaping@@CAXJJAAVLEGlyphStorage@@@Z 1000edd1 f   ArabicShaping.obj
 0001:0000de0e       ?shape@ArabicShaping@@SAXPBGJJJDAAVLEGlyphStorage@@@Z 1000ee0e f   ArabicShaping.obj
 0001:0000df58       ?getDynamicClassID@GXLayoutEngine@@UBEPBDXZ 1000ef58 f   GXLayoutEngine.obj
 0001:0000df5e       ??0GXLayoutEngine@@QAE@PBVLEFontInstance@@JJPBUMorphTableHeader@@AAW4LEErrorCode@@@Z 1000ef5e f   GXLayoutEngine.obj
 0001:0000df8a       ??1GXLayoutEngine@@UAE@XZ  1000ef8a f   GXLayoutEngine.obj
 0001:0000dfa0       ?computeGlyphs@GXLayoutEngine@@MAEJQBGJJJDAAVLEGlyphStorage@@AAW4LEErrorCode@@@Z 1000efa0 f   GXLayoutEngine.obj
 0001:0000e012       ?adjustGlyphPositions@GXLayoutEngine@@MAEXQBGJJDAAVLEGlyphStorage@@AAW4LEErrorCode@@@Z 1000f012 f   GXLayoutEngine.obj
 0001:0000e037       ??_GGXLayoutEngine@@UAEPAXI@Z 1000f037 f i GXLayoutEngine.obj
 0001:0000e037       ??_EGXLayoutEngine@@UAEPAXI@Z 1000f037 f i GXLayoutEngine.obj
 0001:0000e053       ?getDynamicClassID@IndicOpenTypeLayoutEngine@@UBEPBDXZ 1000f053 f   IndicLayoutEngine.obj
 0001:0000e059       ??0IndicOpenTypeLayoutEngine@@QAE@PBVLEFontInstance@@JJJDPBUGlyphSubstitutionTableHeader@@AAW4LEErrorCode@@@Z 1000f059 f   IndicLayoutEngine.obj
 0001:0000e0b7       ??0IndicOpenTypeLayoutEngine@@QAE@PBVLEFontInstance@@JJJAAW4LEErrorCode@@@Z 1000f0b7 f   IndicLayoutEngine.obj
 0001:0000e0f7       ?glyphProcessing@IndicOpenTypeLayoutEngine@@MAEJQBGJJJDAAVLEGlyphStorage@@AAW4LEErrorCode@@@Z 1000f0f7 f   IndicLayoutEngine.obj
 0001:0000e1aa       ?characterProcessing@IndicOpenTypeLayoutEngine@@MAEJQBGJJJDAAPAGAAVLEGlyphStorage@@AAW4LEErrorCode@@@Z 1000f1aa f   IndicLayoutEngine.obj
 0001:0000e2c0       ??_GIndicOpenTypeLayoutEngine@@UAEPAXI@Z 1000f2c0 f i IndicLayoutEngine.obj
 0001:0000e2c0       ??_EIndicOpenTypeLayoutEngine@@UAEPAXI@Z 1000f2c0 f i IndicLayoutEngine.obj
 0001:0000e2e2       ??_EDefaultCharMapper@@UAEPAXI@Z 1000f2e2 f i LayoutEngine.obj
 0001:0000e2e2       ??_GDefaultCharMapper@@UAEPAXI@Z 1000f2e2 f i LayoutEngine.obj
 0001:0000e304       ?mapChar@DefaultCharMapper@@UBEKK@Z 1000f304 f   LayoutEngine.obj
 0001:0000e3b5       ??1LEGlyphFilter@@UAE@XZ   1000f3b5 f   LayoutEngine.obj
 0001:0000e3bc       ??0CanonMarkFilter@@QAE@PBUGlyphDefinitionTableHeader@@@Z 1000f3bc f   LayoutEngine.obj
 0001:0000e3d7       ?accept@CanonMarkFilter@@UBEDK@Z 1000f3d7 f   LayoutEngine.obj
 0001:0000e3eb       ?getDynamicClassID@LayoutEngine@@UBEPBDXZ 1000f3eb f   LayoutEngine.obj
 0001:0000e3f1       ??0LayoutEngine@@IAE@PBVLEFontInstance@@JJJAAW4LEErrorCode@@@Z 1000f3f1 f   LayoutEngine.obj
 0001:0000e452       ?getCharIndices@LayoutEngine@@QBEXQAJJAAW4LEErrorCode@@@Z 1000f452 f   LayoutEngine.obj
 0001:0000e45a       ?getGlyphs@LayoutEngine@@UBEXQAKKAAW4LEErrorCode@@@Z 1000f45a f   LayoutEngine.obj
 0001:0000e462       ?getGlyphPositions@LayoutEngine@@QBEXQAMAAW4LEErrorCode@@@Z 1000f462 f   LayoutEngine.obj
 0001:0000e46a       ?getGlyphPosition@LayoutEngine@@QBEXJAAM0AAW4LEErrorCode@@@Z 1000f46a f   LayoutEngine.obj
 0001:0000e472       ?computeGlyphs@LayoutEngine@@MAEJQBGJJJDAAVLEGlyphStorage@@AAW4LEErrorCode@@@Z 1000f472 f   LayoutEngine.obj
 0001:0000e513       ?positionGlyphs@LayoutEngine@@MAEXAAVLEGlyphStorage@@MMAAW4LEErrorCode@@@Z 1000f513 f   LayoutEngine.obj
 0001:0000e5a7       ?adjustMarkGlyphs@LayoutEngine@@KAXAAVLEGlyphStorage@@PAVLEGlyphFilter@@AAW4LEErrorCode@@@Z 1000f5a7 f   LayoutEngine.obj
 0001:0000e671       ?adjustMarkGlyphs@LayoutEngine@@KAXQBGJDAAVLEGlyphStorage@@PAVLEGlyphFilter@@AAW4LEErrorCode@@@Z 1000f671 f   LayoutEngine.obj
 0001:0000e762       ?getFontTable@LayoutEngine@@MBEPBXK@Z 1000f762 f   LayoutEngine.obj
 0001:0000e76a       ?layoutChars@LayoutEngine@@UAEJQBGJJJDMMAAW4LEErrorCode@@@Z 1000f76a f   LayoutEngine.obj
 0001:0000e81a       ?reset@LayoutEngine@@UAEXXZ 1000f81a f   LayoutEngine.obj
 0001:0000e822       ?layoutEngineFactory@LayoutEngine@@SAPAV1@PBVLEFontInstance@@JJJAAW4LEErrorCode@@@Z 1000f822 f   LayoutEngine.obj
 0001:0000ebaf       ??1LayoutEngine@@UAE@XZ    1000fbaf f   LayoutEngine.obj
 0001:0000ebc4       ??0CharSubstitutionFilter@@QAE@PBVLEFontInstance@@@Z 1000fbc4 f   LayoutEngine.obj
 0001:0000ebd6       ??_GCanonMarkFilter@@UAEPAXI@Z 1000fbd6 f i LayoutEngine.obj
 0001:0000ebd6       ??_ECanonMarkFilter@@UAEPAXI@Z 1000fbd6 f i LayoutEngine.obj
 0001:0000ebd6       ??_GCharSubstitutionFilter@@UAEPAXI@Z 1000fbd6 f i LayoutEngine.obj
 0001:0000ebd6       ??_ECharSubstitutionFilter@@UAEPAXI@Z 1000fbd6 f i LayoutEngine.obj
 0001:0000ebf3       ??_GLayoutEngine@@UAEPAXI@Z 1000fbf3 f i LayoutEngine.obj
 0001:0000ebf3       ??_ELayoutEngine@@UAEPAXI@Z 1000fbf3 f i LayoutEngine.obj
 0001:0000ec0f       ?characterProcessing@LayoutEngine@@MAEJQBGJJJDAAPAGAAVLEGlyphStorage@@AAW4LEErrorCode@@@Z 1000fc0f f   LayoutEngine.obj
 0001:0000ee5c       ?adjustGlyphPositions@LayoutEngine@@MAEXQBGJJDAAVLEGlyphStorage@@AAW4LEErrorCode@@@Z 1000fe5c f   LayoutEngine.obj
 0001:0000eee4       ?mapCharsToGlyphs@LayoutEngine@@MAEXQBGJJDDAAVLEGlyphStorage@@AAW4LEErrorCode@@@Z 1000fee4 f   LayoutEngine.obj
 0001:0000ef4b       ?SetFloatField@JNIEnv_@@QAEXPAV_jobject@@PAU_jfieldID@@M@Z 1000ff4b f i SunLayoutEngine.obj
 0001:0000ef67       ?CallBooleanMethod@JNIEnv_@@QAAEPAV_jobject@@PAU_jmethodID@@ZZ 1000ff67 f i SunLayoutEngine.obj
 0001:0000ef82       ?getSubFont@FontInstanceAdapter@@UBEPBVLEFontInstance@@QBGPAJJJAAW4LEErrorCode@@@Z 1000ff82 f i SunLayoutEngine.obj
 0001:0000ef87       ?getKernPairs@FontInstanceAdapter@@UBEPAXXZ 1000ff87 f i SunLayoutEngine.obj
 0001:0000ef8e       ?setKernPairs@FontInstanceAdapter@@UBEXPAX@Z 1000ff8e f i SunLayoutEngine.obj
 0001:0000ef9b       ?canDisplay@FontInstanceAdapter@@UBEDK@Z 1000ff9b f i SunLayoutEngine.obj
 0001:0000efb6       ?getUnitsPerEM@FontInstanceAdapter@@UBEJXZ 1000ffb6 f i SunLayoutEngine.obj
 0001:0000efba       ?getXPixelsPerEm@FontInstanceAdapter@@UBEMXZ 1000ffba f i SunLayoutEngine.obj
 0001:0000efbe       ?getYPixelsPerEm@FontInstanceAdapter@@UBEMXZ 1000ffbe f i SunLayoutEngine.obj
 0001:0000efc2       ?xUnitsToPoints@FontInstanceAdapter@@UBEMM@Z 1000ffc2 f i SunLayoutEngine.obj
 0001:0000efd5       ?yUnitsToPoints@FontInstanceAdapter@@UBEMM@Z 1000ffd5 f i SunLayoutEngine.obj
 0001:0000efe8       ?unitsToPoints@LEFontInstance@@UBEXAAULEPoint@@0@Z 1000ffe8 f i LEFontInstance.obj
 0001:0000efe8       ?unitsToPoints@FontInstanceAdapter@@UBEXAAULEPoint@@0@Z 1000ffe8 f i SunLayoutEngine.obj
 0001:0000f019       ?xPixelsToUnits@FontInstanceAdapter@@UBEMM@Z 10010019 f i SunLayoutEngine.obj
 0001:0000f02c       ?yPixelsToUnits@FontInstanceAdapter@@UBEMM@Z 1001002c f i SunLayoutEngine.obj
 0001:0000f03f       ?pixelsToUnits@FontInstanceAdapter@@UBEXAAULEPoint@@0@Z 1001003f f i SunLayoutEngine.obj
 0001:0000f03f       ?pixelsToUnits@LEFontInstance@@UBEXAAULEPoint@@0@Z 1001003f f i LEFontInstance.obj
 0001:0000f070       ?getScaleFactorX@FontInstanceAdapter@@UBEMXZ 10010070 f i SunLayoutEngine.obj
 0001:0000f074       ?getScaleFactorY@FontInstanceAdapter@@UBEMXZ 10010074 f i SunLayoutEngine.obj
 0001:0000f078       ?getLeading@FontInstanceAdapter@@UBEJXZ 10010078 f i SunLayoutEngine.obj
 0001:0000f078       ?getDescent@FontInstanceAdapter@@UBEJXZ 10010078 f i SunLayoutEngine.obj
 0001:0000f078       ?getAscent@FontInstanceAdapter@@UBEJXZ 10010078 f i SunLayoutEngine.obj
 0001:0000f07b       ??_GFontInstanceAdapter@@UAEPAXI@Z 1001007b f i SunLayoutEngine.obj
 0001:0000f07b       ??_EFontInstanceAdapter@@UAEPAXI@Z 1001007b f i SunLayoutEngine.obj
 0001:0000f09d       ?getFloat@@YAXPAUJNIEnv_@@PAV_jobject@@AAM2@Z 1001009d f   SunLayoutEngine.obj
 0001:0000f0d5       ?putFloat@@YAXPAUJNIEnv_@@PAV_jobject@@MM@Z 100100d5 f   SunLayoutEngine.obj
 0001:0000f10a       _Java_sun_font_SunLayoutEngine_initGVIDs@8 1001010a f   SunLayoutEngine.obj
 0001:0000f218       ?putGV@@YAHPAUJNIEnv_@@JJPAV_jobject@@PBVLayoutEngine@@H@Z 10010218 f   SunLayoutEngine.obj
 0001:0000f39c       _Java_sun_font_SunLayoutEngine_nativeLayout@84 1001039c f   SunLayoutEngine.obj
 0001:0000f5bf       ?getDynamicClassID@OpenTypeLayoutEngine@@UBEPBDXZ 100105bf f   OpenTypeLayoutEngine.obj
 0001:0000f5c5       ?reset@OpenTypeLayoutEngine@@MAEXXZ 100105c5 f   OpenTypeLayoutEngine.obj
 0001:0000f5ca       ??1OpenTypeLayoutEngine@@UAE@XZ 100105ca f   OpenTypeLayoutEngine.obj
 0001:0000f5f8       ?getScriptTag@OpenTypeLayoutEngine@@SAKJ@Z 100105f8 f   OpenTypeLayoutEngine.obj
 0001:0000f60f       ?getV2ScriptTag@OpenTypeLayoutEngine@@SAKJ@Z 1001060f f   OpenTypeLayoutEngine.obj
 0001:0000f677       ?getLangSysTag@OpenTypeLayoutEngine@@SAKJ@Z 10010677 f   OpenTypeLayoutEngine.obj
 0001:0000f68c       ?setScriptAndLanguageTags@OpenTypeLayoutEngine@@AAEXXZ 1001068c f   OpenTypeLayoutEngine.obj
 0001:0000f6b0       ?characterProcessing@OpenTypeLayoutEngine@@MAEJQBGJJJDAAPAGAAVLEGlyphStorage@@AAW4LEErrorCode@@@Z 100106b0 f   OpenTypeLayoutEngine.obj
 0001:0000f78f       ?glyphProcessing@OpenTypeLayoutEngine@@MAEJQBGJJJDAAVLEGlyphStorage@@AAW4LEErrorCode@@@Z 1001078f f   OpenTypeLayoutEngine.obj
 0001:0000f86d       ?glyphSubstitution@OpenTypeLayoutEngine@@MAEJJJDAAVLEGlyphStorage@@AAW4LEErrorCode@@@Z 1001086d f   OpenTypeLayoutEngine.obj
 0001:0000f8f5       ?glyphPostProcessing@OpenTypeLayoutEngine@@MAEJAAVLEGlyphStorage@@0AAW4LEErrorCode@@@Z 100108f5 f   OpenTypeLayoutEngine.obj
 0001:0000f934       ?computeGlyphs@OpenTypeLayoutEngine@@MAEJQBGJJJDAAVLEGlyphStorage@@AAW4LEErrorCode@@@Z 10010934 f   OpenTypeLayoutEngine.obj
 0001:0000fa2a       ??0OpenTypeLayoutEngine@@QAE@PBVLEFontInstance@@JJJPBUGlyphSubstitutionTableHeader@@AAW4LEErrorCode@@@Z 10010a2a f   OpenTypeLayoutEngine.obj
 0001:0000fb05       ??_EOpenTypeLayoutEngine@@UAEPAXI@Z 10010b05 f i OpenTypeLayoutEngine.obj
 0001:0000fb05       ??_GOpenTypeLayoutEngine@@UAEPAXI@Z 10010b05 f i OpenTypeLayoutEngine.obj
 0001:0000fb21       ??0OpenTypeLayoutEngine@@QAE@PBVLEFontInstance@@JJJAAW4LEErrorCode@@@Z 10010b21 f   OpenTypeLayoutEngine.obj
 0001:0000fb60       ?adjustGlyphPositions@OpenTypeLayoutEngine@@MAEXQBGJJDAAVLEGlyphStorage@@AAW4LEErrorCode@@@Z 10010b60 f   OpenTypeLayoutEngine.obj
 0001:0000fdd7       ?getDynamicClassID@ThaiLayoutEngine@@UBEPBDXZ 10010dd7 f   ThaiLayoutEngine.obj
 0001:0000fddd       ??0ThaiLayoutEngine@@QAE@PBVLEFontInstance@@JJJAAW4LEErrorCode@@@Z 10010ddd f   ThaiLayoutEngine.obj
 0001:0000fe80       ?computeGlyphs@ThaiLayoutEngine@@MAEJQBGJJJDAAVLEGlyphStorage@@AAW4LEErrorCode@@@Z 10010e80 f   ThaiLayoutEngine.obj
 0001:0000ff71       ?adjustGlyphPositions@ThaiLayoutEngine@@MAEXQBGJJDAAVLEGlyphStorage@@AAW4LEErrorCode@@@Z 10010f71 f   ThaiLayoutEngine.obj
 0001:0000ffc8       ??_EThaiLayoutEngine@@UAEPAXI@Z 10010fc8 f i ThaiLayoutEngine.obj
 0001:0000ffc8       ??_GThaiLayoutEngine@@UAEPAXI@Z 10010fc8 f i ThaiLayoutEngine.obj
 0001:0000ffea       ?NewObject@JNIEnv_@@QAAPAV_jobject@@PAV_jclass@@PAU_jmethodID@@ZZ 10010fea f i FontInstanceAdapter.obj
 0001:00010002       ?CallObjectMethod@JNIEnv_@@QAAPAV_jobject@@PAV2@PAU_jmethodID@@ZZ 10011002 f i FontInstanceAdapter.obj
 0001:0001001d       ?CallIntMethod@JNIEnv_@@QAAJPAV_jobject@@PAU_jmethodID@@ZZ 1001101d f i FontInstanceAdapter.obj
 0001:00010038       ?getFontTable@FontInstanceAdapter@@UBEPBXK@Z 10011038 f   FontInstanceAdapter.obj
 0001:00010178       ?mapCharToGlyph@FontInstanceAdapter@@UBEKKPBVLECharMapper@@@Z 10011178 f   FontInstanceAdapter.obj
 0001:000101c9       ?mapCharToGlyph@FontInstanceAdapter@@UBEKK@Z 100111c9 f   FontInstanceAdapter.obj
 0001:000101e4       ?mapCharsToWideGlyphs@FontInstanceAdapter@@UBEXQBGJJDPBVLECharMapper@@QAK@Z 100111e4 f   FontInstanceAdapter.obj
 0001:00010288       ?mapCharToWideGlyph@FontInstanceAdapter@@UBEKKPBVLECharMapper@@@Z 10011288 f   FontInstanceAdapter.obj
 0001:000102d1       ?getGlyphAdvance@FontInstanceAdapter@@UBEXKAAULEPoint@@@Z 100112d1 f   FontInstanceAdapter.obj
 0001:000102d9       ?getKerningAdjustment@FontInstanceAdapter@@UBEXAAULEPoint@@@Z 100112d9 f   FontInstanceAdapter.obj
 0001:000103d5       ?getWideGlyphAdvance@FontInstanceAdapter@@UBEXKAAULEPoint@@@Z 100113d5 f   FontInstanceAdapter.obj
 0001:00010453       ?getGlyphPoint@FontInstanceAdapter@@UBEDKJAAULEPoint@@@Z 10011453 f   FontInstanceAdapter.obj
 0001:000104b7       ?transformFunits@FontInstanceAdapter@@UBEXMMAAULEPoint@@@Z 100114b7 f   FontInstanceAdapter.obj
 0001:0001055e       ?euclidianDistance@FontInstanceAdapter@@AAEMMM@Z 1001155e f   FontInstanceAdapter.obj
 0001:00010646       ??0FontInstanceAdapter@@QAE@PAUJNIEnv_@@PAV_jobject@@1PAMJJJPAUTTLayoutTableCache@@@Z 10011646 f   FontInstanceAdapter.obj
 0001:00010732       _JNU_ReleaseStringPlatformChars@12 10011732 f   java:java.dll
 0001:00010738       _JNU_GetStringPlatformChars@12 10011738 f   java:java.dll
 0001:0001073e       _JNU_NewStringPlatform@8   1001173e f   java:java.dll
 0001:00010744       _JNU_ThrowNoSuchFieldException@8 10011744 f   java:java.dll
 0001:0001074a       _JNU_ThrowInternalError@8  1001174a f   java:java.dll
 0001:00010750       _JNU_ThrowClassNotFoundException@8 10011750 f   java:java.dll
 0001:00010756       _JNU_ThrowArrayIndexOutOfBoundsException@8 10011756 f   java:java.dll
 0001:0001075c       _FT_Done_FreeType          1001175c f   freetype:freetype.dll
 0001:00010762       _FT_Done_Face              10011762 f   freetype:freetype.dll
 0001:00010768       _FT_Open_Face              10011768 f   freetype:freetype.dll
 0001:0001076e       _FT_New_Memory_Face        1001176e f   freetype:freetype.dll
 0001:00010774       _FT_Init_FreeType          10011774 f   freetype:freetype.dll
 0001:0001077a       _FT_Activate_Size          1001177a f   freetype:freetype.dll
 0001:00010780       _FT_Set_Char_Size          10011780 f   freetype:freetype.dll
 0001:00010786       _FT_Set_Transform          10011786 f   freetype:freetype.dll
 0001:0001078c       _FT_MulFix                 1001178c f   freetype:freetype.dll
 0001:00010792       _FT_Render_Glyph           10011792 f   freetype:freetype.dll
 0001:00010798       _FT_GlyphSlot_Oblique      10011798 f   freetype:freetype.dll
 0001:0001079e       _FT_GlyphSlot_Embolden     1001179e f   freetype:freetype.dll
 0001:000107a4       _FT_Load_Glyph             100117a4 f   freetype:freetype.dll
 0001:000107aa       _FT_Get_Char_Index         100117aa f   freetype:freetype.dll
 0001:000107b0       _FT_Outline_Translate      100117b0 f   freetype:freetype.dll
 0001:000107b6       _FT_Outline_Get_BBox       100117b6 f   freetype:freetype.dll
 0001:000107bc       _SurfaceData_IntersectBounds@8 100117bc f   awt:awt.dll
 0001:000107c2       _GrPrim_Sg2dGetClip@12     100117c2 f   awt:awt.dll
 0001:000107c8       _GrPrim_Sg2dGetCompInfo@16 100117c8 f   awt:awt.dll
 0001:000107ce       _SurfaceData_GetOps@8      100117ce f   awt:awt.dll
 0001:000107d4       _GrPrim_Sg2dGetEaRGB@8     100117d4 f   awt:awt.dll
 0001:000107da       _GrPrim_Sg2dGetPixel@8     100117da f   awt:awt.dll
 0001:000107e0       _GetNativePrim@8           100117e0 f   awt:awt.dll
 0001:000107e6       _GrPrim_Sg2dGetLCDTextContrast@8 100117e6 f   awt:awt.dll
 0001:000107ec       _AccelGlyphCache_RemoveAllCellInfos 100117ec f   awt:awt.dll
 0001:00010800       __ftol2_sse                10011800 f   MSVCRT:ftol2.obj
 0001:00010809       __ftol2_pentium4           10011809 f   MSVCRT:ftol2.obj
 0001:0001081c       __ftol2_sse_excpt          1001181c f   MSVCRT:ftol2.obj
 0001:00010836       __ftol2                    10011836 f   MSVCRT:ftol2.obj
 0001:000108ab       @__security_check_cookie@4 100118ab f   MSVCRT:secchk.obj
 0001:000108ba       _pow                       100118ba f   MSVCRT:MSVCR100.dll
 0001:000108c0       _memset                    100118c0 f   MSVCRT:MSVCR100.dll
 0001:000108c6       _memcpy                    100118c6 f   MSVCRT:MSVCR100.dll
 0001:000108cc       _sqrt                      100118cc f   MSVCRT:MSVCR100.dll
 0001:000108d2       _strcpy                    100118d2 f   MSVCRT:MSVCR100.dll
 0001:000108d8       _strlen                    100118d8 f   MSVCRT:MSVCR100.dll
 0001:000108de       _strcat                    100118de f   MSVCRT:MSVCR100.dll
 0001:000108e4       _strcmp                    100118e4 f   MSVCRT:MSVCR100.dll
 0001:000108f0       __alloca_probe_16          100118f0 f   MSVCRT:alloca16.obj
 0001:00010906       __alloca_probe_8           10011906     MSVCRT:alloca16.obj
 0001:0001091c       ??_Etype_info@@UAEPAXI@Z   1001191c f i MSVCRT:ti_inst.obj
 0001:00010968       ??3@YAXPAX@Z               10011968 f   MSVCRT:MSVCR100.dll
 0001:0001096e       __purecall                 1001196e f   MSVCRT:MSVCR100.dll
 0001:00010974       ??2@YAPAXI@Z               10011974 f   MSVCRT:MSVCR100.dll
 0001:000109c8       __CRT_INIT@12              100119c8 f   MSVCRT:crtdll.obj
 0001:00010ce8       __DllMainCRTStartup@12     10011ce8 f   MSVCRT:crtdll.obj
 0001:00010d0b       ___sse2_available_init     10011d0b f   MSVCRT:cpu_disp.obj
 0001:00010d1b       ___report_gsfailure        10011d1b f   MSVCRT:gs_report.obj
 0001:00010e30       __alloca_probe             10011e30     MSVCRT:chkstk.obj
 0001:00010e30       __chkstk                   10011e30 f   MSVCRT:chkstk.obj
 0001:00010e5b       ?__ArrayUnwind@@YGXPAXIHP6EX0@Z@Z 10011e5b f   MSVCRT:ehvecdtr.obj
 0001:00010eb9       ??_M@YGXPAXIHP6EX0@Z@Z     10011eb9 f   MSVCRT:ehvecdtr.obj
 0001:00010f1c       ___clean_type_info_names   10011f1c f   MSVCRT:tncleanup.obj
 0001:00010f28       __onexit                   10011f28 f   MSVCRT:atonexit.obj
 0001:00010fc9       _atexit                    10011fc9 f   MSVCRT:atonexit.obj
 0001:00010fe0       __RTC_Initialize           10011fe0 f   MSVCRT:_initsect_.obj
 0001:00011006       __RTC_Terminate            10012006 f   MSVCRT:_initsect_.obj
 0001:00011030       __ValidateImageBase        10012030 f   MSVCRT:pesect.obj
 0001:00011070       __FindPESection            10012070 f   MSVCRT:pesect.obj
 0001:000110c0       __IsNonwritableInCurrentImage 100120c0 f   MSVCRT:pesect.obj
 0001:0001117c       __initterm                 1001217c f   MSVCRT:MSVCR100.dll
 0001:00011182       __initterm_e               10012182 f   MSVCRT:MSVCR100.dll
 0001:00011188       __amsg_exit                10012188 f   MSVCRT:MSVCR100.dll
 0001:0001118e       ___CppXcptFilter           1001218e f   MSVCRT:MSVCR100.dll
 0001:00011194       _DllMain@12                10012194 f   MSVCRT:dllmain.obj
 0001:000111c0       __SEH_prolog4              100121c0 f   MSVCRT:sehprolg4.obj
 0001:00011205       __SEH_epilog4              10012205 f   MSVCRT:sehprolg4.obj
 0001:00011219       __except_handler4          10012219 f   MSVCRT:chandler4gs.obj
 0001:0001123e       ___security_init_cookie    1001223e f   MSVCRT:gs_support.obj
 0001:000112da       __crt_debugger_hook        100122da f   MSVCRT:MSVCR100.dll
 0001:000112e0       ?terminate@@YAXXZ          100122e0 f   MSVCRT:MSVCR100.dll
 0001:000112e6       ??1type_info@@UAE@XZ       100122e6 f   MSVCRT:MSVCR100.dll
 0001:000112e6       ?_type_info_dtor_internal_method@type_info@@QAEXXZ 100122e6 f   MSVCRT:MSVCR100.dll
 0001:000112ec       ___clean_type_info_names_internal 100122ec f   MSVCRT:MSVCR100.dll
 0001:000112f2       __unlock                   100122f2 f   MSVCRT:MSVCR100.dll
 0001:000112f8       ___dllonexit               100122f8 f   MSVCRT:MSVCR100.dll
 0001:000112fe       __lock                     100122fe f   MSVCRT:MSVCR100.dll
 0001:00011304       __except_handler4_common   10012304 f   MSVCRT:MSVCR100.dll
 0002:00000000       __imp__RegQueryInfoKeyA@48 10013000     advapi32:ADVAPI32.dll
 0002:00000004       __imp__RegEnumValueA@32    10013004     advapi32:ADVAPI32.dll
 0002:00000008       __imp__RegEnumValueW@32    10013008     advapi32:ADVAPI32.dll
 0002:0000000c       __imp__RegQueryInfoKeyW@48 1001300c     advapi32:ADVAPI32.dll
 0002:00000010       __imp__RegOpenKeyExA@20    10013010     advapi32:ADVAPI32.dll
 0002:00000014       __imp__RegCloseKey@4       10013014     advapi32:ADVAPI32.dll
 0002:00000018       \177ADVAPI32_NULL_THUNK_DATA 10013018     advapi32:ADVAPI32.dll
 0002:0000001c       __imp__CreateCompatibleBitmap@12 1001301c     gdi32:GDI32.dll
 0002:00000020       __imp__GetStockObject@4    10013020     gdi32:GDI32.dll
 0002:00000024       __imp__SetBkColor@8        10013024     gdi32:GDI32.dll
 0002:00000028       __imp__SetTextColor@8      10013028     gdi32:GDI32.dll
 0002:0000002c       __imp__GetGlyphOutlineA@28 1001302c     gdi32:GDI32.dll
 0002:00000030       __imp__DeleteObject@4      10013030     gdi32:GDI32.dll
 0002:00000034       __imp__GetDIBits@28        10013034     gdi32:GDI32.dll
 0002:00000038       __imp__EnumFontFamiliesExA@20 10013038     gdi32:GDI32.dll
 0002:0000003c       __imp__EnumFontFamiliesExW@20 1001303c     gdi32:GDI32.dll
 0002:00000040       __imp__GetTextMetricsA@8   10013040     gdi32:GDI32.dll
 0002:00000044       __imp__SelectObject@8      10013044     gdi32:GDI32.dll
 0002:00000048       __imp__CreateFontIndirectW@4 10013048     gdi32:GDI32.dll
 0002:0000004c       __imp__SetMapMode@8        1001304c     gdi32:GDI32.dll
 0002:00000050       __imp__CreateCompatibleDC@4 10013050     gdi32:GDI32.dll
 0002:00000054       __imp__GetDeviceCaps@8     10013054     gdi32:GDI32.dll
 0002:00000058       __imp__ExtTextOutW@32      10013058     gdi32:GDI32.dll
 0002:0000005c       \177GDI32_NULL_THUNK_DATA  1001305c     gdi32:GDI32.dll
 0002:00000060       __imp__GetSystemDirectoryA@8 10013060     kernel32:KERNEL32.dll
 0002:00000064       __imp__GetVersionExA@4     10013064     kernel32:KERNEL32.dll
 0002:00000068       __imp__GetVersion@0        10013068     kernel32:KERNEL32.dll
 0002:0000006c       __imp__EncodePointer@4     1001306c     kernel32:KERNEL32.dll
 0002:00000070       __imp__DecodePointer@4     10013070     kernel32:KERNEL32.dll
 0002:00000074       __imp__InterlockedExchange@8 10013074     kernel32:KERNEL32.dll
 0002:00000078       __imp__Sleep@4             10013078     kernel32:KERNEL32.dll
 0002:0000007c       __imp__GetSystemTimeAsFileTime@4 1001307c     kernel32:KERNEL32.dll
 0002:00000080       __imp__GetCurrentProcessId@0 10013080     kernel32:KERNEL32.dll
 0002:00000084       __imp__GetCurrentThreadId@0 10013084     kernel32:KERNEL32.dll
 0002:00000088       __imp__GetTickCount@0      10013088     kernel32:KERNEL32.dll
 0002:0000008c       __imp__QueryPerformanceCounter@4 1001308c     kernel32:KERNEL32.dll
 0002:00000090       __imp__DisableThreadLibraryCalls@4 10013090     kernel32:KERNEL32.dll
 0002:00000094       __imp__IsDebuggerPresent@0 10013094     kernel32:KERNEL32.dll
 0002:00000098       __imp__InterlockedCompareExchange@12 10013098     kernel32:KERNEL32.dll
 0002:0000009c       __imp__IsProcessorFeaturePresent@4 1001309c     kernel32:KERNEL32.dll
 0002:000000a0       __imp__TerminateProcess@8  100130a0     kernel32:KERNEL32.dll
 0002:000000a4       __imp__GetCurrentProcess@0 100130a4     kernel32:KERNEL32.dll
 0002:000000a8       __imp__UnhandledExceptionFilter@4 100130a8     kernel32:KERNEL32.dll
 0002:000000ac       __imp__SetUnhandledExceptionFilter@4 100130ac     kernel32:KERNEL32.dll
 0002:000000b0       __imp__GetWindowsDirectoryA@8 100130b0     kernel32:KERNEL32.dll
 0002:000000b4       \177KERNEL32_NULL_THUNK_DATA 100130b4     kernel32:KERNEL32.dll
 0002:000000b8       __imp_?terminate@@YAXXZ    100130b8     MSVCRT:MSVCR100.dll
 0002:000000bc       __imp_?_type_info_dtor_internal_method@type_info@@QAEXXZ 100130bc     MSVCRT:MSVCR100.dll
 0002:000000c0       __imp____clean_type_info_names_internal 100130c0     MSVCRT:MSVCR100.dll
 0002:000000c4       __imp___unlock             100130c4     MSVCRT:MSVCR100.dll
 0002:000000c8       __imp____dllonexit         100130c8     MSVCRT:MSVCR100.dll
 0002:000000cc       __imp___lock               100130cc     MSVCRT:MSVCR100.dll
 0002:000000d0       __imp___wcsicmp            100130d0     MSVCRT:MSVCR100.dll
 0002:000000d0       __imp__wcsicmp             100130d0     MSVCRT:MSVCR100.dll
 0002:000000d4       __imp___except_handler4_common 100130d4     MSVCRT:MSVCR100.dll
 0002:000000d8       __imp___stricmp            100130d8     MSVCRT:MSVCR100.dll
 0002:000000d8       __imp__stricmp             100130d8     MSVCRT:MSVCR100.dll
 0002:000000dc       __imp___crt_debugger_hook  100130dc     MSVCRT:MSVCR100.dll
 0002:000000e0       __imp____CppXcptFilter     100130e0     MSVCRT:MSVCR100.dll
 0002:000000e4       __imp___amsg_exit          100130e4     MSVCRT:MSVCR100.dll
 0002:000000e8       __imp___initterm_e         100130e8     MSVCRT:MSVCR100.dll
 0002:000000ec       __imp___initterm           100130ec     MSVCRT:MSVCR100.dll
 0002:000000f0       __imp___encoded_null       100130f0     MSVCRT:MSVCR100.dll
 0002:000000f4       __imp___malloc_crt         100130f4     MSVCRT:MSVCR100.dll
 0002:000000f8       __imp_??2@YAPAXI@Z         100130f8     MSVCRT:MSVCR100.dll
 0002:000000fc       __imp___purecall           100130fc     MSVCRT:MSVCR100.dll
 0002:00000100       __imp_??3@YAXPAX@Z         10013100     MSVCRT:MSVCR100.dll
 0002:00000104       __imp__floor               10013104     MSVCRT:MSVCR100.dll
 0002:00000108       __imp__free                10013108     MSVCRT:MSVCR100.dll
 0002:0000010c       __imp__malloc              1001310c     MSVCRT:MSVCR100.dll
 0002:00000110       __imp__pow                 10013110     MSVCRT:MSVCR100.dll
 0002:00000114       __imp__memset              10013114     MSVCRT:MSVCR100.dll
 0002:00000118       __imp__calloc              10013118     MSVCRT:MSVCR100.dll
 0002:0000011c       __imp__memcpy              1001311c     MSVCRT:MSVCR100.dll
 0002:00000120       __imp__sqrt                10013120     MSVCRT:MSVCR100.dll
 0002:00000124       __imp__realloc             10013124     MSVCRT:MSVCR100.dll
 0002:00000128       __imp__strcpy              10013128     MSVCRT:MSVCR100.dll
 0002:0000012c       __imp__strlen              1001312c     MSVCRT:MSVCR100.dll
 0002:00000130       __imp__strcat              10013130     MSVCRT:MSVCR100.dll
 0002:00000134       __imp__strrchr             10013134     MSVCRT:MSVCR100.dll
 0002:00000138       __imp__wcscmp              10013138     MSVCRT:MSVCR100.dll
 0002:0000013c       __imp__wcscpy              1001313c     MSVCRT:MSVCR100.dll
 0002:00000140       __imp__wcslen              10013140     MSVCRT:MSVCR100.dll
 0002:00000144       __imp__strcmp              10013144     MSVCRT:MSVCR100.dll
 0002:00000148       __imp__strstr              10013148     MSVCRT:MSVCR100.dll
 0002:0000014c       __imp__wcsstr              1001314c     MSVCRT:MSVCR100.dll
 0002:00000150       __imp__wcsrchr             10013150     MSVCRT:MSVCR100.dll
 0002:00000154       __imp___onexit             10013154     MSVCRT:MSVCR100.dll
 0002:00000158       \177MSVCR100_NULL_THUNK_DATA 10013158     MSVCRT:MSVCR100.dll
 0002:0000015c       __imp__SystemParametersInfoA@16 1001315c     user32:USER32.dll
 0002:00000160       __imp__FillRect@12         10013160     user32:USER32.dll
 0002:00000164       __imp__ReleaseDC@8         10013164     user32:USER32.dll
 0002:00000168       __imp__GetWindowDC@4       10013168     user32:USER32.dll
 0002:0000016c       __imp__GetDesktopWindow@0  1001316c     user32:USER32.dll
 0002:00000170       __imp__GetDC@4             10013170     user32:USER32.dll
 0002:00000174       \177USER32_NULL_THUNK_DATA 10013174     user32:USER32.dll
 0002:00000178       __imp__GrPrim_Sg2dGetCompInfo@16 10013178     awt:awt.dll
 0002:0000017c       __imp__SurfaceData_IntersectBounds@8 1001317c     awt:awt.dll
 0002:00000180       __imp__SurfaceData_GetOps@8 10013180     awt:awt.dll
 0002:00000184       __imp__GrPrim_Sg2dGetEaRGB@8 10013184     awt:awt.dll
 0002:00000188       __imp__GrPrim_Sg2dGetPixel@8 10013188     awt:awt.dll
 0002:0000018c       __imp__GetNativePrim@8     1001318c     awt:awt.dll
 0002:00000190       __imp__GrPrim_Sg2dGetLCDTextContrast@8 10013190     awt:awt.dll
 0002:00000194       __imp__AccelGlyphCache_RemoveAllCellInfos 10013194     awt:awt.dll
 0002:00000198       __imp__GrPrim_Sg2dGetClip@12 10013198     awt:awt.dll
 0002:0000019c       \177awt_NULL_THUNK_DATA    1001319c     awt:awt.dll
 0002:000001a0       __imp__FT_Outline_Get_BBox 100131a0     freetype:freetype.dll
 0002:000001a4       __imp__FT_Outline_Translate 100131a4     freetype:freetype.dll
 0002:000001a8       __imp__FT_Get_Char_Index   100131a8     freetype:freetype.dll
 0002:000001ac       __imp__FT_Load_Glyph       100131ac     freetype:freetype.dll
 0002:000001b0       __imp__FT_GlyphSlot_Embolden 100131b0     freetype:freetype.dll
 0002:000001b4       __imp__FT_GlyphSlot_Oblique 100131b4     freetype:freetype.dll
 0002:000001b8       __imp__FT_Render_Glyph     100131b8     freetype:freetype.dll
 0002:000001bc       __imp__FT_MulFix           100131bc     freetype:freetype.dll
 0002:000001c0       __imp__FT_Set_Transform    100131c0     freetype:freetype.dll
 0002:000001c4       __imp__FT_Set_Char_Size    100131c4     freetype:freetype.dll
 0002:000001c8       __imp__FT_Activate_Size    100131c8     freetype:freetype.dll
 0002:000001cc       __imp__FT_Init_FreeType    100131cc     freetype:freetype.dll
 0002:000001d0       __imp__FT_New_Memory_Face  100131d0     freetype:freetype.dll
 0002:000001d4       __imp__FT_Open_Face        100131d4     freetype:freetype.dll
 0002:000001d8       __imp__FT_Done_Face        100131d8     freetype:freetype.dll
 0002:000001dc       __imp__FT_Done_FreeType    100131dc     freetype:freetype.dll
 0002:000001e0       \177freetype_NULL_THUNK_DATA 100131e0     freetype:freetype.dll
 0002:000001e4       __imp__JNU_ThrowArrayIndexOutOfBoundsException@8 100131e4     java:java.dll
 0002:000001e8       __imp__JNU_ThrowClassNotFoundException@8 100131e8     java:java.dll
 0002:000001ec       __imp__JNU_ThrowInternalError@8 100131ec     java:java.dll
 0002:000001f0       __imp__JNU_ThrowNoSuchFieldException@8 100131f0     java:java.dll
 0002:000001f4       __imp__JNU_NewStringPlatform@8 100131f4     java:java.dll
 0002:000001f8       __imp__JNU_GetStringPlatformChars@12 100131f8     java:java.dll
 0002:000001fc       __imp__JNU_ReleaseStringPlatformChars@12 100131fc     java:java.dll
 0002:00000200       \177java_NULL_THUNK_DATA   10013200     java:java.dll
 0002:00000204       ___xc_a                    10013204     MSVCRT:cinitexe.obj
 0002:00000208       ___xc_z                    10013208     MSVCRT:cinitexe.obj
 0002:0000020c       ___xi_a                    1001320c     MSVCRT:cinitexe.obj
 0002:00000218       ___xi_z                    10013218     MSVCRT:cinitexe.obj
 0002:00000240       __real@0000000000000000    10013240     DrawGlyphList.obj
 0002:00000248       __real@3fe0000000000000    10013248     DrawGlyphList.obj
 0002:00000250       __real@4008000000000000    10013250     DrawGlyphList.obj
 0002:00000258       __real@3fc55555a0000000    10013258     DrawGlyphList.obj
 0002:00000260       __real@406fe00000000000    10013260     DrawGlyphList.obj
 0002:00000268       __real@3ff0000000000000    10013268     DrawGlyphList.obj
 0002:00000270       __real@4059000000000000    10013270     DrawGlyphList.obj
 0002:00000278       ??_C@_0N@OIMCCICM@lcdSubPixPos?$AA@ 10013278     sunFont.obj
 0002:00000288       ??_C@_0M@IOGNPDID@lcdRGBOrder?$AA@ 10013288     sunFont.obj
 0002:00000294       ??_C@_09HEJILCIA@positions?$AA@ 10013294     sunFont.obj
 0002:000002a0       ??_C@_02MGHEAPDP@?$FLF?$AA@ 100132a0     sunFont.obj
 0002:000002a4       ??_C@_0N@CLHDJEN@usePositions?$AA@ 100132a4     sunFont.obj
[...]
 0002:00013178       ??_R2IndicRearrangementProcessor@@8 10026178     IndicRearrangementProcessor.obj
 0002:0001318c       ??_R1A@?0A@EA@IndicRearrangementProcessor@@8 1002618c     IndicRearrangementProcessor.obj
 0002:000131a8       ??_R4LigatureSubstitutionProcessor@@6B@ 100261a8     LigatureSubstProc.obj
 0002:000131bc       ??_R3LigatureSubstitutionProcessor@@8 100261bc     LigatureSubstProc.obj
 0002:000131cc       ??_R2LigatureSubstitutionProcessor@@8 100261cc     LigatureSubstProc.obj
 0002:000131e0       ??_R1A@?0A@EA@LigatureSubstitutionProcessor@@8 100261e0     LigatureSubstProc.obj
 0002:000131fc       ??_R4NonContextualGlyphSubstitutionProcessor@@6B@ 100261fc     NonContextualGlyphSubstProc.obj
 0002:00013210       ??_R3NonContextualGlyphSubstitutionProcessor@@8 10026210     NonContextualGlyphSubstProc.obj
 0002:00013220       ??_R2NonContextualGlyphSubstitutionProcessor@@8 10026220     NonContextualGlyphSubstProc.obj
 0002:00013230       ??_R1A@?0A@EA@NonContextualGlyphSubstitutionProcessor@@8 10026230     NonContextualGlyphSubstProc.obj
 0002:0001324c       ??_R4SegmentArrayProcessor@@6B@ 1002624c     SegmentArrayProcessor.obj
 0002:00013260       ??_R3SegmentArrayProcessor@@8 10026260     SegmentArrayProcessor.obj
 0002:00013270       ??_R2SegmentArrayProcessor@@8 10026270     SegmentArrayProcessor.obj
 0002:00013284       ??_R1A@?0A@EA@SegmentArrayProcessor@@8 10026284     SegmentArrayProcessor.obj
 0002:000132a0       ??_R4SegmentSingleProcessor@@6B@ 100262a0     SegmentSingleProcessor.obj
 0002:000132b4       ??_R3SegmentSingleProcessor@@8 100262b4     SegmentSingleProcessor.obj
 0002:000132c4       ??_R2SegmentSingleProcessor@@8 100262c4     SegmentSingleProcessor.obj
 0002:000132d8       ??_R1A@?0A@EA@SegmentSingleProcessor@@8 100262d8     SegmentSingleProcessor.obj
 0002:000132f4       ??_R4SimpleArrayProcessor@@6B@ 100262f4     SimpleArrayProcessor.obj
 0002:00013308       ??_R3SimpleArrayProcessor@@8 10026308     SimpleArrayProcessor.obj
 0002:00013318       ??_R2SimpleArrayProcessor@@8 10026318     SimpleArrayProcessor.obj
 0002:0001332c       ??_R1A@?0A@EA@SimpleArrayProcessor@@8 1002632c     SimpleArrayProcessor.obj
 0002:00013348       ??_R4SingleTableProcessor@@6B@ 10026348     SingleTableProcessor.obj
 0002:0001335c       ??_R3SingleTableProcessor@@8 1002635c     SingleTableProcessor.obj
 0002:0001336c       ??_R2SingleTableProcessor@@8 1002636c     SingleTableProcessor.obj
 0002:00013380       ??_R1A@?0A@EA@SingleTableProcessor@@8 10026380     SingleTableProcessor.obj
 0002:0001339c       ??_R4StateTableProcessor@@6B@ 1002639c     StateTableProcessor.obj
 0002:000133b0       ??_R4SubtableProcessor@@6B@ 100263b0     SubtableProcessor.obj
 0002:000133c4       ??_R4TrimmedArrayProcessor@@6B@ 100263c4     TrimmedArrayProcessor.obj
 0002:000133d8       ??_R3TrimmedArrayProcessor@@8 100263d8     TrimmedArrayProcessor.obj
 0002:000133e8       ??_R2TrimmedArrayProcessor@@8 100263e8     TrimmedArrayProcessor.obj
 0002:000133fc       ??_R1A@?0A@EA@TrimmedArrayProcessor@@8 100263fc     TrimmedArrayProcessor.obj
 0002:00013418       ??_R4LEGlyphFilter@@6B@    10026418     GDEFMarkFilter.obj
 0002:0001342c       ??_R3LEGlyphFilter@@8      1002642c     GDEFMarkFilter.obj
 0002:0001343c       ??_R2LEGlyphFilter@@8      1002643c     GDEFMarkFilter.obj
 0002:00013444       ??_R1A@?0A@EA@LEGlyphFilter@@8 10026444     GDEFMarkFilter.obj
 0002:00013460       ??_R4GDEFMarkFilter@@6B@   10026460     GDEFMarkFilter.obj
 0002:00013474       ??_R3GDEFMarkFilter@@8     10026474     GDEFMarkFilter.obj
 0002:00013484       ??_R2GDEFMarkFilter@@8     10026484     GDEFMarkFilter.obj
 0002:00013494       ??_R1A@?0A@EA@GDEFMarkFilter@@8 10026494     GDEFMarkFilter.obj
 0002:000134b0       ??_R4GlyphIterator@@6B@    100264b0     GlyphIterator.obj
 0002:000134c4       ??_R3GlyphIterator@@8      100264c4     GlyphIterator.obj
 0002:000134d4       ??_R2GlyphIterator@@8      100264d4     GlyphIterator.obj
 0002:000134e0       ??_R1A@?0A@EA@GlyphIterator@@8 100264e0     GlyphIterator.obj
 0002:000134fc       ??_R4GlyphPositioningLookupProcessor@@6B@ 100264fc     GlyphPosnLookupProc.obj
 0002:00013510       ??_R3GlyphPositioningLookupProcessor@@8 10026510     GlyphPosnLookupProc.obj
 0002:00013520       ??_R2GlyphPositioningLookupProcessor@@8 10026520     GlyphPosnLookupProc.obj
 0002:00013530       ??_R1A@?0A@EA@GlyphPositioningLookupProcessor@@8 10026530     GlyphPosnLookupProc.obj
 0002:0001354c       ??_R1A@?0A@EA@LookupProcessor@@8 1002654c     GlyphPosnLookupProc.obj
 0002:00013568       ??_R3LookupProcessor@@8    10026568     GlyphPosnLookupProc.obj
 0002:00013578       ??_R2LookupProcessor@@8    10026578     GlyphPosnLookupProc.obj
 0002:00013584       ??_R4GlyphSubstitutionLookupProcessor@@6B@ 10026584     GlyphSubstLookupProc.obj
 0002:00013598       ??_R3GlyphSubstitutionLookupProcessor@@8 10026598     GlyphSubstLookupProc.obj
 0002:000135a8       ??_R2GlyphSubstitutionLookupProcessor@@8 100265a8     GlyphSubstLookupProc.obj
 0002:000135b8       ??_R1A@?0A@EA@GlyphSubstitutionLookupProcessor@@8 100265b8     GlyphSubstLookupProc.obj
 0002:000135d4       ??_R4HangulOpenTypeLayoutEngine@@6B@ 100265d4     HangulLayoutEngine.obj
 0002:000135e8       ??_R3HangulOpenTypeLayoutEngine@@8 100265e8     HangulLayoutEngine.obj
 0002:000135f8       ??_R2HangulOpenTypeLayoutEngine@@8 100265f8     HangulLayoutEngine.obj
 0002:0001360c       ??_R1A@?0A@EA@HangulOpenTypeLayoutEngine@@8 1002660c     HangulLayoutEngine.obj
 0002:00013628       ??_R4KhmerOpenTypeLayoutEngine@@6B@ 10026628     KhmerLayoutEngine.obj
 0002:0001363c       ??_R3KhmerOpenTypeLayoutEngine@@8 1002663c     KhmerLayoutEngine.obj
 0002:0001364c       ??_R2KhmerOpenTypeLayoutEngine@@8 1002664c     KhmerLayoutEngine.obj
 0002:00013660       ??_R1A@?0A@EA@KhmerOpenTypeLayoutEngine@@8 10026660     KhmerLayoutEngine.obj
 0002:0001367c       ??_R4LEInsertionCallback@@6B@ 1002667c     LEGlyphStorage.obj
 0002:00013690       ??_R3LEInsertionCallback@@8 10026690     LEGlyphStorage.obj
 0002:000136a0       ??_R2LEInsertionCallback@@8 100266a0     LEGlyphStorage.obj
 0002:000136a8       ??_R1A@?0A@EA@LEInsertionCallback@@8 100266a8     LEGlyphStorage.obj
 0002:000136c4       ??_R4LEGlyphStorage@@6B@   100266c4     LEGlyphStorage.obj
 0002:000136d8       ??_R3LEGlyphStorage@@8     100266d8     LEGlyphStorage.obj
 0002:000136e8       ??_R2LEGlyphStorage@@8     100266e8     LEGlyphStorage.obj
 0002:000136f8       ??_R1A@?0A@EA@LEGlyphStorage@@8 100266f8     LEGlyphStorage.obj
 0002:00013714       ??_R1A@?0A@EN@LEInsertionCallback@@8 10026714     LEGlyphStorage.obj
 0002:00013730       ??_R4LEInsertionList@@6B@  10026730     LEInsertionList.obj
 0002:00013744       ??_R3LEInsertionList@@8    10026744     LEInsertionList.obj
 0002:00013754       ??_R2LEInsertionList@@8    10026754     LEInsertionList.obj
 0002:00013760       ??_R1A@?0A@EA@LEInsertionList@@8 10026760     LEInsertionList.obj
 0002:0001377c       ??_R4LookupProcessor@@6B@  1002677c     LookupProcessor.obj
 0002:00013790       ??_R4TibetanOpenTypeLayoutEngine@@6B@ 10026790     TibetanLayoutEngine.obj
 0002:000137a4       ??_R3TibetanOpenTypeLayoutEngine@@8 100267a4     TibetanLayoutEngine.obj
 0002:000137b4       ??_R2TibetanOpenTypeLayoutEngine@@8 100267b4     TibetanLayoutEngine.obj
 0002:000137c8       ??_R1A@?0A@EA@TibetanOpenTypeLayoutEngine@@8 100267c8     TibetanLayoutEngine.obj
 0002:000137e4       ??_R4ArabicOpenTypeLayoutEngine@@6B@ 100267e4     ArabicLayoutEngine.obj
 0002:000137f8       ??_R3ArabicOpenTypeLayoutEngine@@8 100267f8     ArabicLayoutEngine.obj
 0002:00013808       ??_R2ArabicOpenTypeLayoutEngine@@8 10026808     ArabicLayoutEngine.obj
 0002:0001381c       ??_R1A@?0A@EA@ArabicOpenTypeLayoutEngine@@8 1002681c     ArabicLayoutEngine.obj
 0002:00013838       ??_R4UnicodeArabicOpenTypeLayoutEngine@@6B@ 10026838     ArabicLayoutEngine.obj
 0002:0001384c       ??_R3UnicodeArabicOpenTypeLayoutEngine@@8 1002684c     ArabicLayoutEngine.obj
 0002:0001385c       ??_R2UnicodeArabicOpenTypeLayoutEngine@@8 1002685c     ArabicLayoutEngine.obj
 0002:00013874       ??_R1A@?0A@EA@UnicodeArabicOpenTypeLayoutEngine@@8 10026874     ArabicLayoutEngine.obj
 0002:00013890       ??_R4GXLayoutEngine@@6B@   10026890     GXLayoutEngine.obj
 0002:000138a4       ??_R3GXLayoutEngine@@8     100268a4     GXLayoutEngine.obj
 0002:000138b4       ??_R2GXLayoutEngine@@8     100268b4     GXLayoutEngine.obj
 0002:000138c4       ??_R1A@?0A@EA@GXLayoutEngine@@8 100268c4     GXLayoutEngine.obj
 0002:000138e0       ??_R4IndicOpenTypeLayoutEngine@@6B@ 100268e0     IndicLayoutEngine.obj
 0002:000138f4       ??_R3IndicOpenTypeLayoutEngine@@8 100268f4     IndicLayoutEngine.obj
 0002:00013904       ??_R2IndicOpenTypeLayoutEngine@@8 10026904     IndicLayoutEngine.obj
 0002:00013918       ??_R1A@?0A@EA@IndicOpenTypeLayoutEngine@@8 10026918     IndicLayoutEngine.obj
 0002:00013934       ??_R4DefaultCharMapper@@6B@ 10026934     LayoutEngine.obj
 0002:00013948       ??_R3DefaultCharMapper@@8  10026948     LayoutEngine.obj
 0002:00013958       ??_R2DefaultCharMapper@@8  10026958     LayoutEngine.obj
 0002:00013968       ??_R1A@?0A@EA@DefaultCharMapper@@8 10026968     LayoutEngine.obj
 0002:00013984       ??_R4CanonMarkFilter@@6B@  10026984     LayoutEngine.obj
 0002:00013998       ??_R3CanonMarkFilter@@8    10026998     LayoutEngine.obj
 0002:000139a8       ??_R2CanonMarkFilter@@8    100269a8     LayoutEngine.obj
 0002:000139b8       ??_R1A@?0A@EA@CanonMarkFilter@@8 100269b8     LayoutEngine.obj
 0002:000139d4       ??_R4LayoutEngine@@6B@     100269d4     LayoutEngine.obj
 0002:000139e8       ??_R4CharSubstitutionFilter@@6B@ 100269e8     LayoutEngine.obj
 0002:000139fc       ??_R3CharSubstitutionFilter@@8 100269fc     LayoutEngine.obj
 0002:00013a0c       ??_R2CharSubstitutionFilter@@8 10026a0c     LayoutEngine.obj
 0002:00013a1c       ??_R1A@?0A@EA@CharSubstitutionFilter@@8 10026a1c     LayoutEngine.obj
 0002:00013a38       ??_R4FontInstanceAdapter@@6B@ 10026a38     SunLayoutEngine.obj
 0002:00013a4c       ??_R3FontInstanceAdapter@@8 10026a4c     SunLayoutEngine.obj
 0002:00013a5c       ??_R2FontInstanceAdapter@@8 10026a5c     SunLayoutEngine.obj
 0002:00013a6c       ??_R1A@?0A@EA@FontInstanceAdapter@@8 10026a6c     SunLayoutEngine.obj
 0002:00013a88       ??_R4OpenTypeLayoutEngine@@6B@ 10026a88     OpenTypeLayoutEngine.obj
 0002:00013a9c       ??_R4ThaiLayoutEngine@@6B@ 10026a9c     ThaiLayoutEngine.obj
 0002:00013ab0       ??_R3ThaiLayoutEngine@@8   10026ab0     ThaiLayoutEngine.obj
 0002:00013ac0       ??_R2ThaiLayoutEngine@@8   10026ac0     ThaiLayoutEngine.obj
 0002:00013ad0       ??_R1A@?0A@EA@ThaiLayoutEngine@@8 10026ad0     ThaiLayoutEngine.obj
 0002:00013aec       ??_R4type_info@@6B@        10026aec     MSVCRT:ti_inst.obj
 0002:00013b00       ??_R3type_info@@8          10026b00     MSVCRT:ti_inst.obj
 0002:00013b10       ??_R2type_info@@8          10026b10     MSVCRT:ti_inst.obj
 0002:00013b18       ??_R1A@?0A@EA@type_info@@8 10026b18     MSVCRT:ti_inst.obj
 0002:00013b40       ___safe_se_handler_table   10026b40     <linker-defined>
 0002:00013b44       ___rtc_iaa                 10026b44     MSVCRT:_initsect_.obj
 0002:00013b48       ___rtc_izz                 10026b48     MSVCRT:_initsect_.obj
 0002:00013b4c       ___rtc_taa                 10026b4c     MSVCRT:_initsect_.obj
 0002:00013b50       ___rtc_tzz                 10026b50     MSVCRT:_initsect_.obj
 0002:00013bfc       __IMPORT_DESCRIPTOR_java   10026bfc     java:java.dll
 0002:00013c10       __IMPORT_DESCRIPTOR_freetype 10026c10     freetype:freetype.dll
 0002:00013c24       __IMPORT_DESCRIPTOR_ADVAPI32 10026c24     advapi32:ADVAPI32.dll
 0002:00013c38       __IMPORT_DESCRIPTOR_USER32 10026c38     user32:USER32.dll
 0002:00013c4c       __IMPORT_DESCRIPTOR_GDI32  10026c4c     gdi32:GDI32.dll
 0002:00013c60       __IMPORT_DESCRIPTOR_awt    10026c60     awt:awt.dll
 0002:00013c74       __IMPORT_DESCRIPTOR_MSVCR100 10026c74     MSVCRT:MSVCR100.dll
 0002:00013c88       __IMPORT_DESCRIPTOR_KERNEL32 10026c88     kernel32:KERNEL32.dll
 0002:00013c9c       __NULL_IMPORT_DESCRIPTOR   10026c9c     java:java.dll
 0003:00000000       _defaultGammaLUT           10029000     DrawGlyphList.obj
 0003:00000100       _defaultInvGammaLUT        10029100     DrawGlyphList.obj
 0003:00000200       ??_R0?AVHanOpenTypeLayoutEngine@@@8 10029200     HanLayoutEngine.obj
 0003:00000228       ??_R0?AVOpenTypeLayoutEngine@@@8 10029228     HanLayoutEngine.obj
 0003:0000024c       ??_R0?AVLayoutEngine@@@8   1002924c     HanLayoutEngine.obj
 0003:00000268       ??_R0?AUUObject@@@8        10029268     HanLayoutEngine.obj
 0003:00000280       ??_R0?AVLECharMapper@@@8   10029280     LEFontInstance.obj
 0003:0000029c       ??_R0?AVLEFontInstance@@@8 1002929c     LEFontInstance.obj
 0003:000002bc       ??_R0?AVContextualGlyphSubstitutionProcessor@@@8 100292bc     ContextualGlyphSubstProc.obj
 0003:000002f0       ??_R0?AVStateTableProcessor@@@8 100292f0     ContextualGlyphSubstProc.obj
 0003:00000314       ??_R0?AVSubtableProcessor@@@8 10029314     ContextualGlyphSubstProc.obj
 0003:00000334       ??_R0?AUUMemory@@@8        10029334     ContextualGlyphSubstProc.obj
 0003:0000034c       ??_R0?AVIndicRearrangementProcessor@@@8 1002934c     IndicRearrangementProcessor.obj
 0003:00000378       ??_R0?AVLigatureSubstitutionProcessor@@@8 10029378     LigatureSubstProc.obj
 0003:000003a4       ??_R0?AVNonContextualGlyphSubstitutionProcessor@@@8 100293a4     NonContextualGlyphSubstProc.obj
 0003:000003dc       ??_R0?AVSegmentArrayProcessor@@@8 100293dc     SegmentArrayProcessor.obj
 0003:00000400       ??_R0?AVSegmentSingleProcessor@@@8 10029400     SegmentSingleProcessor.obj
 0003:00000428       ??_R0?AVSimpleArrayProcessor@@@8 10029428     SimpleArrayProcessor.obj
 0003:0000044c       ??_R0?AVSingleTableProcessor@@@8 1002944c     SingleTableProcessor.obj
 0003:00000470       ??_R0?AVTrimmedArrayProcessor@@@8 10029470     TrimmedArrayProcessor.obj
 0003:00000494       ??_R0?AVLEGlyphFilter@@@8  10029494     GDEFMarkFilter.obj
 0003:000004b0       ??_R0?AVGDEFMarkFilter@@@8 100294b0     GDEFMarkFilter.obj
 0003:000004d0       ??_R0?AVGlyphIterator@@@8  100294d0     GlyphIterator.obj
 0003:000004ec       ??_R0?AVGlyphPositioningLookupProcessor@@@8 100294ec     GlyphPosnLookupProc.obj
 0003:0000051c       ??_R0?AVLookupProcessor@@@8 1002951c     GlyphPosnLookupProc.obj
 0003:0000053c       ??_R0?AVGlyphSubstitutionLookupProcessor@@@8 1002953c     GlyphSubstLookupProc.obj
 0003:0000056c       ??_R0?AVHangulOpenTypeLayoutEngine@@@8 1002956c     HangulLayoutEngine.obj
 0003:00000598       ??_R0?AVKhmerOpenTypeLayoutEngine@@@8 10029598     KhmerLayoutEngine.obj
 0003:000005c0       ??_R0?AVLEInsertionCallback@@@8 100295c0     LEGlyphStorage.obj
 0003:000005e4       ??_R0?AVLEGlyphStorage@@@8 100295e4     LEGlyphStorage.obj
 0003:00000604       ??_R0?AVLEInsertionList@@@8 10029604     LEInsertionList.obj
 0003:00000624       ??_R0?AVTibetanOpenTypeLayoutEngine@@@8 10029624     TibetanLayoutEngine.obj
 0003:00000650       ??_R0?AVArabicOpenTypeLayoutEngine@@@8 10029650     ArabicLayoutEngine.obj
 0003:0000067c       ??_R0?AVUnicodeArabicOpenTypeLayoutEngine@@@8 1002967c     ArabicLayoutEngine.obj
 0003:000006ac       ??_R0?AVGXLayoutEngine@@@8 100296ac     GXLayoutEngine.obj
 0003:000006cc       ??_R0?AVIndicOpenTypeLayoutEngine@@@8 100296cc     IndicLayoutEngine.obj
 0003:000006f4       ??_R0?AVDefaultCharMapper@@@8 100296f4     LayoutEngine.obj
 0003:00000714       ??_R0?AVCanonMarkFilter@@@8 10029714     LayoutEngine.obj
 0003:00000734       ??_R0?AVCharSubstitutionFilter@@@8 10029734     LayoutEngine.obj
 0003:00000760       ??_R0?AVFontInstanceAdapter@@@8 10029760     SunLayoutEngine.obj
 0003:00000784       ??_R0?AVThaiLayoutEngine@@@8 10029784     ThaiLayoutEngine.obj
 0003:000007b0       ___security_cookie         100297b0     MSVCRT:gs_cookie.obj
 0003:000007b4       ___security_cookie_complement 100297b4     MSVCRT:gs_cookie.obj
 0003:000007c0       ??_R0?AVtype_info@@@8      100297c0     MSVCRT:ti_inst.obj
 0003:000007e0       ___native_dllmain_reason   100297e0     MSVCRT:natstart.obj
 0003:000007e4       ___native_vcclrit_reason   100297e4     MSVCRT:natstart.obj
 0003:00000d4c       ?__type_info_root_node@@3U__type_info_node@@A 10029d4c     MSVCRT:tncleanup.obj
 0003:00000d60       _sunFontIDs                10029d60     <common>
 0003:00000e00       _lcdGammaLUT               10029e00     <common>
 0003:00001060       _lcdInvGammaLUT            1002a060     <common>
 0003:000012bc       ___native_startup_state    1002a2bc     <common>
 0003:000012c0       ___native_startup_lock     1002a2c0     <common>
 0003:000012c4       ___onexitend               1002a2c4     <common>
 0003:000012c8       ___onexitbegin             1002a2c8     <common>
 0003:000012cc       ___sse2_available          1002a2cc     <common>
 0003:000012d0       ___dyn_tls_init_callback   1002a2d0     <common>

 entry point at        0001:00010ce8

 Static symbols

 0001:00000460       _drawGlyphList             10001460 f   DrawGlyphList.obj
 0001:00000ca0       _getLCDGammaLUT            10001ca0 f   DrawGlyphList.obj
 0001:00000ce0       _getInvLCDGammaLUT         10001ce0 f   DrawGlyphList.obj
 0001:00000d60       _drawGlyphListLCD          10001d60 f   DrawGlyphList.obj
 0001:00001695       _freeNativeResources       10002695 f   freetypeScaler.obj
 0001:000016e1       _invalidateJavaScaler      100026e1 f   freetypeScaler.obj
 0001:000016ff       _CloseTTFontFileFunc       100026ff f   freetypeScaler.obj
 0001:0000174c       _ReadTTFontFileFunc        1000274c f   freetypeScaler.obj
 0001:00001a10       _euclidianDistance         10002a10 f   freetypeScaler.obj
 0001:00001baa       _setupFTContext            10002baa f   freetypeScaler.obj
 0001:00001de1       _CopyBW2Grey8              10002de1 f   freetypeScaler.obj
 0001:00001e68       _CopyGrey4ToGrey8          10002e68 f   freetypeScaler.obj
 0001:00001ec7       _CopyFTSubpixelVToSubpixel 10002ec7 f   freetypeScaler.obj
 0001:000022ee       _getFTOutline              100032ee f   freetypeScaler.obj
 0001:0000239a       _allocateSpaceForGP        1000339a f   freetypeScaler.obj
 0001:00002430       _addToGP                   10003430 f   freetypeScaler.obj
 0001:0000264a       _getGlyphGeneralPath       1000364a f   freetypeScaler.obj
 0001:00002c5b       _GetOSVersion              10003c5b f   fontpath.obj
 0001:00002cb8       _EnumFontFacesInFamilyProcA@16 10003cb8 f   fontpath.obj
 0001:00002d23       _CheckFontFamilyProcW@16   10003d23 f   fontpath.obj
 0001:00002d43       _DifferentFamily           10003d43 f   fontpath.obj
 0001:00002dc6       _EnumFontFacesInFamilyProcW@16 10003dc6 f   fontpath.obj
 0001:00002e56       _EnumFamilyNamesA@16       10003e56 f   fontpath.obj
 0001:00002f39       _EnumFamilyNamesW@16       10003f39 f   fontpath.obj
 0001:0000302a       _RegistryToBaseTTNameA     1000402a f   fontpath.obj
 0001:00003083       _RegistryToBaseTTNameW     10004083 f   fontpath.obj
 0001:000030e0       _registerFontA             100040e0 f   fontpath.obj
 0001:000031b7       _registerFontW             100041b7 f   fontpath.obj
 0001:000036c8       _getIGTable                100046c8 f   lcdglyph.obj
 0001:00008546       ?compose@@YAJGGGAAG@Z      10009546 f   HangulLayoutEngine.obj
 0001:00008599       ?decompose@@YAJGAAG00@Z    10009599 f   HangulLayoutEngine.obj
 0001:000085fe       ?getCharClass@@YAJGAAG00@Z 100095fe f   HangulLayoutEngine.obj
 0001:0001097a       _pre_c_init                1001197a f   MSVCRT:crtdll.obj
 0001:00010bd2       ___DllMainCRTStartup       10011bd2 f   MSVCRT:crtdll.obj
