 jdwp

 Timestamp is 4dff5fc4 (Mon Jun 20 07:57:08 2011)

 Preferred load address is 10000000

 Start         Length     Name                   Class
 0001:00000000 0001cd96H .text                   CODE
 0002:00000000 00000128H .idata$5                DATA
 0002:00000128 00000004H .CRT$XCA                DATA
 0002:0000012c 00000004H .CRT$XCZ                DATA
 0002:00000130 00000004H .CRT$XIA                DATA
 0002:00000134 00000004H .CRT$XIAA               DATA
 0002:00000138 00000004H .CRT$XIZ                DATA
 0002:00000140 00005a20H .rdata                  DATA
 0002:00005b60 0000005fH .rdata$debug            DATA
 0002:00005bc0 00000004H .rdata$sxdata           DATA
 0002:00005bc4 00000004H .rtc$IAA                DATA
 0002:00005bc8 00000004H .rtc$IZZ                DATA
 0002:00005bcc 00000004H .rtc$TAA                DATA
 0002:00005bd0 00000004H .rtc$TZZ                DATA
 0002:00005bd8 00000064H .xdata$x                DATA
 0002:00005c3c 00000028H .idata$2                DATA
 0002:00005c64 00000014H .idata$3                DATA
 0002:00005c78 00000128H .idata$4                DATA
 0002:00005da0 00000440H .idata$6                DATA
 0002:000061e0 00000068H .edata                  DATA
 0003:00000000 00000218H .data                   DATA
 0003:00000218 00000918H .bss                    DATA
 0004:00000000 00000058H .rsrc$01                DATA
 0004:00000060 000002f8H .rsrc$02                DATA

  Address         Publics by Value              Rva+Base       Lib:Object

 0000:00000000       __except_list              00000000     <absolute>
 0000:00000001       ___safe_se_handler_count   00000001     <absolute>
 0000:00009876       __ldused                   00009876     <absolute>
 0000:00009876       __fltused                  00009876     <absolute>
 0000:00000000       ___ImageBase               10000000     <linker-defined>
 0001:00002368       _createFrameID             10003368 f   FrameID.obj
 0001:00002389       _getFrameNumber            10003389 f   FrameID.obj
 0001:00002393       _validateFrameID           10003393 f   FrameID.obj
 0001:00003db5       _setGlobalStratumId        10004db5 f   SDE.obj
 0001:0000458b       _searchAllSourceNames      1000558b f   SDE.obj
 0001:000045d9       _convertLineNumberTable    100055d9 f   SDE.obj
 0001:00007861       _bagCreateBag              10008861 f   bag.obj
 0001:000078af       _bagDup                    100088af f   bag.obj
 0001:000078e6       _bagDestroyBag             100088e6 f   bag.obj
 0001:00007900       _bagAdd                    10008900 f   bag.obj
 0001:00007978       _bagDeleteAll              10008978 f   bag.obj
 0001:00007981       _bagSize                   10008981 f   bag.obj
 0001:00007989       _bagEnumerateOver          10008989 f   bag.obj
 0001:00008025       _commonRef_initialize      10009025 f   commonRef.obj
 0001:00008061       _commonRef_reset           10009061 f   commonRef.obj
 0001:00008113       _commonRef_refToID         10009113 f   commonRef.obj
 0001:00008179       _commonRef_idToRef         10009179 f   commonRef.obj
 0001:00008287       _commonRef_idToRef_delete  10009287 f   commonRef.obj
 0001:0000829f       _commonRef_pin             1000929f f   commonRef.obj
 0001:00008315       _commonRef_unpin           10009315 f   commonRef.obj
 0001:0000836c       _commonRef_release         1000936c f   commonRef.obj
 0001:000083a4       _commonRef_releaseMultiple 100093a4 f   commonRef.obj
 0001:000083dd       _commonRef_compact         100093dd f   commonRef.obj
 0001:00008497       _commonRef_lock            10009497 f   commonRef.obj
 0001:000084a9       _commonRef_unlock          100094a9 f   commonRef.obj
 0001:00008623       _classTrack_processUnloads 10009623 f   classTrack.obj
 0001:000087d3       _classTrack_addPreparedClass 100097d3 f   classTrack.obj
 0001:00008997       _classTrack_initialize     10009997 f   classTrack.obj
 0001:00008aec       _debugDispatch_initialize  10009aec f   debugDispatch.obj
 0001:00008bc5       _debugDispatch_getHandler  10009bc5 f   debugDispatch.obj
 0001:00008d2a       _Agent_OnUnload@4          10009d2a f   debugInit.obj
 0001:00008f31       _debugInit_isInitComplete  10009f31 f   debugInit.obj
 0001:00008f37       _debugInit_waitInitComplete 10009f37 f   debugInit.obj
 0001:00008f60       _forceExit                 10009f60 f   debugInit.obj
 0001:00009057       _debugInit_reset           1000a057 f   debugInit.obj
 0001:0000913f       _debugInit_launchOnInit    1000a13f f   debugInit.obj
 0001:00009145       _debugInit_suspendOnInit   1000a145 f   debugInit.obj
 0001:000092a9       _debugInit_exit            1000a2a9 f   debugInit.obj
 0001:0000a36d       _Agent_OnLoad@12           1000b36d f   debugInit.obj
 0001:0000a9ab       _debugLoop_initialize      1000b9ab f   debugLoop.obj
 0001:0000a9bc       _debugLoop_sync            1000b9bc f   debugLoop.obj
 0001:0000ab8a       _debugLoop_run             1000bb8a f   debugLoop.obj
 0001:0000ae7d       _print_message             1000be7d f   error_messages.obj
 0001:0000ae9c       _tty_message               1000be9c f   error_messages.obj
 0001:0000aed5       _jvmtiErrorText            1000bed5 f   error_messages.obj
 0001:0000b27f       _eventText                 1000c27f f   error_messages.obj
 0001:0000b347       _jdwpErrorText             1000c347 f   error_messages.obj
 0001:0000b5c0       _do_pause                  1000c5c0 f   error_messages.obj
 0001:0000b619       _error_message             1000c619 f   error_messages.obj
 0001:0000b690       _jdiAssertionFailed        1000c690 f   error_messages.obj
 0001:0000b749       _eventFilterRestricted_alloc 1000c749 f   eventFilter.obj
 0001:0000ba51       _eventFilterRestricted_passesFilter 1000ca51 f   eventFilter.obj
 0001:0000bdb1       _eventFilterRestricted_passesUnloadFilter 1000cdb1 f   eventFilter.obj
 0001:0000be9c       _eventFilter_predictFiltering 1000ce9c f   eventFilter.obj
 0001:0000bf70       _eventFilterRestricted_isBreakpointInClass 1000cf70 f   eventFilter.obj
 0001:0000bfa4       _eventFilter_setConditionalFilter 1000cfa4 f   eventFilter.obj
 0001:0000bfd1       _eventFilter_setCountFilter 1000cfd1 f   eventFilter.obj
 0001:0000c00a       _eventFilter_setThreadOnlyFilter 1000d00a f   eventFilter.obj
 0001:0000c04e       _eventFilter_setLocationOnlyFilter 1000d04e f   eventFilter.obj
 0001:0000c0bd       _eventFilter_setFieldOnlyFilter 1000d0bd f   eventFilter.obj
 0001:0000c111       _eventFilter_setClassOnlyFilter 1000d111 f   eventFilter.obj
 0001:0000c161       _eventFilter_setExceptionOnlyFilter 1000d161 f   eventFilter.obj
 0001:0000c1bd       _eventFilter_setInstanceOnlyFilter 1000d1bd f   eventFilter.obj
 0001:0000c205       _eventFilter_setClassMatchFilter 1000d205 f   eventFilter.obj
 0001:0000c23f       _eventFilter_setClassExcludeFilter 1000d23f f   eventFilter.obj
 0001:0000c279       _eventFilter_setStepFilter 1000d279 f   eventFilter.obj
 0001:0000c301       _eventFilter_setSourceNameMatchFilter 1000d301 f   eventFilter.obj
 0001:0000c53e       _isBreakpointSet           1000d53e f   eventFilter.obj
 0001:0000c89d       _eventFilterRestricted_install 1000d89d f   eventFilter.obj
 0001:0000c8a6       _eventFilterRestricted_deinstall 1000d8a6 f   eventFilter.obj
 0001:0000c91f       _eventHandlerRestricted_iterator 1000d91f f   eventHandler.obj
 0001:0000cc14       _getMethodClass            1000dc14 f   eventHandler.obj
 0001:0000cd3c       _eventHandler_free         1000dd3c f   eventHandler.obj
 0001:0000cd64       _eventHandler_freeAll      1000dd64 f   eventHandler.obj
 0001:0000cdb1       _eventHandler_freeClassBreakpoints 1000ddb1 f   eventHandler.obj
 0001:0000ce01       _eventHandler_freeByID     1000de01 f   eventHandler.obj
 0001:0000ce4d       _eventHandler_reset        1000de4d f   eventHandler.obj
 0001:0000ceb0       _eventHandler_lock         1000deb0 f   eventHandler.obj
 0001:0000cebd       _eventHandler_unlock       1000debd f   eventHandler.obj
 0001:0000ceca       _eventHandler_alloc        1000deca f   eventHandler.obj
 0001:0000ceeb       _eventHandler_allocHandlerID 1000deeb f   eventHandler.obj
 0001:0000d00f       _eventHandler_createPermanentInternal 1000e00f f   eventHandler.obj
 0001:0000d029       _eventHandler_createInternalThreadOnly 1000e029 f   eventHandler.obj
 0001:0000d045       _eventHandler_createInternalBreakpoint 1000e045 f   eventHandler.obj
 0001:0000d068       _eventHandler_installExternal 1000e068 f   eventHandler.obj
 0001:0000f28d       _eventHandler_initialize   1001028d f   eventHandler.obj
 0001:0000f89c       _eventHelper_holdEvents    1001089c f   eventHelper.obj
 0001:0000f8c8       _eventHelper_releaseEvents 100108c8 f   eventHelper.obj
 0001:0000fd24       _unblockCommandLoop        10010d24 f   eventHelper.obj
 0001:0000fd50       _eventHelper_reset         10010d50 f   eventHelper.obj
 0001:0000fd86       _eventHelper_lock          10010d86 f   eventHelper.obj
 0001:0000fd9f       _eventHelper_unlock        10010d9f f   eventHelper.obj
 0001:0000ff7b       _eventHelper_createEventBag 10010f7b f   eventHelper.obj
 0001:00010007       _eventHelper_reportEvents  10011007 f   eventHelper.obj
 0001:000100c4       _eventHelper_recordEvent   100110c4 f   eventHelper.obj
 0001:0001015a       _eventHelper_recordClassUnload 1001115a f   eventHelper.obj
 0001:000101cb       _eventHelper_recordFrameEvent 100111cb f   eventHelper.obj
 0001:000102f2       _eventHelper_reportInvokeDone 100112f2 f   eventHelper.obj
 0001:00010387       _eventHelper_reportVMInit  10011387 f   eventHelper.obj
 0001:0001041d       _eventHelper_suspendThread 1001141d f   eventHelper.obj
 0001:000108a2       _eventHelper_initialize    100118a2 f   eventHelper.obj
 0001:00010909       _inStream_init             10011909 f   inStream.obj
 0001:0001094b       _inStream_id               1001194b f   inStream.obj
 0001:00010953       _inStream_command          10011953 f   inStream.obj
 0001:00010993       _inStream_readBoolean      10011993 f   inStream.obj
 0001:000109c4       _inStream_readByte         100119c4 f   inStream.obj
 0001:000109e5       _inStream_readBytes        100119e5 f   inStream.obj
 0001:00010a00       _inStream_readChar         10011a00 f   inStream.obj
 0001:00010a31       _inStream_readShort        10011a31 f   inStream.obj
 0001:00010a63       _inStream_readInt          10011a63 f   inStream.obj
 0001:00010aa5       _inStream_readLong         10011aa5 f   inStream.obj
 0001:00010b5f       _inStream_readFloat        10011b5f f   inStream.obj
 0001:00010b89       _inStream_readDouble       10011b89 f   inStream.obj
 0001:00010bb6       _inStream_readObjectRef    10011bb6 f   inStream.obj
 0001:00010c15       _inStream_readClassRef     10011c15 f   inStream.obj
 0001:00010c4a       _inStream_readThreadRef    10011c4a f   inStream.obj
 0001:00010c7f       _inStream_readThreadGroupRef 10011c7f f   inStream.obj
 0001:00010cb4       _inStream_readStringRef    10011cb4 f   inStream.obj
 0001:00010ceb       _inStream_readClassLoaderRef 10011ceb f   inStream.obj
 0001:00010d22       _inStream_readArrayRef     10011d22 f   inStream.obj
 0001:00010d59       _inStream_readFieldID      10011d59 f   inStream.obj
 0001:00010d59       _inStream_readMethodID     10011d59 f   inStream.obj
 0001:00010d5e       _inStream_readFrameID      10011d5e f   inStream.obj
 0001:00010d5e       _inStream_readObjectID     10011d5e f   inStream.obj
 0001:00010d5e       _inStream_readLocation     10011d5e f   inStream.obj
 0001:00010d63       _inStream_readString       10011d63 f   inStream.obj
 0001:00010ddb       _inStream_error            10011ddb f   inStream.obj
 0001:00010de4       _inStream_clearError       10011de4 f   inStream.obj
 0001:00010def       _inStream_readValue        10011def f   inStream.obj
 0001:00010ee0       _inStream_destroy          10011ee0 f   inStream.obj
 0001:00010f13       _invoker_initialize        10011f13 f   invoker.obj
 0001:00010f24       _invoker_lock              10011f24 f   invoker.obj
 0001:00010f31       _invoker_unlock            10011f31 f   invoker.obj
 0001:0001123f       _invoker_enableInvokeRequests 1001223f f   invoker.obj
 0001:000112ca       _invoker_requestInvoke     100122ca f   invoker.obj
 0001:00011f26       _invoker_doInvoke          10012f26 f   invoker.obj
 0001:0001214f       _invoker_completeInvokeRequest 1001314f f   invoker.obj
 0001:00012347       _invoker_isEnabled         10013347 f   invoker.obj
 0001:000123d1       _invoker_detach            100133d1 f   invoker.obj
 0001:000124ea       _log_message_begin         100134ea f   log_messages.obj
 0001:0001250e       _log_message_end           1001350e f   log_messages.obj
 0001:00012638       _setup_logging             10013638 f   log_messages.obj
 0001:00012699       _finish_logging            10013699 f   log_messages.obj
 0001:00012716       _outStream_initCommand     10013716 f   outStream.obj
 0001:0001273d       _outStream_initReply       1001373d f   outStream.obj
 0001:00012820       _outStream_writeBoolean    10013820 f   outStream.obj
 0001:0001283f       _outStream_writeByte       1001383f f   outStream.obj
 0001:00012852       _outStream_writeChar       10013852 f   outStream.obj
 0001:00012875       _outStream_writeShort      10013875 f   outStream.obj
 0001:000128a3       _outStream_writeInt        100138a3 f   outStream.obj
 0001:000128df       _outStream_writeLong       100138df f   outStream.obj
 0001:0001298d       _outStream_writeFloat      1001398d f   outStream.obj
 0001:000129b2       _outStream_writeDouble     100139b2 f   outStream.obj
 0001:000129d9       _outStream_writeObjectTag  100139d9 f   outStream.obj
 0001:000129f7       _outStream_writeObjectRef  100139f7 f   outStream.obj
 0001:00012b29       _outStream_writeFrameID    10013b29 f   outStream.obj
 0001:00012b29       _outStream_writeLocation   10013b29 f   outStream.obj
 0001:00012b3e       _outStream_writeFieldID    10013b3e f   outStream.obj
 0001:00012b3e       _outStream_writeMethodID   10013b3e f   outStream.obj
 0001:00012b43       _outStream_writeByteArray  10013b43 f   outStream.obj
 0001:00012b64       _outStream_writeString     10013b64 f   outStream.obj
 0001:00012c2b       _outStream_writeValue      10013c2b f   outStream.obj
 0001:00012d70       _outStream_error           10013d70 f   outStream.obj
 0001:00012d79       _outStream_setError        10013d79 f   outStream.obj
 0001:00012e61       _outStream_sendReply       10013e61 f   outStream.obj
 0001:00012e87       _outStream_sendCommand     10013e87 f   outStream.obj
 0001:00012ebb       _outStream_destroy         10013ebb f   outStream.obj
 0001:00013020       _standardHandlers_defaultHandler 10014020 f   standardHandlers.obj
 0001:0001307c       _standardHandlers_onConnect 1001407c f   standardHandlers.obj
 0001:00013635       _stepControl_initialize    10014635 f   stepControl.obj
 0001:00013646       _util_reset                10014646 f   util.obj
 0001:00013646       _standardHandlers_onDisconnect 10014646 f   standardHandlers.obj
 0001:00013646       _stepControl_reset         10014646 f   stepControl.obj
 0001:00013646       _invoker_reset             10014646 f   invoker.obj
 0001:00013646       _classTrack_reset          10014646 f   classTrack.obj
 0001:00013646       _debugDispatch_reset       10014646 f   debugDispatch.obj
 0001:00013691       _stepControl_clearRequest  10014691 f   stepControl.obj
 0001:000136d5       _stepControl_lock          100146d5 f   stepControl.obj
 0001:000136e2       _stepControl_unlock        100146e2 f   stepControl.obj
 0001:00013ae5       _stepControl_handleStep    10014ae5 f   stepControl.obj
 0001:00014012       _stepControl_resetRequest  10015012 f   stepControl.obj
 0001:000141a0       _stepControl_beginStep     100151a0 f   stepControl.obj
 0001:000142bc       _stepControl_endStep       100152bc f   stepControl.obj
 0001:0001431d       _stream_encodeFloat        1001531d f   stream.obj
 0001:00014354       _stream_encodeDouble       10015354 f   stream.obj
 0001:0001499e       _threadControl_initialize  1001599e f   threadControl.obj
 0001:00014dbe       _threadControl_onConnect   10015dbe f   threadControl.obj
 0001:00014dea       _threadControl_onDisconnect 10015dea f   threadControl.obj
 0001:00015310       _threadControl_suspendCount 10016310 f   threadControl.obj
 0001:0001536e       _threadControl_getStepRequest 1001636e f   threadControl.obj
 0001:000153a6       _threadControl_getInvokeRequest 100163a6 f   threadControl.obj
 0001:000153de       _threadControl_addDebugThread 100163de f   threadControl.obj
 0001:000154d4       _threadControl_isDebugThread 100164d4 f   threadControl.obj
 0001:00015b32       _threadControl_applicationThreadStatus 10016b32 f   threadControl.obj
 0001:00015bb4       _threadControl_interrupt   10016bb4 f   threadControl.obj
 0001:00015c46       _threadControl_clearCLEInfo 10016c46 f   threadControl.obj
 0001:00015c92       _threadControl_cmpCLEInfo  10016c92 f   threadControl.obj
 0001:00015d12       _threadControl_saveCLEInfo 10016d12 f   threadControl.obj
 0001:00015d81       _threadControl_setPendingInterrupt 10016d81 f   threadControl.obj
 0001:00015db4       _threadControl_stop        10016db4 f   threadControl.obj
 0001:00015e71       _threadControl_detachInvokes 10016e71 f   threadControl.obj
 0001:00015f58       _threadControl_getInstructionStepMode 10016f58 f   threadControl.obj
 0001:00015f90       _threadControl_setEventMode 10016f90 f   threadControl.obj
 0001:00016056       _threadControl_currentThread 10017056 f   threadControl.obj
 0001:0001608d       _threadControl_getFrameGeneration 1001708d f   threadControl.obj
 0001:00016290       _threadControl_onHook      10017290 f   threadControl.obj
 0001:00016670       _threadControl_suspendThread 10017670 f   threadControl.obj
 0001:000166ac       _threadControl_resumeThread 100176ac f   threadControl.obj
 0001:0001677b       _threadControl_suspendAll  1001777b f   threadControl.obj
 0001:0001687f       _threadControl_resumeAll   1001787f f   threadControl.obj
 0001:00016927       _threadControl_popFrames   10017927 f   threadControl.obj
 0001:00016a1e       _threadControl_onEventHandlerEntry 10017a1e f   threadControl.obj
 0001:00016b6c       _threadControl_onEventHandlerExit 10017b6c f   threadControl.obj
 0001:00016c53       _threadControl_reset       10017c53 f   threadControl.obj
 0001:00017170       _transport_waitForConnection 10018170 f   transport.obj
 0001:000172fe       _transport_initialize      100182fe f   transport.obj
 0001:00017327       _transport_reset           10018327 f   transport.obj
 0001:00017429       _transport_startTransport  10018429 f   transport.obj
 0001:00017673       _transport_close           10018673 f   transport.obj
 0001:00017683       _transport_is_open         10018683 f   transport.obj
 0001:00017696       _transport_sendPacket      10018696 f   transport.obj
 0001:000176fd       _transport_receivePacket   100186fd f   transport.obj
 0001:0001773d       _saveGlobalRef             1001873d f   util.obj
 0001:000178cd       _tossGlobalRef             100188cd f   util.obj
 0001:00018157       _isObjectTag               10019157 f   util.obj
 0001:0001817e       _uniqueID                  1001917e f   util.obj
 0001:0001818a       _filterDebugThreads        1001918a f   util.obj
 0001:000181c8       _fieldModifiers            100191c8 f   util.obj
 0001:0001821f       _methodModifiers           1001921f f   util.obj
 0001:00018272       _methodClass               10019272 f   util.obj
 0001:0001828f       _methodLocation            1001928f f   util.obj
 0001:000182e0       _classLoader               100192e0 f   util.obj
 0001:00018333       _getEnv                    10019333 f   util.obj
 0001:000183e4       _jvmtiGetCapabilities      100193e4 f   util.obj
 0001:0001850b       _jvmtiMajorVersion         1001950b f   util.obj
 0001:00018519       _jvmtiMinorVersion         10019519 f   util.obj
 0001:00018527       _jvmtiMicroVersion         10019527 f   util.obj
 0001:00018532       _canSuspendResumeThreadLists 10019532 f   util.obj
 0001:00018556       _getSourceDebugExtension   10019556 f   util.obj
 0001:000185a3       _convertSignatureToClassname 100195a3 f   util.obj
 0001:0001861f       _debugMonitorEnter         1001961f f   util.obj
 0001:00018690       _debugMonitorExit          10019690 f   util.obj
 0001:000186f5       _debugMonitorWait          100196f5 f   util.obj
 0001:0001876a       _debugMonitorTimedWait     1001976a f   util.obj
 0001:000187e3       _debugMonitorNotify        100197e3 f   util.obj
 0001:00018848       _debugMonitorNotifyAll     10019848 f   util.obj
 0001:000188ad       _debugMonitorCreate        100198ad f   util.obj
 0001:00018915       _debugMonitorDestroy       10019915 f   util.obj
 0001:00018977       _allThreads                10019977 f   util.obj
 0001:00018a25       _threadGroupInfo           10019a25 f   util.obj
 0001:00018ab7       _writeGenericSignature     10019ab7 f   util.obj
 0001:00018ad4       _classStatus               10019ad4 f   util.obj
 0001:00018cb0       _isFieldSynthetic          10019cb0 f   util.obj
 0001:00018d0e       _isMethodSynthetic         10019d0e f   util.obj
 0001:00018d68       _isMethodNative            10019d68 f   util.obj
 0001:00018e08       _isSameObject              10019e08 f   util.obj
 0001:00018e25       _objectHashCode            10019e25 f   util.obj
 0001:00018ecf       _allInterfaces             10019ecf f   util.obj
 0001:00018f2c       _allLoadedClasses          10019f2c f   util.obj
 0001:00018f85       _allClassLoaderClasses     10019f85 f   util.obj
 0001:0001903d       _createLocalRefSpace       1001a03d f   util.obj
 0001:00019170       _isClass                   1001a170 f   util.obj
 0001:000191c4       _isThread                  1001a1c4 f   util.obj
 0001:00019218       _isThreadGroup             1001a218 f   util.obj
 0001:0001926c       _isString                  1001a26c f   util.obj
 0001:000192c0       _isClassLoader             1001a2c0 f   util.obj
 0001:00019314       _isArray                   1001a314 f   util.obj
 0001:00019517       _setAgentPropertyValue     1001a517 f   util.obj
 0001:00019666       _isMethodObsolete          1001a666 f   util.obj
 0001:0001979a       _jvmtiAllocate             1001a79a f   util.obj
 0001:0001980e       _jvmtiDeallocate           1001a80e f   util.obj
 0001:00019875       _map2jvmtiError            1001a875 f   util.obj
 0001:00019a85       _eventIndexInit            1001aa85 f   util.obj
 0001:00019b9f       _eventIndex2jdwp           1001ab9f f   util.obj
 0001:00019c00       _eventIndex2jvmti          1001ac00 f   util.obj
 0001:00019c62       _jdwp2EventIndex           1001ac62 f   util.obj
 0001:00019d12       _map2jdwpError             1001ad12 f   util.obj
 0001:00019fd9       _map2jdwpSuspendStatus     1001afd9 f   util.obj
 0001:00019fe7       _map2jdwpThreadStatus      1001afe7 f   util.obj
 0001:0001a024       _map2jdwpClassStatus       1001b024 f   util.obj
 0001:0001a08d       _classInstances            1001b08d f   util.obj
 0001:0001a325       _classInstanceCounts       1001b325 f   util.obj
 0001:0001a5e6       _objectReferrers           1001b5e6 f   util.obj
 0001:0001a81c       _specificTypeKey           1001b81c f   util.obj
 0001:0001aa36       _sharedInvoke              1001ba36 f   util.obj
 0001:0001abcd       _referenceTypeTag          1001bbcd f   util.obj
 0001:0001abf1       _methodSignature           1001bbf1 f   util.obj
 0001:0001ac7f       _methodReturnType          1001bc7f f   util.obj
 0001:0001acdf       _fieldSignature            1001bcdf f   util.obj
 0001:0001ada6       _spawnNewThread            1001bda6 f   util.obj
 0001:0001b071       _classSignature            1001c071 f   util.obj
 0001:0001b0b8       _getClassname              1001c0b8 f   util.obj
 0001:0001b0ef       _allNestedClasses          1001c0ef f   util.obj
 0001:0001b3c8       _writeCodeLocation         1001c3c8 f   util.obj
 0001:0001b42f       _log_debugee_location      1001c42f f   util.obj
 0001:0001b587       _util_initialize           1001c587 f   util.obj
 0001:0001c214       _sharedGetFieldValues      1001d214 f   util.obj
 0001:0001c303       _dbgsysGetLastErrorString  1001d303 f   linker_md.obj
 0001:0001c396       _dbgsysBuildLibName        1001d396 f   linker_md.obj
 0001:0001c41f       _dbgsysLoadLibrary         1001d41f f   linker_md.obj
 0001:0001c472       _dbgsysFindLibraryEntry    1001d472 f   linker_md.obj
 0001:0001c481       _dbgsysExec                1001d481 f   exec_md.obj
 0001:0001c4ce       _memset                    1001d4ce f   MSVCRT:MSVCR100.dll
 0001:0001c4e0       _strcmp                    1001d4e0 f   MSVCRT:MSVCR100.dll
 0001:0001c4e6       _strlen                    1001d4e6 f   MSVCRT:MSVCR100.dll
 0001:0001c4ec       @__security_check_cookie@4 1001d4ec f   MSVCRT:secchk.obj
 0001:0001c4fc       _memcpy                    1001d4fc f   MSVCRT:MSVCR100.dll
 0001:0001c502       __setjmp3                  1001d502 f   MSVCRT:MSVCR100.dll
 0001:0001c508       _abs                       1001d508 f   MSVCRT:MSVCR100.dll
 0001:0001c50e       _strcat                    1001d50e f   MSVCRT:MSVCR100.dll
 0001:0001c514       _strcpy                    1001d514 f   MSVCRT:MSVCR100.dll
 0001:0001c51a       __onexit                   1001d51a f   MSVCRT:atonexit.obj
 0001:0001c5bb       _atexit                    1001d5bb f   MSVCRT:atonexit.obj
 0001:0001c620       __CRT_INIT@12              1001d620 f   MSVCRT:crtdll.obj
 0001:0001c940       __DllMainCRTStartup@12     1001d940 f   MSVCRT:crtdll.obj
 0001:0001c963       ___report_gsfailure        1001d963 f   MSVCRT:gs_report.obj
 0001:0001ca6a       __unlock                   1001da6a f   MSVCRT:MSVCR100.dll
 0001:0001ca70       ___dllonexit               1001da70 f   MSVCRT:MSVCR100.dll
 0001:0001ca76       __lock                     1001da76 f   MSVCRT:MSVCR100.dll
 0001:0001ca80       __SEH_prolog4              1001da80 f   MSVCRT:sehprolg4.obj
 0001:0001cac5       __SEH_epilog4              1001dac5 f   MSVCRT:sehprolg4.obj
 0001:0001cad9       __except_handler4          1001dad9 f   MSVCRT:chandler4gs.obj
 0001:0001cafe       ___clean_type_info_names   1001dafe f   MSVCRT:tncleanup.obj
 0001:0001cb0a       __RTC_Initialize           1001db0a f   MSVCRT:_initsect_.obj
 0001:0001cb30       __RTC_Terminate            1001db30 f   MSVCRT:_initsect_.obj
 0001:0001cb60       __ValidateImageBase        1001db60 f   MSVCRT:pesect.obj
 0001:0001cba0       __FindPESection            1001dba0 f   MSVCRT:pesect.obj
 0001:0001cbf0       __IsNonwritableInCurrentImage 1001dbf0 f   MSVCRT:pesect.obj
 0001:0001ccac       __initterm                 1001dcac f   MSVCRT:MSVCR100.dll
 0001:0001ccb2       __initterm_e               1001dcb2 f   MSVCRT:MSVCR100.dll
 0001:0001ccb8       __amsg_exit                1001dcb8 f   MSVCRT:MSVCR100.dll
 0001:0001ccbe       ___CppXcptFilter           1001dcbe f   MSVCRT:MSVCR100.dll
 0001:0001ccc4       _DllMain@12                1001dcc4 f   MSVCRT:dllmain.obj
 0001:0001cce8       ___security_init_cookie    1001dce8 f   MSVCRT:gs_support.obj
 0001:0001cd84       __crt_debugger_hook        1001dd84 f   MSVCRT:MSVCR100.dll
 0001:0001cd8a       __except_handler4_common   1001dd8a f   MSVCRT:MSVCR100.dll
 0001:0001cd90       ___clean_type_info_names_internal 1001dd90 f   MSVCRT:MSVCR100.dll
 0002:00000000       __imp__GetCurrentProcessId@0 1001e000     kernel32:KERNEL32.dll
 0002:00000004       __imp__GetTickCount@0      1001e004     kernel32:KERNEL32.dll
 0002:00000008       __imp__QueryPerformanceCounter@4 1001e008     kernel32:KERNEL32.dll
 0002:0000000c       __imp__DisableThreadLibraryCalls@4 1001e00c     kernel32:KERNEL32.dll
 0002:00000010       __imp__IsDebuggerPresent@0 1001e010     kernel32:KERNEL32.dll
 0002:00000014       __imp__SetUnhandledExceptionFilter@4 1001e014     kernel32:KERNEL32.dll
 0002:00000018       __imp__UnhandledExceptionFilter@4 1001e018     kernel32:KERNEL32.dll
 0002:0000001c       __imp__GetCurrentProcess@0 1001e01c     kernel32:KERNEL32.dll
 0002:00000020       __imp__TerminateProcess@8  1001e020     kernel32:KERNEL32.dll
 0002:00000024       __imp__InterlockedCompareExchange@12 1001e024     kernel32:KERNEL32.dll
 0002:00000028       __imp__Sleep@4             1001e028     kernel32:KERNEL32.dll
 0002:0000002c       __imp__InterlockedExchange@8 1001e02c     kernel32:KERNEL32.dll
 0002:00000030       __imp__DecodePointer@4     1001e030     kernel32:KERNEL32.dll
 0002:00000034       __imp__EncodePointer@4     1001e034     kernel32:KERNEL32.dll
 0002:00000038       __imp__CreateProcessA@40   1001e038     kernel32:KERNEL32.dll
 0002:0000003c       __imp__GetLastError@0      1001e03c     kernel32:KERNEL32.dll
 0002:00000040       __imp__FormatMessageA@28   1001e040     kernel32:KERNEL32.dll
 0002:00000044       __imp__GetCurrentThreadId@0 1001e044     kernel32:KERNEL32.dll
 0002:00000048       __imp__GetModuleHandleA@4  1001e048     kernel32:KERNEL32.dll
 0002:0000004c       __imp__GetModuleFileNameA@12 1001e04c     kernel32:KERNEL32.dll
 0002:00000050       __imp__LoadLibraryA@4      1001e050     kernel32:KERNEL32.dll
 0002:00000054       __imp__GetProcAddress@8    1001e054     kernel32:KERNEL32.dll
 0002:00000058       __imp__GetSystemTimeAsFileTime@4 1001e058     kernel32:KERNEL32.dll
 0002:0000005c       \177KERNEL32_NULL_THUNK_DATA 1001e05c     kernel32:KERNEL32.dll
 0002:00000060       __imp__strftime            1001e060     MSVCRT:MSVCR100.dll
 0002:00000064       __imp__setvbuf             1001e064     MSVCRT:MSVCR100.dll
 0002:00000068       __imp__fopen               1001e068     MSVCRT:MSVCR100.dll
 0002:0000006c       __imp__fclose              1001e06c     MSVCRT:MSVCR100.dll
 0002:00000070       __imp__isdigit             1001e070     MSVCRT:MSVCR100.dll
 0002:00000074       __imp__strncpy             1001e074     MSVCRT:MSVCR100.dll
 0002:00000078       __imp__strerror            1001e078     MSVCRT:MSVCR100.dll
 0002:0000007c       __imp___errno              1001e07c     MSVCRT:MSVCR100.dll
 0002:00000080       __imp__sprintf             1001e080     MSVCRT:MSVCR100.dll
 0002:00000084       __imp___unlock             1001e084     MSVCRT:MSVCR100.dll
 0002:00000088       __imp____dllonexit         1001e088     MSVCRT:MSVCR100.dll
 0002:0000008c       __imp___time64             1001e08c     MSVCRT:MSVCR100.dll
 0002:00000090       __imp___onexit             1001e090     MSVCRT:MSVCR100.dll
 0002:00000094       __imp___malloc_crt         1001e094     MSVCRT:MSVCR100.dll
 0002:00000098       __imp__free                1001e098     MSVCRT:MSVCR100.dll
 0002:0000009c       __imp___encoded_null       1001e09c     MSVCRT:MSVCR100.dll
 0002:000000a0       __imp___initterm           1001e0a0     MSVCRT:MSVCR100.dll
 0002:000000a4       __imp___initterm_e         1001e0a4     MSVCRT:MSVCR100.dll
 0002:000000a8       __imp___amsg_exit          1001e0a8     MSVCRT:MSVCR100.dll
 0002:000000ac       __imp____CppXcptFilter     1001e0ac     MSVCRT:MSVCR100.dll
 0002:000000b0       __imp___crt_debugger_hook  1001e0b0     MSVCRT:MSVCR100.dll
 0002:000000b4       __imp___except_handler4_common 1001e0b4     MSVCRT:MSVCR100.dll
 0002:000000b8       __imp____clean_type_info_names_internal 1001e0b8     MSVCRT:MSVCR100.dll
 0002:000000bc       __imp___localtime64        1001e0bc     MSVCRT:MSVCR100.dll
 0002:000000c0       __imp___sleep              1001e0c0     MSVCRT:MSVCR100.dll
 0002:000000c4       __imp__fflush              1001e0c4     MSVCRT:MSVCR100.dll
 0002:000000c8       __imp___vsnprintf          1001e0c8     MSVCRT:MSVCR100.dll
 0002:000000cc       __imp__fprintf             1001e0cc     MSVCRT:MSVCR100.dll
 0002:000000d0       __imp__strrchr             1001e0d0     MSVCRT:MSVCR100.dll
 0002:000000d4       __imp__getenv              1001e0d4     MSVCRT:MSVCR100.dll
 0002:000000d8       __imp__atol                1001e0d8     MSVCRT:MSVCR100.dll
 0002:000000dc       __imp__strtol              1001e0dc     MSVCRT:MSVCR100.dll
 0002:000000e0       __imp__abort               1001e0e0     MSVCRT:MSVCR100.dll
 0002:000000e4       __imp__strcpy              1001e0e4     MSVCRT:MSVCR100.dll
 0002:000000e8       __imp__strcat              1001e0e8     MSVCRT:MSVCR100.dll
 0002:000000ec       __imp__exit                1001e0ec     MSVCRT:MSVCR100.dll
 0002:000000f0       __imp__abs                 1001e0f0     MSVCRT:MSVCR100.dll
 0002:000000f4       __imp__strchr              1001e0f4     MSVCRT:MSVCR100.dll
 0002:000000f8       __imp___setjmp3            1001e0f8     MSVCRT:MSVCR100.dll
 0002:000000fc       __imp__memcpy              1001e0fc     MSVCRT:MSVCR100.dll
 0002:00000100       __imp___snprintf           1001e100     MSVCRT:MSVCR100.dll
 0002:00000104       __imp__longjmp             1001e104     MSVCRT:MSVCR100.dll
 0002:00000108       __imp__strlen              1001e108     MSVCRT:MSVCR100.dll
 0002:0000010c       __imp__strncmp             1001e10c     MSVCRT:MSVCR100.dll
 0002:00000110       __imp__strcmp              1001e110     MSVCRT:MSVCR100.dll
 0002:00000114       __imp____iob_func          1001e114     MSVCRT:MSVCR100.dll
 0002:00000118       __imp___lock               1001e118     MSVCRT:MSVCR100.dll
 0002:0000011c       __imp__memset              1001e11c     MSVCRT:MSVCR100.dll
 0002:00000120       __imp___getpid             1001e120     MSVCRT:MSVCR100.dll
 0002:00000120       __imp__getpid              1001e120     MSVCRT:MSVCR100.dll
 0002:00000124       \177MSVCR100_NULL_THUNK_DATA 1001e124     MSVCRT:MSVCR100.dll
 0002:00000128       ___xc_a                    1001e128     MSVCRT:cinitexe.obj
 0002:0000012c       ___xc_z                    1001e12c     MSVCRT:cinitexe.obj
 0002:00000130       ___xi_a                    1001e130     MSVCRT:cinitexe.obj
 0002:00000138       ___xi_z                    1001e138     MSVCRT:cinitexe.obj
 0002:0000015c       ??_C@_04DLGOCPFH@?$CFs?$CI?$CJ?$AA@ 1001e15c     ArrayReferenceImpl.obj
 0002:00000164       ??_C@_0P@KJGLIDCM@GetArrayLength?$AA@ 1001e164     ArrayReferenceImpl.obj
 0002:00000174       ??_C@_03HBKNMMDM@JNI?$AA@  1001e174     ArrayReferenceImpl.obj
 0002:00000178       ??_C@_0CN@OHKDNJCF@?4?4?1?4?4?1?4?4?1src?1share?1back?1ArrayRef@ 1001e178     ArrayReferenceImpl.obj
 0002:000001a8       ??_C@_0BG@DOJPBGJK@GetBooleanArrayRegion?$AA@ 1001e1a8     ArrayReferenceImpl.obj
 0002:000001c0       ??_C@_0BD@DBCKLPHC@GetByteArrayRegion?$AA@ 1001e1c0     ArrayReferenceImpl.obj
 0002:000001d4       ??_C@_0BD@EJLOJIMH@GetCharArrayRegion?$AA@ 1001e1d4     ArrayReferenceImpl.obj
 0002:000001e8       ??_C@_0BE@LJPMIBLN@GetShortArrayRegion?$AA@ 1001e1e8     ArrayReferenceImpl.obj
 0002:000001fc       ??_C@_0BC@PAFAELMA@GetIntArrayRegion?$AA@ 1001e1fc     ArrayReferenceImpl.obj
 0002:00000210       ??_C@_0BD@KDOJFBNI@GetLongArrayRegion?$AA@ 1001e210     ArrayReferenceImpl.obj
 0002:00000224       ??_C@_0BE@JEOBKBHM@GetFloatArrayRegion?$AA@ 1001e224     ArrayReferenceImpl.obj
 0002:00000238       ??_C@_0BF@HGGNLGEB@GetDoubleArrayRegion?$AA@ 1001e238     ArrayReferenceImpl.obj
 0002:00000250       ??_C@_0O@EMINCBBD@PopLocalFrame?$AA@ 1001e250     ArrayReferenceImpl.obj
 0002:00000260       ??_C@_0BC@LPILBKGC@ExceptionOccurred?$AA@ 1001e260     ArrayReferenceImpl.obj
 0002:00000274       ??_C@_0BG@KEKOCCJB@GetObjectArrayElement?$AA@ 1001e274     ArrayReferenceImpl.obj
 0002:0000028c       ??_C@_0P@KFEGKDII@ExceptionClear?$AA@ 1001e28c     ArrayReferenceImpl.obj
 0002:0000029c       ??_C@_0P@NDOJPFLH@GetObjectClass?$AA@ 1001e29c     ArrayReferenceImpl.obj
 0002:000002ac       ??_C@_0BG@MLMJMPNL@SetBooleanArrayRegion?$AA@ 1001e2ac     ArrayReferenceImpl.obj
 0002:000002c4       ??_C@_0BD@MLAAIJJK@SetByteArrayRegion?$AA@ 1001e2c4     ArrayReferenceImpl.obj
 0002:000002d8       ??_C@_0BD@LDJEKOCP@SetCharArrayRegion?$AA@ 1001e2d8     ArrayReferenceImpl.obj
 0002:000002ec       ??_C@_0BE@BHNHMBMB@SetShortArrayRegion?$AA@ 1001e2ec     ArrayReferenceImpl.obj
 0002:00000300       ??_C@_0BC@NFFLMANO@SetIntArrayRegion?$AA@ 1001e300     ArrayReferenceImpl.obj
 0002:00000314       ??_C@_0BD@FJMDGHDA@SetLongArrayRegion?$AA@ 1001e314     ArrayReferenceImpl.obj
 0002:00000328       ??_C@_0BE@DKMKOBAA@SetFloatArrayRegion?$AA@ 1001e328     ArrayReferenceImpl.obj
 0002:0000033c       ??_C@_0BF@CPHAKABG@SetDoubleArrayRegion?$AA@ 1001e33c     ArrayReferenceImpl.obj
 0002:00000354       ??_C@_0BG@FBPIPLNA@SetObjectArrayElement?$AA@ 1001e354     ArrayReferenceImpl.obj
 0002:0000036c       ??_C@_0BB@BCMBBBKH@JDWP?5exit?5error?5?$AA@ 1001e36c     ArrayReferenceImpl.obj
 0002:00000380       ??_C@_01EEMJAFIK@?6?$AA@   1001e380     ArrayReferenceImpl.obj
 0002:00000384       ??_C@_0BD@HJCIAOFF@?$CFs?$CI?$CFd?$CJ?3?5?$CFs?5?$FL?$CFs?3?$CFd?$FN?$AA@ 1001e384     ArrayReferenceImpl.obj
 0002:00000397       ??_C@_00CNPNBAHC@?$AA@     1001e397     ArrayReferenceImpl.obj
 0002:00000398       ??_C@_05MBDEGLCK@ERROR?$AA@ 1001e398     ArrayReferenceImpl.obj
 0002:000003a0       ??_C@_0CG@CDCBEMAB@Invalid?5array?5component?5signatur@ 1001e3a0     ArrayReferenceImpl.obj
 0002:000003c8       ??_C@_0P@CNKIGBBL@NewObjectArray?$AA@ 1001e3c8     ArrayTypeImpl.obj
 0002:000003d8       ??_C@_0CI@LGJFNEEE@?4?4?1?4?4?1?4?4?1src?1share?1back?1ArrayTyp@ 1001e3d8     ArrayTypeImpl.obj
 0002:00000400       ??_C@_0N@GNOMHAGO@NewLongArray?$AA@ 1001e400     ArrayTypeImpl.obj
 0002:00000410       ??_C@_0O@IAEEJHKH@NewShortArray?$AA@ 1001e410     ArrayTypeImpl.obj
 0002:00000420       ??_C@_0BA@IMLHDFCA@NewBooleanArray?$AA@ 1001e420     ArrayTypeImpl.obj
 0002:00000430       ??_C@_0M@PGNBGLNB@NewIntArray?$AA@ 1001e430     ArrayTypeImpl.obj
 0002:0000043c       ??_C@_0N@NGBLEHOM@NewByteArray?$AA@ 1001e43c     ArrayTypeImpl.obj
 0002:0000044c       ??_C@_0N@BEEAOHOP@NewCharArray?$AA@ 1001e44c     ArrayTypeImpl.obj
 0002:0000045c       ??_C@_0P@DNODLKGI@NewDoubleArray?$AA@ 1001e45c     ArrayTypeImpl.obj
 0002:0000046c       ??_C@_0O@KEDKGJJM@NewFloatArray?$AA@ 1001e46c     ArrayTypeImpl.obj
 0002:0000047c       ??_C@_0O@NPFONKNM@GetSuperclass?$AA@ 1001e47c     ClassTypeImpl.obj
 0002:0000048c       ??_C@_0CI@LMJLJEFK@?4?4?1?4?4?1?4?4?1src?1share?1back?1ClassTyp@ 1001e48c     ClassTypeImpl.obj
 0002:000004b4       ??_C@_0BE@IGGOFGFB@SetStaticShortField?$AA@ 1001e4b4     ClassTypeImpl.obj
 0002:000004c8       ??_C@_0BG@DJFBDJKI@SetStaticBooleanField?$AA@ 1001e4c8     ClassTypeImpl.obj
 0002:000004e0       ??_C@_0BF@NBNNHFAL@SetStaticObjectField?$AA@ 1001e4e0     ClassTypeImpl.obj
 0002:000004f8       ??_C@_0BD@DLCODEIG@SetStaticLongField?$AA@ 1001e4f8     ClassTypeImpl.obj
 0002:0000050c       ??_C@_0BD@IANJADAE@SetStaticByteField?$AA@ 1001e50c     ClassTypeImpl.obj
 0002:00000520       ??_C@_0BD@ECICKDAH@SetStaticCharField?$AA@ 1001e520     ClassTypeImpl.obj
 0002:00000534       ??_C@_0BF@MBJGKOHI@SetStaticDoubleField?$AA@ 1001e534     ClassTypeImpl.obj
 0002:0000054c       ??_C@_0BE@KCBAKIGK@SetStaticFloatField?$AA@ 1001e54c     ClassTypeImpl.obj
 0002:00000560       ??_C@_0BC@ENOHANEJ@SetStaticIntField?$AA@ 1001e560     ClassTypeImpl.obj
 0002:00000574       ??_C@_0DD@IKIDBICJ@?4?4?1?4?4?1?4?4?1src?1share?1back?1ClassLoa@ 1001e574     ClassLoaderReferenceImpl.obj
 0002:000005a8       ??_C@_0BD@MHLEIAPA@GetLineNumberTable?$AA@ 1001e5a8     MethodImpl.obj
 0002:000005bc       ??_C@_05HENNLPPN@JVMTI?$AA@ 1001e5bc     MethodImpl.obj
 0002:000005c4       ??_C@_0CF@EABIPNC@?4?4?1?4?4?1?4?4?1src?1share?1back?1MethodIm@ 1001e5c4     MethodImpl.obj
 0002:000005ec       ??_C@_0BG@JNJHMCNH@GetLocalVariableTable?$AA@ 1001e5ec     MethodImpl.obj
 0002:00000604       ??_C@_0BB@ELDBFBNO@GetArgumentsSize?$AA@ 1001e604     MethodImpl.obj
 0002:00000618       ??_C@_0N@JCOMJEBO@GetBytecodes?$AA@ 1001e618     MethodImpl.obj
 0002:00000628       ??_C@_0CO@BHEBOBEI@?4?4?1?4?4?1?4?4?1src?1share?1back?1ObjectRe@ 1001e628     ObjectReferenceImpl.obj
 0002:00000658       ??_C@_0O@BGNNAPCC@SetShortField?$AA@ 1001e658     ObjectReferenceImpl.obj
 0002:00000668       ??_C@_0BA@CPPEGKHO@SetBooleanField?$AA@ 1001e668     ObjectReferenceImpl.obj
 0002:00000678       ??_C@_0P@BIEBOGNE@SetObjectField?$AA@ 1001e678     ObjectReferenceImpl.obj
 0002:00000688       ??_C@_0N@DHGKNGIJ@SetLongField?$AA@ 1001e688     ObjectReferenceImpl.obj
 0002:00000698       ??_C@_0N@IMJNOBAL@SetByteField?$AA@ 1001e698     ObjectReferenceImpl.obj
 0002:000006a8       ??_C@_0N@EOMGEBAI@SetCharField?$AA@ 1001e6a8     ObjectReferenceImpl.obj
 0002:000006b8       ??_C@_0P@IAKDNKH@SetDoubleField?$AA@ 1001e6b8     ObjectReferenceImpl.obj
 0002:000006c8       ??_C@_0O@DCKDPBBJ@SetFloatField?$AA@ 1001e6c8     ObjectReferenceImpl.obj
 0002:000006d8       ??_C@_0M@LPBODKIC@SetIntField?$AA@ 1001e6d8     ObjectReferenceImpl.obj
 0002:000006e4       ??_C@_0BG@LNEALOFM@GetObjectMonitorUsage?$AA@ 1001e6e4     ObjectReferenceImpl.obj
 0002:000006fc       ??_C@_0BC@GCIFGINE@GetClassModifiers?$AA@ 1001e6fc     ReferenceTypeImpl.obj
 0002:00000710       ??_C@_0CM@BLFJGLH@?4?4?1?4?4?1?4?4?1src?1share?1back?1Referenc@ 1001e710     ReferenceTypeImpl.obj
 0002:0000073c       ??_C@_0BA@FAMCEADF@GetClassMethods?$AA@ 1001e73c     ReferenceTypeImpl.obj
 0002:0000074c       ??_C@_0BH@CNLIIJEM@GetClassVersionNumbers?$AA@ 1001e74c     ReferenceTypeImpl.obj
 0002:00000764       ??_C@_0BA@CMEFDKBB@GetConstantPool?$AA@ 1001e764     ReferenceTypeImpl.obj
 0002:00000774       ??_C@_0P@KAMMPPGF@GetClassFields?$AA@ 1001e774     ReferenceTypeImpl.obj
 0002:00000784       ??_C@_0BC@NBHLJMHF@GetSourceFileName?$AA@ 1001e784     ReferenceTypeImpl.obj
 0002:00000798       ??_C@_0BO@PKBJCGAH@?4?4?1?4?4?1?4?4?1src?1share?1back?1SDE?4c?$AA@ 1001e798     SDE.obj
 0002:000007b8       ??_C@_0DE@CBOCIEPK@bad?5SourceDebugExtension?5syntax?5@ 1001e7b8     SDE.obj
 0002:000007ec       ??_C@_0P@BFDGOIGG@unexpected?5EOF?$AA@ 1001e7ec     SDE.obj
 0002:000007fc       ??_C@_0P@BPOMJGMN@SDE?5line?5table?$AA@ 1001e7fc     SDE.obj
 0002:0000080c       ??_C@_0P@NDLFOGMP@SDE?5file?5table?$AA@ 1001e80c     SDE.obj
 0002:0000081c       ??_C@_0BC@JMMEOMHE@SDE?5stratum?5table?$AA@ 1001e81c     SDE.obj
 0002:00000830       ??_C@_0N@PPNMFI@expected?5?8?3?8?$AA@ 1001e830     SDE.obj
 0002:00000840       ??_C@_03EIMPEGPO@Aux?$AA@  1001e840     SDE.obj
 0002:00000844       ??_C@_04IEJOJGGI@Java?$AA@ 1001e844     SDE.obj
 0002:0000084c       ??_C@_0N@KAHJKGJC@?$CKterminator?$CK?$AA@ 1001e84c     SDE.obj
 0002:0000085c       ??_C@_0N@BMNJHPCI@expected?5?8?$CK?8?$AA@ 1001e85c     SDE.obj
 0002:0000086c       ??_C@_0CC@FDGBKJLJ@SDE?5is?5re?9ordering?5the?5line?5tabl@ 1001e86c     SDE.obj
 0002:00000890       ??_C@_04MKAMAPIC@MISC?$AA@ 1001e890     SDE.obj
 0002:00000898       ??_C@_0N@FDADNLMD@GetLocalLong?$AA@ 1001e898     StackFrameImpl.obj
 0002:000008a8       ??_C@_0M@OFKPGHNH@GetLocalInt?$AA@ 1001e8a8     StackFrameImpl.obj
 0002:000008b4       ??_C@_0P@LLJAGJLC@GetLocalDouble?$AA@ 1001e8b4     StackFrameImpl.obj
 0002:000008c4       ??_C@_0O@BDGHGOEC@GetLocalFloat?$AA@ 1001e8c4     StackFrameImpl.obj
 0002:000008d4       ??_C@_0P@CCOLHCFB@GetLocalObject?$AA@ 1001e8d4     StackFrameImpl.obj
 0002:000008e4       ??_C@_0CJ@LJJLFJPB@?4?4?1?4?4?1?4?4?1src?1share?1back?1StackFra@ 1001e8e4     StackFrameImpl.obj
 0002:00000910       ??_C@_0N@CHLNBHIP@SetLocalLong?$AA@ 1001e910     StackFrameImpl.obj
 0002:00000920       ??_C@_0M@OKLBLBFE@SetLocalInt?$AA@ 1001e920     StackFrameImpl.obj
 0002:0000092c       ??_C@_0P@HFIOJDJO@SetLocalDouble?$AA@ 1001e92c     StackFrameImpl.obj
 0002:0000093c       ??_C@_0O@GMHJNNDF@SetLocalFloat?$AA@ 1001e93c     StackFrameImpl.obj
 0002:0000094c       ??_C@_0P@OMPFIIHN@SetLocalObject?$AA@ 1001e94c     StackFrameImpl.obj
 0002:0000095c       ??_C@_0BB@ECEEEFHG@GetFrameLocation?$AA@ 1001e95c     StackFrameImpl.obj
 0002:00000970       ??_C@_0BG@CNECBEKD@ReleaseStringUTFChars?$AA@ 1001e970     StringReferenceImpl.obj
 0002:00000988       ??_C@_0BC@EDLHHKLL@GetStringUTFChars?$AA@ 1001e988     StringReferenceImpl.obj
 0002:0000099c       ??_C@_0CO@MMDJGJMB@?4?4?1?4?4?1?4?4?1src?1share?1back?1StringRe@ 1001e99c     StringReferenceImpl.obj
 0002:000009cc       ??_C@_0DD@POBPKDKA@?4?4?1?4?4?1?4?4?1src?1share?1back?1ThreadGr@ 1001e9cc     ThreadGroupReferenceImpl.obj
 0002:00000a00       ??_C@_0BH@GAOLNFJO@GetThreadGroupChildren?$AA@ 1001ea00     ThreadGroupReferenceImpl.obj
 0002:00000a18       ??_C@_0O@OMCINHIO@GetThreadInfo?$AA@ 1001ea18     ThreadReferenceImpl.obj
 0002:00000a28       ??_C@_0CO@JACDKHCL@?4?4?1?4?4?1?4?4?1src?1share?1back?1ThreadRe@ 1001ea28     ThreadReferenceImpl.obj
 0002:00000a58       ??_C@_0O@OMMMFPCB@GetFrameCount?$AA@ 1001ea58     ThreadReferenceImpl.obj
 0002:00000a68       ??_C@_0BE@CFHIFOK@GetOwnedMonitorInfo?$AA@ 1001ea68     ThreadReferenceImpl.obj
 0002:00000a7c       ??_C@_0BL@FKMDJLON@GetCurrentContendedMonitor?$AA@ 1001ea7c     ThreadReferenceImpl.obj
 0002:00000a98       ??_C@_0BO@KJEKJMBJ@GetOwnedMonitorStackDepthInfo?$AA@ 1001ea98     ThreadReferenceImpl.obj
 0002:00000ab8       ??_C@_0BF@GBNAKBEE@ForceEarlyReturnLong?$AA@ 1001eab8     ThreadReferenceImpl.obj
 0002:00000ad0       ??_C@_0BF@GFOCGLCB@ForceEarlyReturnVoid?$AA@ 1001ead0     ThreadReferenceImpl.obj
 0002:00000ae8       ??_C@_0BE@OOLJADPL@ForceEarlyReturnInt?$AA@ 1001eae8     ThreadReferenceImpl.obj
 0002:00000afc       ??_C@_0BH@HPICMNMP@ForceEarlyReturnDouble?$AA@ 1001eafc     ThreadReferenceImpl.obj
 0002:00000b14       ??_C@_0BG@GAIJKLLL@ForceEarlyReturnFloat?$AA@ 1001eb14     ThreadReferenceImpl.obj
 0002:00000b2c       ??_C@_0BH@OGPJNGCM@ForceEarlyReturnObject?$AA@ 1001eb2c     ThreadReferenceImpl.obj
 0002:00000b44       ??_C@_0DE@JKJKNCJP@Java?5Debug?5Wire?5Protocol?5?$CIRefere@ 1001eb44     VirtualMachineImpl.obj
 0002:00000b78       ??_C@_0EL@OEBGOINI@?$CFs?5version?5?$CFd?4?$CFd?6JVM?5Debug?5Inter@ 1001eb78     VirtualMachineImpl.obj
 0002:00000bc4       ??_C@_09EEKGDCPH@?$DMunknown?$DO?$AA@ 1001ebc4     VirtualMachineImpl.obj
 0002:00000bd0       ??_C@_0CN@OLKIPHAF@?4?4?1?4?4?1?4?4?1src?1share?1back?1VirtualM@ 1001ebd0     VirtualMachineImpl.obj
 0002:00000c00       ??_C@_0BA@DLNPNDDE@RedefineClasses?$AA@ 1001ec00     VirtualMachineImpl.obj
 0002:00000c10       ??_C@_0BD@GPIPONPL@GetTopThreadGroups?$AA@ 1001ec10     VirtualMachineImpl.obj
 0002:00000c24       ??_C@_09OOFGMMEJ@JNI_FALSE?$AA@ 1001ec24     VirtualMachineImpl.obj
 0002:00000c30       ??_C@_0N@PHJGBMEP@NewStringUTF?$AA@ 1001ec30     VirtualMachineImpl.obj
 0002:00000c40       ??_C@_01ICJEACDI@?$DL?$AA@ 1001ec40     VirtualMachineImpl.obj
 0002:00000c44       ??_C@_0BE@BJLAMKFM@DeleteWeakGlobalRef?$AA@ 1001ec44     commonRef.obj
 0002:00000c58       ??_C@_06DADMPMP@SetTag?$AA@ 1001ec58     commonRef.obj
 0002:00000c60       ??_C@_0BB@DFCJOKMO@NewWeakGlobalRef?$AA@ 1001ec60     commonRef.obj
 0002:00000c74       ??_C@_0CE@DCDLMOBJ@?4?4?1?4?4?1?4?4?1src?1share?1back?1commonRe@ 1001ec74     commonRef.obj
 0002:00000c98       ??_C@_0BA@HLIPMHMF@DeleteGlobalRef?$AA@ 1001ec98     commonRef.obj
 0002:00000ca8       ??_C@_0BB@EBIINFKL@Freeing?5?$CFd?5?$CI?$CFx?$CJ?6?$AA@ 1001eca8     commonRef.obj
 0002:00000cbc       ??_C@_0N@IAAOLNMM@NewGlobalRef?$AA@ 1001ecbc     commonRef.obj
 0002:00000ccc       ??_C@_06JAJCHHBC@GetTag?$AA@ 1001eccc     commonRef.obj
 0002:00000cd4       ??_C@_0BC@GLNEFKOL@RefNode?5count?5?$DM?50?$AA@ 1001ecd4     commonRef.obj
 0002:00000ce8       ??_C@_0BN@ODBCKJDJ@JDWP?5Reference?5Table?5Monitor?$AA@ 1001ece8     commonRef.obj
 0002:00000d08       ??_C@_0P@DFLOMFLG@DeleteLocalRef?$AA@ 1001ed08     commonRef.obj
 0002:00000d18       ??_C@_0M@GAIIKJOJ@NewLocalRef?$AA@ 1001ed18     commonRef.obj
 0002:00000d24       ??_C@_0O@IBHIJNK@signature?5bag?$AA@ 1001ed24     classTrack.obj
 0002:00000d34       ??_C@_0L@CEFBCHGP@signatures?$AA@ 1001ed34     classTrack.obj
 0002:00000d40       ??_C@_0CF@HINHOGLA@?4?4?1?4?4?1?4?4?1src?1share?1back?1classTra@ 1001ed40     classTrack.obj
 0002:00000d68       ??_C@_0P@CKMNIIBK@loaded?5classes?$AA@ 1001ed68     classTrack.obj
 0002:00000d78       ??_C@_0BB@JOLEBKED@classTrack?5table?$AA@ 1001ed78     classTrack.obj
 0002:00000d8c       ??_C@_09CMIIOJHF@signature?$AA@ 1001ed8c     classTrack.obj
 0002:00000d98       ??_C@_09FPNNPBPB@KlassNode?$AA@ 1001ed98     classTrack.obj
 0002:00000da4       ??_C@_0CF@HJCABDHA@Attempting?5to?5insert?5duplicate?5c@ 1001eda4     classTrack.obj
 0002:00000dcc       ??_C@_0BF@GLPPHCDA@loaded?5classes?5array?$AA@ 1001edcc     classTrack.obj
 0002:00000de4       ??_C@_0BC@DMLDOBBC@command?5set?5array?$AA@ 1001ede4     debugDispatch.obj
 0002:00000df8       ??_C@_0CI@HJCDELM@?4?4?1?4?4?1?4?4?1src?1share?1back?1debugDis@ 1001edf8     debugDispatch.obj
 0002:00000e20       ??_C@_0DI@HJHBDLDN@JDWP?5unable?5to?5configure?5initial@ 1001ee20     debugInit.obj
 0002:00000e58       ??_C@_0BJ@MAECPKFO@SetEventNotificationMode?$AA@ 1001ee58     debugInit.obj
 0002:00000e74       ??_C@_0CE@NHLIGNJC@?4?4?1?4?4?1?4?4?1src?1share?1back?1debugIni@ 1001ee74     debugInit.obj
 0002:00000e98       ??_C@_0DE@BOJEJHME@JDWP?5unable?5to?5dispose?5of?5JVMTI?5@ 1001ee98     debugInit.obj
 0002:00000ecc       ??_C@_0BD@IBLDMNIE@DisposeEnvironment?$AA@ 1001eecc     debugInit.obj
 0002:00000ee0       ??_C@_0BD@KMCJBFOI@End?5startTransport?$AA@ 1001eee0     debugInit.obj
 0002:00000ef4       ??_C@_0CP@GLCNJPPL@JDWP?5Transport?5?$CFs?5failed?5to?5init@ 1001eef4     debugInit.obj
 0002:00000f24       ??_C@_0BF@KCLMNAFK@Begin?5startTransport?$AA@ 1001ef24     debugInit.obj
 0002:00000f3c       ??_C@_0BP@HFGABHKC@signal?5initialization?5complete?$AA@ 1001ef3c     debugInit.obj
 0002:00000f5c       ??_C@_0O@GBAEPAJL@ERROR?3?5JDWP?3?5?$AA@ 1001ef5c     debugInit.obj
 0002:00000f6c       ??_C@_0CG@MHFIMNKE@Can?8t?5call?5JNI?5FatalError?$CINULL?0?5@ 1001ef6c     debugInit.obj
 0002:00000f94       ??_C@_07CBPKFJFN@JDWP?5?$CFs?$AA@ 1001ef94     debugInit.obj
 0002:00000f9c       ??_C@_0BL@EEDFKGOH@JDWP?5?$CFs?0?5jvmtiError?$DN?$CFs?$CI?$CFd?$CJ?$AA@ 1001ef9c     debugInit.obj
 0002:00000fb8       ??_C@_0P@CPJAJOGP@UNKNOWN?5REASON?$AA@ 1001efb8     debugInit.obj
 0002:00000fc8       ??_C@_0BN@ICEPLJN@debugInit_reset?$CI?$CJ?5completed?4?$AA@ 1001efc8     debugInit.obj
 0002:00000fe8       ??_C@_0BM@DDGJDKIN@debugInit_reset?$CI?$CJ?5beginning?$AA@ 1001efe8     debugInit.obj
 0002:00001008       ??_C@_0GIB@MKMOBLKB@?5?5?5?5?5?5?5?5?5?5?5?5?5?5?5Java?5Debugger?5JDW@ 1001f008     debugInit.obj
 0002:00001690       ??_C@_0GE@PNCPNOJL@JDWP?5Non?9server?5transport?5?$CFs?5mus@ 1001f690     debugInit.obj
 0002:000016f4       ??_C@_01IHBHIGKO@?0?$AA@   1001f6f4     debugInit.obj
 0002:000016f8       ??_C@_01EFFIKLCJ@n?$AA@    1001f6f8     debugInit.obj
 0002:000016fc       ??_C@_01EANLCPLP@y?$AA@    1001f6fc     debugInit.obj
 0002:00001700       ??_C@_0BO@EGHMLMKO@Exiting?5with?5error?5?$CFs?$CI?$CFd?$CJ?3?5?$CFs?$AA@ 1001f700     debugInit.obj
 0002:00001720       ??_C@_0BD@NOFMPPNE@END?5cbEarlyVMDeath?$AA@ 1001f720     debugInit.obj
 0002:00001734       ??_C@_0BH@MJOFBADO@VM?5died?5more?5than?5once?$AA@ 1001f734     debugInit.obj
 0002:0000174c       ??_C@_0P@DKNEAPGB@cbEarlyVMDeath?$AA@ 1001f74c     debugInit.obj
 0002:0000175c       ??_C@_02LACNDIPD@CB?$AA@   1001f75c     debugInit.obj
 0002:00001760       ??_C@_0BB@FNMNNOIE@End?5initialize?$CI?$CJ?$AA@ 1001f760     debugInit.obj
 0002:00001774       ??_C@_0CG@FBKKPEEO@VM?5dead?5before?5initialize?$CI?$CJ?5comp@ 1001f774     debugInit.obj
 0002:0000179c       ??_C@_0BM@MLOKHCJB@triggering_ei?5?$CB?$DN?5EI_VM_INIT?$AA@ 1001f79c     debugInit.obj
 0002:000017b8       ??_C@_0BM@IHKNNPNA@triggering_ei?5?$DN?$DN?5EI_VM_INIT?$AA@ 1001f7b8     debugInit.obj
 0002:000017d4       ??_C@_0BK@MDFDHGIG@No?5transports?5initialized?$AA@ 1001f7d4     debugInit.obj
 0002:000017f0       ??_C@_0BM@GGAMJPIA@JDWP?5Initialization?5Monitor?$AA@ 1001f7f0     debugInit.obj
 0002:0000180c       ??_C@_0CA@LEEFBLBH@unable?5to?5clear?5JVMTI?5callbacks?$AA@ 1001f80c     debugInit.obj
 0002:0000182c       ??_C@_0BC@GAGPFDAP@SetEventCallbacks?$AA@ 1001f82c     debugInit.obj
 0002:00001840       ??_C@_0CL@FOADKMNE@unable?5to?5disable?5JVMTI?5event?5no@ 1001f840     debugInit.obj
 0002:0000186c       ??_C@_0BN@NHJNNMLF@VM?5dead?5at?5initialize?$CI?$CJ?5time?$AA@ 1001f86c     debugInit.obj
 0002:0000188c       ??_C@_0BD@BEMOICGG@Begin?5initialize?$CI?$CJ?$AA@ 1001f88c     debugInit.obj
 0002:000018a0       ??_C@_0EJ@JJILEHOC@Specify?5launch?$DN?$DMcommand?5line?$DO?5wh@ 1001f8a0     debugInit.obj
 0002:000018ec       ??_C@_0P@HJPPKHBO@JDWP?5?$CFs?3?5?$CFs?$DN?$CFs?$AA@ 1001f8ec     debugInit.obj
 0002:000018fc       ??_C@_0P@PJFAGLMH@invalid?5option?$AA@ 1001f8fc     debugInit.obj
 0002:0000190c       ??_C@_0DG@LFMJLIEN@multiple?5transports?5are?5not?5supp@ 1001f90c     debugInit.obj
 0002:00001944       ??_C@_0CA@PBEIFGCB@JDWP?5option?5syntax?5error?3?5?$CFs?$DN?$CFs?$AA@ 1001f944     debugInit.obj
 0002:00001964       ??_C@_0P@KGDIDJKL@?9agentlib?3jdwp?$AA@ 1001f964     debugInit.obj
 0002:00001974       ??_C@_0CN@FJOGMEJD@The?5precrash?5option?5removed?0?5use@ 1001f974     debugInit.obj
 0002:000019a4       ??_C@_0CO@FJOJNBJC@The?5exitpause?5option?5removed?0?5us@ 1001f9a4     debugInit.obj
 0002:000019d4       ??_C@_0CE@KCGGPGKE@timeout?5specified?5without?5transp@ 1001f9d4     debugInit.obj
 0002:000019f8       ??_C@_0CE@KJBCDAKG@address?5specified?5without?5transp@ 1001f9f8     debugInit.obj
 0002:00001a1c       ??_C@_0BH@HHOMGJCA@no?5transport?5specified?$AA@ 1001fa1c     debugInit.obj
 0002:00001a34       ??_C@_08GEPKFJKM@stdalloc?$AA@ 1001fa34     debugInit.obj
 0002:00001a40       ??_C@_05HEPNBBMF@mutf8?$AA@ 1001fa40     debugInit.obj
 0002:00001a48       ??_C@_0L@EINCANF@onuncaught?$AA@ 1001fa48     debugInit.obj
 0002:00001a54       ??_C@_05PMBAOCDH@quiet?$AA@ 1001fa54     debugInit.obj
 0002:00001a5c       ??_C@_06OLFOGHEN@strict?$AA@ 1001fa5c     debugInit.obj
 0002:00001a64       ??_C@_06HJHJCKIO@server?$AA@ 1001fa64     debugInit.obj
 0002:00001a6c       ??_C@_07DNBGJJHB@suspend?$AA@ 1001fa6c     debugInit.obj
 0002:00001a74       ??_C@_0L@NDPADBNN@debugflags?$AA@ 1001fa74     debugInit.obj
 0002:00001a80       ??_C@_08KMAEEIGA@logflags?$AA@ 1001fa80     debugInit.obj
 0002:00001a8c       ??_C@_07HMINABEO@logfile?$AA@ 1001fa8c     debugInit.obj
 0002:00001a94       ??_C@_08KLNFLELA@precrash?$AA@ 1001fa94     debugInit.obj
 0002:00001aa0       ??_C@_09KOPDMKB@exitpause?$AA@ 1001faa0     debugInit.obj
 0002:00001aac       ??_C@_09NDIDIJNG@errorexit?$AA@ 1001faac     debugInit.obj
 0002:00001ab8       ??_C@_08JHOBLGK@coredump?$AA@ 1001fab8     debugInit.obj
 0002:00001ac4       ??_C@_05PDJBBECF@pause?$AA@ 1001fac4     debugInit.obj
 0002:00001acc       ??_C@_05FAMCFOJB@fatal?$AA@ 1001facc     debugInit.obj
 0002:00001ad4       ??_C@_06GMEIIFFN@assert?$AA@ 1001fad4     debugInit.obj
 0002:00001adc       ??_C@_07JDKNNNFJ@onthrow?$AA@ 1001fadc     debugInit.obj
 0002:00001ae4       ??_C@_06OAFDKBLG@launch?$AA@ 1001fae4     debugInit.obj
 0002:00001aec       ??_C@_07DDHNKDGP@timeout?$AA@ 1001faec     debugInit.obj
 0002:00001af4       ??_C@_07LHEPONKL@address?$AA@ 1001faf4     debugInit.obj
 0002:00001afc       ??_C@_09PBENLGJM@transport?$AA@ 1001fafc     debugInit.obj
 0002:00001b08       ??_C@_0L@PNFKLIOM@transports?$AA@ 1001fb08     debugInit.obj
 0002:00001b14       ??_C@_07FOPBDDAL@options?$AA@ 1001fb14     debugInit.obj
 0002:00001b1c       ??_C@_0BD@BLCBAGAJ@_JAVA_JDWP_OPTIONS?$AA@ 1001fb1c     debugInit.obj
 0002:00001b30       ??_C@_04PCJFHION@help?$AA@ 1001fb30     debugInit.obj
 0002:00001b38       ??_C@_0BC@IFIKOKIP@END?5cbEarlyVMInit?$AA@ 1001fb38     debugInit.obj
 0002:00001b4c       ??_C@_0BI@BCONGKCA@VM?5dead?5at?5VM_INIT?5time?$AA@ 1001fb4c     debugInit.obj
 0002:00001b64       ??_C@_0O@DLFFEAD@cbEarlyVMInit?$AA@ 1001fb64     debugInit.obj
 0002:00001b74       ??_C@_0BF@FLBJJJJM@END?5cbEarlyException?$AA@ 1001fb74     debugInit.obj
 0002:00001b8c       ??_C@_05JCKDCDAK@Throw?$AA@ 1001fb8c     debugInit.obj
 0002:00001b94       ??_C@_0CP@DAAMLOKM@No?5initialization?0?5didn?8t?5find?5r@ 1001fb94     debugInit.obj
 0002:00001bc4       ??_C@_0CD@DGOBNBPB@Initializing?5on?5specific?5excepti@ 1001fbc4     debugInit.obj
 0002:00001be8       ??_C@_0DE@NBANCLO@Checking?5specific?5exception?3?5loo@ 1001fbe8     debugInit.obj
 0002:00001c1c       ??_C@_0CD@IFKJAMDD@Initializing?5on?5uncaught?5excepti@ 1001fc1c     debugInit.obj
 0002:00001c40       ??_C@_0BK@LELFCHPE@VM?5is?5not?5initialized?5yet?$AA@ 1001fc40     debugInit.obj
 0002:00001c5c       ??_C@_0CD@LICFEBIC@VM?5dead?5at?5initial?5Exception?5eve@ 1001fc5c     debugInit.obj
 0002:00001c80       ??_C@_0BM@IEEFFE@cbEarlyException?3?5thread?$DN?$CFp?$AA@ 1001fc80     debugInit.obj
 0002:00001c9c       ??_C@_0N@NKKDPPME@OnLoad?3?5DONE?$AA@ 1001fc9c     debugInit.obj
 0002:00001cac       ??_C@_0DB@FLBLFKJC@JDWP?5unable?5to?5set?5JVMTI?5event?5c@ 1001fcac     debugInit.obj
 0002:00001ce0       ??_C@_0DB@KIBJMMBD@JDWP?5unable?5to?5get?5necessary?5JVM@ 1001fce0     debugInit.obj
 0002:00001d14       ??_C@_0BA@GDHIKEAF@AddCapabilities?$AA@ 1001fd14     debugInit.obj
 0002:00001d24       ??_C@_0DI@HGBENBDB@JDWP?5unable?5to?5get?5potential?5JVM@ 1001fd24     debugInit.obj
 0002:00001d5c       ??_C@_0BJ@DAFNBFMC@GetPotentialCapabilities?$AA@ 1001fd5c     debugInit.obj
 0002:00001d78       ??_C@_0L@GCOJPMGE@Onload?3?5?$CFs?$AA@ 1001fd78     debugInit.obj
 0002:00001d88       ??_C@_0GO@CPKDKNDM@This?5jdwp?5native?5library?5will?5no@ 1001fd88     debugInit.obj
 0002:00001df8       ??_C@_0HB@JPGJENBG@JDWP?5unable?5to?5access?5JVMTI?5Vers@ 1001fdf8     debugInit.obj
 0002:00001e6c       ??_C@_06CALCCDMF@GetEnv?$AA@ 1001fe6c     debugInit.obj
 0002:00001e74       ??_C@_03HPEPLPA@JVM?$AA@   1001fe74     debugInit.obj
 0002:00001e78       ??_C@_0CJ@PMDIGEH@JDWP?3?5UTF?5function?5initializatio@ 1001fe78     debugInit.obj
 0002:00001ea4       ??_C@_0CH@FDHINHJP@JDWP?3?5unable?5to?5initialize?5NPT?5l@ 1001fea4     debugInit.obj
 0002:00001ecc       ??_C@_0BJ@BCAAKKFG@Cannot?5initialize?5NptEnv?$AA@ 1001fecc     debugInit.obj
 0002:00001ee8       ??_C@_05CJAIGNCM@0?40?40?$AA@ 1001fee8     debugInit.obj
 0002:00001ef0       ??_C@_0BK@HOJGHELP@Cannot?5find?5nptInitialize?$AA@ 1001fef0     debugInit.obj
 0002:00001f0c       ??_C@_0O@MIMNKEMK@nptInitialize?$AA@ 1001ff0c     debugInit.obj
 0002:00001f1c       ??_C@_0BE@PIBOIGHP@Cannot?5open?5library?$AA@ 1001ff1c     debugInit.obj
 0002:00001f30       ??_C@_07GBFHOKDN@npt?4dll?$AA@ 1001ff30     debugInit.obj
 0002:00001f38       ??_C@_04KAAOILJH@?2?4?4?2?$AA@ 1001ff38     debugInit.obj
 0002:00001f40       ??_C@_0BE@JHKGKBJE@Cannot?5find?5jvm?4dll?$AA@ 1001ff40     debugInit.obj
 0002:00001f54       ??_C@_07KCBEICKO@jvm?4dll?$AA@ 1001ff54     debugInit.obj
 0002:00001f5c       ??_C@_0P@KEJEBKCF@NPT?5ERROR?3?5?$CFs?6?$AA@ 1001ff5c     debugInit.obj
 0002:00001f6c       ??_C@_0BA@GOCLFPKI@NptEnv?$CK?5is?5NULL?$AA@ 1001ff6c     debugInit.obj
 0002:00001f7c       ??_C@_0BN@FIGCDEN@JDWP?5unable?5to?5load?0?5VM?5died?$AA@ 1001ff7c     debugInit.obj
 0002:00001fa0       ??_C@_0FO@EFFMOFEA@Cannot?5load?5this?5JVM?5TI?5agent?5tw@ 1001ffa0     debugInit.obj
 0002:00002000       ??_C@_0BB@NDEDGFCM@JDWP?5Resume?5Lock?$AA@ 10020000     debugLoop.obj
 0002:00002014       ??_C@_0M@FFFEEGHJ@packet?5list?$AA@ 10020014     debugLoop.obj
 0002:00002020       ??_C@_0CE@EOPOPDGH@?4?4?1?4?4?1?4?4?1src?1share?1back?1debugLoo@ 10020020     debugLoop.obj
 0002:00002044       ??_C@_0BC@PBMDCOFP@End?5reader?5thread?$AA@ 10020044     debugLoop.obj
 0002:00002058       ??_C@_0BL@PDACEPJI@Command?5set?5?$CFd?0?5command?5?$CFd?$AA@ 10020058     debugLoop.obj
 0002:00002074       ??_C@_0BE@LPIOKOFH@Begin?5reader?5thread?$AA@ 10020074     debugLoop.obj
 0002:00002088       ??_C@_0BE@OJJPFMMB@JDWP?5Command?5Reader?$AA@ 10020088     debugLoop.obj
 0002:0000209c       ??_C@_0BI@KEHBCJBK@JDWP?5Command?5Queue?5Lock?$AA@ 1002009c     debugLoop.obj
 0002:000020b4       ??_C@_06DIJPEION@?$CFs?$CFs?$CFs?$AA@ 100200b4     error_messages.obj
 0002:000020bc       ??_C@_0O@LFPPCNKG@ERROR_unknown?$AA@ 100200bc     error_messages.obj
 0002:000020cc       ??_C@_0BL@CKFDNLPC@AGENT_ERROR_NO_MORE_FRAMES?$AA@ 100200cc     error_messages.obj
 0002:000020e8       ??_C@_0BL@JAPDMOGJ@AGENT_ERROR_INVALID_OBJECT?$AA@ 100200e8     error_messages.obj
 0002:00002104       ??_C@_0BP@OCCGGDI@AGENT_ERROR_INVALID_EVENT_TYPE?$AA@ 10020104     error_messages.obj
 0002:00002124       ??_C@_0BL@ENGHDPEH@AGENT_ERROR_INVALID_THREAD?$AA@ 10020124     error_messages.obj
 0002:00002140       ??_C@_0BN@LLKPAHA@AGENT_ERROR_ILLEGAL_ARGUMENT?$AA@ 10020140     error_messages.obj
 0002:00002160       ??_C@_0BJ@ILJPBKJK@AGENT_ERROR_NULL_POINTER?$AA@ 10020160     error_messages.obj
 0002:0000217c       ??_C@_0BM@LDFIPDCL@AGENT_ERROR_INVALID_FRAMEID?$AA@ 1002017c     error_messages.obj
 0002:00002198       ??_C@_0BK@KOCLEFJG@AGENT_ERROR_INVALID_COUNT?$AA@ 10020198     error_messages.obj
 0002:000021b4       ??_C@_0BK@JFFMLFLM@AGENT_ERROR_NATIVE_METHOD?$AA@ 100201b4     error_messages.obj
 0002:000021d0       ??_C@_0BL@GHHKABMN@AGENT_ERROR_TRANSPORT_INIT?$AA@ 100201d0     error_messages.obj
 0002:000021ec       ??_C@_0BL@FDPHKKDB@AGENT_ERROR_TRANSPORT_LOAD?$AA@ 100201ec     error_messages.obj
 0002:00002208       ??_C@_0BK@FILGLGGH@AGENT_ERROR_INVALID_ARRAY?$AA@ 10020208     error_messages.obj
 0002:00002224       ??_C@_0CB@GJDCCCGC@AGENT_ERROR_INVALID_CLASS_LOADER@ 10020224     error_messages.obj
 0002:00002248       ??_C@_0BL@JGHDGIGP@AGENT_ERROR_INVALID_STRING?$AA@ 10020248     error_messages.obj
 0002:00002264       ??_C@_0BL@BMIJGCKP@AGENT_ERROR_INVALID_LENGTH?$AA@ 10020264     error_messages.obj
 0002:00002280       ??_C@_0BK@HKJFNPFH@AGENT_ERROR_INVALID_INDEX?$AA@ 10020280     error_messages.obj
 0002:0000229c       ??_C@_0BN@PEANMDOB@AGENT_ERROR_ALREADY_INVOKING?$AA@ 1002029c     error_messages.obj
 0002:000022bc       ??_C@_0BI@OCBNFCC@AGENT_ERROR_INVALID_TAG?$AA@ 100202bc     error_messages.obj
 0002:000022d4       ??_C@_0BK@MDCNJBJM@AGENT_ERROR_OUT_OF_MEMORY?$AA@ 100202d4     error_messages.obj
 0002:000022f0       ??_C@_0BO@HMIKBJDH@AGENT_ERROR_NOT_CURRENT_FRAME?$AA@ 100202f0     error_messages.obj
 0002:00002310       ??_C@_0BK@DOAJMAC@AGENT_ERROR_JDWP_INTERNAL?$AA@ 10020310     error_messages.obj
 0002:0000232c       ??_C@_0BL@HHHLGBCJ@AGENT_ERROR_JVMTI_INTERNAL?$AA@ 1002032c     error_messages.obj
 0002:00002348       ??_C@_0BK@OHNBOEAB@AGENT_ERROR_JNI_EXCEPTION?$AA@ 10020348     error_messages.obj
 0002:00002364       ??_C@_0BH@IOOMLCPK@AGENT_ERROR_NO_JNI_ENV?$AA@ 10020364     error_messages.obj
 0002:0000237c       ??_C@_0BE@KFGADCIM@AGENT_ERROR_VM_DEAD?$AA@ 1002037c     error_messages.obj
 0002:00002390       ??_C@_0BF@KCDLAD@AGENT_ERROR_INTERNAL?$AA@ 10020390     error_messages.obj
 0002:000023a8       ??_C@_0CA@LKHFDACL@JVMTI_ERROR_INVALID_ENVIRONMENT?$AA@ 100203a8     error_messages.obj
 0002:000023c8       ??_C@_0BO@EOHGKJHI@JVMTI_ERROR_UNATTACHED_THREAD?$AA@ 100203c8     error_messages.obj
 0002:000023e8       ??_C@_0BF@OLIHJOII@JVMTI_ERROR_INTERNAL?$AA@ 100203e8     error_messages.obj
 0002:00002400       ??_C@_0BI@GHECLMNC@JVMTI_ERROR_WRONG_PHASE?$AA@ 10020400     error_messages.obj
 0002:00002418       ??_C@_0BK@NNJBDMNB@JVMTI_ERROR_ACCESS_DENIED?$AA@ 10020418     error_messages.obj
 0002:00002434       ??_C@_0BK@PMKCFHAE@JVMTI_ERROR_OUT_OF_MEMORY?$AA@ 10020434     error_messages.obj
 0002:00002450       ??_C@_0BN@BIBNPHHO@JVMTI_ERROR_ILLEGAL_ARGUMENT?$AA@ 10020450     error_messages.obj
 0002:00002470       ??_C@_0BP@OMFMNLC@JVMTI_ERROR_INVALID_EVENT_TYPE?$AA@ 10020470     error_messages.obj
 0002:00002490       ??_C@_0BP@CHJPNNEM@JVMTI_ERROR_ABSENT_INFORMATION?$AA@ 10020490     error_messages.obj
 0002:000024b0       ??_C@_0BJ@LBFPFPDM@JVMTI_ERROR_NULL_POINTER?$AA@ 100204b0     error_messages.obj
 0002:000024cc       ??_C@_0DO@HMBGBGNA@JVMTI_ERROR_UNSUPPORTED_REDEFINI@ 100204cc     error_messages.obj
 0002:0000250c       ??_C@_0BK@CANILEHF@JVMTI_ERROR_NOT_AVAILABLE?$AA@ 1002050c     error_messages.obj
 0002:00002528       ??_C@_0CE@INJKMEFK@JVMTI_ERROR_MUST_POSSESS_CAPABIL@ 10020528     error_messages.obj
 0002:0000254c       ??_C@_0DN@HHBBLAKE@JVMTI_ERROR_UNSUPPORTED_REDEFINI@ 1002054c     error_messages.obj
 0002:0000258c       ??_C@_0DH@INDGCLLB@JVMTI_ERROR_UNSUPPORTED_REDEFINI@ 1002058c     error_messages.obj
 0002:000025c4       ??_C@_0DE@NHEOMMGI@JVMTI_ERROR_UNSUPPORTED_REDEFINI@ 100205c4     error_messages.obj
 0002:000025f8       ??_C@_0CA@EKPNJOEP@JVMTI_ERROR_UNSUPPORTED_VERSION?$AA@ 100205f8     error_messages.obj
 0002:00002618       ??_C@_0BN@OFFMAHHL@JVMTI_ERROR_NAMES_DONT_MATCH?$AA@ 10020618     error_messages.obj
 0002:00002638       ??_C@_0BO@LAFKIOG@JVMTI_ERROR_INVALID_TYPESTATE?$AA@ 10020638     error_messages.obj
 0002:00002658       ??_C@_0BP@ICEALPKC@JVMTI_ERROR_FAILS_VERIFICATION?$AA@ 10020658     error_messages.obj
 0002:00002678       ??_C@_0DC@JDACLMIO@JVMTI_ERROR_UNSUPPORTED_REDEFINI@ 10020678     error_messages.obj
 0002:000026ac       ??_C@_0DE@GKDKNOMJ@JVMTI_ERROR_UNSUPPORTED_REDEFINI@ 100206ac     error_messages.obj
 0002:000026e0       ??_C@_0CG@DGKOGIAL@JVMTI_ERROR_CIRCULAR_CLASS_DEFIN@ 100206e0     error_messages.obj
 0002:00002708       ??_C@_0BM@NHMCKHOB@JVMTI_ERROR_INVALID_MONITOR?$AA@ 10020708     error_messages.obj
 0002:00002724       ??_C@_0BO@PPEDAJGL@JVMTI_ERROR_NOT_MONITOR_OWNER?$AA@ 10020724     error_messages.obj
 0002:00002744       ??_C@_0BG@FCAIPEID@JVMTI_ERROR_INTERRUPT?$AA@ 10020744     error_messages.obj
 0002:0000275c       ??_C@_0CB@EGDBNKOI@JVMTI_ERROR_INVALID_CLASS_FORMAT@ 1002075c     error_messages.obj
 0002:00002780       ??_C@_0BG@DIEMLHKM@JVMTI_ERROR_NOT_FOUND?$AA@ 10020780     error_messages.obj
 0002:00002798       ??_C@_0BK@MIIFNLOB@JVMTI_ERROR_TYPE_MISMATCH?$AA@ 10020798     error_messages.obj
 0002:000027b4       ??_C@_0BJ@HPCAOILC@JVMTI_ERROR_INVALID_SLOT?$AA@ 100207b4     error_messages.obj
 0002:000027d0       ??_C@_0BG@CHILOPNI@JVMTI_ERROR_DUPLICATE?$AA@ 100207d0     error_messages.obj
 0002:000027e8       ??_C@_0BJ@BDBECFDM@JVMTI_ERROR_OPAQUE_FRAME?$AA@ 100207e8     error_messages.obj
 0002:00002804       ??_C@_0BN@KLPPLKG@JVMTI_ERROR_INVALID_METHODID?$AA@ 10020804     error_messages.obj
 0002:00002824       ??_C@_0BN@BCEKOKND@JVMTI_ERROR_INVALID_LOCATION?$AA@ 10020824     error_messages.obj
 0002:00002844       ??_C@_0BM@DFDGPME@JVMTI_ERROR_INVALID_FIELDID?$AA@ 10020844     error_messages.obj
 0002:00002860       ??_C@_0BL@NELIEPEC@JVMTI_ERROR_NO_MORE_FRAMES?$AA@ 10020860     error_messages.obj
 0002:0000287c       ??_C@_0BP@IKLLBKEB@JVMTI_ERROR_CLASS_NOT_PREPARED?$AA@ 1002087c     error_messages.obj
 0002:0000289c       ??_C@_0BN@FABOLPBI@JVMTI_ERROR_THREAD_SUSPENDED?$AA@ 1002089c     error_messages.obj
 0002:000028bc       ??_C@_0BN@FDGNOBJM@JVMTI_ERROR_THREAD_NOT_ALIVE?$AA@ 100208bc     error_messages.obj
 0002:000028dc       ??_C@_0BL@GOBIFKNJ@JVMTI_ERROR_INVALID_OBJECT?$AA@ 100208dc     error_messages.obj
 0002:000028f8       ??_C@_0BK@FCMAJPPC@JVMTI_ERROR_INVALID_CLASS?$AA@ 100208f8     error_messages.obj
 0002:00002914       ??_C@_0CB@MBOFKAGB@JVMTI_ERROR_THREAD_NOT_SUSPENDED@ 10020914     error_messages.obj
 0002:00002938       ??_C@_0BB@JCNMKLLK@JVMTI_ERROR_NONE?$AA@ 10020938     error_messages.obj
 0002:0000294c       ??_C@_0BL@LDIMKLPH@JVMTI_ERROR_INVALID_THREAD?$AA@ 1002094c     error_messages.obj
 0002:00002968       ??_C@_0CB@PJFPAIKJ@JVMTI_ERROR_INVALID_THREAD_GROUP@ 10020968     error_messages.obj
 0002:0000298c       ??_C@_0BN@LLMKHMNF@JVMTI_ERROR_INVALID_PRIORITY?$AA@ 1002098c     error_messages.obj
 0002:000029ac       ??_C@_0O@MBFGOMME@EVENT_unknown?$AA@ 100209ac     error_messages.obj
 0002:000029bc       ??_C@_0N@FJNDECKL@EI_GC_FINISH?$AA@ 100209bc     error_messages.obj
 0002:000029cc       ??_C@_0M@NLNKJGDL@EI_VM_DEATH?$AA@ 100209cc     error_messages.obj
 0002:000029d8       ??_C@_0L@DINKDGIA@EI_VM_INIT?$AA@ 100209d8     error_messages.obj
 0002:000029e4       ??_C@_0P@EODELCOH@EI_METHOD_EXIT?$AA@ 100209e4     error_messages.obj
 0002:000029f4       ??_C@_0BA@BMAHDEKG@EI_METHOD_ENTRY?$AA@ 100209f4     error_messages.obj
 0002:00002a04       ??_C@_0BD@IMHNDJNF@EI_EXCEPTION_CATCH?$AA@ 10020a04     error_messages.obj
 0002:00002a18       ??_C@_0BG@BKOJDIGF@EI_FIELD_MODIFICATION?$AA@ 10020a18     error_messages.obj
 0002:00002a30       ??_C@_0BA@DBHDLMCN@EI_FIELD_ACCESS?$AA@ 10020a30     error_messages.obj
 0002:00002a40       ??_C@_0O@BCBJODOG@EI_CLASS_LOAD?$AA@ 10020a40     error_messages.obj
 0002:00002a50       ??_C@_0BB@FOCFHABH@EI_CLASS_PREPARE?$AA@ 10020a50     error_messages.obj
 0002:00002a64       ??_C@_0O@GJFHOBHI@EI_THREAD_END?$AA@ 10020a64     error_messages.obj
 0002:00002a74       ??_C@_0BA@EJAFLEFO@EI_THREAD_START?$AA@ 10020a74     error_messages.obj
 0002:00002a84       ??_C@_0N@CEKAFBCB@EI_EXCEPTION?$AA@ 10020a84     error_messages.obj
 0002:00002a94       ??_C@_0N@PGOIKMFF@EI_FRAME_POP?$AA@ 10020a94     error_messages.obj
 0002:00002aa4       ??_C@_0O@PLAPKDL@EI_BREAKPOINT?$AA@ 10020aa4     error_messages.obj
 0002:00002ab4       ??_C@_0P@KOMKCNJP@EI_SINGLE_STEP?$AA@ 10020ab4     error_messages.obj
 0002:00002ac4       ??_C@_0BF@FLGJBCL@INVALID_CLASS_LOADER?$AA@ 10020ac4     error_messages.obj
 0002:00002adc       ??_C@_0O@DBEPKOML@INVALID_ARRAY?$AA@ 10020adc     error_messages.obj
 0002:00002aec       ??_C@_0P@IMPOLMOK@TRANSPORT_LOAD?$AA@ 10020aec     error_messages.obj
 0002:00002afc       ??_C@_0P@LIHDBHBG@TRANSPORT_INIT?$AA@ 10020afc     error_messages.obj
 0002:00002b0c       ??_C@_0O@PMKFKNBA@NATIVE_METHOD?$AA@ 10020b0c     error_messages.obj
 0002:00002b1c       ??_C@_0O@MHNCFNDK@INVALID_COUNT?$AA@ 10020b1c     error_messages.obj
 0002:00002b2c       ??_C@_0BD@EHLJKCDN@JDWP_ERROR_unknown?$AA@ 10020b2c     error_messages.obj
 0002:00002b40       ??_C@_0P@EJHKHOLE@INVALID_STRING?$AA@ 10020b40     error_messages.obj
 0002:00002b50       ??_C@_08MLFDIMPC@INTERNAL?$AA@ 10020b50     error_messages.obj
 0002:00002b5c       ??_C@_0BC@ENEFPEAF@UNATTACHED_THREAD?$AA@ 10020b5c     error_messages.obj
 0002:00002b70       ??_C@_0M@NLBJDGPL@INVALID_TAG?$AA@ 10020b70     error_messages.obj
 0002:00002b7c       ??_C@_0BB@GCBFLFGN@ALREADY_INVOKING?$AA@ 10020b7c     error_messages.obj
 0002:00002b90       ??_C@_0O@BDGMMHPL@INVALID_INDEX?$AA@ 10020b90     error_messages.obj
 0002:00002ba0       ??_C@_0P@MDIAHEHE@INVALID_LENGTH?$AA@ 10020ba0     error_messages.obj
 0002:00002bb0       ??_C@_07DFGEEPDM@VM_DEAD?$AA@ 10020bb0     error_messages.obj
 0002:00002bb8       ??_C@_0N@HEEFEIAJ@NULL_POINTER?$AA@ 10020bb8     error_messages.obj
 0002:00002bc8       ??_C@_0BD@JCIODJA@ABSENT_INFORMATION?$AA@ 10020bc8     error_messages.obj
 0002:00002bdc       ??_C@_0BD@CAHCPDGO@INVALID_EVENT_TYPE?$AA@ 10020bdc     error_messages.obj
 0002:00002bf0       ??_C@_0BB@JNKCIGPM@ILLEGAL_ARGUMENT?$AA@ 10020bf0     error_messages.obj
 0002:00002c04       ??_C@_0O@KKNEIJDA@OUT_OF_MEMORY?$AA@ 10020c04     error_messages.obj
 0002:00002c14       ??_C@_0O@ILOHOCOF@ACCESS_DENIED?$AA@ 10020c14     error_messages.obj
 0002:00002c24       ??_C@_0BA@PIOOPNBD@NOT_IMPLEMENTED?$AA@ 10020c24     error_messages.obj
 0002:00002c34       ??_C@_0CB@DMMJDFBN@HIERARCHY_CHANGE_NOT_IMPLEMENTED@ 10020c34     error_messages.obj
 0002:00002c58       ??_C@_0BO@EGGEGIDF@DELETE_METHOD_NOT_IMPLEMENTED?$AA@ 10020c58     error_messages.obj
 0002:00002c78       ??_C@_0BE@MFLGLHIO@UNSUPPORTED_VERSION?$AA@ 10020c78     error_messages.obj
 0002:00002c8c       ??_C@_0BB@GAODHGPJ@NAMES_DONT_MATCH?$AA@ 10020c8c     error_messages.obj
 0002:00002ca0       ??_C@_0CH@NAGMIHMO@CLASS_MODIFIERS_CHANGE_NOT_IMPLE@ 10020ca0     error_messages.obj
 0002:00002cc8       ??_C@_0CI@BOHKDDHK@METHOD_MODIFIERS_CHANGE_NOT_IMPL@ 10020cc8     error_messages.obj
 0002:00002cf0       ??_C@_0BC@IDGPFJL@INVALID_TYPESTATE?$AA@ 10020cf0     error_messages.obj
 0002:00002d04       ??_C@_09OCPILILD@INTERRUPT?$AA@ 10020d04     error_messages.obj
 0002:00002d10       ??_C@_0BF@KKNNGDOH@INVALID_CLASS_FORMAT?$AA@ 10020d10     error_messages.obj
 0002:00002d28       ??_C@_0BK@IGLHGLOO@CIRCULAR_CLASS_DEFINITION?$AA@ 10020d28     error_messages.obj
 0002:00002d44       ??_C@_0BD@KMPHIBHO@FAILS_VERIFICATION?$AA@ 10020d44     error_messages.obj
 0002:00002d58       ??_C@_0BL@PPBPAAJH@ADD_METHOD_NOT_IMPLEMENTED?$AA@ 10020d58     error_messages.obj
 0002:00002d74       ??_C@_0BO@EMGJAAKO@SCHEMA_CHANGE_NOT_IMPLEMENTED?$AA@ 10020d74     error_messages.obj
 0002:00002d94       ??_C@_0BC@PMHAFEBG@NOT_MONITOR_OWNER?$AA@ 10020d94     error_messages.obj
 0002:00002da8       ??_C@_0BC@JIBCMOEK@NOT_CURRENT_FRAME?$AA@ 10020da8     error_messages.obj
 0002:00002dbc       ??_C@_0O@JOPDAFNF@TYPE_MISMATCH?$AA@ 10020dbc     error_messages.obj
 0002:00002dcc       ??_C@_0N@LKDKPPIH@INVALID_SLOT?$AA@ 10020dcc     error_messages.obj
 0002:00002ddc       ??_C@_09JHHLKDOI@DUPLICATE?$AA@ 10020ddc     error_messages.obj
 0002:00002de8       ??_C@_09IILMPLJM@NOT_FOUND?$AA@ 10020de8     error_messages.obj
 0002:00002df4       ??_C@_0BA@NIDPNLD@INVALID_MONITOR?$AA@ 10020df4     error_messages.obj
 0002:00002e04       ??_C@_0N@NGAODCAJ@OPAQUE_FRAME?$AA@ 10020e04     error_messages.obj
 0002:00002e14       ??_C@_0BD@KEAMCEJN@CLASS_NOT_PREPARED?$AA@ 10020e14     error_messages.obj
 0002:00002e28       ??_C@_0BB@IPAAIKCE@INVALID_METHODID?$AA@ 10020e28     error_messages.obj
 0002:00002e3c       ??_C@_0BB@JHPFJLFB@INVALID_LOCATION?$AA@ 10020e3c     error_messages.obj
 0002:00002e50       ??_C@_0BA@NJBCDFJG@INVALID_FIELDID?$AA@ 10020e50     error_messages.obj
 0002:00002e60       ??_C@_0BA@KCIGPBGB@INVALID_FRAMEID?$AA@ 10020e60     error_messages.obj
 0002:00002e70       ??_C@_0P@PFFKMNCJ@NO_MORE_FRAMES?$AA@ 10020e70     error_messages.obj
 0002:00002e80       ??_C@_0O@ELGEBMG@INVALID_CLASS?$AA@ 10020e80     error_messages.obj
 0002:00002e90       ??_C@_04OKGDLNCL@NONE?$AA@ 10020e90     error_messages.obj
 0002:00002e98       ??_C@_0P@JCGOCJJM@INVALID_THREAD?$AA@ 10020e98     error_messages.obj
 0002:00002ea8       ??_C@_0BF@BFLDLBKG@INVALID_THREAD_GROUP?$AA@ 10020ea8     error_messages.obj
 0002:00002ec0       ??_C@_0BB@DOHFANFH@INVALID_PRIORITY?$AA@ 10020ec0     error_messages.obj
 0002:00002ed4       ??_C@_0BF@CNAJBJGO@THREAD_NOT_SUSPENDED?$AA@ 10020ed4     error_messages.obj
 0002:00002eec       ??_C@_0BB@NFKBMOJK@THREAD_SUSPENDED?$AA@ 10020eec     error_messages.obj
 0002:00002f00       ??_C@_0P@EPPKNILC@INVALID_OBJECT?$AA@ 10020f00     error_messages.obj
 0002:00002f10       ??_C@_0DI@FMKFEDPB@DEBUGGING?3?5JDWP?5pause?5got?5tired?5@ 10020f10     error_messages.obj
 0002:00002f48       ??_C@_0DD@FOCDBFMB@DEBUGGING?3?5JDWP?5pause?5for?5PID?5?$CFd@ 10020f48     error_messages.obj
 0002:00002f7c       ??_C@_0BN@HFAPOECE@Requested?5errorexit?$DNy?5exit?$CI?$CJ?$AA@ 10020f7c     error_messages.obj
 0002:00002f9c       ??_C@_0CJ@LOIFAJEA@?4?4?1?4?4?1?4?4?1src?1share?1back?1error_me@ 10020f9c     error_messages.obj
 0002:00002fc8       ??_C@_07JHDPBCI@ERROR?3?5?$AA@ 10020fc8     error_messages.obj
 0002:00002fd0       ??_C@_0BB@NAGLCMLI@Assertion?5Failed?$AA@ 10020fd0     error_messages.obj
 0002:00002fe4       ??_C@_0BA@HJKPOGGF@ASSERT?5FAILED?3?5?$AA@ 10020fe4     error_messages.obj
 0002:00002ff4       ??_C@_0N@BMIGOGFN@?$CFs?5?3?5?$CFd?5?9?5?$CFs?$AA@ 10020ff4     error_messages.obj
 0002:00003004       ??_C@_0BN@BNMAOKIE@ASSERT?5FAILED?3?5?$CFs?5?3?5?$CFd?5?9?5?$CFs?6?$AA@ 10021004     error_messages.obj
 0002:00003024       ??_C@_0BB@GAFCOFIH@GetVersionNumber?$AA@ 10021024     eventFilter.obj
 0002:00003038       ??_C@_0CG@ONKBHKAP@?4?4?1?4?4?1?4?4?1src?1share?1back?1eventFil@ 10021038     eventFilter.obj
 0002:00003060       ??_C@_0BB@BEKNDEAI@GetLocalInstance?$AA@ 10021060     eventFilter.obj
 0002:00003074       ??_C@_0BI@BDIJIJG@Invalid?5filter?5modifier?$AA@ 10021074     eventFilter.obj
 0002:0000308c       ??_C@_0BK@BBNCBBEI@filter?9?$DOu?4Count?4count?5?$DO?50?$AA@ 1002108c     eventFilter.obj
 0002:000030a8       ??_C@_0N@JPGMCHOC@IsInstanceOf?$AA@ 100210a8     eventFilter.obj
 0002:000030b8       ??_C@_0BB@FFOAPJHA@IsAssignableFrom?$AA@ 100210b8     eventFilter.obj
 0002:000030cc       ??_C@_0O@OBFGDNOO@SetBreakpoint?$AA@ 100210cc     eventFilter.obj
 0002:000030dc       ??_C@_0DB@GIOMMMKK@SetBreakpoint?5at?5location?3?5metho@ 100210dc     eventFilter.obj
 0002:00003110       ??_C@_03KPOLBBFN@LOC?$AA@  10021110     eventFilter.obj
 0002:00003114       ??_C@_0BA@KALLGBAH@ClearBreakpoint?$AA@ 10021114     eventFilter.obj
 0002:00003124       ??_C@_0DD@BOLIJEFD@ClearBreakpoint?5at?5location?3?5met@ 10021124     eventFilter.obj
 0002:00003158       ??_C@_0BK@LOHLKOFB@SetFieldModificationWatch?$AA@ 10021158     eventFilter.obj
 0002:00003174       ??_C@_0BE@BNFCJLBG@SetFieldAccessWatch?$AA@ 10021174     eventFilter.obj
 0002:00003188       ??_C@_0BM@BCBGEJEO@ClearFieldModificationWatch?$AA@ 10021188     eventFilter.obj
 0002:000031a4       ??_C@_0BG@IELHINIE@ClearFieldAccessWatch?$AA@ 100211a4     eventFilter.obj
 0002:000031bc       ??_C@_0BG@HNCJHGFL@bad?5index?5for?5handler?$AA@ 100211bc     eventHandler.obj
 0002:000031d4       ??_C@_0CH@FCDODJEE@?4?4?1?4?4?1?4?4?1src?1share?1back?1eventHan@ 100211d4     eventHandler.obj
 0002:000031fc       ??_C@_0BH@GJLAODLP@iterator?5function?5NULL?$AA@ 100211fc     eventHandler.obj
 0002:00003218       ??_C@_0EP@MEMOEFKL@Co?9located?5breakpoint?5event?5foun@ 10021218     eventHandler.obj
 0002:00003268       ??_C@_0EL@CHJDLPBE@event?5report?5being?5skipped?3?5ei?$DN?$CF@ 10021268     eventHandler.obj
 0002:000032b4       ??_C@_0CK@GFKKNCOE@Can?8t?5get?5jclass?5for?5a?5methodID?0@ 100212b4     eventHandler.obj
 0002:000032e0       ??_C@_0BO@NFODBOGB@END?5cbGarbageCollectionFinish?$AA@ 100212e0     eventHandler.obj
 0002:00003300       ??_C@_0BK@DBGEMJPF@cbGarbageCollectionFinish?$AA@ 10021300     eventHandler.obj
 0002:0000331c       ??_C@_0BB@EIEOGLKK@eventBag?5?$CB?$DN?5NULL?$AA@ 1002131c     eventHandler.obj
 0002:00003330       ??_C@_0BG@HHJEAHIC@handler?5function?5NULL?$AA@ 10021330     eventHandler.obj
 0002:00003348       ??_C@_0BB@GKNNLBLP@event_callback?$CI?$CJ?$AA@ 10021348     eventHandler.obj
 0002:0000335c       ??_C@_0BI@NCLCAKI@event_callback?$CI?$CJ?3?5ei?$DN?$CFs?$AA@ 1002135c     eventHandler.obj
 0002:00003374       ??_C@_0BB@HHEIIDE@END?5cbSingleStep?$AA@ 10021374     eventHandler.obj
 0002:00003388       ??_C@_0CD@FPLFBNDA@Problems?5tracking?5active?5callbac@ 10021388     eventHandler.obj
 0002:000033ac       ??_C@_0BI@OKNNPEIC@cbSingleStep?3?5thread?$DN?$CFp?$AA@ 100213ac     eventHandler.obj
 0002:000033c4       ??_C@_0BB@MLFPCDPM@END?5cbBreakpoint?$AA@ 100213c4     eventHandler.obj
 0002:000033d8       ??_C@_0BI@INKCIGJH@cbBreakpoint?3?5thread?$DN?$CFp?$AA@ 100213d8     eventHandler.obj
 0002:000033f0       ??_C@_0P@OGOCKOP@END?5cbFramePop?$AA@ 100213f0     eventHandler.obj
 0002:00003400       ??_C@_0BG@DJEPKKOO@cbFramePop?3?5thread?$DN?$CFp?$AA@ 10021400     eventHandler.obj
[...]
 0001:00004e84       _getValues                 10005e84 f   StackFrameImpl.obj
 0001:00004fae       _setValues                 10005fae f   StackFrameImpl.obj
 0001:000050c6       _thisObject                100060c6 f   StackFrameImpl.obj
 0001:00005294       _popFrames                 10006294 f   StackFrameImpl.obj
 0001:00005335       _value                     10006335 f   StringReferenceImpl.obj
 0001:0000542e       _name                      1000642e f   ThreadGroupReferenceImpl.obj
 0001:000054d3       _parent                    100064d3 f   ThreadGroupReferenceImpl.obj
 0001:00005579       _children                  10006579 f   ThreadGroupReferenceImpl.obj
 0001:000056d1       _name                      100066d1 f   ThreadReferenceImpl.obj
 0001:000057ed       _suspend                   100067ed f   ThreadReferenceImpl.obj
 0001:00005852       _resume                    10006852 f   ThreadReferenceImpl.obj
 0001:000058b7       _status                    100068b7 f   ThreadReferenceImpl.obj
 0001:00005940       _threadGroup               10006940 f   ThreadReferenceImpl.obj
 0001:00005a61       _validateSuspendedThread   10006a61 f   ThreadReferenceImpl.obj
 0001:00005aa8       _frames                    10006aa8 f   ThreadReferenceImpl.obj
 0001:00005d1c       _getFrameCount             10006d1c f   ThreadReferenceImpl.obj
 0001:00005dde       _ownedMonitors             10006dde f   ThreadReferenceImpl.obj
 0001:00005f44       _currentContendedMonitor   10006f44 f   ThreadReferenceImpl.obj
 0001:0000607b       _stop                      1000707b f   ThreadReferenceImpl.obj
 0001:000060fa       _interrupt                 100070fa f   ThreadReferenceImpl.obj
 0001:0000615c       _suspendCount              1000715c f   ThreadReferenceImpl.obj
 0001:000061d1       _ownedMonitorsWithStackDepth 100071d1 f   ThreadReferenceImpl.obj
 0001:0000635f       _forceEarlyReturn          1000735f f   ThreadReferenceImpl.obj
 0001:00006753       _version                   10007753 f   VirtualMachineImpl.obj
 0001:00006837       _classesForSignature       10007837 f   VirtualMachineImpl.obj
 0001:00006a01       _allClasses1               10007a01 f   VirtualMachineImpl.obj
 0001:00006bb9       _allClasses                10007bb9 f   VirtualMachineImpl.obj
 0001:00006bc7       _allClassesWithGeneric     10007bc7 f   VirtualMachineImpl.obj
 0001:00006bd5       _instanceCounts            10007bd5 f   VirtualMachineImpl.obj
 0001:00006d55       _redefineClasses           10007d55 f   VirtualMachineImpl.obj
 0001:00006f27       _setDefaultStratum         10007f27 f   VirtualMachineImpl.obj
 0001:00006f70       _getAllThreads             10007f70 f   VirtualMachineImpl.obj
 0001:00007041       _topLevelThreadGroups      10008041 f   VirtualMachineImpl.obj
 0001:00007153       _dispose                   10008153 f   VirtualMachineImpl.obj
 0001:00007156       _idSizes                   10008156 f   VirtualMachineImpl.obj
 0001:0000718a       _suspend                   1000818a f   VirtualMachineImpl.obj
 0001:000071c7       _resume                    100081c7 f   VirtualMachineImpl.obj
 0001:00007204       _doExit                    10008204 f   VirtualMachineImpl.obj
 0001:0000727f       _createString              1000827f f   VirtualMachineImpl.obj
 0001:000073b9       _capabilities              100083b9 f   VirtualMachineImpl.obj
 0001:000074a0       _capabilitiesNew           100084a0 f   VirtualMachineImpl.obj
 0001:0000769d       _writePaths                1000869d f   VirtualMachineImpl.obj
 0001:0000777a       _classPaths                1000877a f   VirtualMachineImpl.obj
 0001:000077cf       _disposeObjects            100087cf f   VirtualMachineImpl.obj
 0001:00007851       _holdEvents                10008851 f   VirtualMachineImpl.obj
 0001:00007859       _releaseEvents             10008859 f   VirtualMachineImpl.obj
 0001:000079be       _createNode                100089be f   commonRef.obj
 0001:00007afc       _deleteNode                10008afc f   commonRef.obj
 0001:00007c0f       _strengthenNode            10008c0f f   commonRef.obj
 0001:00007d0f       _weakenNode                10008d0f f   commonRef.obj
 0001:00007dab       _findNodeByRef             10008dab f   commonRef.obj
 0001:00007e0e       _deleteNodeByID            10008e0e f   commonRef.obj
 0001:00007ede       _findNodeByID              10008ede f   commonRef.obj
 0001:00007f11       _initializeObjectsByID     10008f11 f   commonRef.obj
 0001:00007f65       _hashIn                    10008f65 f   commonRef.obj
 0001:00007f90       _newCommonRef              10008f90 f   commonRef.obj
 0001:000084bb       _hashKlass                 100094bb f   classTrack.obj
 0001:000084d7       _deleteTable               100094d7 f   classTrack.obj
 0001:00008bea       _set_event_notification    10009bea f   debugInit.obj
 0001:00008cb2       _compatible_versions       10009cb2 f   debugInit.obj
 0001:00008d47       _disposeEnvironment        10009d47 f   debugInit.obj
 0001:00008ded       _startTransport            10009ded f   debugInit.obj
 0001:00008ed6       _signalInitComplete        10009ed6 f   debugInit.obj
 0001:00008f72       _jniFatalError             10009f72 f   debugInit.obj
 0001:0000914b       _get_tok                   1000a14b f   debugInit.obj
 0001:00009191       _checkAddress              1000a191 f   debugInit.obj
 0001:000091e2       _add_to_options            1000a1e2 f   debugInit.obj
 0001:00009232       _get_boolean               1000a232 f   debugInit.obj
 0001:000092a0       _atexit_finish_logging     1000a2a0 f   debugInit.obj
 0001:00009351       _cbEarlyVMDeath@8          1000a351 f   debugInit.obj
 0001:00009424       _initialize                1000a424 f   debugInit.obj
 0001:000097a3       _parseOptions              1000a7a3 f   debugInit.obj
 0001:00009f48       _cbEarlyVMInit@12          1000af48 f   debugInit.obj
 0001:0000a01a       _cbEarlyException@40       1000b01a f   debugInit.obj
 0001:0000a9d5       _enqueue                   1000b9d5 f   debugLoop.obj
 0001:0000aa80       _reader@12                 1000ba80 f   debugLoop.obj
 0001:0000ade9       _vprint_message            1000bde9 f   error_messages.obj
 0001:0000b78a       _clearFilters              1000c78a f   eventFilter.obj
 0001:0000b84a       _patternStringMatch        1000c84a f   eventFilter.obj
 0001:0000b8a6       _isVersionGte12x           1000c8a6 f   eventFilter.obj
 0001:0000b925       _eventInstance             1000c925 f   eventFilter.obj
 0001:0000c334       _findFilter                1000d334 f   eventFilter.obj
 0001:0000c356       _matchBreakpoint           1000d356 f   eventFilter.obj
 0001:0000c3c8       _setBreakpoint             1000d3c8 f   eventFilter.obj
 0001:0000c483       _clearBreakpoint           1000d483 f   eventFilter.obj
 0001:0000c571       _matchWatchpoint           1000d571 f   eventFilter.obj
 0001:0000c5c4       _setWatchpoint             1000d5c4 f   eventFilter.obj
 0001:0000c698       _clearWatchpoint           1000d698 f   eventFilter.obj
 0001:0000c76c       _requestThread             1000d76c f   eventFilter.obj
 0001:0000c78c       _matchThread               1000d78c f   eventFilter.obj
 0001:0000c7a7       _enableEvents              1000d7a7 f   eventFilter.obj
 0001:0000c81f       _disableEvents             1000d81f f   eventFilter.obj
 0001:0000c8c3       _getHandlerChain           1000d8c3 f   eventHandler.obj
 0001:0000c9a9       _deferEventReport          1000d9a9 f   eventHandler.obj
 0001:0000ca43       _skipEventReport           1000da43 f   eventHandler.obj
 0001:0000cacb       _reportEvents              1000dacb f   eventHandler.obj
 0001:0000cbcc       _getObjectClass            1000dbcc f   eventHandler.obj
 0001:0000cc88       _cbGarbageCollectionFinish@4 1000dc88 f   eventHandler.obj
 0001:0000ccee       _freeHandler               1000dcee f   eventHandler.obj
 0001:0000cf14       _installHandler            1000df14 f   eventHandler.obj
 0001:0000cf84       _createInternal            1000df84 f   eventHandler.obj
 0001:0000d080       _synthesizeUnloadEvent     1000e080 f   eventHandler.obj
 0001:0000d1a1       _event_callback            1000e1a1 f   eventHandler.obj
 0001:0000d4d6       _cbSingleStep@24           1000e4d6 f   eventHandler.obj
 0001:0000d654       _cbBreakpoint@24           1000e654 f   eventHandler.obj
 0001:0000d7d2       _cbFramePop@20             1000e7d2 f   eventHandler.obj
 0001:0000d94e       _cbException@40            1000e94e f   eventHandler.obj
 0001:0000daf3       _cbThreadStart@12          1000eaf3 f   eventHandler.obj
 0001:0000dc53       _cbThreadEnd@12            1000ec53 f   eventHandler.obj
 0001:0000ddb3       _cbClassPrepare@16         1000edb3 f   eventHandler.obj
 0001:0000df1a       _cbClassLoad@16            1000ef1a f   eventHandler.obj
 0001:0000e080       _cbFieldAccess@36          1000f080 f   eventHandler.obj
 0001:0000e210       _cbFieldModification@48    1000f210 f   eventHandler.obj
 0001:0000e3b2       _cbExceptionCatch@28       1000f3b2 f   eventHandler.obj
 0001:0000e536       _cbMethodEntry@16          1000f536 f   eventHandler.obj
 0001:0000e6a8       _cbMethodExit@28           1000f6a8 f   eventHandler.obj
 0001:0000e830       _cbMonitorContendedEnter@16 1000f830 f   eventHandler.obj
 0001:0000ea0e       _cbMonitorContendedEntered@16 1000fa0e f   eventHandler.obj
 0001:0000ebec       _cbMonitorWait@24          1000fbec f   eventHandler.obj
 0001:0000edd1       _cbMonitorWaited@20        1000fdd1 f   eventHandler.obj
 0001:0000efb0       _cbVMInit@12               1000ffb0 f   eventHandler.obj
 0001:0000f10f       _cbVMDeath@8               1001010f f   eventHandler.obj
 0001:0000f69e       _enqueueCommand            1001069e f   eventHelper.obj
 0001:0000f79b       _completeCommand           1001079b f   eventHelper.obj
 0001:0000f7e4       _dequeueCommand            100107e4 f   eventHelper.obj
 0001:0000f8f4       _writeFieldAccessEvent     100108f4 f   eventHelper.obj
 0001:0000f957       _writeFieldModificationEvent 10010957 f   eventHelper.obj
 0001:0000f9cc       _writeExceptionEvent       100109cc f   eventHelper.obj
 0001:0000fa1b       _writeMonitorEvent         10010a1b f   eventHelper.obj
 0001:0000faf1       _writeClassEvent           10010af1 f   eventHelper.obj
 0001:0000fbb0       _handleFrameEventCommandSingle 10010bb0 f   eventHelper.obj
 0001:0000fc70       _handleReportVMInitCommand 10010c70 f   eventHelper.obj
 0001:0000fdb8       _saveEventInfoRefs         10010db8 f   eventHelper.obj
 0001:0000ff07       _tossEventInfoRefs         10010f07 f   eventHelper.obj
 0001:0000ff87       _enumForCombinedSuspendPolicy 10010f87 f   eventHelper.obj
 0001:0000ffc1       _enumForVMDeath            10010fc1 f   eventHelper.obj
 0001:0000ffdd       _enumForCopyingSingles     10010fdd f   eventHelper.obj
 0001:000104b2       _handleEventCommandSingle  100114b2 f   eventHelper.obj
 0001:00010601       _handleReportEventCompositeCommand 10011601 f   eventHelper.obj
 0001:0001073d       _handleCommand             1001173d f   eventHelper.obj
 0001:000107e2       _commandLoop@12            100117e2 f   eventHelper.obj
 0001:0001095b       _readBytes                 1001195b f   inStream.obj
 0001:00010ecc       _deleteRef                 10011ecc f   inStream.obj
 0001:00010f3e       _returnTypeTag             10011f3e f   invoker.obj
 0001:00010f7b       _nextArgumentTypeTag       10011f7b f   invoker.obj
 0001:00010fd5       _firstArgumentTypeTag      10011fd5 f   invoker.obj
 0001:0001100e       _createGlobalRefs          1001200e f   invoker.obj
 0001:000111aa       _fillInvokeRequest         100121aa f   invoker.obj
 0001:00011345       _invokeConstructor         10012345 f   invoker.obj
 0001:0001139e       _invokeStatic              1001239e f   invoker.obj
 0001:0001176c       _invokeVirtual             1001276c f   invoker.obj
 0001:00011b3a       _invokeNonvirtual          10012b3a f   invoker.obj
 0001:0001241e       _get_time_stamp            1001341e f   log_messages.obj
 0001:0001248a       _fill_location_stamp       1001348a f   log_messages.obj
 0001:000126cf       _commonInit                100136cf f   outStream.obj
 0001:0001275a       _writeBytes                1001375a f   outStream.obj
 0001:00012dcc       _outStream_send            10013dcc f   outStream.obj
 0001:00012ea1       _releaseID                 10013ea1 f   outStream.obj
 0001:00012f13       _handleClassPrepare        10013f13 f   standardHandlers.obj
 0001:00012f4d       _handleGarbageCollectionFinish 10013f4d f   standardHandlers.obj
 0001:00012f71       _handleFrameEvent          10013f71 f   standardHandlers.obj
 0001:00013004       _genericHandler            10014004 f   standardHandlers.obj
 0001:000130d9       _getFrameCount             100140d9 f   stepControl.obj
 0001:00013170       _enableStepping            10014170 f   stepControl.obj
 0001:000131f6       _disableStepping           100141f6 f   stepControl.obj
 0001:0001327c       _getFrameLocation          1001427c f   stepControl.obj
 0001:000132ee       _getLineNumberTable        100142ee f   stepControl.obj
 0001:0001335f       _findLineNumber            1001435f f   stepControl.obj
 0001:000133a4       _hasLineNumbers            100143a4 f   stepControl.obj
 0001:000133d3       _initState                 100143d3 f   stepControl.obj
 0001:00013594       _completeStep              10014594 f   stepControl.obj
 0001:00013647       _clearStep                 10014647 f   stepControl.obj
 0001:000136ef       _handleFramePopEvent       100146ef f   stepControl.obj
 0001:000138b3       _handleExceptionCatchEvent 100148b3 f   stepControl.obj
 0001:000139b3       _handleMethodEnterEvent    100149b3 f   stepControl.obj
 0001:000140c7       _initEvents                100150c7 f   stepControl.obj
 0001:00014410       _getStackDepth             10015410 f   threadControl.obj
 0001:000144ad       _threadState               100154ad f   threadControl.obj
 0001:000144f7       _setThreadLocalStorage     100154f7 f   threadControl.obj
 0001:00014591       _getThreadLocalStorage     10015591 f   threadControl.obj
 0001:0001463a       _nonTlsSearch              1001563a f   threadControl.obj
 0001:00014663       _findThread                10015663 f   threadControl.obj
 0001:000146cf       _removeNode                100156cf f   threadControl.obj
 0001:0001470f       _addNode                   1001570f f   threadControl.obj
 0001:00014741       _moveNode                  10015741 f   threadControl.obj
 0001:00014790       _enumerateOverThreadList   10015790 f   threadControl.obj
 0001:000147b7       _addDeferredEventMode      100157b7 f   threadControl.obj
 0001:00014813       _threadSetEventNotificationMode 10015813 f   threadControl.obj
 0001:00014876       _processDeferredEventModes 10015876 f   threadControl.obj
 0001:00014953       _getLocks                  10015953 f   threadControl.obj
 0001:00014979       _releaseLocks              10015979 f   threadControl.obj
 0001:00014acb       _pendingAppResume          10015acb f   threadControl.obj
 0001:00014b58       _notifyAppResumeComplete   10015b58 f   threadControl.obj
 0001:00014b9f       _handleAppResumeCompletion 10015b9f f   threadControl.obj
 0001:00014bf8       _trackAppResume            10015bf8 f   threadControl.obj
 0001:00014d11       _handleAppResumeBreakpoint 10015d11 f   threadControl.obj
 0001:00014e30       _commonSuspendByNode       10015e30 f   threadControl.obj
 0001:00014eb3       _suspendThreadByNode       10015eb3 f   threadControl.obj
 0001:00014efc       _resumeThreadByNode        10015efc f   threadControl.obj
 0001:00014fd8       _preSuspend                10015fd8 f   threadControl.obj
 0001:00015028       _resumeCopyHelper          10016028 f   threadControl.obj
 0001:00015078       _resumeCountHelper         10016078 f   threadControl.obj
 0001:0001509d       _newArray                  1001609d f   threadControl.obj
 0001:000150c4       _commonResumeList          100160c4 f   threadControl.obj
 0001:00015362       _resumeHelper              10016362 f   threadControl.obj
 0001:00015443       _threadControl_removeDebugThread 10016443 f   threadControl.obj
 0001:0001552d       _setPopFrameThread         1001652d f   threadControl.obj
 0001:000155b2       _getPopFrameEvent          100165b2 f   threadControl.obj
 0001:00015636       _setPopFrameEvent          10016636 f   threadControl.obj
 0001:000156c6       _getPopFrameProceed        100166c6 f   threadControl.obj
 0001:0001574a       _setPopFrameProceed        1001674a f   threadControl.obj
 0001:000157cc       _popFrameCompleteEvent     100167cc f   threadControl.obj
 0001:00015833       _popOneFrame               10016833 f   threadControl.obj
 0001:000159a9       _checkForPopFrameEvents    100169a9 f   threadControl.obj
 0001:00015a8b       _doPendingTasks            10016a8b f   threadControl.obj
 0001:00015e60       _detachHelper              10016e60 f   threadControl.obj
 0001:00015eaf       _resetHelper               10016eaf f   threadControl.obj
 0001:000160d1       _insertThread              100170d1 f   threadControl.obj
 0001:000161e7       _clearThread               100171e7 f   threadControl.obj
 0001:0001623e       _removeThread              1001723e f   threadControl.obj
 0001:00016265       _removeResumed             10017265 f   threadControl.obj
 0001:00016379       _commonSuspend             10017379 f   threadControl.obj
 0001:000163e8       _commonSuspendList         100173e8 f   threadControl.obj
 0001:0001671f       _suspendAllHelper          1001771f f   threadControl.obj
 0001:00016d14       _printLastError            10017d14 f   transport.obj
 0001:00016e09       _loadTransportLibrary      10017e09 f   transport.obj
 0001:00016e88       _loadTransport             10017e88 f   transport.obj
 0001:000170d9       _connectionInitiated       100180d9 f   transport.obj
 0001:00017154       _setTransportProperty      10018154 f   transport.obj
 0001:000171a2       _acceptThread@12           100181a2 f   transport.obj
 0001:00017294       _attachThread@12           10018294 f   transport.obj
 0001:0001735f       _launch                    1001835f f   transport.obj
 0001:000179f2       _findClass                 100189f2 f   util.obj
 0001:00017bf3       _getMethod                 10018bf3 f   util.obj
 0001:00017e9f       _getStaticMethod           10018e9f f   util.obj
 0001:00018468       _jvmtiVersion              10019468 f   util.obj
 0001:000185c8       _handleInterrupt           100195c8 f   util.obj
 0001:000185e8       _ignore_vm_death           100195e8 f   util.obj
 0001:00018b70       _isArrayClass              10019b70 f   util.obj
 0001:00018c10       _isInterface               10019c10 f   util.obj
 0001:00018fe2       _is_a_nested_class         10019fe2 f   util.obj
 0001:000193b0       _getPropertyValue          1001a3b0 f   util.obj
 0001:000196cc       _getSpecialJvmti           1001a6cc f   util.obj
 0001:0001a049       _cbObjectTagInstance@48    1001b049 f   util.obj
 0001:0001a21f       _cbObjectCounterFromRef@48 1001b21f f   util.obj
 0001:0001a2d2       _cbObjectCounter@28        1001b2d2 f   util.obj
 0001:0001a57b       _cbObjectTagReferrer@48    1001b57b f   util.obj
 0001:0001b229       _getPropertyUTF8           1001c229 f   util.obj
 0001:0001bacf       _writeFieldValue           1001cacf f   util.obj
 0001:0001be7b       _writeStaticFieldValue     1001ce7b f   util.obj
 0001:0001c5d2       _pre_c_init                1001d5d2 f   MSVCRT:crtdll.obj
 0001:0001c82a       ___DllMainCRTStartup       1001d82a f   MSVCRT:crtdll.obj
