 jpeg

 Timestamp is 4dff5f2d (Mon Jun 20 07:54:37 2011)

 Preferred load address is 10000000

 Start         Length     Name                   Class
 0001:00000000 0001907eH .text                   CODE
 0002:00000000 000000c0H .idata$5                DATA
 0002:000000c0 00000004H .CRT$XCA                DATA
 0002:000000c4 00000004H .CRT$XCZ                DATA
 0002:000000c8 00000004H .CRT$XIA                DATA
 0002:000000cc 00000004H .CRT$XIAA               DATA
 0002:000000d0 00000004H .CRT$XIC                DATA
 0002:000000d4 00000004H .CRT$XIZ                DATA
 0002:000000e0 000022f8H .rdata                  DATA
 0002:000023d8 00000066H .rdata$debug            DATA
 0002:00002440 00000004H .rdata$sxdata           DATA
 0002:00002444 00000004H .rtc$IAA                DATA
 0002:00002448 00000004H .rtc$IZZ                DATA
 0002:0000244c 00000004H .rtc$TAA                DATA
 0002:00002450 00000004H .rtc$TZZ                DATA
 0002:00002458 00000064H .xdata$x                DATA
 0002:000024bc 0000003cH .idata$2                DATA
 0002:000024f8 00000014H .idata$3                DATA
 0002:0000250c 000000c0H .idata$4                DATA
 0002:000025cc 00000342H .idata$6                DATA
 0002:00002910 00000631H .edata                  DATA
 0003:00000000 00000020H .data                   DATA
 0003:00000020 000003a8H .bss                    DATA
 0004:00000000 00000058H .rsrc$01                DATA
 0004:00000060 000002f8H .rsrc$02                DATA

  Address         Publics by Value              Rva+Base       Lib:Object

 0000:00000000       __except_list              00000000     <absolute>
 0000:00000001       ___safe_se_handler_count   00000001     <absolute>
 0000:00009876       __fltused                  00009876     <absolute>
 0000:00009876       __ldused                   00009876     <absolute>
 0000:00000000       ___ImageBase               10000000     <linker-defined>
 0001:00000540       _sun_jpeg_init_source      10001540 f   jpegdecoder.obj
 0001:00000540       _imageio_init_source       10001540 f   imageioJPEG.obj
 0001:00000560       _imageio_fill_input_buffer 10001560 f   imageioJPEG.obj
 0001:00000670       _imageio_skip_input_data   10001670 f   imageioJPEG.obj
 0001:000007d0       _imageio_term_source       100017d0 f   imageioJPEG.obj
 0001:00000860       _read_icc_profile          10001860 f   imageioJPEG.obj
 0001:00000ab0       _Java_com_sun_imageio_plugins_jpeg_JPEGImageReader_initReaderIDs@20 10001ab0 f   imageioJPEG.obj
 0001:00000c10       _Java_com_sun_imageio_plugins_jpeg_JPEGImageReader_readImageHeader@24 10001c10 f   imageioJPEG.obj
 0001:00000ea0       _Java_com_sun_imageio_plugins_jpeg_JPEGImageReader_setOutColorSpace@20 10001ea0 f   imageioJPEG.obj
 0001:00000ed0       _Java_com_sun_imageio_plugins_jpeg_JPEGImageReader_readImage@80 10001ed0 f   imageioJPEG.obj
 0001:00001580       _Java_com_sun_imageio_plugins_jpeg_JPEGImageReader_abortRead@16 10002580 f   imageioJPEG.obj
 0001:000015b0       _Java_com_sun_imageio_plugins_jpeg_JPEGImageReader_resetLibraryState@16 100025b0 f   imageioJPEG.obj
 0001:000017d0       _Java_com_sun_imageio_plugins_jpeg_JPEGImageWriter_initWriterIDs@20 100027d0 f   imageioJPEG.obj
 0001:000018d0       _Java_com_sun_imageio_plugins_jpeg_JPEGImageWriter_writeTables@28 100028d0 f   imageioJPEG.obj
 0001:00001aa0       _Java_com_sun_imageio_plugins_jpeg_JPEGImageWriter_writeImage@116 10002aa0 f   imageioJPEG.obj
 0001:00002340       _Java_com_sun_imageio_plugins_jpeg_JPEGImageWriter_abortWrite@16 10003340 f   imageioJPEG.obj
 0001:00002630       _Java_com_sun_imageio_plugins_jpeg_JPEGImageReader_setSource@20 10003630 f   imageioJPEG.obj
 0001:00002680       _Java_com_sun_imageio_plugins_jpeg_JPEGImageReader_resetReader@16 10003680 f   imageioJPEG.obj
 0001:00002720       _Java_com_sun_imageio_plugins_jpeg_JPEGImageWriter_setDest@20 10003720 f   imageioJPEG.obj
 0001:00002770       _Java_com_sun_imageio_plugins_jpeg_JPEGImageWriter_resetWriter@16 10003770 f   imageioJPEG.obj
 0001:00002990       _Java_com_sun_imageio_plugins_jpeg_JPEGImageReader_initJPEGImageReader@8 10003990 f   imageioJPEG.obj
 0001:00002ba0       _Java_com_sun_imageio_plugins_jpeg_JPEGImageWriter_initJPEGImageWriter@8 10003ba0 f   imageioJPEG.obj
 0001:00002d80       _Java_com_sun_imageio_plugins_jpeg_JPEGImageReader_disposeReader@16 10003d80 f   imageioJPEG.obj
 0001:00002d80       _Java_com_sun_imageio_plugins_jpeg_JPEGImageWriter_disposeWriter@16 10003d80 f   imageioJPEG.obj
 0001:00002de0       _JNI_OnLoad@8              10003de0 f   jpegdecoder.obj
 0001:00002f40       _sun_jpeg_fill_input_buffer 10003f40 f   jpegdecoder.obj
 0001:00003020       _sun_jpeg_fill_suspended_buffer 10004020 f   jpegdecoder.obj
 0001:000031d0       _sun_jpeg_skip_input_data  100041d0 f   jpegdecoder.obj
 0001:00003310       _Java_sun_awt_image_JPEGImageDecoder_initIDs@12 10004310 f   jpegdecoder.obj
 0001:000033b0       _Java_sun_awt_image_JPEGImageDecoder_readImage@16 100043b0 f   jpegdecoder.obj
 0001:00003900       _jAbort                    10004900 f   jcomapi.obj
 0001:00003940       _jDestroy                  10004940 f   jcomapi.obj
 0001:00003970       _jAlcQTable                10004970 f   jcomapi.obj
 0001:000039a0       _jAlcHTable                100049a0 f   jcomapi.obj
 0001:000039d0       _jCreaDecompress           100049d0 f   jdapimin.obj
 0001:00003ad0       _jDestDecompress           10004ad0 f   jdapimin.obj
 0001:00003ae0       _jAbrtDecompress           10004ae0 f   jdapimin.obj
 0001:00003cc0       _jConsumeInput             10004cc0 f   jdapimin.obj
 0001:00003d90       _jInComplete               10004d90 f   jdapimin.obj
 0001:00003de0       _jHasMultScn               10004de0 f   jdapimin.obj
 0001:00003e30       _jFinDecompress            10004e30 f   jdapimin.obj
 0001:00003f00       _jReadHeader               10004f00 f   jdapimin.obj
 0001:00004050       _jReadScanlines            10005050 f   jdapistd.obj
 0001:000040f0       _jStrtOutput               100050f0 f   jdapistd.obj
 0001:00004160       _jFinOutput                10005160 f   jdapistd.obj
 0001:00004200       _jStrtDecompress           10005200 f   jdapistd.obj
 0001:00005150       _jIDCoefC                  10006150 f   jdcoefct.obj
 0001:000056f0       _jIDColor                  100066f0 f   jdcolor.obj
 0001:00005ba0       _jIIDCT                    10006ba0 f   jddctmgr.obj
 0001:00005c10       _jMkDDerived               10006c10 f   jdhuff.obj
 0001:00005ef0       _jFilBitBuf                10006ef0 f   jdhuff.obj
 0001:00006020       _jHufDecode                10007020 f   jdhuff.obj
 0001:00006700       _jIHDecoder                10007700 f   jdhuff.obj
 0001:00006d00       _jIInCtlr                  10007d00 f   jdinput.obj
 0001:00007310       _jIDMainC                  10008310 f   jdmainct.obj
 0001:00008e90       _jResyncRestart            10009e90 f   jdmarker.obj
 0001:000090d0       _jIMReader                 1000a0d0 f   jdmarker.obj
 0001:00009170       _jSaveMarkers              1000a170 f   jdmarker.obj
 0001:000092d0       _jCalcDimensions           1000a2d0 f   jdmaster.obj
 0001:00009950       _jIDMaster                 1000a950 f   jdmaster.obj
 0001:00009ef0       _jIMUpsampler              1000aef0 f   jdmerge.obj
 0001:0000ac10       _jIPHDecoder               1000bc10 f   jdphuff.obj
 0001:0000af50       _jIDPostC                  1000bf50 f   jdpostct.obj
 0001:0000b4a0       _jIUpsampler               1000c4a0 f   jdsample.obj
 0001:0000b7c0       _jStdError                 1000c7c0 f   jerror.obj
 0001:0000b810       _jRDfloat                  1000c810 f   jidctflt.obj
 0001:0000bda0       _jRDifast                  1000cda0 f   jidctfst.obj
 0001:0000c1a0       _jRDislow                  1000d1a0 f   jidctint.obj
 0001:0000c6f0       _jRD4x4                    1000d6f0 f   jidctred.obj
 0001:0000ca30       _jRD2x2                    1000da30 f   jidctred.obj
 0001:0000ceb0       _jRD1x1                    1000deb0 f   jidctred.obj
 0001:0000dae0       _jIMemMgr                  1000eae0 f   jmemmgr.obj
 0001:0000dc00       _jFreeLarge                1000ec00 f   jmemnobs.obj
 0001:0000dc00       _jFreeSmall                1000ec00 f   jmemnobs.obj
 0001:0000dc10       _jGetSmall                 1000ec10 f   jmemnobs.obj
 0001:0000dc10       _jGetLarge                 1000ec10 f   jmemnobs.obj
 0001:0000dc20       _jMemAvail                 1000ec20 f   jmemnobs.obj
 0001:0000dc30       _jOpenBackStore            1000ec30 f   jmemnobs.obj
 0001:0000dc50       _jMemInit                  1000ec50 f   jmemnobs.obj
 0001:0000e760       _jI1Quant                  1000f760 f   jquant1.obj
 0001:0000fc80       _jMemTerm                  10010c80 f   jmemnobs.obj
 0001:0000fc80       _sun_jpeg_term_source      10010c80 f   jpegdecoder.obj
 0001:0000fde0       _jI2Quant                  10010de0 f   jquant2.obj
 0001:0000ff30       _jDivRound                 10010f30 f   jutils.obj
 0001:0000ff40       _jRound                    10010f40 f   jutils.obj
 0001:0000ff60       _jCopySamples              10010f60 f   jutils.obj
 0001:0000ffb0       _jCopyBlocks               10010fb0 f   jutils.obj
 0001:0000ffd0       _jZeroFar                  10010fd0 f   jutils.obj
 0001:0000fff0       _jCreaCompress             10010ff0 f   jcapimin.obj
 0001:000100c0       _jSuppressTables           100110c0 f   jcapimin.obj
 0001:00010130       _jFinCompress              10011130 f   jcapimin.obj
 0001:00010250       _jWrtTables                10011250 f   jcapimin.obj
 0001:000102b0       _jStrtCompress             100112b0 f   jcapistd.obj
 0001:00010330       _jWrtScanlines             10011330 f   jcapistd.obj
 0001:00010b90       _jICCoefC                  10011b90 f   jccoefct.obj
 0001:00011160       _jICColor                  10012160 f   jccolor.obj
 0001:00012010       _jIFDCT                    10013010 f   jcdctmgr.obj
 0001:000120a0       _jMkCDerived               100130a0 f   jchuff.obj
 0001:00012a10       _jGenOptTbl                10013a10 f   jchuff.obj
 0001:00013230       _jIHEncoder                10014230 f   jchuff.obj
 0001:00013290       _jICompress                10014290 f   jcinit.obj
 0001:00013450       _jICMainC                  10014450 f   jcmainct.obj
 0001:00014480       _jIMWriter                 10015480 f   jcmarker.obj
 0001:00014fb0       _jICMaster                 10015fb0 f   jcmaster.obj
 0001:00015070       _jAddQuantTable            10016070 f   jcparam.obj
 0001:00015360       _jSetColorspace            10016360 f   jcparam.obj
 0001:000156f0       _jSimProgress              100166f0 f   jcparam.obj
 0001:00015960       _jDefColorspace            10016960 f   jcparam.obj
 0001:00015bb0       _jSetDefaults              10016bb0 f   jcparam.obj
 0001:00016a10       _jIPHEncoder               10017a10 f   jcphuff.obj
 0001:00016fb0       _jICPrepC                  10017fb0 f   jcprepct.obj
 0001:00017870       _jIDownsampler             10018870 f   jcsample.obj
 0001:000179f0       _jFDfloat                  100189f0 f   jfdctflt.obj
 0001:00017d20       _jFDifast                  10018d20 f   jfdctfst.obj
 0001:000183f0       _jFDislow                  100193f0 f   jfdctint.obj
 0001:00018702       _JNU_ThrowByName@12        10019702 f   java:java.dll
 0001:00018708       _JNU_GetEnv@8              10019708 f   java:java.dll
 0001:0001870e       _JNU_ThrowNullPointerException@8 1001970e f   java:java.dll
 0001:00018714       _jio_snprintf              10019714 f   java:java.dll
 0001:0001871a       @__security_check_cookie@4 1001971a f   MSVCRT:secchk.obj
 0001:0001872a       _memcpy                    1001972a f   MSVCRT:MSVCR100.dll
 0001:00018730       __setjmp3                  10019730 f   MSVCRT:MSVCR100.dll
 0001:00018736       _memset                    10019736 f   MSVCRT:MSVCR100.dll
 0001:00018740       __ftol2_sse                10019740 f   MSVCRT:ftol2.obj
 0001:00018749       __ftol2_pentium4           10019749 f   MSVCRT:ftol2.obj
 0001:0001875c       __ftol2_sse_excpt          1001975c f   MSVCRT:ftol2.obj
 0001:00018776       __ftol2                    10019776 f   MSVCRT:ftol2.obj
 0001:00018839       __CRT_INIT@12              10019839 f   MSVCRT:crtdll.obj
 0001:00018b59       __DllMainCRTStartup@12     10019b59 f   MSVCRT:crtdll.obj
 0001:00018b7c       ___report_gsfailure        10019b7c f   MSVCRT:gs_report.obj
 0001:00018c82       ___sse2_available_init     10019c82 f   MSVCRT:cpu_disp.obj
 0001:00018c92       ___clean_type_info_names   10019c92 f   MSVCRT:tncleanup.obj
 0001:00018c9e       __onexit                   10019c9e f   MSVCRT:atonexit.obj
 0001:00018d3f       _atexit                    10019d3f f   MSVCRT:atonexit.obj
 0001:00018d56       __RTC_Initialize           10019d56 f   MSVCRT:_initsect_.obj
 0001:00018d7c       __RTC_Terminate            10019d7c f   MSVCRT:_initsect_.obj
 0001:00018db0       __ValidateImageBase        10019db0 f   MSVCRT:pesect.obj
 0001:00018df0       __FindPESection            10019df0 f   MSVCRT:pesect.obj
 0001:00018e40       __IsNonwritableInCurrentImage 10019e40 f   MSVCRT:pesect.obj
 0001:00018efc       __initterm                 10019efc f   MSVCRT:MSVCR100.dll
 0001:00018f02       __initterm_e               10019f02 f   MSVCRT:MSVCR100.dll
 0001:00018f08       __amsg_exit                10019f08 f   MSVCRT:MSVCR100.dll
 0001:00018f0e       ___CppXcptFilter           10019f0e f   MSVCRT:MSVCR100.dll
 0001:00018f14       _DllMain@12                10019f14 f   MSVCRT:dllmain.obj
 0001:00018f40       __SEH_prolog4              10019f40 f   MSVCRT:sehprolg4.obj
 0001:00018f85       __SEH_epilog4              10019f85 f   MSVCRT:sehprolg4.obj
 0001:00018f99       __except_handler4          10019f99 f   MSVCRT:chandler4gs.obj
 0001:00018fbe       ___security_init_cookie    10019fbe f   MSVCRT:gs_support.obj
 0001:0001905a       __crt_debugger_hook        1001a05a f   MSVCRT:MSVCR100.dll
 0001:00019060       ___clean_type_info_names_internal 1001a060 f   MSVCRT:MSVCR100.dll
 0001:00019066       __unlock                   1001a066 f   MSVCRT:MSVCR100.dll
 0001:0001906c       ___dllonexit               1001a06c f   MSVCRT:MSVCR100.dll
 0001:00019072       __lock                     1001a072 f   MSVCRT:MSVCR100.dll
 0001:00019078       __except_handler4_common   1001a078 f   MSVCRT:MSVCR100.dll
 0002:00000000       __imp__GetSystemTimeAsFileTime@4 1001b000     kernel32:KERNEL32.dll
 0002:00000004       __imp__GetCurrentProcessId@0 1001b004     kernel32:KERNEL32.dll
 0002:00000008       __imp__GetCurrentThreadId@0 1001b008     kernel32:KERNEL32.dll
 0002:0000000c       __imp__GetTickCount@0      1001b00c     kernel32:KERNEL32.dll
 0002:00000010       __imp__DisableThreadLibraryCalls@4 1001b010     kernel32:KERNEL32.dll
 0002:00000014       __imp__IsProcessorFeaturePresent@4 1001b014     kernel32:KERNEL32.dll
 0002:00000018       __imp__IsDebuggerPresent@0 1001b018     kernel32:KERNEL32.dll
 0002:0000001c       __imp__SetUnhandledExceptionFilter@4 1001b01c     kernel32:KERNEL32.dll
 0002:00000020       __imp__UnhandledExceptionFilter@4 1001b020     kernel32:KERNEL32.dll
 0002:00000024       __imp__GetCurrentProcess@0 1001b024     kernel32:KERNEL32.dll
 0002:00000028       __imp__TerminateProcess@8  1001b028     kernel32:KERNEL32.dll
 0002:0000002c       __imp__InterlockedCompareExchange@12 1001b02c     kernel32:KERNEL32.dll
 0002:00000030       __imp__Sleep@4             1001b030     kernel32:KERNEL32.dll
 0002:00000034       __imp__InterlockedExchange@8 1001b034     kernel32:KERNEL32.dll
 0002:00000038       __imp__DecodePointer@4     1001b038     kernel32:KERNEL32.dll
 0002:0000003c       __imp__EncodePointer@4     1001b03c     kernel32:KERNEL32.dll
 0002:00000040       __imp__QueryPerformanceCounter@4 1001b040     kernel32:KERNEL32.dll
 0002:00000044       \177KERNEL32_NULL_THUNK_DATA 1001b044     kernel32:KERNEL32.dll
 0002:00000048       __imp___initterm           1001b048     MSVCRT:MSVCR100.dll
 0002:0000004c       __imp___initterm_e         1001b04c     MSVCRT:MSVCR100.dll
 0002:00000050       __imp___amsg_exit          1001b050     MSVCRT:MSVCR100.dll
 0002:00000054       __imp___encoded_null       1001b054     MSVCRT:MSVCR100.dll
 0002:00000058       __imp___crt_debugger_hook  1001b058     MSVCRT:MSVCR100.dll
 0002:0000005c       __imp____clean_type_info_names_internal 1001b05c     MSVCRT:MSVCR100.dll
 0002:00000060       __imp___unlock             1001b060     MSVCRT:MSVCR100.dll
 0002:00000064       __imp____dllonexit         1001b064     MSVCRT:MSVCR100.dll
 0002:00000068       __imp___lock               1001b068     MSVCRT:MSVCR100.dll
 0002:0000006c       __imp___onexit             1001b06c     MSVCRT:MSVCR100.dll
 0002:00000070       __imp___except_handler4_common 1001b070     MSVCRT:MSVCR100.dll
 0002:00000074       __imp___malloc_crt         1001b074     MSVCRT:MSVCR100.dll
 0002:00000078       __imp__getenv              1001b078     MSVCRT:MSVCR100.dll
 0002:0000007c       __imp__sscanf              1001b07c     MSVCRT:MSVCR100.dll
 0002:00000080       __imp__memset              1001b080     MSVCRT:MSVCR100.dll
 0002:00000084       __imp____iob_func          1001b084     MSVCRT:MSVCR100.dll
 0002:00000088       __imp__fprintf             1001b088     MSVCRT:MSVCR100.dll
 0002:0000008c       __imp__calloc              1001b08c     MSVCRT:MSVCR100.dll
 0002:00000090       __imp__malloc              1001b090     MSVCRT:MSVCR100.dll
 0002:00000094       __imp___setjmp3            1001b094     MSVCRT:MSVCR100.dll
 0002:00000098       __imp__memcpy              1001b098     MSVCRT:MSVCR100.dll
 0002:0000009c       __imp__free                1001b09c     MSVCRT:MSVCR100.dll
 0002:000000a0       __imp__longjmp             1001b0a0     MSVCRT:MSVCR100.dll
 0002:000000a4       __imp____CppXcptFilter     1001b0a4     MSVCRT:MSVCR100.dll
 0002:000000a8       \177MSVCR100_NULL_THUNK_DATA 1001b0a8     MSVCRT:MSVCR100.dll
 0002:000000ac       __imp__jio_snprintf        1001b0ac     java:java.dll
 0002:000000b0       __imp__JNU_ThrowNullPointerException@8 1001b0b0     java:java.dll
 0002:000000b4       __imp__JNU_GetEnv@8        1001b0b4     java:java.dll
 0002:000000b8       __imp__JNU_ThrowByName@12  1001b0b8     java:java.dll
 0002:000000bc       \177java_NULL_THUNK_DATA   1001b0bc     java:java.dll
 0002:000000c0       ___xc_a                    1001b0c0     MSVCRT:cinitexe.obj
 0002:000000c4       ___xc_z                    1001b0c4     MSVCRT:cinitexe.obj
 0002:000000c8       ___xi_a                    1001b0c8     MSVCRT:cinitexe.obj
 0002:000000d4       ___xi_z                    1001b0d4     MSVCRT:cinitexe.obj
 0002:000000fc       ??_C@_0BL@ENCPOIKC@java?1lang?1OutOfMemoryError?$AA@ 1001b0fc     imageioJPEG.obj
 0002:00000118       ??_C@_0BF@GNONHPOP@Setting?5Pixel?5Buffer?$AA@ 1001b118     imageioJPEG.obj
 0002:00000130       ??_C@_0CF@EJBMEBBP@Unable?5to?5pin?5icc?5profile?5data?5a@ 1001b130     imageioJPEG.obj
 0002:00000158       ??_C@_0BE@JBLDAGLI@Reading?5ICC?5profile?$AA@ 1001b158     imageioJPEG.obj
 0002:0000016c       ??_C@_0CJ@HIEMCHIB@Invalid?5icc?5profile?3?5invalid?5dat@ 1001b16c     imageioJPEG.obj
 0002:00000198       ??_C@_0CN@PIKPANEC@Invalid?5icc?5profile?3?5missing?5seq@ 1001b198     imageioJPEG.obj
 0002:000001c8       ??_C@_0CO@ILDJFFGN@Invalid?5icc?5profile?3?5found?5only?5@ 1001b1c8     imageioJPEG.obj
 0002:000001f8       ??_C@_0CJ@PKIHEMMA@Invalid?5icc?5profile?3?5bad?5sequenc@ 1001b1f8     imageioJPEG.obj
 0002:00000224       ??_C@_0DA@GLMLOKJH@Invalid?5icc?5profile?3?5duplicate?5s@ 1001b224     imageioJPEG.obj
 0002:00000254       ??_C@_0BL@PAGFHBFL@javax?1imageio?1IIOException?$AA@ 1001b254     imageioJPEG.obj
 0002:00000270       ??_C@_0DF@EJNALACK@Invalid?5icc?5profile?3?5inconsisten@ 1001b270     imageioJPEG.obj
 0002:000002a8       ??_C@_0DD@PBCIMJPM@Invalid?5icc?5profile?3?5invalid?5num@ 1001b2a8     imageioJPEG.obj
 0002:000002dc       ??_C@_06GEKOPAHD@values?$AA@ 1001b2dc     imageioJPEG.obj
 0002:000002e4       ??_C@_07HLHALEDB@lengths?$AA@ 1001b2e4     imageioJPEG.obj
 0002:000002ec       ??_C@_02PBMBOJCL@?$FLS?$AA@ 1001b2ec     imageioJPEG.obj
 0002:000002f0       ??_C@_06NDKJHNCM@qTable?$AA@ 1001b2f0     imageioJPEG.obj
 0002:000002f8       ??_C@_02EBOMBDPA@?$FLI?$AA@ 1001b2f8     imageioJPEG.obj
 0002:000002fc       ??_C@_08FJPDKMKL@pushBack?$AA@ 1001b2fc     imageioJPEG.obj
 0002:00000308       ??_C@_0N@JHOJIANF@passComplete?$AA@ 1001b308     imageioJPEG.obj
 0002:00000318       ??_C@_03GAEACAIP@?$CI?$CJV?$AA@ 1001b318     imageioJPEG.obj
 0002:0000031c       ??_C@_0M@MNIOMPPJ@passStarted?$AA@ 1001b31c     imageioJPEG.obj
 0002:00000328       ??_C@_0N@NGMIGEIH@acceptPixels?$AA@ 1001b328     imageioJPEG.obj
 0002:00000338       ??_C@_05IPOMILEE@?$CIIZ?$CJV?$AA@ 1001b338     imageioJPEG.obj
 0002:00000340       ??_C@_0N@MNKCGBOF@setImageData?$AA@ 1001b340     imageioJPEG.obj
 0002:00000350       ??_C@_0L@NCAMOCKO@?$CIIIIII?$FLB?$CJV?$AA@ 1001b350     imageioJPEG.obj
 0002:0000035c       ??_C@_0BD@EDGGINKI@warningWithMessage?$AA@ 1001b35c     imageioJPEG.obj
 0002:00000370       ??_C@_0BG@IKDDPPGD@?$CILjava?1lang?1String?$DL?$CJV?$AA@ 1001b370     imageioJPEG.obj
 0002:00000388       ??_C@_0BA@CDPOJDB@warningOccurred?$AA@ 1001b388     imageioJPEG.obj
 0002:00000398       ??_C@_04PFANPMCN@?$CII?$CJV?$AA@ 1001b398     imageioJPEG.obj
 0002:000003a0       ??_C@_09OEPAOADM@skipBytes?$AA@ 1001b3a0     imageioJPEG.obj
 0002:000003ac       ??_C@_04BMPAOJO@?$CIJ?$CJJ?$AA@ 1001b3ac     imageioJPEG.obj
 0002:000003b4       ??_C@_04POLDLDMI@read?$AA@ 1001b3b4     imageioJPEG.obj
 0002:000003bc       ??_C@_07HGNEOLPD@?$CI?$FLBII?$CJI?$AA@ 1001b3bc     imageioJPEG.obj
 0002:000003c4       ??_C@_0BB@BBPIIEJP@Array?5pin?5failed?$AA@ 1001b3c4     imageioJPEG.obj
 0002:000003d8       ??_C@_0CA@EJBFMCPI@java?1lang?1IllegalStateException?$AA@ 1001b3d8     imageioJPEG.obj
 0002:000003f8       ??_C@_0CJ@FAHHFKDG@Attempting?5to?5use?5reader?5after?5d@ 1001b3f8     imageioJPEG.obj
 0002:00000424       ??_C@_0CE@LPFBCDGM@Invalid?5number?5of?5output?5compone@ 1001b424     imageioJPEG.obj
 0002:00000448       ??_C@_0BE@KOGPEOLP@Reading?5JPEG?5Stream?$AA@ 1001b448     imageioJPEG.obj
 0002:0000045c       ??_C@_0CF@OPBCJGNA@Invalid?5argument?5to?5native?5readI@ 1001b45c     imageioJPEG.obj
 0002:00000484       ??_C@_0BC@OMEGECOD@Initializing?5Read?$AA@ 1001b484     imageioJPEG.obj
 0002:00000498       ??_C@_0BK@PBGJCCG@Output?5buffer?5not?5pinned?$CB?$AA@ 1001b498     imageioJPEG.obj
 0002:000004b4       ??_C@_0L@EKFGKJEH@grabPixels?$AA@ 1001b4b4     imageioJPEG.obj
 0002:000004c0       ??_C@_0O@BLOPFHGH@writeMetadata?$AA@ 1001b4c0     imageioJPEG.obj
 0002:000004d0       ??_C@_05NGFEDHGN@write?$AA@ 1001b4d0     imageioJPEG.obj
 0002:000004d8       ??_C@_07LLIOOFGN@?$CI?$FLBII?$CJV?$AA@ 1001b4d8     imageioJPEG.obj
 0002:000004e0       ??_C@_0CJ@MCECMHCD@Attempting?5to?5use?5writer?5after?5d@ 1001b4e0     imageioJPEG.obj
 0002:0000050c       ??_C@_0CG@JKMPIIDL@Invalid?5argument?5to?5native?5write@ 1001b50c     imageioJPEG.obj
 0002:00000534       ??_C@_0N@PEADDBOI@Writing?5JPEG?$AA@ 1001b534     imageioJPEG.obj
 0002:00000544       ??_C@_0BE@NMJJBJJA@Writing?5JPEG?5Stream?$AA@ 1001b544     imageioJPEG.obj
 0002:00000558       ??_C@_0P@FDFGJBFF@Setting?5Stream?$AA@ 1001b558     imageioJPEG.obj
 0002:00000568       ??_C@_0BE@LOJEHOGK@Initializing?5Reader?$AA@ 1001b568     imageioJPEG.obj
 0002:0000057c       ??_C@_0BE@JCBGHPLA@Initializing?5Writer?$AA@ 1001b57c     imageioJPEG.obj
 0002:00000590       ??_C@_03OFAPEBGM@?$CFs?6?$AA@ 1001b590     jpegdecoder.obj
 0002:00000594       ??_C@_09LAIKOIHJ@available?$AA@ 1001b594     jpegdecoder.obj
 0002:000005a0       ??_C@_03KNBKCOBB@?$CI?$CJI?$AA@ 1001b5a0     jpegdecoder.obj
 0002:000005a4       ??_C@_06DMLPEKHA@?$CI?$FLII?$CJZ?$AA@ 1001b5a4     jpegdecoder.obj
 0002:000005ac       ??_C@_0L@IINNECMJ@sendPixels?$AA@ 1001b5ac     jpegdecoder.obj
 0002:000005b8       ??_C@_06ELGPHLGB@?$CI?$FLBI?$CJZ?$AA@ 1001b5b8     jpegdecoder.obj
 0002:000005c0       ??_C@_0P@BDIPJFFC@sendHeaderInfo?$AA@ 1001b5c0     jpegdecoder.obj
 0002:000005d0       ??_C@_08MLFAPJAK@?$CIIIZZZ?$CJZ?$AA@ 1001b5d0     jpegdecoder.obj
 0002:000005dc       ??_C@_0CD@OMFLCCFG@sun?1awt?1image?1ImageFormatExcepti@ 1001b5dc     jpegdecoder.obj
 0002:000007c0       ??_C@_0CL@OCGBAKPF@Application?5transferred?5too?5many@ 1001b7c0     jerror.obj
 0002:000007ec       ??_C@_0CL@BAKCGOKJ@Invalid?5SOS?5parameters?5for?5seque@ 1001b7ec     jerror.obj
 0002:00000818       ??_C@_0DI@NFMBADOH@Corrupt?5JPEG?5data?3?5found?5marker?5@ 1001b818     jerror.obj
 0002:00000850       ??_C@_0BL@DPFPFMLM@Premature?5end?5of?5JPEG?5file?$AA@ 1001b850     jerror.obj
 0002:0000086c       ??_C@_0CO@ODCCEDLN@Warning?3?5unknown?5JFIF?5revision?5n@ 1001b86c     jerror.obj
 0002:0000089c       ??_C@_0CE@PBLDOPKB@Corrupt?5JPEG?5data?3?5bad?5Huffman?5c@ 1001b89c     jerror.obj
 0002:000008c0       ??_C@_0DB@PGMEPGHN@Corrupt?5JPEG?5data?3?5premature?5end@ 1001b8c0     jerror.obj
 0002:000008f4       ??_C@_0DM@PCOGCKJB@Corrupt?5JPEG?5data?3?5?$CFu?5extraneous@ 1001b8f4     jerror.obj
 0002:00000930       ??_C@_0EC@CBCJOINE@Inconsistent?5progression?5sequenc@ 1001b930     jerror.obj
 0002:00000974       ??_C@_0CG@KEGHCDOM@Unknown?5Adobe?5color?5transform?5co@ 1001b974     jerror.obj
 0002:0000099c       ??_C@_0BH@LJLGPEFF@Obtained?5XMS?5handle?5?$CFu?$AA@ 1001b99c     jerror.obj
 0002:000009b4       ??_C@_0BE@FOGGKKAO@Freed?5XMS?5handle?5?$CFu?$AA@ 1001b9b4     jerror.obj
 0002:000009c8       ??_C@_0DE@EEJCDLOO@Unrecognized?5component?5IDs?5?$CFd?5?$CFd@ 1001b9c8     jerror.obj
 0002:000009fc       ??_C@_0DG@FCFDGNHE@JFIF?5extension?5marker?3?5RGB?5thumb@ 1001b9fc     jerror.obj
 0002:00000a34       ??_C@_0DK@JGAPDCJL@JFIF?5extension?5marker?3?5palette?5t@ 1001ba34     jerror.obj
 0002:00000a70       ??_C@_0EC@ELDEPOJP@JFIF?5extension?5marker?3?5JPEG?9comp@ 1001ba70     jerror.obj
 0002:00000ab4       ??_C@_0BJ@GOCABEP@Opened?5temporary?5file?5?$CFs?$AA@ 1001bab4     jerror.obj
 0002:00000ad0       ??_C@_0BJ@KDCGAOJB@Closed?5temporary?5file?5?$CFs?$AA@ 1001bad0     jerror.obj
 0002:00000aec       ??_C@_0BN@GAMIJLDC@?5?5Ss?$DN?$CFd?0?5Se?$DN?$CFd?0?5Ah?$DN?$CFd?0?5Al?$DN?$CFd?$AA@ 1001baec     jerror.obj
 0002:00000b0c       ??_C@_0BO@CDEKFGLC@?5?5?5?5Component?5?$CFd?3?5dc?$DN?$CFd?5ac?$DN?$CFd?$AA@ 1001bb0c     jerror.obj
 0002:00000b2c       ??_C@_0BN@BLOOHNC@Start?5Of?5Scan?3?5?$CFd?5components?$AA@ 1001bb2c     jerror.obj
 0002:00000b4c       ??_C@_0P@JLCHJELA@Start?5of?5Image?$AA@ 1001bb4c     jerror.obj
 0002:00000b5c       ??_C@_0BP@EDCAMHHE@?5?5?5?5Component?5?$CFd?3?5?$CFdhx?$CFdv?5q?$DN?$CFd?$AA@ 1001bb5c     jerror.obj
 0002:00000b7c       ??_C@_0DK@DMINKOGN@Start?5Of?5Frame?50x?$CF02x?3?5width?$DN?$CFu?0@ 1001bb7c     jerror.obj
 0002:00000bb8       ??_C@_0DJ@PCBCLFML@Smoothing?5not?5supported?5with?5non@ 1001bbb8     jerror.obj
 0002:00000bf4       ??_C@_05LLAPAOG@RST?$CFd?$AA@ 1001bbf4     jerror.obj
 0002:00000bfc       ??_C@_0CF@NIMOLBCP@At?5marker?50x?$CF02x?0?5recovery?5actio@ 1001bbfc     jerror.obj
 0002:00000c24       ??_C@_0CE@FDPBEAOO@Selected?5?$CFd?5colors?5for?5quantizat@ 1001bc24     jerror.obj
 0002:00000c48       ??_C@_0BI@NEIBNACE@Quantizing?5to?5?$CFd?5colors?$AA@ 1001bc48     jerror.obj
 0002:00000c60       ??_C@_0CD@CNNAOOFA@Quantizing?5to?5?$CFd?5?$DN?5?$CFd?$CK?$CFd?$CK?$CFd?5colo@ 1001bc60     jerror.obj
 0002:00000c84       ??_C@_0CI@GHPOCOCL@?5?5?5?5?5?5?5?5?$CF4u?5?$CF4u?5?$CF4u?5?$CF4u?5?$CF4u?5?$CF4u?5@ 1001bc84     jerror.obj
 0002:00000cac       ??_C@_0BJ@COPODLDN@Unexpected?5marker?50x?$CF02x?$AA@ 1001bcac     jerror.obj
 0002:00000cc8       ??_C@_0CH@EHHJCMGA@Miscellaneous?5marker?50x?$CF02x?0?5len@ 1001bcc8     jerror.obj
 0002:00000cf0       ??_C@_0CB@BADBMAAB@?5?5?5?5with?5?$CFd?5x?5?$CFd?5thumbnail?5image@ 1001bcf0     jerror.obj
 0002:00000d14       ??_C@_0CO@KKPHGHBA@JFIF?5extension?5marker?3?5type?50x?$CF0@ 1001bd14     jerror.obj
 0002:00000d44       ??_C@_0DM@JLHNPIBE@Warning?3?5thumbnail?5image?5size?5do@ 1001bd44     jerror.obj
 0002:00000d80       ??_C@_0DF@LOKNABIG@JFIF?5APP0?5marker?3?5version?5?$CFd?4?$CF02@ 1001bd80     jerror.obj
 0002:00000db8       ??_C@_0CI@FKGPAJC@?5?5?5?5?5?5?5?5?$CF3d?5?$CF3d?5?$CF3d?5?$CF3d?5?$CF3d?5?$CF3d?5@ 1001bdb8     jerror.obj
 0002:00000de0       ??_C@_0N@HJHFKELG@End?5Of?5Image?$AA@ 1001bde0     jerror.obj
 0002:00000df0       ??_C@_0BH@GIPOLIGC@Obtained?5EMS?5handle?5?$CFu?$AA@ 1001bdf0     jerror.obj
 0002:00000e08       ??_C@_0BE@IPCOOGDJ@Freed?5EMS?5handle?5?$CFu?$AA@ 1001be08     jerror.obj
 0002:00000e1c       ??_C@_0BL@EMFIKBEK@Define?5Restart?5Interval?5?$CFu?$AA@ 1001be1c     jerror.obj
 0002:00000e38       ??_C@_0CL@KLDOJIKN@Define?5Quantization?5Table?5?$CFd?5?5pr@ 1001be38     jerror.obj
 0002:00000e64       ??_C@_0BM@MDIEILCE@Define?5Huffman?5Table?50x?$CF02x?$AA@ 1001be64     jerror.obj
 0002:00000e80       ??_C@_0CH@KIJGKPAA@Define?5Arithmetic?5Table?50x?$CF02x?3?5@ 1001be80     jerror.obj
 0002:00000ea8       ??_C@_0CM@CAEPHFAA@Unknown?5APP14?5marker?5?$CInot?5Adobe?$CJ@ 1001bea8     jerror.obj
 0002:00000ed4       ??_C@_0CK@HCPFFNKJ@Unknown?5APP0?5marker?5?$CInot?5JFIF?$CJ?0?5@ 1001bed4     jerror.obj
 0002:00000f00       ??_C@_0EC@EHPKAOHA@Adobe?5APP14?5marker?3?5version?5?$CFd?0?5@ 1001bf00     jerror.obj
 0002:00000f44       ??_C@_0DO@EGLODMBB@Caution?3?5quantization?5tables?5are@ 1001bf44     jerror.obj
 0002:00000f84       ??_C@_0BA@LIJBPGPA@6b?5?527?9Mar?91998?$AA@ 1001bf84     jerror.obj
 0002:00000f94       ??_C@_0CD@IMBKIDCD@Copyright?5?$CIC?$CJ?51998?0?5Thomas?5G?4?5La@ 1001bf94     jerror.obj
 0002:00000fb8       ??_C@_0BE@FDPDCBIN@Write?5to?5XMS?5failed?$AA@ 1001bfb8     jerror.obj
 0002:00000fcc       ??_C@_0BF@EKLGFGNM@Read?5from?5XMS?5failed?$AA@ 1001bfcc     jerror.obj
 0002:00000fe4       ??_C@_0CH@LJLHCCHC@Image?5too?5wide?5for?5this?5implemen@ 1001bfe4     jerror.obj
 0002:0000100c       ??_C@_0CD@GCLFJCHC@Virtual?5array?5controller?5messed?5@ 1001c00c     jerror.obj
 0002:00001030       ??_C@_0BP@BPKOBOIP@Unsupported?5marker?5type?50x?$CF02x?$AA@ 1001c030     jerror.obj
 0002:00001050       ??_C@_0CK@EPADOAKC@Application?5transferred?5too?5few?5@ 1001c050     jerror.obj
 0002:0000107c       ??_C@_0DG@KALDLIJB@Write?5failed?5on?5temporary?5file?5?9@ 1001c07c     jerror.obj
 0002:000010b4       ??_C@_0BO@GOBJOAAI@Seek?5failed?5on?5temporary?5file?$AA@ 1001c0b4     jerror.obj
 0002:000010d4       ??_C@_0BO@EEPJGHHI@Read?5failed?5on?5temporary?5file?$AA@ 1001c0d4     jerror.obj
 0002:000010f4       ??_C@_0CD@POKNOPOF@Failed?5to?5create?5temporary?5file?5@ 1001c0f4     jerror.obj
 0002:00001118       ??_C@_0CM@HONLBDPH@Invalid?5JPEG?5file?5structure?3?5SOS@ 1001c118     jerror.obj
 0002:00001144       ??_C@_0CN@HGJCMLNE@Invalid?5JPEG?5file?5structure?3?5two@ 1001c144     jerror.obj
 0002:00001174       ??_C@_0CK@HMKECJK@Unsupported?5JPEG?5process?3?5SOF?5ty@ 1001c174     jerror.obj
 0002:000011a0       ??_C@_0DA@GJIJGINK@Invalid?5JPEG?5file?5structure?3?5mis@ 1001c1a0     jerror.obj
 0002:000011d0       ??_C@_0CN@IHJJJAFJ@Invalid?5JPEG?5file?5structure?3?5two@ 1001c1d0     jerror.obj
 0002:00001200       ??_C@_0CH@NHMNHHIB@Cannot?5quantize?5to?5more?5than?5?$CFd?5@ 1001c200     jerror.obj
 0002:00001228       ??_C@_0CI@PLMPLCNO@Cannot?5quantize?5to?5fewer?5than?5?$CFd@ 1001c228     jerror.obj
 0002:00001250       ??_C@_0CO@HPDBAEEA@Cannot?5quantize?5more?5than?5?$CFd?5col@ 1001c250     jerror.obj
 0002:00001280       ??_C@_0BO@DJPLELIB@Insufficient?5memory?5?$CIcase?5?$CFd?$CJ?$AA@ 1001c280     jerror.obj
 0002:000012a0       ??_C@_0CL@GNLFDFCL@Not?5a?5JPEG?5file?3?5starts?5with?50x?$CF@ 1001c2a0     jerror.obj
 0002:000012cc       ??_C@_0CK@CCHKIENB@Quantization?5table?50x?$CF02x?5was?5no@ 1001c2cc     jerror.obj
 0002:000012f8       ??_C@_0CC@BKPLBDLJ@JPEG?5datastream?5contains?5no?5imag@ 1001c2f8     jerror.obj
 0002:0000131c       ??_C@_0CF@BKANFCCL@Huffman?5table?50x?$CF02x?5was?5not?5def@ 1001c31c     jerror.obj
 0002:00001344       ??_C@_0BM@HJHFKLAF@Backing?5store?5not?5supported?$AA@ 1001c344     jerror.obj
 0002:00001360       ??_C@_0CO@BEHINNOI@Requested?5feature?5was?5omitted?5at@ 1001c360     jerror.obj
 0002:00001390       ??_C@_0BE@EOAAHHJ@Not?5implemented?5yet?$AA@ 1001c390     jerror.obj
 0002:000013a4       ??_C@_0CH@EFBBPPCK@Invalid?5color?5quantization?5mode?5@ 1001c3a4     jerror.obj
 0002:000013cc       ??_C@_0CH@NIBDNILP@Scan?5script?5does?5not?5transmit?5al@ 1001c3cc     jerror.obj
 0002:000013f4       ??_C@_0DO@OPNPKGO@Cannot?5transcode?5due?5to?5multiple@ 1001c3f4     jerror.obj
 0002:00001434       ??_C@_0BM@KEKMMNGA@Premature?5end?5of?5input?5file?$AA@ 1001c434     jerror.obj
 0002:00001450       ??_C@_0BB@JJAIKFBB@Empty?5input?5file?$AA@ 1001c450     jerror.obj
 0002:00001464       ??_C@_0CP@EKFPGPNP@Maximum?5supported?5image?5dimensio@ 1001c464     jerror.obj
 0002:00001494       ??_C@_0CB@LFBMFPHI@Missing?5Huffman?5code?5table?5entry@ 1001c494     jerror.obj
 0002:000014b8       ??_C@_0CB@LLDOGNPJ@Huffman?5code?5size?5table?5overflow@ 1001c4b8     jerror.obj
 0002:000014dc       ??_C@_0CI@EKDDDHFF@Fractional?5sampling?5not?5implemen@ 1001c4dc     jerror.obj
 0002:00001504       ??_C@_0CP@IDOBLGGD@Output?5file?5write?5error?5?9?9?9?5out?5@ 1001c504     jerror.obj
 0002:00001534       ??_C@_0BG@BALCKDNL@Input?5file?5read?5error?$AA@ 1001c534     jerror.obj
 0002:0000154c       ??_C@_0CB@DMGINPNE@Didn?8t?5expect?5more?5than?5one?5scan@ 1001c54c     jerror.obj
 0002:00001570       ??_C@_0BE@DGJBKIEB@Write?5to?5EMS?5failed?$AA@ 1001c570     jerror.obj
 0002:00001584       ??_C@_0BF@CPNENPBA@Read?5from?5EMS?5failed?$AA@ 1001c584     jerror.obj
 0002:0000159c       ??_C@_0CF@DAGGEAPM@Empty?5JPEG?5image?5?$CIDNL?5not?5suppor@ 1001c59c     jerror.obj
 0002:000015c4       ??_C@_0BD@DIMECAOP@Bogus?5DQT?5index?5?$CFd?$AA@ 1001c5c4     jerror.obj
 0002:000015d8       ??_C@_0BD@KJHFPHIC@Bogus?5DHT?5index?5?$CFd?$AA@ 1001c5d8     jerror.obj
 0002:000015ec       ??_C@_0BF@CLIOOJFM@Bogus?5DAC?5value?50x?$CFx?$AA@ 1001c5ec     jerror.obj
 0002:00001604       ??_C@_0BD@LDBBBMFL@Bogus?5DAC?5index?5?$CFd?$AA@ 1001c604     jerror.obj
 0002:00001618       ??_C@_0CF@JDLOPNGO@Unsupported?5color?5conversion?5req@ 1001c618     jerror.obj
 0002:00001640       ??_C@_0CG@BEBDNOCG@Too?5many?5color?5components?3?5?$CFd?0?5m@ 1001c640     jerror.obj
 0002:00001668       ??_C@_0CF@LAEFHNAH@CCIR601?5sampling?5not?5implemented@ 1001c668     jerror.obj
 0002:00001690       ??_C@_0BM@PKHCPJDH@Suspension?5not?5allowed?5here?$AA@ 1001c690     jerror.obj
 0002:000016ac       ??_C@_0CL@JKHIPJLJ@Buffer?5passed?5to?5JPEG?5library?5is@ 1001c6ac     jerror.obj
 0002:000016d8       ??_C@_0BL@CBOEEPLK@Bogus?5virtual?5array?5access?$AA@ 1001c6d8     jerror.obj
 0002:000016f8       ??_C@_0EN@DKAEGIBH@JPEG?5parameter?5struct?5mismatch?3?5@ 1001c6f8     jerror.obj
 0002:00001748       ??_C@_0CK@BAMFIBMM@Improper?5call?5to?5JPEG?5library?5in@ 1001c748     jerror.obj
 0002:00001774       ??_C@_0CA@MJDDICLK@Invalid?5scan?5script?5at?5entry?5?$CFd?$AA@ 1001c774     jerror.obj
 0002:00001794       ??_C@_0BH@HMMHPOPE@Bogus?5sampling?5factors?$AA@ 1001c794     jerror.obj
 0002:000017ac       ??_C@_0DH@HIKEGPKP@Invalid?5progressive?5parameters?5a@ 1001c7ac     jerror.obj
 0002:000017e4       ??_C@_0DH@LNGGEGOL@Invalid?5progressive?5parameters?5S@ 1001c7e4     jerror.obj
 0002:0000181c       ??_C@_0CD@LDBDNLHK@Unsupported?5JPEG?5data?5precision?5@ 1001c81c     jerror.obj
 0002:00001840       ??_C@_0BM@OEMICEFD@Invalid?5memory?5pool?5code?5?$CFd?$AA@ 1001c840     jerror.obj
 0002:0000185c       ??_C@_0DA@HLEOHNPA@Sampling?5factors?5too?5large?5for?5i@ 1001c85c     jerror.obj
 0002:0000188c       ??_C@_0DN@ELFKFKL@Wrong?5JPEG?5library?5version?3?5libr@ 1001c88c     jerror.obj
 0002:000018cc       ??_C@_0BE@OGLAEMOG@Bogus?5marker?5length?$AA@ 1001c8cc     jerror.obj
 0002:000018e0       ??_C@_0BG@NEGIHEMC@Bogus?5JPEG?5colorspace?$AA@ 1001c8e0     jerror.obj
 0002:000018f8       ??_C@_0BH@BGDIGLHC@Bogus?5input?5colorspace?$AA@ 1001c8f8     jerror.obj
 0002:00001910       ??_C@_0BP@EOFJNLFD@Bogus?5Huffman?5table?5definition?$AA@ 1001c910     jerror.obj
 0002:00001930       ??_C@_0CI@MBJANLAP@IDCT?5output?5block?5size?5?$CFd?5not?5su@ 1001c930     jerror.obj
 0002:00001958       ??_C@_0BN@OJEJKKDL@DCT?5coefficient?5out?5of?5range?$AA@ 1001c958     jerror.obj
 0002:00001978       ??_C@_0BP@ONFLCDHG@Invalid?5component?5ID?5?$CFd?5in?5SOS?$AA@ 1001c978     jerror.obj
 0002:00001998       ??_C@_0BK@DKALDNKG@Bogus?5buffer?5control?5mode?$AA@ 1001c998     jerror.obj
 0002:000019b4       ??_C@_0CF@DENLILGA@MAX_ALLOC_CHUNK?5is?5wrong?0?5please@ 1001c9b4     jerror.obj
 0002:000019dc       ??_C@_0CA@FDMPGPNI@ALIGN_TYPE?5is?5wrong?0?5please?5fix?$AA@ 1001c9dc     jerror.obj
 0002:000019fc       ??_C@_0DJ@KONAFFHE@Sorry?0?5there?5are?5legal?5restricti@ 1001c9fc     jerror.obj
 0002:00001a38       ??_C@_0BG@MIBALFBH@Bogus?5message?5code?5?$CFd?$AA@ 1001ca38     jerror.obj
 0002:00001a50       _jMsgTable                 1001ca50     jerror.obj
 0002:00001c48       __real@4004e7aea0000000    1001cc48     jidctflt.obj
 0002:00001c50       __real@3ff1517a80000000    1001cc50     jidctflt.obj
 0002:00001c58       __real@3ffd906bc0000000    1001cc58     jidctflt.obj
 0002:00001c60       __real@3ff6a09e60000000    1001cc60     jidctflt.obj
 0002:00001c78       ??_C@_04BMELEEFH@?$CFu?$CFc?$AA@ 1001cc78     jmemmgr.obj
 0002:00001c80       ??_C@_07OOOLPGAB@JPEGMEM?$AA@ 1001cc80     jmemmgr.obj
 0002:00001d98       _jZAGTable                 1001cd98     jutils.obj
 0002:00001f98       __real@4020000000000000    1001cf98     jcdctmgr.obj
 0002:00001fa0       __real@40d0002000000000    1001cfa0     jcdctmgr.obj
 0002:00002360       __real@3ff4e7aea0000000    1001d360     jfdctflt.obj
 0002:00002368       __real@3fe1517a80000000    1001d368     jfdctflt.obj
 0002:00002370       __real@3fd87de2a0000000    1001d370     jfdctflt.obj
 0002:00002378       __real@3fe6a09e60000000    1001d378     jfdctflt.obj
 0002:00002380       __pDefaultRawDllMain       1001d380     MSVCRT:crtdll.obj
 0002:00002380       __pRawDllMain              1001d380     MSVCRT:crtdll.obj
 0002:00002390       __load_config_used         1001d390     MSVCRT:loadcfg.obj
 0002:00002440       ___safe_se_handler_table   1001d440     <linker-defined>
 0002:00002444       ___rtc_iaa                 1001d444     MSVCRT:_initsect_.obj
 0002:00002448       ___rtc_izz                 1001d448     MSVCRT:_initsect_.obj
 0002:0000244c       ___rtc_taa                 1001d44c     MSVCRT:_initsect_.obj
 0002:00002450       ___rtc_tzz                 1001d450     MSVCRT:_initsect_.obj
 0002:000024bc       __IMPORT_DESCRIPTOR_java   1001d4bc     java:java.dll
 0002:000024d0       __IMPORT_DESCRIPTOR_MSVCR100 1001d4d0     MSVCRT:MSVCR100.dll
 0002:000024e4       __IMPORT_DESCRIPTOR_KERNEL32 1001d4e4     kernel32:KERNEL32.dll
 0002:000024f8       __NULL_IMPORT_DESCRIPTOR   1001d4f8     java:java.dll
 0003:00000000       ___security_cookie         1001e000     MSVCRT:gs_cookie.obj
 0003:00000004       ___security_cookie_complement 1001e004     MSVCRT:gs_cookie.obj
 0003:00000010       ___native_dllmain_reason   1001e010     MSVCRT:natstart.obj
 0003:00000014       ___native_vcclrit_reason   1001e014     MSVCRT:natstart.obj
 0003:000003a4       ?__type_info_root_node@@3U__type_info_node@@A 1001e3a4     MSVCRT:tncleanup.obj
 0003:000003ac       _jvm                       1001e3ac     <common>
 0003:000003b0       ___native_startup_state    1001e3b0     <common>
 0003:000003b4       ___native_startup_lock     1001e3b4     <common>
 0003:000003b8       ___onexitend               1001e3b8     <common>
 0003:000003bc       ___onexitbegin             1001e3bc     <common>
 0003:000003c0       ___sse2_available          1001e3c0     <common>
 0003:000003c4       ___dyn_tls_init_callback   1001e3c4     <common>

 entry point at        0001:00018b59

 Static symbols

 0001:00000000       _setPixelBuffer            10001000 f   imageioJPEG.obj
 0001:00000040       _RELEASE_ARRAYS            10001040 f   imageioJPEG.obj
 0001:000000a0       _GET_ARRAYS                100010a0 f   imageioJPEG.obj
 0001:00000100       _sun_jpeg_output_message   10001100 f   imageioJPEG.obj
 0001:00000190       _imageio_dispose           10001190 f   imageioJPEG.obj
 0001:000001e0       _setQTables                100011e0 f   imageioJPEG.obj
 0001:000002f0       _setHuffTable              100012f0 f   imageioJPEG.obj
 0001:000003d0       _setHTables                100013d0 f   imageioJPEG.obj
 0001:000015e0       _imageio_init_destination  100025e0 f   imageioJPEG.obj
 0001:00001620       _imageio_empty_output_buffer 10002620 f   imageioJPEG.obj
 0001:000016f0       _imageio_term_destination  100026f0 f   imageioJPEG.obj
 0001:00001780       _imageio_flush_destination 10002780 f   imageioJPEG.obj
 0001:00002370       _resetStreamBuffer         10003370 f   imageioJPEG.obj
 0001:000023d0       _resetImageIOData          100033d0 f   imageioJPEG.obj
 0001:00002450       _imageio_set_stream        10003450 f   imageioJPEG.obj
 0001:00002580       _imageio_reset             10003580 f   imageioJPEG.obj
 0001:000027c0       _initStreamBuffer          100037c0 f   imageioJPEG.obj
 0001:00002830       _destroyStreamBuffer       10003830 f   imageioJPEG.obj
 0001:000028a0       _initImageioData           100038a0 f   imageioJPEG.obj
 0001:00002920       _destroyImageioData        10003920 f   imageioJPEG.obj
 0001:00002e00       _sun_jpeg_error_exit       10003e00 f   jpegdecoder.obj
 0001:00002e00       _sun_jpeg_error_exit       10003e00 f   jpegdecoder.obj
 0001:00002e20       _output_message            10003e20 f   jpegdecoder.obj
 0001:00002e20       _sun_jpeg_output_message   10003e20 f   jpegdecoder.obj
 0001:00002e80       _RELEASE_ARRAYS            10003e80 f   jpegdecoder.obj
 0001:00002ee0       _GET_ARRAYS                10003ee0 f   jpegdecoder.obj
 0001:00003af0       _default_decompress_parms  10004af0 f   jdapimin.obj
 0001:00003f80       _output_pass_setup         10004f80 f   jdapistd.obj
 0001:000042e0       _start_input_pass          100052e0 f   jdcoefct.obj
 0001:00004340       _decompress_onepass        10005340 f   jdcoefct.obj
 0001:000045c0       _consume_data              100055c0 f   jdcoefct.obj
 0001:000047e0       _decompress_data           100057e0 f   jdcoefct.obj
 0001:00004960       _smoothing_ok              10005960 f   jdcoefct.obj
 0001:00004ac0       _decompress_smooth_data    10005ac0 f   jdcoefct.obj
 0001:00005100       _start_output_pass         10006100 f   jdcoefct.obj
 0001:000052a0       _build_ycc_rgb_table       100062a0 f   jdcolor.obj
 0001:00005370       _ycc_rgb_convert           10006370 f   jdcolor.obj
 0001:00005490       _null_convert              10006490 f   jdcolor.obj
 0001:00005510       _grayscale_convert         10006510 f   jdcolor.obj
 0001:00005540       _gray_rgb_convert          10006540 f   jdcolor.obj
 0001:000055a0       _ycck_cmyk_convert         100065a0 f   jdcolor.obj
 0001:00005880       _start_pass                10006880 f   jddctmgr.obj
 0001:00006100       _process_restart           10007100 f   jdhuff.obj
 0001:00006180       _decode_mcu                10007180 f   jdhuff.obj
 0001:000065c0       _start_pass_huff_decoder   100075c0 f   jdhuff.obj
 0001:00006750       _initial_setup             10007750 f   jdinput.obj
 0001:00006950       _per_scan_setup            10007950 f   jdinput.obj
 0001:00006af0       _latch_quant_tables        10007af0 f   jdinput.obj
 0001:00006b90       _start_input_pass          10007b90 f   jdinput.obj
 0001:00006bd0       _consume_markers           10007bd0 f   jdinput.obj
 0001:00006c90       _reset_input_controller    10007c90 f   jdinput.obj
 0001:00006ce0       _finish_input_pass         10007ce0 f   jdinput.obj
 0001:00006d50       _alloc_funny_pointers      10007d50 f   jdmainct.obj
 0001:00006e00       _make_funny_pointers       10007e00 f   jdmainct.obj
 0001:00006f30       _set_wraparound_pointers   10007f30 f   jdmainct.obj
 0001:00007000       _set_bottom_pointers       10008000 f   jdmainct.obj
 0001:000070a0       _process_data_simple_main  100080a0 f   jdmainct.obj
 0001:00007120       _process_data_context_main 10008120 f   jdmainct.obj
 0001:00007260       _process_data_crank_post   10008260 f   jdmainct.obj
 0001:00007290       _start_pass_main           10008290 f   jdmainct.obj
 0001:000073f0       _get_soi                   100083f0 f   jdmarker.obj
 0001:00007490       _get_sof                   10008490 f   jdmarker.obj
 0001:00007790       _get_sos                   10008790 f   jdmarker.obj
 0001:00007a90       _get_dht                   10008a90 f   jdmarker.obj
 0001:00007da0       _get_dqt                   10008da0 f   jdmarker.obj
 0001:00008000       _get_dri                   10009000 f   jdmarker.obj
 0001:00008100       _examine_app0              10009100 f   jdmarker.obj
 0001:00008360       _examine_app14             10009360 f   jdmarker.obj
 0001:00008410       _get_interesting_appn      10009410 f   jdmarker.obj
 0001:000085a0       _save_marker               100095a0 f   jdmarker.obj
 0001:00008800       _skip_variable             10009800 f   jdmarker.obj
 0001:000088b0       _next_marker               100098b0 f   jdmarker.obj
 0001:000089d0       _first_marker              100099d0 f   jdmarker.obj
 0001:00008a70       _read_markers              10009a70 f   jdmarker.obj
 0001:00008e00       _read_restart_marker       10009e00 f   jdmarker.obj
 0001:000090a0       _reset_marker_reader       1000a0a0 f   jdmarker.obj
 0001:00009250       _use_merged_upsample       1000a250 f   jdmaster.obj
 0001:00009560       _prepare_range_limit_table 1000a560 f   jdmaster.obj
 0001:000095f0       _master_selection          1000a5f0 f   jdmaster.obj
 0001:000097c0       _prepare_for_output_pass   1000a7c0 f   jdmaster.obj
 0001:00009920       _finish_output_pass        1000a920 f   jdmaster.obj
 0001:00009990       _build_ycc_rgb_table       1000a990 f   jdmerge.obj
 0001:00009a60       _start_pass_merged_upsample 1000aa60 f   jdmerge.obj
 0001:00009a80       _merged_2v_upsample        1000aa80 f   jdmerge.obj
 0001:00009b50       _merged_1v_upsample        1000ab50 f   jdmerge.obj
 0001:00009b90       _h2v1_merged_upsample      1000ab90 f   jdmerge.obj
 0001:00009ce0       _h2v2_merged_upsample      1000ace0 f   jdmerge.obj
 0001:00009f70       _process_restart           1000af70 f   jdphuff.obj
 0001:00009ff0       _decode_mcu_DC_first       1000aff0 f   jdphuff.obj
 0001:0000a260       _decode_mcu_AC_first       1000b260 f   jdphuff.obj
 0001:0000a4a0       _decode_mcu_DC_refine      1000b4a0 f   jdphuff.obj
 0001:0000a590       _decode_mcu_AC_refine      1000b590 f   jdphuff.obj
 0001:0000a9a0       _start_pass_phuff_decoder  1000b9a0 f   jdphuff.obj
 0001:0000ac80       _post_process_1pass        1000bc80 f   jdpostct.obj
 0001:0000ad00       _post_process_prepass      1000bd00 f   jdpostct.obj
 0001:0000adb0       _post_process_2pass        1000bdb0 f   jdpostct.obj
 0001:0000ae50       _start_pass_dpost          1000be50 f   jdpostct.obj
 0001:0000aff0       _start_pass_upsample       1000bff0 f   jdsample.obj
 0001:0000b010       _sep_upsample              1000c010 f   jdsample.obj
 0001:0000b0e0       _fullsize_upsample         1000c0e0 f   jdsample.obj
 0001:0000b0f0       _noop_upsample             1000c0f0 f   jdsample.obj
 0001:0000b100       _int_upsample              1000c100 f   jdsample.obj
 0001:0000b1e0       _h2v1_upsample             1000c1e0 f   jdsample.obj
 0001:0000b240       _h2v2_upsample             1000c240 f   jdsample.obj
 0001:0000b2b0       _h2v1_fancy_upsample       1000c2b0 f   jdsample.obj
 0001:0000b370       _h2v2_fancy_upsample       1000c370 f   jdsample.obj
 0001:0000b690       _error_exit                1000c690 f   jerror.obj
 0001:0000b6b0       _emit_message              1000c6b0 f   jerror.obj
 0001:0000b6f0       _format_message            1000c6f0 f   jerror.obj
 0001:0000b7a0       _reset_error_mgr           1000c7a0 f   jerror.obj
 0001:0000cef0       _alloc_small               1000def0 f   jmemmgr.obj
 0001:0000d040       _alloc_large               1000e040 f   jmemmgr.obj
 0001:0000d100       _alloc_sarray              1000e100 f   jmemmgr.obj
 0001:0000d1b0       _alloc_barray              1000e1b0 f   jmemmgr.obj
 0001:0000d260       _request_virt_sarray       1000e260 f   jmemmgr.obj
 0001:0000d2d0       _request_virt_barray       1000e2d0 f   jmemmgr.obj
 0001:0000d340       _realize_virt_arrays       1000e340 f   jmemmgr.obj
 0001:0000d4e0       _do_sarray_io              1000e4e0 f   jmemmgr.obj
 0001:0000d580       _do_barray_io              1000e580 f   jmemmgr.obj
 0001:0000d620       _access_virt_sarray        1000e620 f   jmemmgr.obj
 0001:0000d770       _access_virt_barray        1000e770 f   jmemmgr.obj
 0001:0000d8c0       _free_pool                 1000e8c0 f   jmemmgr.obj
 0001:0000d9b0       _self_destruct             1000e9b0 f   jmemmgr.obj
 0001:0000dc50       _dummy_consume_data        1000ec50 f   jmemnobs.obj
 0001:0000dc60       _select_ncolors            1000ec60 f   jquant1.obj
 0001:0000dd50       _create_colormap           1000ed50 f   jquant1.obj
 0001:0000deb0       _create_colorindex         1000eeb0 f   jquant1.obj
 0001:0000e000       _create_odither_tables     1000f000 f   jquant1.obj
 0001:0000e0f0       _color_quantize            1000f0f0 f   jquant1.obj
 0001:0000e1a0       _color_quantize3           1000f1a0 f   jquant1.obj
 0001:0000e250       _quantize_ord_dither       1000f250 f   jquant1.obj
 0001:0000e350       _quantize3_ord_dither      1000f350 f   jquant1.obj
 0001:0000e470       _quantize_fs_dither        1000f470 f   jquant1.obj
 0001:0000e620       _alloc_fs_workspace        1000f620 f   jquant1.obj
 0001:0000e660       _start_pass_1_quant        1000f660 f   jquant1.obj
 0001:0000e740       _new_color_map_1_quant     1000f740 f   jquant1.obj
 0001:0000e830       _prescan_quantize          1000f830 f   jquant2.obj
 0001:0000e8a0       _update_box                1000f8a0 f   jquant2.obj
 0001:0000ec70       _median_cut                1000fc70 f   jquant2.obj
 0001:0000ede0       _compute_color             1000fde0 f   jquant2.obj
 0001:0000ef60       _select_colors             1000ff60 f   jquant2.obj
 0001:0000eff0       _find_nearby_colors        1000fff0 f   jquant2.obj
 0001:0000f1e0       _find_best_colors          100101e0 f   jquant2.obj
 0001:0000f480       _fill_inverse_cmap         10010480 f   jquant2.obj
 0001:0000f650       _pass2_no_dither           10010650 f   jquant2.obj
 0001:0000f8f0       _pass2_fs_dither           100108f0 f   jquant2.obj
 0001:0000fbb0       _init_error_limit          10010bb0 f   jquant2.obj
 0001:0000fc50       _finish_pass1              10010c50 f   jquant2.obj
 0001:0000fc80       _null_method               10010c80 f   jquant2.obj
 0001:0000fc80       _start_pass_dcolor         10010c80 f   jquant2.obj
 0001:0000fc80       _start_pass_downsample     10010c80 f   jquant2.obj
 0001:0000fc80       _finish_pass_1_quant       10010c80 f   jquant2.obj
 0001:0000fc80       _finish_pass2              10010c80 f   jquant2.obj
 0001:0000fc90       _start_pass_2_quant        10010c90 f   jquant2.obj
 0001:0000fdc0       _new_color_map_2_quant     10010dc0 f   jquant2.obj
 0001:00010400       _compress_data             10011400 f   jccoefct.obj
 0001:00010680       _compress_output           10011680 f   jccoefct.obj
 0001:00010880       _compress_first_pass       10011880 f   jccoefct.obj
 0001:00010aa0       _start_pass_coef           10011aa0 f   jccoefct.obj
 0001:00010c90       _rgb_ycc_start             10011c90 f   jccolor.obj
 0001:00010d70       _rgb_ycc_convert           10011d70 f   jccolor.obj
 0001:00010e80       _rgb_gray_convert          10011e80 f   jccolor.obj
 0001:00010f30       _cmyk_ycck_convert         10011f30 f   jccolor.obj
 0001:00011080       _grayscale_convert         10012080 f   jccolor.obj
 0001:000110e0       _null_convert              100120e0 f   jccolor.obj
 0001:00011390       _start_pass_fdctmgr        10012390 f   jcdctmgr.obj
 0001:00011690       _forward_DCT               10012690 f   jcdctmgr.obj
 0001:000119c0       _forward_DCT_float         100129c0 f   jcdctmgr.obj
 0001:000122c0       _emit_bits                 100132c0 f   jchuff.obj
 0001:000123a0       _encode_one_block          100133a0 f   jchuff.obj
 0001:00012530       _emit_restart              10013530 f   jchuff.obj
 0001:000125f0       _encode_mcu_huff           100135f0 f   jchuff.obj
 0001:00012790       _finish_pass_huff          10013790 f   jchuff.obj
 0001:00012860       _encode_mcu_gather         10013860 f   jchuff.obj
 0001:00012ce0       _finish_pass_gather        10013ce0 f   jchuff.obj
 0001:000130a0       _start_pass_huff           100140a0 f   jchuff.obj
 0001:00013350       _process_data_simple_main  10014350 f   jcmainct.obj
 0001:00013400       _start_pass_main           10014400 f   jcmainct.obj
 0001:000134e0       _emit_marker               100144e0 f   jcmarker.obj
 0001:00013550       _emit_2bytes               10014550 f   jcmarker.obj
 0001:000135b0       _emit_dqt                  100145b0 f   jcmarker.obj
 0001:000137e0       _emit_dht                  100147e0 f   jcmarker.obj
 0001:000139a0       _emit_sof                  100149a0 f   jcmarker.obj
 0001:00013b10       _emit_sos                  10014b10 f   jcmarker.obj
 0001:00013cd0       _emit_jfif_app0            10014cd0 f   jcmarker.obj
 0001:00013ed0       _emit_adobe_app14          10014ed0 f   jcmarker.obj
 0001:00014030       _write_marker_header       10015030 f   jcmarker.obj
 0001:00014070       _write_marker_byte         10015070 f   jcmarker.obj
 0001:000140b0       _write_file_header         100150b0 f   jcmarker.obj
 0001:00014100       _write_frame_header        10015100 f   jcmarker.obj
 0001:000141e0       _write_scan_header         100151e0 f   jcmarker.obj
 0001:00014360       _write_file_trailer        10015360 f   jcmarker.obj
 0001:00014380       _write_tables_only         10015380 f   jcmarker.obj
 0001:000144e0       _initial_setup             100154e0 f   jcmaster.obj
 0001:000146c0       _validate_script           100156c0 f   jcmaster.obj
 0001:00014aa0       _select_scan_parameters    10015aa0 f   jcmaster.obj
 0001:00014b90       _per_scan_setup            10015b90 f   jcmaster.obj
 0001:00014d60       _prepare_for_pass          10015d60 f   jcmaster.obj
 0001:00014f10       _pass_startup              10015f10 f   jcmaster.obj
 0001:00014f40       _finish_pass_master        10015f40 f   jcmaster.obj
 0001:00015240       _add_huff_table            10016240 f   jcparam.obj
 0001:00015300       _std_huff_tables           10016300 f   jcparam.obj
 0001:00015680       _fill_dc_scans             10016680 f   jcparam.obj
 0001:00015cb0       _emit_bits                 10016cb0 f   jcphuff.obj
 0001:00015de0       _emit_buffered_bits        10016de0 f   jcphuff.obj
 0001:00015f20       _emit_eobrun               10016f20 f   jcphuff.obj
 0001:00015fc0       _emit_restart              10016fc0 f   jcphuff.obj
 0001:000160c0       _encode_mcu_DC_first       100170c0 f   jcphuff.obj
 0001:00016230       _encode_mcu_AC_first       10017230 f   jcphuff.obj
 0001:00016410       _encode_mcu_DC_refine      10017410 f   jcphuff.obj
 0001:000164d0       _encode_mcu_AC_refine      100174d0 f   jcphuff.obj
 0001:00016740       _finish_pass_phuff         10017740 f   jcphuff.obj
 0001:00016790       _finish_pass_gather_phuff  10017790 f   jcphuff.obj
 0001:00016880       _start_pass_phuff          10017880 f   jcphuff.obj
 0001:00016a50       _start_pass_prep           10017a50 f   jcprepct.obj
 0001:00016aa0       _pre_process_data          10017aa0 f   jcprepct.obj
 0001:00016ca0       _pre_process_context       10017ca0 f   jcprepct.obj
 0001:00016e90       _create_context_buffer     10017e90 f   jcprepct.obj
 0001:00017060       _expand_right_edge         10018060 f   jcsample.obj
 0001:000170b0       _sep_downsample            100180b0 f   jcsample.obj
 0001:00017140       _int_downsample            10018140 f   jcsample.obj
 0001:000172b0       _fullsize_downsample       100182b0 f   jcsample.obj
 0001:00017300       _h2v1_downsample           10018300 f   jcsample.obj
 0001:000173a0       _h2v2_downsample           100183a0 f   jcsample.obj
 0001:00017470       _h2v2_smooth_downsample    10018470 f   jcsample.obj
 0001:000176f0       _fullsize_smooth_downsample 100186f0 f   jcsample.obj
 0001:000187eb       _pre_c_init                100197eb f   MSVCRT:crtdll.obj
 0001:00018a43       ___DllMainCRTStartup       10019a43 f   MSVCRT:crtdll.obj
