 nio

 Timestamp is 4dff5d8b (Mon Jun 20 07:47:39 2011)

 Preferred load address is 10000000

 Start         Length     Name                   Class
 0001:00000000 0000509eH .text                   CODE
 0002:00000000 00000290H .idata$5                DATA
 0002:00000290 00000004H .CRT$XCA                DATA
 0002:00000294 00000004H .CRT$XCZ                DATA
 0002:00000298 00000004H .CRT$XIA                DATA
 0002:0000029c 00000004H .CRT$XIAA               DATA
 0002:000002a0 00000004H .CRT$XIZ                DATA
 0002:000002b0 000008c0H .rdata                  DATA
 0002:00000b70 00000066H .rdata$debug            DATA
 0002:00000be0 00000004H .rdata$sxdata           DATA
 0002:00000be4 00000004H .rtc$IAA                DATA
 0002:00000be8 00000004H .rtc$IZZ                DATA
 0002:00000bec 00000004H .rtc$TAA                DATA
 0002:00000bf0 00000004H .rtc$TZZ                DATA
 0002:00000bf8 00000064H .xdata$x                DATA
 0002:00000c5c 00000078H .idata$2                DATA
 0002:00000cd4 00000014H .idata$3                DATA
 0002:00000ce8 00000290H .idata$4                DATA
 0002:00000f78 00000b1cH .idata$6                DATA
 0002:00001aa0 00002a06H .edata                  DATA
 0003:00000000 00000020H .data                   DATA
 0003:00000020 00000420H .bss                    DATA
 0004:00000000 00000058H .rsrc$01                DATA
 0004:00000060 000002f0H .rsrc$02                DATA

  Address         Publics by Value              Rva+Base       Lib:Object

 0000:00000001       ___safe_se_handler_count   00000001     <absolute>
 0000:00000000       ___ImageBase               10000000     <linker-defined>
 0001:00000000       _Java_sun_nio_ch_DatagramChannelImpl_initIDs@8 10001000 f   DatagramChannelImpl.obj
 0001:000000c5       _purgeOutstandingICMP      100010c5 f   DatagramChannelImpl.obj
 0001:00000199       _Java_sun_nio_ch_DatagramChannelImpl_disconnect0@12 10001199 f   DatagramChannelImpl.obj
 0001:00000220       _Java_sun_nio_ch_DatagramChannelImpl_receive0@28 10001220 f   DatagramChannelImpl.obj
 0001:000003c0       _Java_sun_nio_ch_DatagramChannelImpl_send0@32 100013c0 f   DatagramChannelImpl.obj
 0001:0000047c       _Java_sun_nio_ch_DatagramDispatcher_read0@24 1000147c f   DatagramDispatcher.obj
 0001:0000051d       _Java_sun_nio_ch_DatagramDispatcher_readv0@24 1000151d f   DatagramDispatcher.obj
 0001:000005fd       _Java_sun_nio_ch_DatagramDispatcher_write0@24 100015fd f   DatagramDispatcher.obj
 0001:00000697       _Java_sun_nio_ch_DatagramDispatcher_writev0@24 10001697 f   DatagramDispatcher.obj
 0001:0000076f       _Java_sun_nio_ch_FileChannelImpl_initIDs@8 1000176f f   FileChannelImpl.obj
 0001:000007a9       _Java_sun_nio_ch_FileChannelImpl_map0@28 100017a9 f   FileChannelImpl.obj
 0001:0000088b       _Java_sun_nio_ch_FileChannelImpl_unmap0@24 1000188b f   FileChannelImpl.obj
 0001:000008b1       _Java_sun_nio_ch_FileChannelImpl_position0@20 100018b1 f   FileChannelImpl.obj
 0001:00000930       _Java_sun_nio_ch_FileChannelImpl_close0@12 10001930 f   FileChannelImpl.obj
 0001:00000960       _Java_sun_nio_ch_FileChannelImpl_transferTo0@32 10001960 f   FileChannelImpl.obj
 0001:00000969       _Java_sun_nio_ch_FileDispatcherImpl_read0@24 10001969 f   FileDispatcherImpl.obj
 0001:000009e1       _Java_sun_nio_ch_FileDispatcherImpl_readv0@24 100019e1 f   FileDispatcherImpl.obj
 0001:00000a99       _Java_sun_nio_ch_FileDispatcherImpl_pread0@32 10001a99 f   FileDispatcherImpl.obj
 0001:00000b98       _Java_sun_nio_ch_FileDispatcherImpl_write0@28 10001b98 f   FileDispatcherImpl.obj
 0001:00000c04       _Java_sun_nio_ch_FileDispatcherImpl_writev0@28 10001c04 f   FileDispatcherImpl.obj
 0001:00000cae       _Java_sun_nio_ch_FileDispatcherImpl_pwrite0@32 10001cae f   FileDispatcherImpl.obj
 0001:00000d7c       _Java_sun_nio_ch_FileDispatcherImpl_force0@16 10001d7c f   FileDispatcherImpl.obj
 0001:00000dbe       _Java_sun_nio_ch_FileDispatcherImpl_truncate0@20 10001dbe f   FileDispatcherImpl.obj
 0001:00000e24       _Java_sun_nio_ch_FileDispatcherImpl_size0@12 10001e24 f   FileDispatcherImpl.obj
 0001:00000e7a       _Java_sun_nio_ch_FileDispatcherImpl_lock0@36 10001e7a f   FileDispatcherImpl.obj
 0001:00000f02       _Java_sun_nio_ch_FileDispatcherImpl_release0@28 10001f02 f   FileDispatcherImpl.obj
 0001:00000f89       _Java_sun_nio_ch_FileDispatcherImpl_close0@12 10001f89 f   FileDispatcherImpl.obj
 0001:00000fa7       _Java_sun_nio_ch_FileDispatcherImpl_closeByHandle@16 10001fa7 f   FileDispatcherImpl.obj
 0001:00000fbe       _Java_sun_nio_ch_FileDispatcherImpl_duplicateHandle@16 10001fbe f   FileDispatcherImpl.obj
 0001:00000ff7       _Java_sun_nio_ch_FileKey_initIDs@8 10001ff7 f   FileKey.obj
 0001:0000104f       _Java_sun_nio_ch_FileKey_init@12 1000204f f   FileKey.obj
 0001:000010de       _Java_sun_nio_ch_IOUtil_initIDs@8 100020de f   IOUtil.obj
 0001:0000116c       _Java_sun_nio_ch_IOUtil_randomBytes@12 1000216c f   IOUtil.obj
 0001:00001171       _convertReturnVal          10002171 f   IOUtil.obj
 0001:00001198       _convertLongReturnVal      10002198 f   IOUtil.obj
 0001:000011d4       _Java_sun_nio_ch_IOUtil_setfdVal@16 100021d4 f   IOUtil.obj
 0001:000011f2       _Java_sun_nio_ch_IOUtil_drain@12 100021f2 f   IOUtil.obj
 0001:00001296       _fdval                     10002296 f   IOUtil.obj
 0001:000012ae       _handleval                 100022ae f   IOUtil.obj
 0001:000012c6       _isNT                      100022c6 f   IOUtil.obj
 0001:000012cc       _Java_sun_nio_ch_IOUtil_fdVal@12 100022cc f   IOUtil.obj
 0001:000012de       _Java_sun_nio_ch_IOUtil_configureBlocking@16 100022de f   IOUtil.obj
 0001:00001338       _Java_java_nio_MappedByteBuffer_isLoaded0@28 10002338 f   MappedByteBuffer.obj
 0001:0000133d       _Java_java_nio_MappedByteBuffer_load0@24 1000233d f   MappedByteBuffer.obj
 0001:00001340       _Java_java_nio_MappedByteBuffer_force0@28 10002340 f   MappedByteBuffer.obj
 0001:000013f9       _Java_sun_nio_ch_Net_initIDs@8 100023f9 f   Net.obj
 0001:000013fc       _Java_sun_nio_ch_Net_isIPv6Available0@8 100023fc f   Net.obj
 0001:00001455       _Java_sun_nio_ch_Net_canJoin6WithIPv4Group0@8 10002455 f   Net.obj
 0001:00001455       _Java_sun_nio_ch_Net_canIPv6SocketJoinIPv4Group0@8 10002455 f   Net.obj
 0001:0000145a       _Java_sun_nio_ch_Net_socket0@20 1000245a f   Net.obj
 0001:000014dc       _Java_sun_nio_ch_Net_bind0@24 100024dc f   Net.obj
 0001:0000154d       _Java_sun_nio_ch_Net_connect0@24 1000254d f   Net.obj
 0001:00001616       _Java_sun_nio_ch_Net_localPort@12 10002616 f   Net.obj
 0001:0000168a       _Java_sun_nio_ch_Net_localInetAddress@12 1000268a f   Net.obj
 0001:000016f7       _Java_sun_nio_ch_Net_remotePort@12 100026f7 f   Net.obj
 0001:0000176b       _Java_sun_nio_ch_Net_remoteInetAddress@12 1000276b f   Net.obj
 0001:000017d8       _Java_sun_nio_ch_Net_getIntOption0@24 100027d8 f   Net.obj
 0001:0000188f       _Java_sun_nio_ch_Net_setIntOption0@28 1000288f f   Net.obj
 0001:0000190a       _Java_sun_nio_ch_Net_joinOrDrop4@28 1000290a f   Net.obj
 0001:000019c6       _Java_sun_nio_ch_Net_blockOrUnblock4@28 100029c6 f   Net.obj
 0001:00001ae1       _Java_sun_nio_ch_Net_joinOrDrop6@28 10002ae1 f   Net.obj
 0001:00001b7f       _Java_sun_nio_ch_Net_blockOrUnblock6@28 10002b7f f   Net.obj
 0001:00001bc4       _Java_sun_nio_ch_Net_setInterface4@16 10002bc4 f   Net.obj
 0001:00001c0a       _Java_sun_nio_ch_Net_getInterface4@12 10002c0a f   Net.obj
 0001:00001c5c       _Java_sun_nio_ch_Net_setInterface6@16 10002c5c f   Net.obj
 0001:00001c97       _Java_sun_nio_ch_Net_getInterface6@12 10002c97 f   Net.obj
 0001:00001ce4       _Java_sun_nio_ch_Net_shutdown@16 10002ce4 f   Net.obj
 0001:00001d2b       _Java_sun_nio_ch_ServerSocketChannelImpl_initIDs@8 10002d2b f   ServerSocketChannelImpl.obj
 0001:00001d8c       _Java_sun_nio_ch_Net_listen@16 10002d8c f   Net.obj
 0001:00001d8c       _Java_sun_nio_ch_ServerSocketChannelImpl_listen@16 10002d8c f   ServerSocketChannelImpl.obj
 0001:00001dc3       _Java_sun_nio_ch_ServerSocketChannelImpl_accept0@20 10002dc3 f   ServerSocketChannelImpl.obj
 0001:00001e9a       _Java_sun_nio_ch_SocketChannelImpl_initIDs@8 10002e9a f   SocketChannelImpl.obj
 0001:00001ec7       _handleSocketError         10002ec7 f   SocketChannelImpl.obj
 0001:00001eda       _Java_sun_nio_ch_SocketChannelImpl_checkConnect@20 10002eda f   SocketChannelImpl.obj
 0001:00002063       _Java_sun_nio_ch_SocketChannelImpl_sendOutOfBandData@16 10003063 f   SocketChannelImpl.obj
 0001:0000209f       _Java_sun_nio_ch_SocketDispatcher_read0@24 1000309f f   SocketDispatcher.obj
 0001:00002126       _Java_sun_nio_ch_SocketDispatcher_readv0@24 10003126 f   SocketDispatcher.obj
 0001:0000222a       _Java_sun_nio_ch_SocketDispatcher_write0@24 1000322a f   SocketDispatcher.obj
 0001:000022aa       _Java_sun_nio_ch_SocketDispatcher_writev0@24 100032aa f   SocketDispatcher.obj
 0001:000023a6       _Java_sun_nio_ch_SocketDispatcher_close0@12 100033a6 f   SocketDispatcher.obj
 0001:0000240f       _Java_sun_nio_ch_Iocp_initIDs@8 1000340f f   Iocp.obj
 0001:00002496       _Java_sun_nio_ch_Iocp_osMajorVersion@8 10003496 f   Iocp.obj
 0001:000024e3       _Java_sun_nio_ch_Iocp_createIoCompletionPort@32 100034e3 f   Iocp.obj
 0001:00002514       _Java_sun_nio_ch_Iocp_getQueuedCompletionStatus@20 10003514 f   Iocp.obj
 0001:000025ad       _Java_sun_nio_ch_Iocp_postQueuedCompletionStatus@20 100035ad f   Iocp.obj
 0001:000025d4       _Java_sun_nio_fs_RegistryFileTypeDetector_queryStringValue@24 100035d4 f   RegistryFileTypeDetector.obj
 0001:0000269a       _Java_sun_nio_ch_WindowsAsynchronousFileChannelImpl_readFile@44 1000369a f   WindowsAsynchronousFileChannelImpl.obj
 0001:000026fa       _Java_sun_nio_ch_WindowsAsynchronousFileChannelImpl_writeFile@44 100036fa f   WindowsAsynchronousFileChannelImpl.obj
 0001:00002750       _Java_sun_nio_ch_WindowsAsynchronousFileChannelImpl_lockFile@44 10003750 f   WindowsAsynchronousFileChannelImpl.obj
 0001:000027c0       _Java_sun_nio_ch_WindowsAsynchronousServerSocketChannelImpl_initIDs@8 100037c0 f   WindowsAsynchronousServerSocketChannelImpl.obj
 0001:00002860       _Java_sun_nio_ch_WindowsAsynchronousServerSocketChannelImpl_accept0@40 10003860 f   WindowsAsynchronousServerSocketChannelImpl.obj
 0001:000028c0       _Java_sun_nio_ch_WindowsAsynchronousServerSocketChannelImpl_updateAcceptContext@24 100038c0 f   WindowsAsynchronousServerSocketChannelImpl.obj
 0001:000028e6       _Java_sun_nio_ch_WindowsAsynchronousSocketChannelImpl_initIDs@8 100038e6 f   WindowsAsynchronousSocketChannelImpl.obj
 0001:00002986       _Java_sun_nio_ch_WindowsAsynchronousSocketChannelImpl_connect0@36 10003986 f   WindowsAsynchronousSocketChannelImpl.obj
 0001:00002a1d       _Java_sun_nio_ch_WindowsAsynchronousSocketChannelImpl_updateConnectContext@16 10003a1d f   WindowsAsynchronousSocketChannelImpl.obj
 0001:00002a38       _Java_sun_nio_ch_WindowsAsynchronousSocketChannelImpl_shutdown0@20 10003a38 f   WindowsAsynchronousSocketChannelImpl.obj
 0001:00002a5c       _Java_sun_nio_ch_WindowsAsynchronousSocketChannelImpl_closesocket0@16 10003a5c f   WindowsAsynchronousSocketChannelImpl.obj
 0001:00002a5c       _Java_sun_nio_ch_WindowsAsynchronousServerSocketChannelImpl_closesocket0@16 10003a5c f   WindowsAsynchronousServerSocketChannelImpl.obj
 0001:00002a7c       _Java_sun_nio_ch_WindowsAsynchronousSocketChannelImpl_read0@36 10003a7c f   WindowsAsynchronousSocketChannelImpl.obj
 0001:00002ae3       _Java_sun_nio_ch_WindowsAsynchronousSocketChannelImpl_write0@36 10003ae3 f   WindowsAsynchronousSocketChannelImpl.obj
 0001:00002b66       _Java_sun_nio_fs_WindowsNativeDispatcher_initIDs@8 10003b66 f   WindowsNativeDispatcher.obj
 0001:00002e69       _Java_sun_nio_ch_Iocp_getErrorMessage@12 10003e69 f   Iocp.obj
 0001:00002e69       _Java_sun_nio_fs_WindowsNativeDispatcher_FormatMessage@12 10003e69 f   WindowsNativeDispatcher.obj
 0001:00002ed3       _Java_sun_nio_fs_WindowsNativeDispatcher_LocalFree@16 10003ed3 f   WindowsNativeDispatcher.obj
 0001:00002ee0       _Java_sun_nio_fs_WindowsNativeDispatcher_CreateFile0@40 10003ee0 f   WindowsNativeDispatcher.obj
 0001:00002f38       _Java_sun_nio_fs_WindowsNativeDispatcher_DeviceIoControlSetSparse@16 10003f38 f   WindowsNativeDispatcher.obj
 0001:00002f6e       _Java_sun_nio_fs_WindowsNativeDispatcher_DeviceIoControlGetReparsePoint@28 10003f6e f   WindowsNativeDispatcher.obj
 0001:00002fa8       _Java_sun_nio_fs_WindowsNativeDispatcher_DeleteFile0@16 10003fa8 f   WindowsNativeDispatcher.obj
 0001:00002fcc       _Java_sun_nio_fs_WindowsNativeDispatcher_CreateDirectory0@24 10003fcc f   WindowsNativeDispatcher.obj
 0001:0000300e       _Java_sun_nio_fs_WindowsNativeDispatcher_RemoveDirectory0@16 1000400e f   WindowsNativeDispatcher.obj
 0001:00003032       _Java_sun_nio_ch_WindowsAsynchronousFileChannelImpl_close0@16 10004032 f   WindowsAsynchronousFileChannelImpl.obj
 0001:00003032       _Java_sun_nio_fs_WindowsNativeDispatcher_CloseHandle@16 10004032 f   WindowsNativeDispatcher.obj
 0001:00003032       _Java_sun_nio_ch_Iocp_close0@16 10004032 f   Iocp.obj
 0001:0000303f       _Java_sun_nio_fs_WindowsNativeDispatcher_FindFirstFile0@20 1000403f f   WindowsNativeDispatcher.obj
 0001:00003105       _Java_sun_nio_fs_WindowsNativeDispatcher_FindFirstFile1@24 10004105 f   WindowsNativeDispatcher.obj
 0001:00003135       _Java_sun_nio_fs_WindowsNativeDispatcher_FindNextFile@24 10004135 f   WindowsNativeDispatcher.obj
 0001:00003189       _Java_sun_nio_fs_WindowsNativeDispatcher_FindFirstStream0@20 10004189 f   WindowsNativeDispatcher.obj
 0001:00003271       _Java_sun_nio_fs_WindowsNativeDispatcher_FindNextStream@16 10004271 f   WindowsNativeDispatcher.obj
 0001:00003304       _Java_sun_nio_fs_WindowsNativeDispatcher_FindClose@16 10004304 f   WindowsNativeDispatcher.obj
 0001:00003328       _Java_sun_nio_fs_WindowsNativeDispatcher_GetFileInformationByHandle@24 10004328 f   WindowsNativeDispatcher.obj
 0001:00003350       _Java_sun_nio_fs_WindowsNativeDispatcher_CopyFileEx0@36 10004350 f   WindowsNativeDispatcher.obj
 0001:00003383       _Java_sun_nio_fs_WindowsNativeDispatcher_MoveFileEx0@28 10004383 f   WindowsNativeDispatcher.obj
 0001:000033af       _Java_sun_nio_fs_WindowsNativeDispatcher_GetLogicalDrives@8 100043af f   WindowsNativeDispatcher.obj
 0001:000033d5       _Java_sun_nio_fs_WindowsNativeDispatcher_GetFileAttributes0@16 100043d5 f   WindowsNativeDispatcher.obj
 0001:00003400       _Java_sun_nio_fs_WindowsNativeDispatcher_SetFileAttributes0@20 10004400 f   WindowsNativeDispatcher.obj
 0001:00003428       _Java_sun_nio_fs_WindowsNativeDispatcher_GetFileAttributesEx0@24 10004428 f   WindowsNativeDispatcher.obj
 0001:00003452       _Java_sun_nio_fs_WindowsNativeDispatcher_SetFileTime@40 10004452 f   WindowsNativeDispatcher.obj
 0001:000034b1       _Java_sun_nio_fs_WindowsNativeDispatcher_SetEndOfFile@16 100044b1 f   WindowsNativeDispatcher.obj
 0001:000034d5       _Java_sun_nio_fs_WindowsNativeDispatcher_GetVolumeInformation0@20 100044d5 f   WindowsNativeDispatcher.obj
 0001:000035f4       _Java_sun_nio_fs_WindowsNativeDispatcher_GetDriveType0@16 100045f4 f   WindowsNativeDispatcher.obj
 0001:00003601       _Java_sun_nio_fs_WindowsNativeDispatcher_GetDiskFreeSpaceEx0@20 10004601 f   WindowsNativeDispatcher.obj
 0001:00003683       _Java_sun_nio_fs_WindowsNativeDispatcher_GetVolumePathName0@16 10004683 f   WindowsNativeDispatcher.obj
 0001:000036fe       _Java_sun_nio_fs_WindowsNativeDispatcher_InitializeSecurityDescriptor@16 100046fe f   WindowsNativeDispatcher.obj
 0001:00003724       _Java_sun_nio_fs_WindowsNativeDispatcher_InitializeAcl@20 10004724 f   WindowsNativeDispatcher.obj
 0001:0000374e       _Java_sun_nio_fs_WindowsNativeDispatcher_SetFileSecurity0@28 1000474e f   WindowsNativeDispatcher.obj
 0001:0000377a       _Java_sun_nio_fs_WindowsNativeDispatcher_GetFileSecurity0@32 1000477a f   WindowsNativeDispatcher.obj
 0001:000037c7       _Java_sun_nio_fs_WindowsNativeDispatcher_GetSecurityDescriptorOwner@16 100047c7 f   WindowsNativeDispatcher.obj
 0001:000037fa       _Java_sun_nio_fs_WindowsNativeDispatcher_SetSecurityDescriptorOwner@24 100047fa f   WindowsNativeDispatcher.obj
 0001:00003824       _Java_sun_nio_fs_WindowsNativeDispatcher_GetSecurityDescriptorDacl@16 10004824 f   WindowsNativeDispatcher.obj
 0001:0000386d       _Java_sun_nio_fs_WindowsNativeDispatcher_SetSecurityDescriptorDacl@24 1000486d f   WindowsNativeDispatcher.obj
 0001:00003899       _Java_sun_nio_fs_WindowsNativeDispatcher_GetAclInformation0@20 10004899 f   WindowsNativeDispatcher.obj
 0001:000038ff       _Java_sun_nio_fs_WindowsNativeDispatcher_GetAce@20 100048ff f   WindowsNativeDispatcher.obj
 0001:00003936       _Java_sun_nio_fs_WindowsNativeDispatcher_AddAccessAllowedAceEx@32 10004936 f   WindowsNativeDispatcher.obj
 0001:00003967       _Java_sun_nio_fs_WindowsNativeDispatcher_AddAccessDeniedAceEx@32 10004967 f   WindowsNativeDispatcher.obj
 0001:00003998       _Java_sun_nio_fs_WindowsNativeDispatcher_LookupAccountSid0@20 10004998 f   WindowsNativeDispatcher.obj
 0001:00003aa5       _Java_sun_nio_fs_WindowsNativeDispatcher_LookupAccountName0@28 10004aa5 f   WindowsNativeDispatcher.obj
 0001:00003b2f       _Java_sun_nio_fs_WindowsNativeDispatcher_GetLengthSid@16 10004b2f f   WindowsNativeDispatcher.obj
 0001:00003b3c       _Java_sun_nio_fs_WindowsNativeDispatcher_ConvertSidToStringSid@16 10004b3c f   WindowsNativeDispatcher.obj
 0001:00003b92       _Java_sun_nio_fs_WindowsNativeDispatcher_ConvertStringSidToSid0@16 10004b92 f   WindowsNativeDispatcher.obj
 0001:00003bbf       _Java_sun_nio_fs_WindowsNativeDispatcher_GetCurrentProcess@8 10004bbf f   WindowsNativeDispatcher.obj
 0001:00003bc9       _Java_sun_nio_fs_WindowsNativeDispatcher_GetCurrentThread@8 10004bc9 f   WindowsNativeDispatcher.obj
 0001:00003bd3       _Java_sun_nio_fs_WindowsNativeDispatcher_OpenProcessToken@20 10004bd3 f   WindowsNativeDispatcher.obj
 0001:00003c04       _Java_sun_nio_fs_WindowsNativeDispatcher_OpenThreadToken@24 10004c04 f   WindowsNativeDispatcher.obj
 0001:00003c50       _Java_sun_nio_fs_WindowsNativeDispatcher_DuplicateTokenEx@20 10004c50 f   WindowsNativeDispatcher.obj
 0001:00003c87       _Java_sun_nio_fs_WindowsNativeDispatcher_SetThreadToken@24 10004c87 f   WindowsNativeDispatcher.obj
 0001:00003caf       _Java_sun_nio_fs_WindowsNativeDispatcher_GetTokenInformation@32 10004caf f   WindowsNativeDispatcher.obj
 0001:00003cf7       _Java_sun_nio_fs_WindowsNativeDispatcher_AdjustTokenPrivileges@28 10004cf7 f   WindowsNativeDispatcher.obj
 0001:00003d67       _Java_sun_nio_fs_WindowsNativeDispatcher_LookupPrivilegeValue0@16 10004d67 f   WindowsNativeDispatcher.obj
 0001:00003db3       _Java_sun_nio_fs_WindowsNativeDispatcher_BuildTrusteeWithSid@16 10004db3 f   WindowsNativeDispatcher.obj
 0001:00003de6       _Java_sun_nio_fs_WindowsNativeDispatcher_GetEffectiveRightsFromAcl@24 10004de6 f   WindowsNativeDispatcher.obj
 0001:00003e16       _Java_sun_nio_fs_WindowsNativeDispatcher_CreateSymbolicLink0@28 10004e16 f   WindowsNativeDispatcher.obj
 0001:00003e56       _Java_sun_nio_fs_WindowsNativeDispatcher_CreateHardLink0@24 10004e56 f   WindowsNativeDispatcher.obj
 0001:00003e80       _Java_sun_nio_fs_WindowsNativeDispatcher_GetFullPathName0@16 10004e80 f   WindowsNativeDispatcher.obj
 0001:00003f68       _Java_sun_nio_fs_WindowsNativeDispatcher_GetFinalPathNameByHandle@16 10004f68 f   WindowsNativeDispatcher.obj
 0001:0000405f       _Java_sun_nio_fs_WindowsNativeDispatcher_CreateIoCompletionPort@28 1000505f f   WindowsNativeDispatcher.obj
 0001:00004094       _Java_sun_nio_fs_WindowsNativeDispatcher_GetQueuedCompletionStatus0@20 10005094 f   WindowsNativeDispatcher.obj
 0001:0000411b       _Java_sun_nio_fs_WindowsNativeDispatcher_PostQueuedCompletionStatus@20 1000511b f   WindowsNativeDispatcher.obj
 0001:00004147       _Java_sun_nio_fs_WindowsNativeDispatcher_ReadDirectoryChangesW@52 10005147 f   WindowsNativeDispatcher.obj
 0001:0000418d       _Java_sun_nio_fs_WindowsNativeDispatcher_BackupRead0@44 1000518d f   WindowsNativeDispatcher.obj
 0001:00004205       _Java_sun_nio_fs_WindowsNativeDispatcher_BackupSeek@32 10005205 f   WindowsNativeDispatcher.obj
 0001:00004249       _Java_sun_nio_ch_WindowsSelectorImpl_00024SubSelector_poll0@40 10005249 f   WindowsSelectorImpl.obj
 0001:00004508       _Java_sun_nio_ch_WindowsSelectorImpl_setWakeupSocket0@12 10005508 f   WindowsSelectorImpl.obj
 0001:00004525       _Java_sun_nio_ch_WindowsSelectorImpl_resetWakeupSocket0@12 10005525 f   WindowsSelectorImpl.obj
 0001:00004597       _Java_sun_nio_ch_WindowsSelectorImpl_discardUrgentData@12 10005597 f   WindowsSelectorImpl.obj
 0001:000045d4       _Java_java_io_FileDescriptor_initIDs@8 100055d4 f   FileDescriptor_md.obj
 0001:00004615       _Java_java_io_FileDescriptor_set@12 10005615 f   FileDescriptor_md.obj
 0001:00004642       _Java_java_io_FileDescriptor_sync@8 10005642 f   FileDescriptor_md.obj
 0001:0000467c       ___WSAFDIsSet@8            1000567c f   ws2_32:WS2_32.dll
 0001:00004682       _JNU_ThrowOutOfMemoryError@8 10005682 f   java:java.dll
 0001:00004688       _JNU_ThrowByName@12        10005688 f   java:java.dll
 0001:0000468e       _JNU_ThrowIOExceptionWithLastError@8 1000568e f   java:java.dll
 0001:00004694       _Java_sun_security_provider_NativeSeedGenerator_nativeGenerateSeed@12 10005694 f   java:java.dll
 0001:0000469a       _JNU_NewObjectByName       1000569a f   java:java.dll
 0001:000046a0       _JNU_ThrowInternalError@8  100056a0 f   java:java.dll
 0001:000046a6       _handleSync                100056a6 f   java:java.dll
 0001:000046ac       _NET_SockaddrToInetAddress@12 100056ac f   net:net.dll
 0001:000046b2       _NET_GetPortFromSockaddr@4 100056b2 f   net:net.dll
 0001:000046b8       _NET_SockaddrEqualsInetAddress@12 100056b8 f   net:net.dll
 0001:000046be       _NET_InetAddressToSockaddr@24 100056be f   net:net.dll
 0001:000046c4       _ipv6_available@0          100056c4 f   net:net.dll
 0001:000046ca       _NET_ThrowNew@12           100056ca f   net:net.dll
 0001:000046d0       _NET_Bind@12               100056d0 f   net:net.dll
 0001:000046d6       _NET_GetSockOpt@20         100056d6 f   net:net.dll
 0001:000046dc       _NET_SetSockOpt@20         100056dc f   net:net.dll
 0001:000046e2       _ConvertSidToStringSidW@8  100056e2 f   advapi32:ADVAPI32.dll
 0001:000046e8       _ConvertStringSidToSidW@8  100056e8 f   advapi32:ADVAPI32.dll
 0001:000046ee       @__security_check_cookie@4 100056ee f   MSVCRT:secchk.obj
 0001:000046fe       _memset                    100056fe f   MSVCRT:MSVCR100.dll
 0001:00004710       __chkstk                   10005710 f   MSVCRT:chkstk.obj
 0001:00004710       __alloca_probe             10005710     MSVCRT:chkstk.obj
 0001:00004740       __alldvrm                  10005740 f   MSVCRT:lldvrm.obj
 0001:0000486d       __CRT_INIT@12              1000586d f   MSVCRT:crtdll.obj
 0001:00004b8d       __DllMainCRTStartup@12     10005b8d f   MSVCRT:crtdll.obj
 0001:00004bb0       ___report_gsfailure        10005bb0 f   MSVCRT:gs_report.obj
 0001:00004cb6       ___clean_type_info_names   10005cb6 f   MSVCRT:tncleanup.obj
 0001:00004cc2       __onexit                   10005cc2 f   MSVCRT:atonexit.obj
 0001:00004d63       _atexit                    10005d63 f   MSVCRT:atonexit.obj
 0001:00004d7a       __RTC_Initialize           10005d7a f   MSVCRT:_initsect_.obj
 0001:00004da0       __RTC_Terminate            10005da0 f   MSVCRT:_initsect_.obj
 0001:00004dd0       __ValidateImageBase        10005dd0 f   MSVCRT:pesect.obj
 0001:00004e10       __FindPESection            10005e10 f   MSVCRT:pesect.obj
 0001:00004e60       __IsNonwritableInCurrentImage 10005e60 f   MSVCRT:pesect.obj
 0001:00004f1c       __initterm                 10005f1c f   MSVCRT:MSVCR100.dll
 0001:00004f22       __initterm_e               10005f22 f   MSVCRT:MSVCR100.dll
 0001:00004f28       __amsg_exit                10005f28 f   MSVCRT:MSVCR100.dll
 0001:00004f2e       ___CppXcptFilter           10005f2e f   MSVCRT:MSVCR100.dll
 0001:00004f34       _DllMain@12                10005f34 f   MSVCRT:dllmain.obj
 0001:00004f60       __SEH_prolog4              10005f60 f   MSVCRT:sehprolg4.obj
 0001:00004fa5       __SEH_epilog4              10005fa5 f   MSVCRT:sehprolg4.obj
 0001:00004fb9       __except_handler4          10005fb9 f   MSVCRT:chandler4gs.obj
 0001:00004fde       ___security_init_cookie    10005fde f   MSVCRT:gs_support.obj
 0001:0000507a       __crt_debugger_hook        1000607a f   MSVCRT:MSVCR100.dll
 0001:00005080       ___clean_type_info_names_internal 10006080 f   MSVCRT:MSVCR100.dll
 0001:00005086       __unlock                   10006086 f   MSVCRT:MSVCR100.dll
 0001:0000508c       ___dllonexit               1000608c f   MSVCRT:MSVCR100.dll
 0001:00005092       __lock                     10006092 f   MSVCRT:MSVCR100.dll
 0001:00005098       __except_handler4_common   10006098 f   MSVCRT:MSVCR100.dll
 0002:00000000       __imp__SetSecurityDescriptorOwner@12 10007000     advapi32:ADVAPI32.dll
 0002:00000004       __imp__GetEffectiveRightsFromAclA@12 10007004     advapi32:ADVAPI32.dll
 0002:00000008       __imp__BuildTrusteeWithSidW@8 10007008     advapi32:ADVAPI32.dll
 0002:0000000c       __imp__LookupPrivilegeValueW@12 1000700c     advapi32:ADVAPI32.dll
 0002:00000010       __imp__AdjustTokenPrivileges@24 10007010     advapi32:ADVAPI32.dll
 0002:00000014       __imp__GetTokenInformation@20 10007014     advapi32:ADVAPI32.dll
 0002:00000018       __imp__SetThreadToken@8    10007018     advapi32:ADVAPI32.dll
 0002:0000001c       __imp__DuplicateTokenEx@24 1000701c     advapi32:ADVAPI32.dll
 0002:00000020       __imp__OpenThreadToken@16  10007020     advapi32:ADVAPI32.dll
 0002:00000024       __imp__OpenProcessToken@12 10007024     advapi32:ADVAPI32.dll
 0002:00000028       __imp__ConvertStringSidToSidW@8 10007028     advapi32:ADVAPI32.dll
 0002:0000002c       __imp__ConvertSidToStringSidW@8 1000702c     advapi32:ADVAPI32.dll
 0002:00000030       __imp__GetLengthSid@4      10007030     advapi32:ADVAPI32.dll
 0002:00000034       __imp__LookupAccountNameW@28 10007034     advapi32:ADVAPI32.dll
 0002:00000038       __imp__LookupAccountSidW@28 10007038     advapi32:ADVAPI32.dll
 0002:0000003c       __imp__AddAccessDeniedAceEx@20 1000703c     advapi32:ADVAPI32.dll
 0002:00000040       __imp__AddAccessAllowedAceEx@20 10007040     advapi32:ADVAPI32.dll
 0002:00000044       __imp__GetAce@12           10007044     advapi32:ADVAPI32.dll
 0002:00000048       __imp__GetAclInformation@16 10007048     advapi32:ADVAPI32.dll
 0002:0000004c       __imp__SetSecurityDescriptorDacl@16 1000704c     advapi32:ADVAPI32.dll
 0002:00000050       __imp__GetSecurityDescriptorDacl@16 10007050     advapi32:ADVAPI32.dll
 0002:00000054       __imp__GetSecurityDescriptorOwner@12 10007054     advapi32:ADVAPI32.dll
 0002:00000058       __imp__GetFileSecurityW@20 10007058     advapi32:ADVAPI32.dll
 0002:0000005c       __imp__SetFileSecurityW@12 1000705c     advapi32:ADVAPI32.dll
 0002:00000060       __imp__InitializeAcl@12    10007060     advapi32:ADVAPI32.dll
 0002:00000064       __imp__InitializeSecurityDescriptor@8 10007064     advapi32:ADVAPI32.dll
 0002:00000068       __imp__RegOpenKeyExW@20    10007068     advapi32:ADVAPI32.dll
 0002:0000006c       __imp__RegQueryValueExW@24 1000706c     advapi32:ADVAPI32.dll
 0002:00000070       __imp__RegCloseKey@4       10007070     advapi32:ADVAPI32.dll
 0002:00000074       \177ADVAPI32_NULL_THUNK_DATA 10007074     advapi32:ADVAPI32.dll
 0002:00000078       __imp__GetFileAttributesW@4 10007078     kernel32:KERNEL32.dll
 0002:0000007c       __imp__GetLogicalDrives@0  1000707c     kernel32:KERNEL32.dll
 0002:00000080       __imp__MoveFileExW@12      10007080     kernel32:KERNEL32.dll
 0002:00000084       __imp__CopyFileExW@24      10007084     kernel32:KERNEL32.dll
 0002:00000088       __imp__FindClose@4         10007088     kernel32:KERNEL32.dll
 0002:0000008c       __imp__FindNextFileW@8     1000708c     kernel32:KERNEL32.dll
 0002:00000090       __imp__FindFirstFileW@8    10007090     kernel32:KERNEL32.dll
 0002:00000094       __imp__RemoveDirectoryW@4  10007094     kernel32:KERNEL32.dll
 0002:00000098       __imp__CreateDirectoryW@8  10007098     kernel32:KERNEL32.dll
 0002:0000009c       __imp__DeleteFileW@4       1000709c     kernel32:KERNEL32.dll
 0002:000000a0       __imp__DeviceIoControl@32  100070a0     kernel32:KERNEL32.dll
 0002:000000a4       __imp__SetFileAttributesW@8 100070a4     kernel32:KERNEL32.dll
 0002:000000a8       __imp__CreateFileW@28      100070a8     kernel32:KERNEL32.dll
 0002:000000ac       __imp__GetModuleHandleExW@12 100070ac     kernel32:KERNEL32.dll
 0002:000000b0       __imp__GetProcAddress@8    100070b0     kernel32:KERNEL32.dll
 0002:000000b4       __imp__FormatMessageW@28   100070b4     kernel32:KERNEL32.dll
 0002:000000b8       __imp__PostQueuedCompletionStatus@16 100070b8     kernel32:KERNEL32.dll
 0002:000000bc       __imp__GetQueuedCompletionStatus@20 100070bc     kernel32:KERNEL32.dll
 0002:000000c0       __imp__CreateIoCompletionPort@16 100070c0     kernel32:KERNEL32.dll
 0002:000000c4       __imp__Sleep@4             100070c4     kernel32:KERNEL32.dll
 0002:000000c8       __imp__SetHandleInformation@12 100070c8     kernel32:KERNEL32.dll
 0002:000000cc       __imp__FlushViewOfFile@8   100070cc     kernel32:KERNEL32.dll
 0002:000000d0       __imp__GetFileAttributesExW@12 100070d0     kernel32:KERNEL32.dll
 0002:000000d4       __imp__SetFileTime@16      100070d4     kernel32:KERNEL32.dll
 0002:000000d8       __imp__GetVolumeInformationW@32 100070d8     kernel32:KERNEL32.dll
 0002:000000dc       __imp__GetDriveTypeW@4     100070dc     kernel32:KERNEL32.dll
 0002:000000e0       __imp__GetDiskFreeSpaceExW@16 100070e0     kernel32:KERNEL32.dll
 0002:000000e4       __imp__GetVolumePathNameW@12 100070e4     kernel32:KERNEL32.dll
 0002:000000e8       __imp__GetCurrentThread@0  100070e8     kernel32:KERNEL32.dll
 0002:000000ec       __imp__LocalAlloc@8        100070ec     kernel32:KERNEL32.dll
 0002:000000f0       __imp__CreateHardLinkW@12  100070f0     kernel32:KERNEL32.dll
 0002:000000f4       __imp__GetFullPathNameW@16 100070f4     kernel32:KERNEL32.dll
 0002:000000f8       __imp__ReadDirectoryChangesW@32 100070f8     kernel32:KERNEL32.dll
 0002:000000fc       __imp__BackupRead@28       100070fc     kernel32:KERNEL32.dll
 0002:00000100       __imp__BackupSeek@24       10007100     kernel32:KERNEL32.dll
 0002:00000104       __imp__GetStdHandle@4      10007104     kernel32:KERNEL32.dll
 0002:00000108       __imp__EncodePointer@4     10007108     kernel32:KERNEL32.dll
 0002:0000010c       __imp__DecodePointer@4     1000710c     kernel32:KERNEL32.dll
 0002:00000110       __imp__InterlockedExchange@8 10007110     kernel32:KERNEL32.dll
 0002:00000114       __imp__InterlockedCompareExchange@12 10007114     kernel32:KERNEL32.dll
 0002:00000118       __imp__TerminateProcess@8  10007118     kernel32:KERNEL32.dll
 0002:0000011c       __imp__UnhandledExceptionFilter@4 1000711c     kernel32:KERNEL32.dll
 0002:00000120       __imp__SetUnhandledExceptionFilter@4 10007120     kernel32:KERNEL32.dll
 0002:00000124       __imp__IsDebuggerPresent@0 10007124     kernel32:KERNEL32.dll
 0002:00000128       __imp__DisableThreadLibraryCalls@4 10007128     kernel32:KERNEL32.dll
 0002:0000012c       __imp__QueryPerformanceCounter@4 1000712c     kernel32:KERNEL32.dll
 0002:00000130       __imp__GetTickCount@0      10007130     kernel32:KERNEL32.dll
 0002:00000134       __imp__GetCurrentThreadId@0 10007134     kernel32:KERNEL32.dll
 0002:00000138       __imp__GetCurrentProcessId@0 10007138     kernel32:KERNEL32.dll
 0002:0000013c       __imp__GetSystemTimeAsFileTime@4 1000713c     kernel32:KERNEL32.dll
 0002:00000140       __imp__LocalFree@4         10007140     kernel32:KERNEL32.dll
 0002:00000144       __imp__GetFileInformationByHandle@8 10007144     kernel32:KERNEL32.dll
 0002:00000148       __imp__GetCurrentProcess@0 10007148     kernel32:KERNEL32.dll
 0002:0000014c       __imp__DuplicateHandle@28  1000714c     kernel32:KERNEL32.dll
 0002:00000150       __imp__UnlockFileEx@20     10007150     kernel32:KERNEL32.dll
 0002:00000154       __imp__LockFileEx@24       10007154     kernel32:KERNEL32.dll
 0002:00000158       __imp__GetFileSize@8       10007158     kernel32:KERNEL32.dll
 0002:0000015c       __imp__SetEndOfFile@4      1000715c     kernel32:KERNEL32.dll
 0002:00000160       __imp__FlushFileBuffers@4  10007160     kernel32:KERNEL32.dll
 0002:00000164       __imp__WriteFile@20        10007164     kernel32:KERNEL32.dll
 0002:00000168       __imp__ReadFile@20         10007168     kernel32:KERNEL32.dll
 0002:0000016c       __imp__SetFilePointer@16   1000716c     kernel32:KERNEL32.dll
 0002:00000170       __imp__UnmapViewOfFile@4   10007170     kernel32:KERNEL32.dll
 0002:00000174       __imp__CreateFileMappingA@24 10007174     kernel32:KERNEL32.dll
 0002:00000178       __imp__MapViewOfFile@20    10007178     kernel32:KERNEL32.dll
 0002:0000017c       __imp__GetLastError@0      1000717c     kernel32:KERNEL32.dll
 0002:00000180       __imp__CloseHandle@4       10007180     kernel32:KERNEL32.dll
 0002:00000184       __imp__GetSystemInfo@4     10007184     kernel32:KERNEL32.dll
 0002:00000188       __imp__GetVersionExA@4     10007188     kernel32:KERNEL32.dll
 0002:0000018c       \177KERNEL32_NULL_THUNK_DATA 1000718c     kernel32:KERNEL32.dll
 0002:00000190       __imp___onexit             10007190     MSVCRT:MSVCR100.dll
 0002:00000194       __imp___except_handler4_common 10007194     MSVCRT:MSVCR100.dll
 0002:00000198       __imp____dllonexit         10007198     MSVCRT:MSVCR100.dll
 0002:0000019c       __imp___unlock             1000719c     MSVCRT:MSVCR100.dll
 0002:000001a0       __imp____clean_type_info_names_internal 100071a0     MSVCRT:MSVCR100.dll
 0002:000001a4       __imp___crt_debugger_hook  100071a4     MSVCRT:MSVCR100.dll
 0002:000001a8       __imp____CppXcptFilter     100071a8     MSVCRT:MSVCR100.dll
 0002:000001ac       __imp___amsg_exit          100071ac     MSVCRT:MSVCR100.dll
 0002:000001b0       __imp___initterm_e         100071b0     MSVCRT:MSVCR100.dll
 0002:000001b4       __imp___initterm           100071b4     MSVCRT:MSVCR100.dll
 0002:000001b8       __imp___encoded_null       100071b8     MSVCRT:MSVCR100.dll
 0002:000001bc       __imp___malloc_crt         100071bc     MSVCRT:MSVCR100.dll
 0002:000001c0       __imp__wcslen              100071c0     MSVCRT:MSVCR100.dll
 0002:000001c4       __imp___errno              100071c4     MSVCRT:MSVCR100.dll
 0002:000001c8       __imp___get_osfhandle      100071c8     MSVCRT:MSVCR100.dll
 0002:000001cc       __imp__malloc              100071cc     MSVCRT:MSVCR100.dll
 0002:000001d0       __imp__free                100071d0     MSVCRT:MSVCR100.dll
 0002:000001d4       __imp__memset              100071d4     MSVCRT:MSVCR100.dll
 0002:000001d8       __imp___lock               100071d8     MSVCRT:MSVCR100.dll
 0002:000001dc       \177MSVCR100_NULL_THUNK_DATA 100071dc     MSVCRT:MSVCR100.dll
 0002:000001e0       __imp__WSASendDisconnect@8 100071e0     ws2_32:WS2_32.dll
 0002:000001e4       __imp__WSAEventSelect@12   100071e4     ws2_32:WS2_32.dll
 0002:000001e8       __imp__WSAGetLastError@0   100071e8     ws2_32:WS2_32.dll
 0002:000001ec       __imp__recvfrom@24         100071ec     ws2_32:WS2_32.dll
 0002:000001f0       __imp__select@20           100071f0     ws2_32:WS2_32.dll
 0002:000001f4       __imp__WSAIoctl@36         100071f4     ws2_32:WS2_32.dll
 0002:000001f8       __imp__connect@12          100071f8     ws2_32:WS2_32.dll
 0002:000001fc       __imp__sendto@24           100071fc     ws2_32:WS2_32.dll
 0002:00000200       __imp__WSARecv@28          10007200     ws2_32:WS2_32.dll
 0002:00000204       __imp__WSASend@28          10007204     ws2_32:WS2_32.dll
 0002:00000208       __imp__setsockopt@20       10007208     ws2_32:WS2_32.dll
 0002:0000020c       __imp__socket@12           1000720c     ws2_32:WS2_32.dll
 0002:00000210       __imp__listen@8            10007210     ws2_32:WS2_32.dll
 0002:00000214       __imp__getsockopt@20       10007214     ws2_32:WS2_32.dll
 0002:00000218       __imp__getsockname@12      10007218     ws2_32:WS2_32.dll
 0002:0000021c       __imp__getpeername@12      1000721c     ws2_32:WS2_32.dll
 0002:00000220       __imp__htonl@4             10007220     ws2_32:WS2_32.dll
 0002:00000224       __imp__ntohl@4             10007224     ws2_32:WS2_32.dll
 0002:00000228       __imp__shutdown@8          10007228     ws2_32:WS2_32.dll
 0002:0000022c       __imp__accept@12           1000722c     ws2_32:WS2_32.dll
 0002:00000230       __imp____WSAFDIsSet@8      10007230     ws2_32:WS2_32.dll
 0002:00000234       __imp__ioctlsocket@12      10007234     ws2_32:WS2_32.dll
 0002:00000238       __imp__send@16             10007238     ws2_32:WS2_32.dll
 0002:0000023c       __imp__closesocket@4       1000723c     ws2_32:WS2_32.dll
 0002:00000240       __imp__recv@16             10007240     ws2_32:WS2_32.dll
 0002:00000244       \177WS2_32_NULL_THUNK_DATA 10007244     ws2_32:WS2_32.dll
 0002:00000248       __imp__JNU_ThrowOutOfMemoryError@8 10007248     java:java.dll
 0002:0000024c       __imp__JNU_ThrowByName@12  1000724c     java:java.dll
 0002:00000250       __imp__Java_sun_security_provider_NativeSeedGenerator_nativeGenerateSeed@12 10007250     java:java.dll
 0002:00000254       __imp__JNU_NewObjectByName 10007254     java:java.dll
 0002:00000258       __imp__JNU_ThrowInternalError@8 10007258     java:java.dll
 0002:0000025c       __imp__JNU_ThrowIOExceptionWithLastError@8 1000725c     java:java.dll
 0002:00000260       __imp__handleSync          10007260     java:java.dll
 0002:00000264       \177java_NULL_THUNK_DATA   10007264     java:java.dll
 0002:00000268       __imp__NET_SockaddrToInetAddress@12 10007268     net:net.dll
 0002:0000026c       __imp__NET_GetPortFromSockaddr@4 1000726c     net:net.dll
 0002:00000270       __imp__NET_SockaddrEqualsInetAddress@12 10007270     net:net.dll
 0002:00000274       __imp__NET_InetAddressToSockaddr@24 10007274     net:net.dll
 0002:00000278       __imp__ipv6_available@0    10007278     net:net.dll
 0002:0000027c       __imp__NET_ThrowNew@12     1000727c     net:net.dll
 0002:00000280       __imp__NET_Bind@12         10007280     net:net.dll
 0002:00000284       __imp__NET_GetSockOpt@20   10007284     net:net.dll
 0002:00000288       __imp__NET_SetSockOpt@20   10007288     net:net.dll
 0002:0000028c       \177net_NULL_THUNK_DATA    1000728c     net:net.dll
 0002:00000290       ___xc_a                    10007290     MSVCRT:cinitexe.obj
 0002:00000294       ___xc_z                    10007294     MSVCRT:cinitexe.obj
 0002:00000298       ___xi_a                    10007298     MSVCRT:cinitexe.obj
 0002:000002a0       ___xi_z                    100072a0     MSVCRT:cinitexe.obj
 0002:000002cc       ??_C@_0BB@JLIPPJNN@cachedSenderPort?$AA@ 100072cc     DatagramChannelImpl.obj
 0002:000002e0       ??_C@_0BI@OANHFGOF@cachedSenderInetAddress?$AA@ 100072e0     DatagramChannelImpl.obj
 0002:000002f8       ??_C@_06CGHJMPBJ@sender?$AA@ 100072f8     DatagramChannelImpl.obj
 0002:00000300       ??_C@_0BJ@NDFGGFKE@Ljava?1net?1SocketAddress?$DL?$AA@ 10007300     DatagramChannelImpl.obj
 0002:0000031c       ??_C@_0BP@BNFFMBJL@sun?1nio?1ch?1DatagramChannelImpl?$AA@ 1000731c     DatagramChannelImpl.obj
 0002:0000033c       ??_C@_04LPGMAPLE@port?$AA@ 1000733c     DatagramChannelImpl.obj
 0002:00000344       ??_C@_01JPJNBJEM@I?$AA@    10007344     DatagramChannelImpl.obj
 0002:00000348       ??_C@_04HLBMEOMD@addr?$AA@ 10007348     DatagramChannelImpl.obj
 0002:00000350       ??_C@_0BH@FIKCFBLO@Ljava?1net?1InetAddress?$DL?$AA@ 10007350     DatagramChannelImpl.obj
 0002:00000368       ??_C@_06FALKBLGB@?$DMinit?$DO?$AA@ 10007368     DatagramChannelImpl.obj
 0002:00000370       ??_C@_0BL@KCCEIBDI@?$CILjava?1net?1InetAddress?$DLI?$CJV?$AA@ 10007370     DatagramChannelImpl.obj
 0002:0000038c       ??_C@_0BL@HBNNAPLM@java?1net?1InetSocketAddress?$AA@ 1000738c     DatagramChannelImpl.obj
 0002:000003a8       ??_C@_0BH@BDDDBHPI@heap?5allocation?5failed?$AA@ 100073a8     DatagramChannelImpl.obj
 0002:000003c0       ??_C@_0CC@BDDMPFBF@java?1net?1PortUnreachableExceptio@ 100073c0     DatagramChannelImpl.obj
 0002:000003e4       ??_C@_0N@PGCLODBC@Write?5failed?$AA@ 100073e4     DatagramDispatcher.obj
 0002:000003f4       ??_C@_02ENHFDPNM@fd?$AA@   100073f4     FileChannelImpl.obj
 0002:000003f8       ??_C@_0BJ@BDFOFHPL@Ljava?1io?1FileDescriptor?$DL?$AA@ 100073f8     FileChannelImpl.obj
 0002:00000414       ??_C@_0L@DPMFILPJ@Map?5failed?$AA@ 10007414     FileChannelImpl.obj
 0002:00000420       ??_C@_0N@IGMMIDE@Unmap?5failed?$AA@ 10007420     FileChannelImpl.obj
 0002:00000430       ??_C@_0M@HPFDGGMC@Seek?5failed?$AA@ 10007430     FileChannelImpl.obj
 0002:0000043c       ??_C@_0N@GNNFMAIG@Close?5failed?$AA@ 1000743c     FileChannelImpl.obj
 0002:0000044c       ??_C@_0M@DCKEEFAG@Read?5failed?$AA@ 1000744c     FileDispatcherImpl.obj
 0002:00000458       ??_C@_0P@EFDAIKIF@Invalid?5handle?$AA@ 10007458     FileDispatcherImpl.obj
 0002:00000468       ??_C@_0N@EFKIKJEB@Force?5failed?$AA@ 10007468     FileDispatcherImpl.obj
 0002:00000478       ??_C@_0BC@FODOCFKM@Truncation?5failed?$AA@ 10007478     FileDispatcherImpl.obj
 0002:0000048c       ??_C@_0M@GLCOPFPC@Size?5failed?$AA@ 1000748c     FileDispatcherImpl.obj
 0002:00000498       ??_C@_0M@OOGODMIM@Lock?5failed?$AA@ 10007498     FileDispatcherImpl.obj
 0002:000004a4       ??_C@_0P@MAMCLOFD@Release?5failed?$AA@ 100074a4     FileDispatcherImpl.obj
 0002:000004b4       ??_C@_0BH@OPJFPPPK@DuplicateHandle?5failed?$AA@ 100074b4     FileDispatcherImpl.obj
 0002:000004cc       ??_C@_0O@HJEFBNI@nFileIndexLow?$AA@ 100074cc     FileKey.obj
 0002:000004dc       ??_C@_0P@OJOGHFHE@nFileIndexHigh?$AA@ 100074dc     FileKey.obj
 0002:000004ec       ??_C@_0BF@GJBBDEBO@dwVolumeSerialNumber?$AA@ 100074ec     FileKey.obj
 0002:00000504       ??_C@_01LELAEKIP@J?$AA@    10007504     FileKey.obj
 0002:00000508       ??_C@_0CC@EJDNCKME@GetFileInformationByHandle?5faile@ 10007508     FileKey.obj
 0002:0000052c       ??_C@_06NCGDPKCC@handle?$AA@ 1000752c     IOUtil.obj
 0002:00000534       ??_C@_0BH@MPHCPCAM@java?1io?1FileDescriptor?$AA@ 10007534     IOUtil.obj
 0002:0000054c       ??_C@_0BC@PPBACNOJ@Read?1write?5failed?$AA@ 1000754c     IOUtil.obj
 0002:00000560       ??_C@_05GGAEIDGJ@Drain?$AA@ 10007560     IOUtil.obj
 0002:00000568       ??_C@_0N@MNOMAIIN@Flush?5failed?$AA@ 10007568     MappedByteBuffer.obj
 0002:00000578       ??_C@_06HBELJPBO@socket?$AA@ 10007578     Net.obj
 0002:00000580       ??_C@_04NPNJNMMP@bind?$AA@ 10007580     Net.obj
 0002:00000588       ??_C@_06OODDLKLE@listen?$AA@ 10007588     Net.obj
 0002:00000590       ??_C@_07KAIBNCHO@connect?$AA@ 10007590     Net.obj
 0002:00000598       ??_C@_0M@ODFENJLC@getsockname?$AA@ 10007598     Net.obj
 0002:000005a4       ??_C@_08FIACBBDA@shutdown?$AA@ 100075a4     Net.obj
 0002:000005b0       ??_C@_0O@BMGFIIHF@Accept?5failed?$AA@ 100075b0     ServerSocketChannelImpl.obj
 0002:000005c0       ??_C@_07LHEPONKL@address?$AA@ 100075c0     SocketChannelImpl.obj
 0002:000005c8       ??_C@_0BF@LNJHKELF@java?1net?1InetAddress?$AA@ 100075c8     SocketChannelImpl.obj
 0002:000005e0       ??_C@_0L@DEFCDCGF@getsockopt?$AA@ 100075e0     SocketChannelImpl.obj
 0002:000005ec       ??_C@_0BD@MOAOKNAP@Vector?5read?5failed?$AA@ 100075ec     SocketDispatcher.obj
 0002:00000600       ??_C@_0BE@IPALPBFO@Vector?5write?5failed?$AA@ 10007600     SocketDispatcher.obj
 0002:00000614       ??_C@_0BE@EFPANNNH@Socket?5close?5failed?$AA@ 10007614     SocketDispatcher.obj
 0002:00000628       ??_C@_0L@GFMJGGB@overlapped?$AA@ 10007628     Iocp.obj
 0002:00000634       ??_C@_0O@HHOLMKBG@completionKey?$AA@ 10007634     Iocp.obj
 0002:00000644       ??_C@_0BB@LMCKIICB@bytesTransferred?$AA@ 10007644     Iocp.obj
 0002:00000658       ??_C@_05KKCIMGE@error?$AA@ 10007658     Iocp.obj
 0002:00000660       ??_C@_0CB@EANIAHBH@sun?1nio?1ch?1Iocp$CompletionStatus@ 10007660     Iocp.obj
 0002:00000684       ??_C@_0BO@HNKCMKLP@CreateIoCompletionPort?5failed?$AA@ 10007684     Iocp.obj
 0002:000006a4       ??_C@_0CB@GOEOMHMA@GetQueuedCompletionStatus?5failed@ 100076a4     Iocp.obj
 0002:000006c8       ??_C@_0BL@IDOBBHMP@PostQueuedCompletionStatus?$AA@ 100076c8     Iocp.obj
 0002:000006e4       ??_C@_0BA@KDJDNLHD@ReadFile?5failed?$AA@ 100076e4     WindowsAsynchronousFileChannelImpl.obj
 0002:000006f4       ??_C@_0BB@IBAPLIEE@WriteFile?5failed?$AA@ 100076f4     WindowsAsynchronousFileChannelImpl.obj
 0002:00000708       ??_C@_0BA@PBEMOOLP@WSAIoctl?5failed?$AA@ 10007708     WindowsAsynchronousServerSocketChannelImpl.obj
 0002:00000718       ??_C@_0O@FPJGNADN@socket?5failed?$AA@ 10007718     WindowsAsynchronousServerSocketChannelImpl.obj
 0002:00000728       ??_C@_0BA@CMPAPNB@AcceptEx?5failed?$AA@ 10007728     WindowsAsynchronousServerSocketChannelImpl.obj
 0002:00000738       ??_C@_0BD@FFLNFFAC@closesocket?5failed?$AA@ 10007738     WindowsAsynchronousServerSocketChannelImpl.obj
 0002:0000074c       ??_C@_0BB@COIIDLME@ConnectEx?5failed?$AA@ 1000774c     WindowsAsynchronousSocketChannelImpl.obj
 0002:00000760       ??_C@_0BA@GMHHDNNI@shutdown?5failed?$AA@ 10007760     WindowsAsynchronousSocketChannelImpl.obj
 0002:00000770       ??_C@_0P@DGIIHHAE@WSARecv?5failed?$AA@ 10007770     WindowsAsynchronousSocketChannelImpl.obj
 0002:00000780       ??_C@_0P@NKOFNKCM@WSASend?5failed?$AA@ 10007780     WindowsAsynchronousSocketChannelImpl.obj
 0002:00000790       ??_C@_0BM@FOMEEEOI@sun?1nio?1fs?1WindowsException?$AA@ 10007790     WindowsNativeDispatcher.obj
 0002:000007ac       ??_C@_04PFANPMCN@?$CII?$CJV?$AA@ 100077ac     WindowsNativeDispatcher.obj
 0002:000007b4       ??_C@_0BK@PDKDDAF@GetFinalPathNameByHandleW?$AA@ 100077b4     WindowsNativeDispatcher.obj
 0002:000007d0       ??_C@_0BE@FKKLLFLM@CreateSymbolicLinkW?$AA@ 100077d0     WindowsNativeDispatcher.obj
 0002:000007e4       ??_C@_0BA@IBDCENBE@FindNextStreamW?$AA@ 100077e4     WindowsNativeDispatcher.obj
 0002:000007f4       ??_C@_0BB@EOFBAKLA@FindFirstStreamW?$AA@ 100077f4     WindowsNativeDispatcher.obj
 0002:00000808       ??_C@_07JKKCBBMM@context?$AA@ 10007808     WindowsNativeDispatcher.obj
 0002:00000810       ??_C@_0DA@JMJIKPDF@sun?1nio?1fs?1WindowsNativeDispatch@ 10007810     WindowsNativeDispatcher.obj
 0002:00000840       ??_C@_0DE@MGDINMHA@sun?1nio?1fs?1WindowsNativeDispatch@ 10007840     WindowsNativeDispatcher.obj
 0002:00000874       ??_C@_08BCFBCIIE@aceCount?$AA@ 10007874     WindowsNativeDispatcher.obj
 0002:00000880       ??_C@_0DC@CMOGENGN@sun?1nio?1fs?1WindowsNativeDispatch@ 10007880     WindowsNativeDispatcher.obj
 0002:000008b4       ??_C@_03MMGHDJKG@use?$AA@  100078b4     WindowsNativeDispatcher.obj
 0002:000008b8       ??_C@_06LKIIGAOE@domain?$AA@ 100078b8     WindowsNativeDispatcher.obj
 0002:000008c0       ??_C@_0CL@IEKIAJIE@sun?1nio?1fs?1WindowsNativeDispatch@ 100078c0     WindowsNativeDispatcher.obj
 0002:000008ec       ??_C@_0BH@DLDLDEPI@totalNumberOfFreeBytes?$AA@ 100078ec     WindowsNativeDispatcher.obj
 0002:00000904       ??_C@_0BD@FIEGHADN@totalNumberOfBytes?$AA@ 10007904     WindowsNativeDispatcher.obj
 0002:00000918       ??_C@_0BD@LDNCHAFG@freeBytesAvailable?$AA@ 10007918     WindowsNativeDispatcher.obj
 0002:0000092c       ??_C@_0DB@OGAJBKPO@sun?1nio?1fs?1WindowsNativeDispatch@ 1000792c     WindowsNativeDispatcher.obj
 0002:00000960       ??_C@_05GECEPKB@flags?$AA@ 10007960     WindowsNativeDispatcher.obj
 0002:00000968       ??_C@_0BD@ILMPNPNH@volumeSerialNumber?$AA@ 10007968     WindowsNativeDispatcher.obj
 0002:0000097c       ??_C@_0L@HCGAGGAJ@volumeName?$AA@ 1000797c     WindowsNativeDispatcher.obj
 0002:00000988       ??_C@_0P@BFNHNOMJ@fileSystemName?$AA@ 10007988     WindowsNativeDispatcher.obj
 0002:00000998       ??_C@_0DF@OBLOOIFM@sun?1nio?1fs?1WindowsNativeDispatch@ 10007998     WindowsNativeDispatcher.obj
 0002:000009d0       ??_C@_0CP@OGPMEFOM@sun?1nio?1fs?1WindowsNativeDispatch@ 100079d0     WindowsNativeDispatcher.obj
 0002:00000a00       ??_C@_0L@HNMJPKNA@attributes?$AA@ 10007a00     WindowsNativeDispatcher.obj
 0002:00000a0c       ??_C@_04MEMAJGDJ@name?$AA@ 10007a0c     WindowsNativeDispatcher.obj
 0002:00000a14       ??_C@_0BD@JFADHEFE@Ljava?1lang?1String?$DL?$AA@ 10007a14     WindowsNativeDispatcher.obj
 0002:00000a28       ??_C@_0CN@IAHHKCCP@sun?1nio?1fs?1WindowsNativeDispatch@ 10007a28     WindowsNativeDispatcher.obj
 0002:00000a58       ??_C@_0BE@IMJEBAJ@Should?5not?5get?5here?$AA@ 10007a58     WindowsNativeDispatcher.obj
 0002:00000a6c       ??_C@_0CC@NMODGIKH@Unable?5to?5allocate?5LUID?5structur@ 10007a6c     WindowsNativeDispatcher.obj
 0002:00000a90       ??_C@_0CH@BHHCKLHI@Unable?5to?5allocate?5TRUSTEE_W?5str@ 10007a90     WindowsNativeDispatcher.obj
 0002:00000ab8       ??_C@_0BI@COMCEALI@GetFullPathNameW?5failed?$AA@ 10007ab8     WindowsNativeDispatcher.obj
 0002:00000ad0       ??_C@_0CB@BLMDNHEM@GetFinalPathNameByHandleW?5failed@ 10007ad0     WindowsNativeDispatcher.obj
 0002:00000af4       ??_C@_0BM@MBMINGIL@java?1io?1SyncFailedException?$AA@ 10007af4     FileDescriptor_md.obj
 0002:00000b10       ??_C@_0M@IALGLCNJ@sync?5failed?$AA@ 10007b10     FileDescriptor_md.obj
 0002:00000b1c       __pDefaultRawDllMain       10007b1c     MSVCRT:crtdll.obj
 0002:00000b1c       __pRawDllMain              10007b1c     MSVCRT:crtdll.obj
 0002:00000b28       __load_config_used         10007b28     MSVCRT:loadcfg.obj
 0002:00000be0       ___safe_se_handler_table   10007be0     <linker-defined>
 0002:00000be4       ___rtc_iaa                 10007be4     MSVCRT:_initsect_.obj
 0002:00000be8       ___rtc_izz                 10007be8     MSVCRT:_initsect_.obj
 0002:00000bec       ___rtc_taa                 10007bec     MSVCRT:_initsect_.obj
 0002:00000bf0       ___rtc_tzz                 10007bf0     MSVCRT:_initsect_.obj
 0002:00000c5c       __IMPORT_DESCRIPTOR_WS2_32 10007c5c     ws2_32:WS2_32.dll
 0002:00000c70       __IMPORT_DESCRIPTOR_java   10007c70     java:java.dll
 0002:00000c84       __IMPORT_DESCRIPTOR_net    10007c84     net:net.dll
 0002:00000c98       __IMPORT_DESCRIPTOR_ADVAPI32 10007c98     advapi32:ADVAPI32.dll
 0002:00000cac       __IMPORT_DESCRIPTOR_MSVCR100 10007cac     MSVCRT:MSVCR100.dll
 0002:00000cc0       __IMPORT_DESCRIPTOR_KERNEL32 10007cc0     kernel32:KERNEL32.dll
 0002:00000cd4       __NULL_IMPORT_DESCRIPTOR   10007cd4     jvm:jvm.dll
 0003:00000000       ___security_cookie         1000c000     MSVCRT:gs_cookie.obj
 0003:00000004       ___security_cookie_complement 1000c004     MSVCRT:gs_cookie.obj
 0003:00000010       ___native_dllmain_reason   1000c010     MSVCRT:natstart.obj
 0003:00000014       ___native_vcclrit_reason   1000c014     MSVCRT:natstart.obj
 0003:0000041c       ?__type_info_root_node@@3U__type_info_node@@A 1000c41c     MSVCRT:tncleanup.obj
 0003:00000424       _IO_handle_fdID            1000c424     <common>
 0003:00000428       _IO_fd_fdID                1000c428     <common>
 0003:0000042c       ___native_startup_state    1000c42c     <common>
 0003:00000430       ___native_startup_lock     1000c430     <common>
 0003:00000434       ___onexitend               1000c434     <common>
 0003:00000438       ___onexitbegin             1000c438     <common>
 0003:0000043c       ___dyn_tls_init_callback   1000c43c     <common>

 entry point at        0001:00004b8d

 Static symbols

 0001:00000f65       _closeFile                 10001f65 f   FileDispatcherImpl.obj
 0001:000013d2       _setConnectionReset        100023d2 f   Net.obj
 0001:00001a5d       _setGroupSourceReqOption   10002a5d f   Net.obj
 0001:00002b43       _throwWindowsException     10003b43 f   WindowsNativeDispatcher.obj
 0001:0000481f       _pre_c_init                1000581f f   MSVCRT:crtdll.obj
 0001:00004a77       ___DllMainCRTStartup       10005a77 f   MSVCRT:crtdll.obj
